============================= test session starts ==============================
platform darwin -- Python 3.13.5, pytest-8.3.5, pluggy-1.5.0 -- /Users/martin/Documents/Work/lumibot/.venv/bin/python
cachedir: .pytest_cache
rootdir: /Users/martin/Documents/Work/lumibot
configfile: setup.cfg
testpaths: tests
plugins: anyio-4.9.0, mock-3.14.0
collecting ... Lumibot version 3.18.1
The root directory of the Git repository is: /Users/martin/Documents/Work/lumibot
CHECK: Unable to get THETADATA_USERNAME in the environemnt variables.
CHECK: Unable to get THETADATA_PASSWORD in the environemnt variables.
ERROR: Unable to get ThetaData API credentials from the environment variables.
collected 662 items / 5 skipped

tests/backtest/test_dividends.py::TestDividends::test_yahoo_finance_dividends Progress ||  19.62%  [Elapsed: 0:00:00 ETA: 0:00:01] Progress ||  19.97%  [Elapsed: 0:00:00 ETA: 0:00:02] Progress ||  22.22%  [Elapsed: 0:00:00 ETA: 0:00:02] Portfolio Val: 100,000.00Progress ||  28.30%  [Elapsed: 0:00:00 ETA: 0:00:01] Portfolio Val: 100,000.00Progress ||  30.56%  [Elapsed: 0:00:00 ETA: 0:00:01] Portfolio Val: 100,000.00Progress ||  36.63%  [Elapsed: 0:00:00 ETA: 0:00:01] Portfolio Val: 100,000.00Progress ||  38.89%  [Elapsed: 0:00:00 ETA: 0:00:01] Portfolio Val: 100,021.58Progress ||  44.97%  [Elapsed: 0:00:00 ETA: 0:00:00] Portfolio Val: 100,021.58Progress ||  47.23%  [Elapsed: 0:00:00 ETA: 0:00:00] Portfolio Val: 100,032.37Progress ||  53.30%  [Elapsed: 0:00:00 ETA: 0:00:00] Portfolio Val: 100,032.37Progress ||  55.56%  [Elapsed: 0:00:00 ETA: 0:00:00] Portfolio Val: 100,043.16Progress ||  61.64%  [Elapsed: 0:00:00 ETA: 0:00:00] Portfolio Val: 100,043.16Progress ||  69.97%  [Elapsed: 0:00:00 ETA: 0:00:00] Portfolio Val: 100,064.74Progress ||  78.30%  [Elapsed: 0:00:00 ETA: 0:00:00] Portfolio Val: 100,064.74Progress ||  80.56%  [Elapsed: 0:00:00 ETA: 0:00:00] Portfolio Val: 100,064.74Progress ||  86.64%  [Elapsed: 0:00:00 ETA: 0:00:00] Portfolio Val: 100,064.74Progress ||  88.89%  [Elapsed: 0:00:00 ETA: 0:00:00] Portfolio Val: 99,741.03Progress ||  94.97%  [Elapsed: 0:00:00 ETA: 0:00:00] Portfolio Val: 99,741.03Progress ||  97.23%  [Elapsed: 0:00:00 ETA: 0:00:00] Portfolio Val: 99,751.83Progress || 100.00%  [Elapsed: 0:00:00 ETA: 0:00:00] Portfolio Val: 99,751.83Progress || 100.00%  [Elapsed: 0:00:00 ETA: 0:00:00] Progress || 100.00%  [Elapsed: 0:00:00 ETA: 0:00:00] 
Yahoo Finance Cash Tracking:
  2025-01-27: Cash=$100000.00, Portfolio=$100000.00
  2025-01-28: Cash=$1066.49, Portfolio=$100000.00
  2025-01-29: Cash=$1066.49, Portfolio=$100021.58
  2025-01-30: Cash=$1066.49, Portfolio=$100032.37
  2025-01-31: Cash=$1066.49, Portfolio=$100043.16
  2025-02-03: Cash=$1066.49, Portfolio=$100064.74
  2025-02-04: Cash=$1066.49, Portfolio=$99741.03
  2025-02-05: Cash=$1066.49, Portfolio=$99751.83
Yahoo Finance Analysis:
  Initial cash: $100000.00
  Cash after purchase: $1066.49
  Final cash: $1066.49
  BIL quantity purchased: 1079
  ✗ Yahoo Finance: No dividend increase detected (cash change: $0.00)
WARNING: Yahoo Finance does not appear to handle dividends properly
PASSED
tests/backtest/test_dividends.py::TestDividends::test_polygon_dividends Progress ||  19.62%  [Elapsed: 0:00:00 ETA: 0:00:01] Progress ||  19.97%  [Elapsed: 0:00:00 ETA: 0:00:02] Progress ||  22.22%  [Elapsed: 0:00:00 ETA: 0:00:02] Portfolio Val: 100,000.00Progress ||  28.30%  [Elapsed: 0:00:00 ETA: 0:00:01] Portfolio Val: 100,000.00Progress ||  30.56%  [Elapsed: 0:00:00 ETA: 0:00:01] Portfolio Val: 100,021.58Progress ||  36.63%  [Elapsed: 0:00:00 ETA: 0:00:01] Portfolio Val: 100,021.58Progress ||  38.89%  [Elapsed: 0:00:00 ETA: 0:00:01] Portfolio Val: 100,032.37Progress ||  44.97%  [Elapsed: 0:00:00 ETA: 0:00:00] Portfolio Val: 100,032.37Progress ||  47.23%  [Elapsed: 0:00:00 ETA: 0:00:00] Portfolio Val: 100,043.16Progress ||  53.30%  [Elapsed: 0:00:00 ETA: 0:00:00] Portfolio Val: 100,043.16Progress ||  55.56%  [Elapsed: 0:00:00 ETA: 0:00:00] Portfolio Val: 100,064.74Progress ||  61.64%  [Elapsed: 0:00:00 ETA: 0:00:00] Portfolio Val: 100,064.74Progress ||  69.97%  [Elapsed: 0:00:00 ETA: 0:00:00] Portfolio Val: 100,064.74Progress ||  78.30%  [Elapsed: 0:00:00 ETA: 0:00:00] Portfolio Val: 100,064.74Progress ||  80.56%  [Elapsed: 0:00:00 ETA: 0:00:00] Portfolio Val: 99,741.04Progress ||  86.64%  [Elapsed: 0:00:00 ETA: 0:00:00] Portfolio Val: 99,741.04Progress ||  88.89%  [Elapsed: 0:00:00 ETA: 0:00:00] Portfolio Val: 99,751.83Progress ||  94.97%  [Elapsed: 0:00:00 ETA: 0:00:00] Portfolio Val: 99,751.83Progress ||  97.23%  [Elapsed: 0:00:00 ETA: 0:00:00] Portfolio Val: 99,751.83Progress || 100.00%  [Elapsed: 0:00:00 ETA: 0:00:00] Portfolio Val: 99,751.83Progress || 100.00%  [Elapsed: 0:00:00 ETA: 0:00:00] Progress || 100.00%  [Elapsed: 0:00:00 ETA: 0:00:00] 
Polygon Cash Tracking:
  2025-01-27: Cash=$100000.00, Portfolio=$100000.00
  2025-01-28: Cash=$1066.49, Portfolio=$100021.58
  2025-01-29: Cash=$1066.49, Portfolio=$100032.37
  2025-01-30: Cash=$1066.49, Portfolio=$100043.16
  2025-01-31: Cash=$1066.49, Portfolio=$100064.74
  2025-02-03: Cash=$1066.49, Portfolio=$99741.04
  2025-02-04: Cash=$1066.49, Portfolio=$99751.83
  2025-02-05: Cash=$1066.49, Portfolio=$99751.83
Polygon Analysis:
  Initial cash: $100000.00
  Cash after purchase: $1066.49
  Final cash: $1066.49
  BIL quantity purchased: 1079
  ✗ Polygon: No dividend increase detected (cash change: $0.00)
WARNING: Polygon does not appear to handle dividends properly
PASSED
tests/backtest/test_dividends.py::TestDividends::test_compare_yahoo_vs_polygon_dividends 
==================================================
DIVIDEND COMPARISON TEST
==================================================
Progress ||  19.62%  [Elapsed: 0:00:00 ETA: 0:00:01] Progress ||  19.97%  [Elapsed: 0:00:00 ETA: 0:00:02] Progress ||  22.22%  [Elapsed: 0:00:00 ETA: 0:00:01] Portfolio Val: 100,000.00Progress ||  28.30%  [Elapsed: 0:00:00 ETA: 0:00:01] Portfolio Val: 100,000.00Progress ||  30.56%  [Elapsed: 0:00:00 ETA: 0:00:01] Portfolio Val: 100,000.00Progress ||  36.63%  [Elapsed: 0:00:00 ETA: 0:00:00] Portfolio Val: 100,000.00Progress ||  38.89%  [Elapsed: 0:00:00 ETA: 0:00:00] Portfolio Val: 100,021.58Progress ||  44.97%  [Elapsed: 0:00:00 ETA: 0:00:00] Portfolio Val: 100,021.58Progress ||  47.23%  [Elapsed: 0:00:00 ETA: 0:00:00] Portfolio Val: 100,032.37Progress ||  53.30%  [Elapsed: 0:00:00 ETA: 0:00:00] Portfolio Val: 100,032.37Progress ||  55.56%  [Elapsed: 0:00:00 ETA: 0:00:00] Portfolio Val: 100,043.16Progress ||  61.64%  [Elapsed: 0:00:00 ETA: 0:00:00] Portfolio Val: 100,043.16Progress ||  69.97%  [Elapsed: 0:00:00 ETA: 0:00:00] Portfolio Val: 100,064.74Progress ||  78.30%  [Elapsed: 0:00:00 ETA: 0:00:00] Portfolio Val: 100,064.74Progress ||  80.56%  [Elapsed: 0:00:00 ETA: 0:00:00] Portfolio Val: 100,064.74Progress ||  86.64%  [Elapsed: 0:00:00 ETA: 0:00:00] Portfolio Val: 100,064.74Progress ||  88.89%  [Elapsed: 0:00:00 ETA: 0:00:00] Portfolio Val: 99,741.03Progress ||  94.97%  [Elapsed: 0:00:00 ETA: 0:00:00] Portfolio Val: 99,741.03Progress ||  97.23%  [Elapsed: 0:00:00 ETA: 0:00:00] Portfolio Val: 99,751.83Progress || 100.00%  [Elapsed: 0:00:00 ETA: 0:00:00] Portfolio Val: 99,751.83Progress || 100.00%  [Elapsed: 0:00:00 ETA: 0:00:00] Progress || 100.00%  [Elapsed: 0:00:00 ETA: 0:00:00] 
Yahoo Finance Cash Tracking:
  2025-01-27: Cash=$100000.00, Portfolio=$100000.00
  2025-01-28: Cash=$1066.49, Portfolio=$100000.00
  2025-01-29: Cash=$1066.49, Portfolio=$100021.58
  2025-01-30: Cash=$1066.49, Portfolio=$100032.37
  2025-01-31: Cash=$1066.49, Portfolio=$100043.16
  2025-02-03: Cash=$1066.49, Portfolio=$100064.74
  2025-02-04: Cash=$1066.49, Portfolio=$99741.03
  2025-02-05: Cash=$1066.49, Portfolio=$99751.83
Yahoo Finance Analysis:
  Initial cash: $100000.00
  Cash after purchase: $1066.49
  Final cash: $1066.49
  BIL quantity purchased: 1079
  ✗ Yahoo Finance: No dividend increase detected (cash change: $0.00)
Progress ||  19.62%  [Elapsed: 0:00:00 ETA: 0:00:02] Progress ||  19.97%  [Elapsed: 0:00:00 ETA: 0:00:02] Progress ||  22.22%  [Elapsed: 0:00:00 ETA: 0:00:02] Portfolio Val: 100,000.00Progress ||  28.30%  [Elapsed: 0:00:00 ETA: 0:00:01] Portfolio Val: 100,000.00Progress ||  30.56%  [Elapsed: 0:00:00 ETA: 0:00:01] Portfolio Val: 100,021.58Progress ||  36.63%  [Elapsed: 0:00:00 ETA: 0:00:01] Portfolio Val: 100,021.58Progress ||  38.89%  [Elapsed: 0:00:00 ETA: 0:00:01] Portfolio Val: 100,032.37Progress ||  44.97%  [Elapsed: 0:00:00 ETA: 0:00:00] Portfolio Val: 100,032.37Progress ||  47.23%  [Elapsed: 0:00:00 ETA: 0:00:00] Portfolio Val: 100,043.16Progress ||  53.30%  [Elapsed: 0:00:00 ETA: 0:00:00] Portfolio Val: 100,043.16Progress ||  55.56%  [Elapsed: 0:00:00 ETA: 0:00:00] Portfolio Val: 100,064.74Progress ||  61.64%  [Elapsed: 0:00:00 ETA: 0:00:00] Portfolio Val: 100,064.74Progress ||  69.97%  [Elapsed: 0:00:00 ETA: 0:00:00] Portfolio Val: 100,064.74Progress ||  78.30%  [Elapsed: 0:00:00 ETA: 0:00:00] Portfolio Val: 100,064.74Progress ||  80.56%  [Elapsed: 0:00:00 ETA: 0:00:00] Portfolio Val: 99,741.04Progress ||  86.64%  [Elapsed: 0:00:00 ETA: 0:00:00] Portfolio Val: 99,741.04Progress ||  88.89%  [Elapsed: 0:00:00 ETA: 0:00:00] Portfolio Val: 99,751.83Progress ||  94.97%  [Elapsed: 0:00:00 ETA: 0:00:00] Portfolio Val: 99,751.83Progress ||  97.23%  [Elapsed: 0:00:00 ETA: 0:00:00] Portfolio Val: 99,751.83Progress || 100.00%  [Elapsed: 0:00:00 ETA: 0:00:00] Portfolio Val: 99,751.83Progress || 100.00%  [Elapsed: 0:00:00 ETA: 0:00:00] Progress || 100.00%  [Elapsed: 0:00:00 ETA: 0:00:00] 
Polygon Cash Tracking:
  2025-01-27: Cash=$100000.00, Portfolio=$100000.00
  2025-01-28: Cash=$1066.49, Portfolio=$100021.58
  2025-01-29: Cash=$1066.49, Portfolio=$100032.37
  2025-01-30: Cash=$1066.49, Portfolio=$100043.16
  2025-01-31: Cash=$1066.49, Portfolio=$100064.74
  2025-02-03: Cash=$1066.49, Portfolio=$99741.04
  2025-02-04: Cash=$1066.49, Portfolio=$99751.83
  2025-02-05: Cash=$1066.49, Portfolio=$99751.83
Polygon Analysis:
  Initial cash: $100000.00
  Cash after purchase: $1066.49
  Final cash: $1066.49
  BIL quantity purchased: 1079
  ✗ Polygon: No dividend increase detected (cash change: $0.00)

SUMMARY:
  Yahoo Finance dividends handled: ✗
  Polygon dividends handled: ✗
  🚨 ISSUE: Neither data source appears to handle dividends!
PASSED
tests/backtest/test_example_strategies.py::TestExampleStrategies::test_stock_bracket Progress ||   0.05%  [Elapsed: 0:00:00 ETA: 0:14:31] Progress ||   0.06%  [Elapsed: 0:00:00 ETA: 0:15:33] Progress ||   0.10%  [Elapsed: 0:00:00 ETA: 0:09:20] Portfolio Val: 100,000.00Progress ||   0.21%  [Elapsed: 0:00:00 ETA: 0:04:27] Portfolio Val: 100,000.00Progress ||   0.36%  [Elapsed: 0:00:00 ETA: 0:02:36] Portfolio Val: 104,531.70Progress ||   0.51%  [Elapsed: 0:00:00 ETA: 0:01:50] Portfolio Val: 100,000.00Progress ||   0.66%  [Elapsed: 0:00:00 ETA: 0:01:25] Portfolio Val: 100,000.00Progress ||   0.70%  [Elapsed: 0:00:00 ETA: 0:01:20] Portfolio Val: 100,000.00Progress ||   0.81%  [Elapsed: 0:00:00 ETA: 0:01:09] Portfolio Val: 100,000.00Progress ||   0.85%  [Elapsed: 0:00:00 ETA: 0:01:06] Portfolio Val: 100,000.00Progress ||   0.96%  [Elapsed: 0:00:00 ETA: 0:00:58] Portfolio Val: 100,000.00Progress ||   1.00%  [Elapsed: 0:00:00 ETA: 0:00:56] Portfolio Val: 100,000.00Progress ||   1.11%  [Elapsed: 0:00:00 ETA: 0:00:50] Portfolio Val: 100,000.00Progress ||   1.15%  [Elapsed: 0:00:00 ETA: 0:00:48] Portfolio Val: 100,000.00Progress ||   1.25%  [Elapsed: 0:00:00 ETA: 0:00:44] Portfolio Val: 100,000.00Progress ||   1.40%  [Elapsed: 0:00:00 ETA: 0:00:39] Portfolio Val: 100,000.00Progress ||   1.55%  [Elapsed: 0:00:00 ETA: 0:00:35] Portfolio Val: 100,000.00Progress ||   1.59%  [Elapsed: 0:00:00 ETA: 0:00:34] Portfolio Val: 100,000.00Progress ||   1.70%  [Elapsed: 0:00:00 ETA: 0:00:32] Portfolio Val: 100,000.00Progress ||   1.74%  [Elapsed: 0:00:00 ETA: 0:00:31] Portfolio Val: 100,000.00Progress ||   1.85%  [Elapsed: 0:00:00 ETA: 0:00:30] Portfolio Val: 100,000.00Progress ||   1.89%  [Elapsed: 0:00:00 ETA: 0:00:29] Portfolio Val: 100,000.00Progress ||   2.00%  [Elapsed: 0:00:00 ETA: 0:00:27] Portfolio Val: 100,000.00Progress ||   2.04%  [Elapsed: 0:00:00 ETA: 0:00:27] Portfolio Val: 100,000.00Progress ||   2.15%  [Elapsed: 0:00:00 ETA: 0:00:25] Portfolio Val: 100,000.00Progress ||   2.19%  [Elapsed: 0:00:00 ETA: 0:00:25] Portfolio Val: 100,000.00Progress ||   2.30%  [Elapsed: 0:00:00 ETA: 0:00:24] Portfolio Val: 100,000.00Progress ||   2.45%  [Elapsed: 0:00:00 ETA: 0:00:22] Portfolio Val: 100,000.00Progress ||   2.60%  [Elapsed: 0:00:00 ETA: 0:00:21] Portfolio Val: 100,000.00Progress ||   2.64%  [Elapsed: 0:00:00 ETA: 0:00:21] Portfolio Val: 100,000.00Progress ||   2.75%  [Elapsed: 0:00:00 ETA: 0:00:20] Portfolio Val: 100,000.00Progress ||   2.79%  [Elapsed: 0:00:00 ETA: 0:00:19] Portfolio Val: 100,000.00Progress ||   2.90%  [Elapsed: 0:00:00 ETA: 0:00:19] Portfolio Val: 100,000.00Progress ||   2.94%  [Elapsed: 0:00:00 ETA: 0:00:18] Portfolio Val: 100,000.00Progress ||   3.05%  [Elapsed: 0:00:00 ETA: 0:00:18] Portfolio Val: 100,000.00Progress ||   3.09%  [Elapsed: 0:00:00 ETA: 0:00:17] Portfolio Val: 100,000.00Progress ||   3.20%  [Elapsed: 0:00:00 ETA: 0:00:17] Portfolio Val: 100,000.00Progress ||   3.24%  [Elapsed: 0:00:00 ETA: 0:00:17] Portfolio Val: 100,000.00Progress ||   3.35%  [Elapsed: 0:00:00 ETA: 0:00:16] Portfolio Val: 100,000.00Progress ||   3.50%  [Elapsed: 0:00:00 ETA: 0:00:15] Portfolio Val: 100,000.00Progress ||   3.65%  [Elapsed: 0:00:00 ETA: 0:00:15] Portfolio Val: 100,000.00Progress ||   3.69%  [Elapsed: 0:00:00 ETA: 0:00:14] Portfolio Val: 100,000.00Progress ||   3.80%  [Elapsed: 0:00:00 ETA: 0:00:14] Portfolio Val: 100,000.00Progress ||   3.84%  [Elapsed: 0:00:00 ETA: 0:00:14] Portfolio Val: 100,000.00Progress ||   3.95%  [Elapsed: 0:00:00 ETA: 0:00:13] Portfolio Val: 100,000.00Progress ||   3.99%  [Elapsed: 0:00:00 ETA: 0:00:13] Portfolio Val: 100,000.00Progress ||   4.10%  [Elapsed: 0:00:00 ETA: 0:00:13] Portfolio Val: 100,000.00Progress ||   4.14%  [Elapsed: 0:00:00 ETA: 0:00:13] Portfolio Val: 100,000.00Progress ||   4.24%  [Elapsed: 0:00:00 ETA: 0:00:12] Portfolio Val: 100,000.00Progress ||   4.29%  [Elapsed: 0:00:00 ETA: 0:00:12] Portfolio Val: 100,000.00Progress ||   4.39%  [Elapsed: 0:00:00 ETA: 0:00:12] Portfolio Val: 100,000.00Progress ||   4.54%  [Elapsed: 0:00:00 ETA: 0:00:12] Portfolio Val: 100,000.00Progress ||   4.69%  [Elapsed: 0:00:00 ETA: 0:00:11] Portfolio Val: 100,000.00Progress ||   4.73%  [Elapsed: 0:00:00 ETA: 0:00:11] Portfolio Val: 100,000.00Progress ||   4.84%  [Elapsed: 0:00:00 ETA: 0:00:11] Portfolio Val: 100,000.00Progress ||   4.88%  [Elapsed: 0:00:00 ETA: 0:00:11] Portfolio Val: 100,000.00Progress ||   4.99%  [Elapsed: 0:00:00 ETA: 0:00:10] Portfolio Val: 100,000.00Progress ||   5.03%  [Elapsed: 0:00:00 ETA: 0:00:10] Portfolio Val: 100,000.00Progress ||   5.14%  [Elapsed: 0:00:00 ETA: 0:00:10] Portfolio Val: 100,000.00Progress ||   5.18%  [Elapsed: 0:00:00 ETA: 0:00:10] Portfolio Val: 100,000.00Progress ||   5.29%  [Elapsed: 0:00:00 ETA: 0:00:10] Portfolio Val: 100,000.00Progress ||   5.33%  [Elapsed: 0:00:00 ETA: 0:00:10] Portfolio Val: 100,000.00Progress ||   5.44%  [Elapsed: 0:00:00 ETA: 0:00:10] Portfolio Val: 100,000.00Progress ||   5.59%  [Elapsed: 0:00:00 ETA: 0:00:09] Portfolio Val: 100,000.00Progress ||   5.74%  [Elapsed: 0:00:00 ETA: 0:00:09] Portfolio Val: 100,000.00Progress ||   5.78%  [Elapsed: 0:00:00 ETA: 0:00:09] Portfolio Val: 100,000.00Progress ||   5.89%  [Elapsed: 0:00:00 ETA: 0:00:09] Portfolio Val: 100,000.00Progress ||   5.93%  [Elapsed: 0:00:00 ETA: 0:00:09] Portfolio Val: 100,000.00Progress ||   6.04%  [Elapsed: 0:00:00 ETA: 0:00:09] Portfolio Val: 100,000.00Progress ||   6.08%  [Elapsed: 0:00:00 ETA: 0:00:08] Portfolio Val: 100,000.00Progress ||   6.19%  [Elapsed: 0:00:00 ETA: 0:00:08] Portfolio Val: 100,000.00Progress ||   6.23%  [Elapsed: 0:00:00 ETA: 0:00:08] Portfolio Val: 100,000.00Progress ||   6.34%  [Elapsed: 0:00:00 ETA: 0:00:08] Portfolio Val: 100,000.00Progress ||   6.38%  [Elapsed: 0:00:00 ETA: 0:00:08] Portfolio Val: 100,000.00Progress ||   6.49%  [Elapsed: 0:00:00 ETA: 0:00:08] Portfolio Val: 100,000.00Progress ||   6.64%  [Elapsed: 0:00:00 ETA: 0:00:08] Portfolio Val: 100,000.00Progress ||   6.79%  [Elapsed: 0:00:00 ETA: 0:00:07] Portfolio Val: 100,000.00Progress ||   6.83%  [Elapsed: 0:00:00 ETA: 0:00:07] Portfolio Val: 100,000.00Progress ||   6.94%  [Elapsed: 0:00:00 ETA: 0:00:07] Portfolio Val: 100,000.00Progress ||   6.98%  [Elapsed: 0:00:00 ETA: 0:00:07] Portfolio Val: 100,000.00Progress ||   7.08%  [Elapsed: 0:00:00 ETA: 0:00:07] Portfolio Val: 100,000.00Progress ||   7.13%  [Elapsed: 0:00:00 ETA: 0:00:07] Portfolio Val: 100,000.00Progress ||   7.23%  [Elapsed: 0:00:00 ETA: 0:00:07] Portfolio Val: 100,000.00Progress ||   7.27%  [Elapsed: 0:00:00 ETA: 0:00:07] Portfolio Val: 100,000.00Progress ||   7.38%  [Elapsed: 0:00:00 ETA: 0:00:07] Portfolio Val: 100,000.00Progress ||   7.42%  [Elapsed: 0:00:00 ETA: 0:00:07] Portfolio Val: 100,000.00Progress ||   7.53%  [Elapsed: 0:00:00 ETA: 0:00:07] Portfolio Val: 100,000.00Progress ||   7.68%  [Elapsed: 0:00:00 ETA: 0:00:07] Portfolio Val: 100,000.00Progress ||   7.83%  [Elapsed: 0:00:00 ETA: 0:00:06] Portfolio Val: 100,000.00Progress ||   7.87%  [Elapsed: 0:00:00 ETA: 0:00:06] Portfolio Val: 100,000.00Progress ||   7.98%  [Elapsed: 0:00:00 ETA: 0:00:06] Portfolio Val: 100,000.00Progress ||   8.02%  [Elapsed: 0:00:00 ETA: 0:00:06] Portfolio Val: 100,000.00Progress ||   8.13%  [Elapsed: 0:00:00 ETA: 0:00:06] Portfolio Val: 100,000.00Progress ||   8.17%  [Elapsed: 0:00:00 ETA: 0:00:06] Portfolio Val: 100,000.00Progress ||   8.28%  [Elapsed: 0:00:00 ETA: 0:00:06] Portfolio Val: 100,000.00Progress ||   8.32%  [Elapsed: 0:00:00 ETA: 0:00:06] Portfolio Val: 100,000.00Progress ||   8.43%  [Elapsed: 0:00:00 ETA: 0:00:06] Portfolio Val: 100,000.00Progress ||   8.47%  [Elapsed: 0:00:00 ETA: 0:00:06] Portfolio Val: 100,000.00Progress ||   8.58%  [Elapsed: 0:00:00 ETA: 0:00:06] Portfolio Val: 100,000.00Progress ||   8.73%  [Elapsed: 0:00:00 ETA: 0:00:06] Portfolio Val: 100,000.00Progress ||   8.88%  [Elapsed: 0:00:00 ETA: 0:00:06] Portfolio Val: 100,000.00Progress ||   8.92%  [Elapsed: 0:00:00 ETA: 0:00:06] Portfolio Val: 100,000.00Progress ||   9.03%  [Elapsed: 0:00:00 ETA: 0:00:05] Portfolio Val: 100,000.00Progress ||   9.07%  [Elapsed: 0:00:00 ETA: 0:00:05] Portfolio Val: 100,000.00Progress ||   9.18%  [Elapsed: 0:00:00 ETA: 0:00:05] Portfolio Val: 100,000.00Progress ||   9.22%  [Elapsed: 0:00:00 ETA: 0:00:05] Portfolio Val: 100,000.00Progress ||   9.33%  [Elapsed: 0:00:00 ETA: 0:00:05] Portfolio Val: 100,000.00Progress ||   9.37%  [Elapsed: 0:00:00 ETA: 0:00:05] Portfolio Val: 100,000.00Progress ||   9.48%  [Elapsed: 0:00:00 ETA: 0:00:05] Portfolio Val: 100,000.00Progress ||   9.52%  [Elapsed: 0:00:00 ETA: 0:00:05] Portfolio Val: 100,000.00Progress ||   9.63%  [Elapsed: 0:00:00 ETA: 0:00:05] Portfolio Val: 100,000.00Progress ||   9.78%  [Elapsed: 0:00:00 ETA: 0:00:05] Portfolio Val: 100,000.00Progress ||   9.92%  [Elapsed: 0:00:00 ETA: 0:00:05] Portfolio Val: 100,000.00Progress ||   9.97%  [Elapsed: 0:00:00 ETA: 0:00:05] Portfolio Val: 100,000.00Progress ||  10.07%  [Elapsed: 0:00:00 ETA: 0:00:05] Portfolio Val: 100,000.00Progress ||  10.12%  [Elapsed: 0:00:00 ETA: 0:00:05] Portfolio Val: 100,000.00Progress ||  10.22%  [Elapsed: 0:00:00 ETA: 0:00:05] Portfolio Val: 100,000.00Progress ||  10.27%  [Elapsed: 0:00:00 ETA: 0:00:05] Portfolio Val: 100,000.00Progress ||  10.37%  [Elapsed: 0:00:00 ETA: 0:00:05] Portfolio Val: 100,000.00Progress ||  10.42%  [Elapsed: 0:00:00 ETA: 0:00:05] Portfolio Val: 100,000.00Progress ||  10.52%  [Elapsed: 0:00:00 ETA: 0:00:05] Portfolio Val: 100,000.00Progress ||  10.57%  [Elapsed: 0:00:00 ETA: 0:00:05] Portfolio Val: 100,000.00Progress ||  10.67%  [Elapsed: 0:00:00 ETA: 0:00:04] Portfolio Val: 100,000.00Progress ||  10.82%  [Elapsed: 0:00:00 ETA: 0:00:04] Portfolio Val: 100,000.00Progress ||  10.97%  [Elapsed: 0:00:00 ETA: 0:00:04] Portfolio Val: 100,000.00Progress ||  11.02%  [Elapsed: 0:00:00 ETA: 0:00:04] Portfolio Val: 100,000.00Progress ||  11.12%  [Elapsed: 0:00:00 ETA: 0:00:04] Portfolio Val: 100,000.00Progress ||  11.17%  [Elapsed: 0:00:00 ETA: 0:00:04] Portfolio Val: 100,000.00Progress ||  11.27%  [Elapsed: 0:00:00 ETA: 0:00:04] Portfolio Val: 100,000.00Progress ||  11.32%  [Elapsed: 0:00:00 ETA: 0:00:04] Portfolio Val: 100,000.00Progress ||  11.42%  [Elapsed: 0:00:00 ETA: 0:00:04] Portfolio Val: 100,000.00Progress ||  11.47%  [Elapsed: 0:00:00 ETA: 0:00:04] Portfolio Val: 100,000.00Progress ||  11.57%  [Elapsed: 0:00:00 ETA: 0:00:04] Portfolio Val: 100,000.00Progress ||  11.62%  [Elapsed: 0:00:00 ETA: 0:00:04] Portfolio Val: 100,000.00Progress ||  11.72%  [Elapsed: 0:00:00 ETA: 0:00:04] Portfolio Val: 100,000.00Progress ||  11.87%  [Elapsed: 0:00:00 ETA: 0:00:04] Portfolio Val: 100,000.00Progress ||  12.02%  [Elapsed: 0:00:00 ETA: 0:00:04] Portfolio Val: 100,000.00Progress ||  12.06%  [Elapsed: 0:00:00 ETA: 0:00:04] Portfolio Val: 100,000.00Progress ||  12.17%  [Elapsed: 0:00:00 ETA: 0:00:04] Portfolio Val: 100,000.00Progress ||  12.21%  [Elapsed: 0:00:00 ETA: 0:00:04] Portfolio Val: 100,000.00Progress ||  12.32%  [Elapsed: 0:00:00 ETA: 0:00:04] Portfolio Val: 100,000.00Progress ||  12.36%  [Elapsed: 0:00:00 ETA: 0:00:04] Portfolio Val: 100,000.00Progress ||  12.47%  [Elapsed: 0:00:00 ETA: 0:00:04] Portfolio Val: 100,000.00Progress ||  12.62%  [Elapsed: 0:00:00 ETA: 0:00:04] Portfolio Val: 100,000.00Progress ||  12.64%  [Elapsed: 0:00:00 ETA: 0:00:04] Portfolio Val: 100,000.00Progress ||  12.76%  [Elapsed: 0:00:00 ETA: 0:00:04] Portfolio Val: 100,000.00Progress ||  12.91%  [Elapsed: 0:00:00 ETA: 0:00:03] Portfolio Val: 100,000.00Progress ||  13.06%  [Elapsed: 0:00:00 ETA: 0:00:03] Portfolio Val: 100,000.00Progress ||  13.11%  [Elapsed: 0:00:00 ETA: 0:00:03] Portfolio Val: 100,000.00Progress ||  13.21%  [Elapsed: 0:00:00 ETA: 0:00:03] Portfolio Val: 100,000.00Progress ||  13.26%  [Elapsed: 0:00:00 ETA: 0:00:03] Portfolio Val: 100,000.00Progress ||  13.36%  [Elapsed: 0:00:00 ETA: 0:00:03] Portfolio Val: 100,000.00Progress ||  13.41%  [Elapsed: 0:00:00 ETA: 0:00:03] Portfolio Val: 100,000.00Progress ||  13.51%  [Elapsed: 0:00:00 ETA: 0:00:03] Portfolio Val: 100,000.00Progress ||  13.56%  [Elapsed: 0:00:00 ETA: 0:00:03] Portfolio Val: 100,000.00Progress ||  13.66%  [Elapsed: 0:00:00 ETA: 0:00:03] Portfolio Val: 100,000.00Progress ||  13.71%  [Elapsed: 0:00:00 ETA: 0:00:03] Portfolio Val: 100,000.00Progress ||  13.81%  [Elapsed: 0:00:00 ETA: 0:00:03] Portfolio Val: 100,000.00Progress ||  13.96%  [Elapsed: 0:00:00 ETA: 0:00:03] Portfolio Val: 100,000.00Progress ||  14.11%  [Elapsed: 0:00:00 ETA: 0:00:03] Portfolio Val: 100,000.00Progress ||  14.16%  [Elapsed: 0:00:00 ETA: 0:00:03] Portfolio Val: 100,000.00Progress ||  14.26%  [Elapsed: 0:00:00 ETA: 0:00:03] Portfolio Val: 100,000.00Progress ||  14.31%  [Elapsed: 0:00:00 ETA: 0:00:03] Portfolio Val: 100,000.00Progress ||  14.41%  [Elapsed: 0:00:00 ETA: 0:00:03] Portfolio Val: 100,000.00Progress ||  14.46%  [Elapsed: 0:00:00 ETA: 0:00:03] Portfolio Val: 100,000.00Progress ||  14.56%  [Elapsed: 0:00:00 ETA: 0:00:03] Portfolio Val: 100,000.00Progress ||  14.61%  [Elapsed: 0:00:00 ETA: 0:00:03] Portfolio Val: 100,000.00Progress ||  14.71%  [Elapsed: 0:00:00 ETA: 0:00:03] Portfolio Val: 100,000.00Progress ||  14.75%  [Elapsed: 0:00:00 ETA: 0:00:03] Portfolio Val: 100,000.00Progress ||  14.86%  [Elapsed: 0:00:00 ETA: 0:00:03] Portfolio Val: 100,000.00Progress ||  15.01%  [Elapsed: 0:00:00 ETA: 0:00:03] Portfolio Val: 100,000.00Progress ||  15.16%  [Elapsed: 0:00:00 ETA: 0:00:03] Portfolio Val: 100,000.00Progress ||  15.20%  [Elapsed: 0:00:00 ETA: 0:00:03] Portfolio Val: 100,000.00Progress ||  15.31%  [Elapsed: 0:00:00 ETA: 0:00:03] Portfolio Val: 100,000.00Progress ||  15.35%  [Elapsed: 0:00:00 ETA: 0:00:03] Portfolio Val: 100,000.00Progress ||  15.46%  [Elapsed: 0:00:00 ETA: 0:00:03] Portfolio Val: 100,000.00Progress ||  15.50%  [Elapsed: 0:00:00 ETA: 0:00:03] Portfolio Val: 100,000.00Progress ||  15.60%  [Elapsed: 0:00:00 ETA: 0:00:03] Portfolio Val: 100,000.00Progress ||  15.65%  [Elapsed: 0:00:00 ETA: 0:00:03] Portfolio Val: 100,000.00Progress ||  15.75%  [Elapsed: 0:00:00 ETA: 0:00:03] Portfolio Val: 100,000.00Progress ||  15.80%  [Elapsed: 0:00:00 ETA: 0:00:03] Portfolio Val: 100,000.00Progress ||  15.90%  [Elapsed: 0:00:00 ETA: 0:00:03] Portfolio Val: 100,000.00Progress ||  16.05%  [Elapsed: 0:00:00 ETA: 0:00:03] Portfolio Val: 100,000.00Progress ||  16.20%  [Elapsed: 0:00:00 ETA: 0:00:03] Portfolio Val: 100,000.00Progress ||  16.25%  [Elapsed: 0:00:00 ETA: 0:00:03] Portfolio Val: 100,000.00Progress ||  16.35%  [Elapsed: 0:00:00 ETA: 0:00:03] Portfolio Val: 100,000.00Progress ||  16.40%  [Elapsed: 0:00:00 ETA: 0:00:03] Portfolio Val: 100,000.00Progress ||  16.50%  [Elapsed: 0:00:00 ETA: 0:00:03] Portfolio Val: 100,000.00Progress ||  16.55%  [Elapsed: 0:00:00 ETA: 0:00:02] Portfolio Val: 100,000.00Progress ||  16.65%  [Elapsed: 0:00:00 ETA: 0:00:02] Portfolio Val: 100,000.00Progress ||  16.70%  [Elapsed: 0:00:00 ETA: 0:00:02] Portfolio Val: 100,000.00Progress ||  16.80%  [Elapsed: 0:00:00 ETA: 0:00:02] Portfolio Val: 100,000.00Progress ||  16.85%  [Elapsed: 0:00:00 ETA: 0:00:02] Portfolio Val: 100,000.00Progress ||  16.95%  [Elapsed: 0:00:00 ETA: 0:00:02] Portfolio Val: 100,000.00Progress ||  17.10%  [Elapsed: 0:00:00 ETA: 0:00:02] Portfolio Val: 100,000.00Progress ||  17.25%  [Elapsed: 0:00:00 ETA: 0:00:02] Portfolio Val: 100,000.00Progress ||  17.40%  [Elapsed: 0:00:00 ETA: 0:00:02] Portfolio Val: 100,000.00Progress ||  17.45%  [Elapsed: 0:00:00 ETA: 0:00:02] Portfolio Val: 100,000.00Progress ||  17.55%  [Elapsed: 0:00:00 ETA: 0:00:02] Portfolio Val: 100,000.00Progress ||  17.59%  [Elapsed: 0:00:00 ETA: 0:00:02] Portfolio Val: 100,000.00Progress ||  17.70%  [Elapsed: 0:00:00 ETA: 0:00:02] Portfolio Val: 100,000.00Progress ||  17.74%  [Elapsed: 0:00:00 ETA: 0:00:02] Portfolio Val: 100,000.00Progress ||  17.85%  [Elapsed: 0:00:00 ETA: 0:00:02] Portfolio Val: 100,000.00Progress ||  17.89%  [Elapsed: 0:00:00 ETA: 0:00:02] Portfolio Val: 100,000.00Progress ||  18.00%  [Elapsed: 0:00:00 ETA: 0:00:02] Portfolio Val: 100,000.00Progress ||  18.15%  [Elapsed: 0:00:00 ETA: 0:00:02] Portfolio Val: 100,000.00Progress ||  18.30%  [Elapsed: 0:00:00 ETA: 0:00:02] Portfolio Val: 100,000.00Progress ||  18.44%  [Elapsed: 0:00:00 ETA: 0:00:02] Portfolio Val: 100,000.00Progress ||  18.49%  [Elapsed: 0:00:00 ETA: 0:00:02] Portfolio Val: 100,000.00Progress ||  18.59%  [Elapsed: 0:00:00 ETA: 0:00:02] Portfolio Val: 100,000.00Progress ||  18.64%  [Elapsed: 0:00:00 ETA: 0:00:02] Portfolio Val: 100,000.00Progress ||  18.74%  [Elapsed: 0:00:00 ETA: 0:00:02] Portfolio Val: 100,000.00Progress ||  18.79%  [Elapsed: 0:00:00 ETA: 0:00:02] Portfolio Val: 100,000.00Progress ||  18.89%  [Elapsed: 0:00:00 ETA: 0:00:02] Portfolio Val: 100,000.00Progress ||  18.94%  [Elapsed: 0:00:00 ETA: 0:00:02] Portfolio Val: 100,000.00Progress ||  19.04%  [Elapsed: 0:00:00 ETA: 0:00:02] Portfolio Val: 100,000.00Progress ||  19.19%  [Elapsed: 0:00:00 ETA: 0:00:02] Portfolio Val: 100,000.00Progress ||  19.34%  [Elapsed: 0:00:00 ETA: 0:00:02] Portfolio Val: 100,000.00Progress ||  19.39%  [Elapsed: 0:00:00 ETA: 0:00:02] Portfolio Val: 100,000.00Progress ||  19.49%  [Elapsed: 0:00:00 ETA: 0:00:02] Portfolio Val: 100,000.00Progress ||  19.54%  [Elapsed: 0:00:00 ETA: 0:00:02] Portfolio Val: 100,000.00Progress ||  19.64%  [Elapsed: 0:00:00 ETA: 0:00:02] Portfolio Val: 100,000.00Progress ||  19.69%  [Elapsed: 0:00:00 ETA: 0:00:02] Portfolio Val: 100,000.00Progress ||  19.79%  [Elapsed: 0:00:00 ETA: 0:00:02] Portfolio Val: 100,000.00Progress ||  19.84%  [Elapsed: 0:00:00 ETA: 0:00:02] Portfolio Val: 100,000.00Progress ||  19.94%  [Elapsed: 0:00:00 ETA: 0:00:02] Portfolio Val: 100,000.00Progress ||  19.99%  [Elapsed: 0:00:00 ETA: 0:00:02] Portfolio Val: 100,000.00Progress ||  20.09%  [Elapsed: 0:00:00 ETA: 0:00:02] Portfolio Val: 100,000.00Progress ||  20.24%  [Elapsed: 0:00:00 ETA: 0:00:02] Portfolio Val: 100,000.00Progress ||  20.39%  [Elapsed: 0:00:00 ETA: 0:00:02] Portfolio Val: 100,000.00Progress ||  20.54%  [Elapsed: 0:00:00 ETA: 0:00:02] Portfolio Val: 100,000.00Progress ||  20.58%  [Elapsed: 0:00:00 ETA: 0:00:02] Portfolio Val: 100,000.00Progress ||  20.69%  [Elapsed: 0:00:00 ETA: 0:00:02] Portfolio Val: 100,000.00Progress ||  20.73%  [Elapsed: 0:00:00 ETA: 0:00:02] Portfolio Val: 100,000.00Progress ||  20.84%  [Elapsed: 0:00:00 ETA: 0:00:02] Portfolio Val: 100,000.00Progress ||  20.88%  [Elapsed: 0:00:00 ETA: 0:00:02] Portfolio Val: 100,000.00Progress ||  20.99%  [Elapsed: 0:00:00 ETA: 0:00:02] Portfolio Val: 100,000.00Progress ||  21.03%  [Elapsed: 0:00:00 ETA: 0:00:02] Portfolio Val: 100,000.00Progress ||  21.14%  [Elapsed: 0:00:00 ETA: 0:00:02] Portfolio Val: 100,000.00Progress ||  21.28%  [Elapsed: 0:00:00 ETA: 0:00:02] Portfolio Val: 100,000.00Progress ||  21.43%  [Elapsed: 0:00:00 ETA: 0:00:02] Portfolio Val: 100,000.00Progress ||  21.48%  [Elapsed: 0:00:00 ETA: 0:00:02] Portfolio Val: 100,000.00Progress ||  21.58%  [Elapsed: 0:00:00 ETA: 0:00:02] Portfolio Val: 100,000.00Progress ||  21.63%  [Elapsed: 0:00:00 ETA: 0:00:02] Portfolio Val: 100,000.00Progress ||  21.73%  [Elapsed: 0:00:00 ETA: 0:00:02] Portfolio Val: 100,000.00Progress ||  21.78%  [Elapsed: 0:00:00 ETA: 0:00:02] Portfolio Val: 100,000.00Progress ||  21.88%  [Elapsed: 0:00:00 ETA: 0:00:02] Portfolio Val: 100,000.00Progress ||  21.93%  [Elapsed: 0:00:00 ETA: 0:00:02] Portfolio Val: 100,000.00Progress ||  22.03%  [Elapsed: 0:00:00 ETA: 0:00:02] Portfolio Val: 100,000.00Progress ||  22.08%  [Elapsed: 0:00:00 ETA: 0:00:02] Portfolio Val: 100,000.00Progress ||  22.18%  [Elapsed: 0:00:00 ETA: 0:00:02] Portfolio Val: 100,000.00Progress ||  22.33%  [Elapsed: 0:00:00 ETA: 0:00:02] Portfolio Val: 100,000.00Progress ||  22.48%  [Elapsed: 0:00:00 ETA: 0:00:02] Portfolio Val: 100,000.00Progress ||  22.53%  [Elapsed: 0:00:00 ETA: 0:00:02] Portfolio Val: 100,000.00Progress ||  22.63%  [Elapsed: 0:00:00 ETA: 0:00:02] Portfolio Val: 100,000.00Progress ||  22.68%  [Elapsed: 0:00:00 ETA: 0:00:02] Portfolio Val: 100,000.00Progress ||  22.78%  [Elapsed: 0:00:00 ETA: 0:00:02] Portfolio Val: 100,000.00Progress ||  22.83%  [Elapsed: 0:00:00 ETA: 0:00:02] Portfolio Val: 100,000.00Progress ||  22.93%  [Elapsed: 0:00:00 ETA: 0:00:02] Portfolio Val: 100,000.00Progress ||  22.98%  [Elapsed: 0:00:00 ETA: 0:00:01] Portfolio Val: 100,000.00Progress ||  23.08%  [Elapsed: 0:00:00 ETA: 0:00:01] Portfolio Val: 100,000.00Progress ||  23.13%  [Elapsed: 0:00:00 ETA: 0:00:01] Portfolio Val: 100,000.00Progress ||  23.23%  [Elapsed: 0:00:00 ETA: 0:00:01] Portfolio Val: 100,000.00Progress ||  23.38%  [Elapsed: 0:00:00 ETA: 0:00:01] Portfolio Val: 100,000.00Progress ||  23.53%  [Elapsed: 0:00:00 ETA: 0:00:01] Portfolio Val: 100,000.00Progress ||  23.57%  [Elapsed: 0:00:00 ETA: 0:00:01] Portfolio Val: 100,000.00Progress ||  23.68%  [Elapsed: 0:00:00 ETA: 0:00:01] Portfolio Val: 100,000.00Progress ||  23.72%  [Elapsed: 0:00:00 ETA: 0:00:01] Portfolio Val: 100,000.00Progress ||  23.83%  [Elapsed: 0:00:00 ETA: 0:00:01] Portfolio Val: 100,000.00Progress ||  23.87%  [Elapsed: 0:00:00 ETA: 0:00:01] Portfolio Val: 100,000.00Progress ||  23.98%  [Elapsed: 0:00:00 ETA: 0:00:01] Portfolio Val: 100,000.00Progress ||  24.02%  [Elapsed: 0:00:00 ETA: 0:00:01] Portfolio Val: 100,000.00Progress ||  24.12%  [Elapsed: 0:00:00 ETA: 0:00:01] Portfolio Val: 100,000.00Progress ||  24.17%  [Elapsed: 0:00:00 ETA: 0:00:01] Portfolio Val: 100,000.00Progress ||  24.27%  [Elapsed: 0:00:00 ETA: 0:00:01] Portfolio Val: 100,000.00Progress ||  24.42%  [Elapsed: 0:00:00 ETA: 0:00:01] Portfolio Val: 100,000.00Progress ||  24.57%  [Elapsed: 0:00:00 ETA: 0:00:01] Portfolio Val: 100,000.00Progress ||  24.62%  [Elapsed: 0:00:00 ETA: 0:00:01] Portfolio Val: 100,000.00Progress ||  24.72%  [Elapsed: 0:00:00 ETA: 0:00:01] Portfolio Val: 100,000.00Progress ||  24.77%  [Elapsed: 0:00:00 ETA: 0:00:01] Portfolio Val: 100,000.00Progress ||  24.87%  [Elapsed: 0:00:00 ETA: 0:00:01] Portfolio Val: 100,000.00Progress ||  24.92%  [Elapsed: 0:00:00 ETA: 0:00:01] Portfolio Val: 100,000.00Progress ||  25.02%  [Elapsed: 0:00:00 ETA: 0:00:01] Portfolio Val: 100,000.00Progress ||  25.07%  [Elapsed: 0:00:00 ETA: 0:00:01] Portfolio Val: 100,000.00Progress ||  25.17%  [Elapsed: 0:00:00 ETA: 0:00:01] Portfolio Val: 100,000.00Progress ||  25.22%  [Elapsed: 0:00:00 ETA: 0:00:01] Portfolio Val: 100,000.00Progress ||  25.32%  [Elapsed: 0:00:00 ETA: 0:00:01] Portfolio Val: 100,000.00Progress ||  25.47%  [Elapsed: 0:00:00 ETA: 0:00:01] Portfolio Val: 100,000.00Progress ||  25.62%  [Elapsed: 0:00:00 ETA: 0:00:01] Portfolio Val: 100,000.00Progress ||  25.77%  [Elapsed: 0:00:00 ETA: 0:00:01] Portfolio Val: 100,000.00Progress ||  25.82%  [Elapsed: 0:00:00 ETA: 0:00:01] Portfolio Val: 100,000.00Progress ||  25.92%  [Elapsed: 0:00:00 ETA: 0:00:01] Portfolio Val: 100,000.00Progress ||  25.97%  [Elapsed: 0:00:00 ETA: 0:00:01] Portfolio Val: 100,000.00Progress ||  26.07%  [Elapsed: 0:00:00 ETA: 0:00:01] Portfolio Val: 100,000.00Progress ||  26.11%  [Elapsed: 0:00:00 ETA: 0:00:01] Portfolio Val: 100,000.00Progress ||  26.22%  [Elapsed: 0:00:00 ETA: 0:00:01] Portfolio Val: 100,000.00Progress ||  26.26%  [Elapsed: 0:00:00 ETA: 0:00:01] Portfolio Val: 100,000.00Progress ||  26.37%  [Elapsed: 0:00:00 ETA: 0:00:01] Portfolio Val: 100,000.00Progress ||  26.52%  [Elapsed: 0:00:00 ETA: 0:00:01] Portfolio Val: 100,000.00Progress ||  26.67%  [Elapsed: 0:00:00 ETA: 0:00:01] Portfolio Val: 100,000.00Progress ||  26.71%  [Elapsed: 0:00:00 ETA: 0:00:01] Portfolio Val: 100,000.00Progress ||  26.82%  [Elapsed: 0:00:00 ETA: 0:00:01] Portfolio Val: 100,000.00Progress ||  26.86%  [Elapsed: 0:00:00 ETA: 0:00:01] Portfolio Val: 100,000.00Progress ||  26.97%  [Elapsed: 0:00:00 ETA: 0:00:01] Portfolio Val: 100,000.00Progress ||  27.01%  [Elapsed: 0:00:00 ETA: 0:00:01] Portfolio Val: 100,000.00Progress ||  27.11%  [Elapsed: 0:00:00 ETA: 0:00:01] Portfolio Val: 100,000.00Progress ||  27.16%  [Elapsed: 0:00:00 ETA: 0:00:01] Portfolio Val: 100,000.00Progress ||  27.26%  [Elapsed: 0:00:00 ETA: 0:00:01] Portfolio Val: 100,000.00Progress ||  27.31%  [Elapsed: 0:00:00 ETA: 0:00:01] Portfolio Val: 100,000.00Progress ||  27.41%  [Elapsed: 0:00:00 ETA: 0:00:01] Portfolio Val: 100,000.00Progress ||  27.56%  [Elapsed: 0:00:00 ETA: 0:00:01] Portfolio Val: 100,000.00Progress ||  27.71%  [Elapsed: 0:00:00 ETA: 0:00:01] Portfolio Val: 100,000.00Progress ||  27.76%  [Elapsed: 0:00:00 ETA: 0:00:01] Portfolio Val: 100,000.00Progress ||  27.86%  [Elapsed: 0:00:00 ETA: 0:00:01] Portfolio Val: 100,000.00Progress ||  27.91%  [Elapsed: 0:00:00 ETA: 0:00:01] Portfolio Val: 100,000.00Progress ||  28.01%  [Elapsed: 0:00:00 ETA: 0:00:01] Portfolio Val: 100,000.00Progress ||  28.06%  [Elapsed: 0:00:00 ETA: 0:00:01] Portfolio Val: 100,000.00Progress ||  28.16%  [Elapsed: 0:00:00 ETA: 0:00:01] Portfolio Val: 100,000.00Progress ||  28.21%  [Elapsed: 0:00:00 ETA: 0:00:01] Portfolio Val: 100,000.00Progress ||  28.31%  [Elapsed: 0:00:00 ETA: 0:00:01] Portfolio Val: 100,000.00Progress ||  28.36%  [Elapsed: 0:00:00 ETA: 0:00:01] Portfolio Val: 100,000.00Progress ||  28.46%  [Elapsed: 0:00:00 ETA: 0:00:01] Portfolio Val: 100,000.00Progress ||  28.61%  [Elapsed: 0:00:00 ETA: 0:00:01] Portfolio Val: 100,000.00Progress ||  28.76%  [Elapsed: 0:00:00 ETA: 0:00:01] Portfolio Val: 100,000.00Progress ||  28.80%  [Elapsed: 0:00:00 ETA: 0:00:01] Portfolio Val: 100,000.00Progress ||  28.91%  [Elapsed: 0:00:00 ETA: 0:00:01] Portfolio Val: 100,000.00Progress ||  28.95%  [Elapsed: 0:00:00 ETA: 0:00:01] Portfolio Val: 100,000.00Progress ||  29.06%  [Elapsed: 0:00:00 ETA: 0:00:01] Portfolio Val: 100,000.00Progress ||  29.10%  [Elapsed: 0:00:00 ETA: 0:00:01] Portfolio Val: 100,000.00Progress ||  29.21%  [Elapsed: 0:00:00 ETA: 0:00:01] Portfolio Val: 100,000.00Progress ||  29.25%  [Elapsed: 0:00:00 ETA: 0:00:01] Portfolio Val: 100,000.00Progress ||  29.36%  [Elapsed: 0:00:00 ETA: 0:00:01] Portfolio Val: 100,000.00Progress ||  29.40%  [Elapsed: 0:00:00 ETA: 0:00:01] Portfolio Val: 100,000.00Progress ||  29.51%  [Elapsed: 0:00:00 ETA: 0:00:01] Portfolio Val: 100,000.00Progress ||  29.66%  [Elapsed: 0:00:00 ETA: 0:00:01] Portfolio Val: 100,000.00Progress ||  29.81%  [Elapsed: 0:00:00 ETA: 0:00:01] Portfolio Val: 100,000.00Progress ||  29.85%  [Elapsed: 0:00:00 ETA: 0:00:01] Portfolio Val: 100,000.00Progress ||  29.95%  [Elapsed: 0:00:00 ETA: 0:00:01] Portfolio Val: 100,000.00Progress ||  30.00%  [Elapsed: 0:00:00 ETA: 0:00:01] Portfolio Val: 100,000.00Progress ||  30.10%  [Elapsed: 0:00:00 ETA: 0:00:01] Portfolio Val: 100,000.00Progress ||  30.14%  [Elapsed: 0:00:00 ETA: 0:00:01] Portfolio Val: 100,000.00Progress ||  30.25%  [Elapsed: 0:00:00 ETA: 0:00:01] Portfolio Val: 100,000.00Progress ||  30.29%  [Elapsed: 0:00:00 ETA: 0:00:01] Portfolio Val: 100,000.00Progress ||  30.40%  [Elapsed: 0:00:00 ETA: 0:00:01] Portfolio Val: 100,000.00Progress ||  30.44%  [Elapsed: 0:00:00 ETA: 0:00:01] Portfolio Val: 100,000.00Progress ||  30.55%  [Elapsed: 0:00:00 ETA: 0:00:01] Portfolio Val: 100,000.00Progress ||  30.70%  [Elapsed: 0:00:00 ETA: 0:00:01] Portfolio Val: 100,000.00Progress ||  30.85%  [Elapsed: 0:00:00 ETA: 0:00:01] Portfolio Val: 100,000.00Progress ||  30.89%  [Elapsed: 0:00:00 ETA: 0:00:01] Portfolio Val: 100,000.00Progress ||  31.00%  [Elapsed: 0:00:00 ETA: 0:00:01] Portfolio Val: 100,000.00Progress ||  31.04%  [Elapsed: 0:00:00 ETA: 0:00:01] Portfolio Val: 100,000.00Progress ||  31.15%  [Elapsed: 0:00:00 ETA: 0:00:01] Portfolio Val: 100,000.00Progress ||  31.19%  [Elapsed: 0:00:00 ETA: 0:00:01] Portfolio Val: 100,000.00Progress ||  31.30%  [Elapsed: 0:00:00 ETA: 0:00:01] Portfolio Val: 100,000.00Progress ||  31.34%  [Elapsed: 0:00:00 ETA: 0:00:01] Portfolio Val: 100,000.00Progress ||  31.45%  [Elapsed: 0:00:00 ETA: 0:00:01] Portfolio Val: 100,000.00Progress ||  31.60%  [Elapsed: 0:00:00 ETA: 0:00:01] Portfolio Val: 100,000.00Progress ||  31.75%  [Elapsed: 0:00:00 ETA: 0:00:01] Portfolio Val: 100,000.00Progress ||  31.90%  [Elapsed: 0:00:00 ETA: 0:00:01] Portfolio Val: 100,000.00Progress ||  31.94%  [Elapsed: 0:00:00 ETA: 0:00:01] Portfolio Val: 100,000.00Progress ||  32.05%  [Elapsed: 0:00:00 ETA: 0:00:01] Portfolio Val: 100,000.00Progress ||  32.09%  [Elapsed: 0:00:00 ETA: 0:00:01] Portfolio Val: 100,000.00Progress ||  32.20%  [Elapsed: 0:00:00 ETA: 0:00:01] Portfolio Val: 100,000.00Progress ||  32.24%  [Elapsed: 0:00:00 ETA: 0:00:01] Portfolio Val: 100,000.00Progress ||  32.35%  [Elapsed: 0:00:00 ETA: 0:00:01] Portfolio Val: 100,000.00Progress ||  32.39%  [Elapsed: 0:00:00 ETA: 0:00:01] Portfolio Val: 100,000.00Progress ||  32.50%  [Elapsed: 0:00:00 ETA: 0:00:01] Portfolio Val: 100,000.00Progress ||  32.54%  [Elapsed: 0:00:00 ETA: 0:00:01] Portfolio Val: 100,000.00Progress ||  32.65%  [Elapsed: 0:00:00 ETA: 0:00:01] Portfolio Val: 100,000.00Progress ||  32.79%  [Elapsed: 0:00:00 ETA: 0:00:01] Portfolio Val: 100,000.00Progress ||  32.94%  [Elapsed: 0:00:00 ETA: 0:00:01] Portfolio Val: 100,000.00Progress ||  32.98%  [Elapsed: 0:00:00 ETA: 0:00:01] Portfolio Val: 100,000.00Progress ||  33.09%  [Elapsed: 0:00:00 ETA: 0:00:01] Portfolio Val: 100,000.00Progress ||  33.13%  [Elapsed: 0:00:00 ETA: 0:00:01] Portfolio Val: 100,000.00Progress ||  33.24%  [Elapsed: 0:00:00 ETA: 0:00:01] Portfolio Val: 100,000.00Progress ||  33.28%  [Elapsed: 0:00:00 ETA: 0:00:01] Portfolio Val: 100,000.00Progress ||  33.39%  [Elapsed: 0:00:00 ETA: 0:00:01] Portfolio Val: 100,000.00Progress ||  33.43%  [Elapsed: 0:00:00 ETA: 0:00:01] Portfolio Val: 100,000.00Progress ||  33.54%  [Elapsed: 0:00:00 ETA: 0:00:01] Portfolio Val: 100,000.00Progress ||  33.58%  [Elapsed: 0:00:00 ETA: 0:00:01] Portfolio Val: 100,000.00Progress ||  33.69%  [Elapsed: 0:00:00 ETA: 0:00:01] Portfolio Val: 100,000.00Progress ||  33.84%  [Elapsed: 0:00:00 ETA: 0:00:01] Portfolio Val: 100,000.00Progress ||  33.99%  [Elapsed: 0:00:00 ETA: 0:00:01] Portfolio Val: 100,000.00Progress ||  34.03%  [Elapsed: 0:00:00 ETA: 0:00:01] Portfolio Val: 100,000.00Progress ||  34.14%  [Elapsed: 0:00:00 ETA: 0:00:01] Portfolio Val: 100,000.00Progress ||  34.18%  [Elapsed: 0:00:00 ETA: 0:00:01] Portfolio Val: 100,000.00Progress ||  34.29%  [Elapsed: 0:00:00 ETA: 0:00:01] Portfolio Val: 100,000.00Progress ||  34.33%  [Elapsed: 0:00:00 ETA: 0:00:01] Portfolio Val: 100,000.00Progress ||  34.44%  [Elapsed: 0:00:00 ETA: 0:00:01] Portfolio Val: 100,000.00Progress ||  34.48%  [Elapsed: 0:00:00 ETA: 0:00:01] Portfolio Val: 100,000.00Progress ||  34.59%  [Elapsed: 0:00:00 ETA: 0:00:01] Portfolio Val: 100,000.00Progress ||  34.63%  [Elapsed: 0:00:00 ETA: 0:00:01] Portfolio Val: 100,000.00Progress ||  34.74%  [Elapsed: 0:00:00 ETA: 0:00:01] Portfolio Val: 100,000.00Progress ||  34.89%  [Elapsed: 0:00:00 ETA: 0:00:01] Portfolio Val: 100,000.00Progress ||  35.04%  [Elapsed: 0:00:00 ETA: 0:00:01] Portfolio Val: 100,000.00Progress ||  35.08%  [Elapsed: 0:00:00 ETA: 0:00:01] Portfolio Val: 100,000.00Progress ||  35.19%  [Elapsed: 0:00:00 ETA: 0:00:01] Portfolio Val: 100,000.00Progress ||  35.23%  [Elapsed: 0:00:00 ETA: 0:00:01] Portfolio Val: 100,000.00Progress ||  35.34%  [Elapsed: 0:00:00 ETA: 0:00:01] Portfolio Val: 100,000.00Progress ||  35.38%  [Elapsed: 0:00:00 ETA: 0:00:01] Portfolio Val: 100,000.00Progress ||  35.49%  [Elapsed: 0:00:00 ETA: 0:00:01] Portfolio Val: 100,000.00Progress ||  35.53%  [Elapsed: 0:00:00 ETA: 0:00:01] Portfolio Val: 100,000.00Progress ||  35.63%  [Elapsed: 0:00:00 ETA: 0:00:01] Portfolio Val: 100,000.00Progress ||  35.68%  [Elapsed: 0:00:00 ETA: 0:00:01] Portfolio Val: 100,000.00Progress ||  35.78%  [Elapsed: 0:00:00 ETA: 0:00:01] Portfolio Val: 100,000.00Progress ||  35.93%  [Elapsed: 0:00:00 ETA: 0:00:01] Portfolio Val: 100,000.00Progress ||  36.08%  [Elapsed: 0:00:00 ETA: 0:00:01] Portfolio Val: 100,000.00Progress ||  36.12%  [Elapsed: 0:00:00 ETA: 0:00:01] Portfolio Val: 100,000.00Progress ||  36.23%  [Elapsed: 0:00:00 ETA: 0:00:01] Portfolio Val: 100,000.00Progress ||  36.27%  [Elapsed: 0:00:00 ETA: 0:00:01] Portfolio Val: 100,000.00Progress ||  36.38%  [Elapsed: 0:00:00 ETA: 0:00:01] Portfolio Val: 100,000.00Progress ||  36.42%  [Elapsed: 0:00:00 ETA: 0:00:01] Portfolio Val: 100,000.00Progress ||  36.53%  [Elapsed: 0:00:00 ETA: 0:00:01] Portfolio Val: 100,000.00Progress ||  36.57%  [Elapsed: 0:00:00 ETA: 0:00:01] Portfolio Val: 100,000.00Progress ||  36.68%  [Elapsed: 0:00:00 ETA: 0:00:01] Portfolio Val: 100,000.00Progress ||  36.72%  [Elapsed: 0:00:00 ETA: 0:00:01] Portfolio Val: 100,000.00Progress ||  36.83%  [Elapsed: 0:00:00 ETA: 0:00:01] Portfolio Val: 100,000.00Progress ||  36.98%  [Elapsed: 0:00:00 ETA: 0:00:01] Portfolio Val: 100,000.00Progress ||  37.13%  [Elapsed: 0:00:00 ETA: 0:00:01] Portfolio Val: 100,000.00Progress ||  37.17%  [Elapsed: 0:00:00 ETA: 0:00:01] Portfolio Val: 100,000.00Progress ||  37.28%  [Elapsed: 0:00:00 ETA: 0:00:01] Portfolio Val: 100,000.00Progress ||  37.32%  [Elapsed: 0:00:00 ETA: 0:00:01] Portfolio Val: 100,000.00Progress ||  37.43%  [Elapsed: 0:00:00 ETA: 0:00:01] Portfolio Val: 100,000.00Progress ||  37.47%  [Elapsed: 0:00:00 ETA: 0:00:01] Portfolio Val: 100,000.00Progress ||  37.58%  [Elapsed: 0:00:00 ETA: 0:00:01] Portfolio Val: 100,000.00Progress ||  37.62%  [Elapsed: 0:00:00 ETA: 0:00:01] Portfolio Val: 100,000.00Progress ||  37.73%  [Elapsed: 0:00:00 ETA: 0:00:01] Portfolio Val: 100,000.00Progress ||  37.77%  [Elapsed: 0:00:00 ETA: 0:00:01] Portfolio Val: 100,000.00Progress ||  37.88%  [Elapsed: 0:00:00 ETA: 0:00:01] Portfolio Val: 100,000.00Progress ||  38.03%  [Elapsed: 0:00:00 ETA: 0:00:01] Portfolio Val: 100,000.00Progress ||  38.18%  [Elapsed: 0:00:00 ETA: 0:00:01] Portfolio Val: 100,000.00Progress ||  38.22%  [Elapsed: 0:00:00 ETA: 0:00:01] Portfolio Val: 100,000.00Progress ||  38.33%  [Elapsed: 0:00:00 ETA: 0:00:01] Portfolio Val: 100,000.00Progress ||  38.37%  [Elapsed: 0:00:00 ETA: 0:00:01] Portfolio Val: 100,000.00Progress ||  38.47%  [Elapsed: 0:00:00 ETA: 0:00:01] Portfolio Val: 100,000.00Progress ||  38.52%  [Elapsed: 0:00:00 ETA: 0:00:01] Portfolio Val: 100,000.00Progress ||  38.62%  [Elapsed: 0:00:00 ETA: 0:00:00] Portfolio Val: 100,000.00Progress ||  38.66%  [Elapsed: 0:00:00 ETA: 0:00:00] Portfolio Val: 100,000.00Progress ||  38.77%  [Elapsed: 0:00:00 ETA: 0:00:00] Portfolio Val: 100,000.00Progress ||  38.81%  [Elapsed: 0:00:00 ETA: 0:00:00] Portfolio Val: 100,000.00Progress ||  38.92%  [Elapsed: 0:00:00 ETA: 0:00:00] Portfolio Val: 100,000.00Progress ||  39.07%  [Elapsed: 0:00:00 ETA: 0:00:00] Portfolio Val: 100,000.00Progress ||  39.22%  [Elapsed: 0:00:00 ETA: 0:00:00] Portfolio Val: 100,000.00Progress ||  39.26%  [Elapsed: 0:00:00 ETA: 0:00:00] Portfolio Val: 100,000.00Progress ||  39.37%  [Elapsed: 0:00:00 ETA: 0:00:00] Portfolio Val: 100,000.00Progress ||  39.41%  [Elapsed: 0:00:00 ETA: 0:00:00] Portfolio Val: 100,000.00Progress ||  39.52%  [Elapsed: 0:00:00 ETA: 0:00:00] Portfolio Val: 100,000.00Progress ||  39.56%  [Elapsed: 0:00:00 ETA: 0:00:00] Portfolio Val: 100,000.00Progress ||  39.67%  [Elapsed: 0:00:00 ETA: 0:00:00] Portfolio Val: 100,000.00Progress ||  39.71%  [Elapsed: 0:00:00 ETA: 0:00:00] Portfolio Val: 100,000.00Progress ||  39.82%  [Elapsed: 0:00:00 ETA: 0:00:00] Portfolio Val: 100,000.00Progress ||  39.86%  [Elapsed: 0:00:00 ETA: 0:00:00] Portfolio Val: 100,000.00Progress ||  39.97%  [Elapsed: 0:00:00 ETA: 0:00:00] Portfolio Val: 100,000.00Progress ||  40.12%  [Elapsed: 0:00:00 ETA: 0:00:00] Portfolio Val: 100,000.00Progress ||  40.27%  [Elapsed: 0:00:00 ETA: 0:00:00] Portfolio Val: 100,000.00Progress ||  40.42%  [Elapsed: 0:00:00 ETA: 0:00:00] Portfolio Val: 100,000.00Progress ||  40.46%  [Elapsed: 0:00:00 ETA: 0:00:00] Portfolio Val: 100,000.00Progress ||  40.57%  [Elapsed: 0:00:00 ETA: 0:00:00] Portfolio Val: 100,000.00Progress ||  40.61%  [Elapsed: 0:00:00 ETA: 0:00:00] Portfolio Val: 100,000.00Progress ||  40.72%  [Elapsed: 0:00:00 ETA: 0:00:00] Portfolio Val: 100,000.00Progress ||  40.76%  [Elapsed: 0:00:00 ETA: 0:00:00] Portfolio Val: 100,000.00Progress ||  40.87%  [Elapsed: 0:00:00 ETA: 0:00:00] Portfolio Val: 100,000.00Progress ||  40.91%  [Elapsed: 0:00:00 ETA: 0:00:00] Portfolio Val: 100,000.00Progress ||  41.02%  [Elapsed: 0:00:00 ETA: 0:00:00] Portfolio Val: 100,000.00Progress ||  41.17%  [Elapsed: 0:00:00 ETA: 0:00:00] Portfolio Val: 100,000.00Progress ||  41.31%  [Elapsed: 0:00:00 ETA: 0:00:00] Portfolio Val: 100,000.00Progress ||  41.36%  [Elapsed: 0:00:00 ETA: 0:00:00] Portfolio Val: 100,000.00Progress ||  41.46%  [Elapsed: 0:00:00 ETA: 0:00:00] Portfolio Val: 100,000.00Progress ||  41.50%  [Elapsed: 0:00:00 ETA: 0:00:00] Portfolio Val: 100,000.00Progress ||  41.61%  [Elapsed: 0:00:00 ETA: 0:00:00] Portfolio Val: 100,000.00Progress ||  41.65%  [Elapsed: 0:00:00 ETA: 0:00:00] Portfolio Val: 100,000.00Progress ||  41.76%  [Elapsed: 0:00:00 ETA: 0:00:00] Portfolio Val: 100,000.00Progress ||  41.80%  [Elapsed: 0:00:00 ETA: 0:00:00] Portfolio Val: 100,000.00Progress ||  41.91%  [Elapsed: 0:00:00 ETA: 0:00:00] Portfolio Val: 100,000.00Progress ||  41.95%  [Elapsed: 0:00:00 ETA: 0:00:00] Portfolio Val: 100,000.00Progress ||  42.06%  [Elapsed: 0:00:00 ETA: 0:00:00] Portfolio Val: 100,000.00Progress ||  42.21%  [Elapsed: 0:00:00 ETA: 0:00:00] Portfolio Val: 100,000.00Progress ||  42.36%  [Elapsed: 0:00:00 ETA: 0:00:00] Portfolio Val: 100,000.00Progress ||  42.40%  [Elapsed: 0:00:00 ETA: 0:00:00] Portfolio Val: 100,000.00Progress ||  42.51%  [Elapsed: 0:00:00 ETA: 0:00:00] Portfolio Val: 100,000.00Progress ||  42.55%  [Elapsed: 0:00:00 ETA: 0:00:00] Portfolio Val: 100,000.00Progress ||  42.66%  [Elapsed: 0:00:00 ETA: 0:00:00] Portfolio Val: 100,000.00Progress ||  42.70%  [Elapsed: 0:00:00 ETA: 0:00:00] Portfolio Val: 100,000.00Progress ||  42.81%  [Elapsed: 0:00:00 ETA: 0:00:00] Portfolio Val: 100,000.00Progress ||  42.85%  [Elapsed: 0:00:00 ETA: 0:00:00] Portfolio Val: 100,000.00Progress ||  42.96%  [Elapsed: 0:00:00 ETA: 0:00:00] Portfolio Val: 100,000.00Progress ||  43.00%  [Elapsed: 0:00:00 ETA: 0:00:00] Portfolio Val: 100,000.00Progress ||  43.11%  [Elapsed: 0:00:00 ETA: 0:00:00] Portfolio Val: 100,000.00Progress ||  43.26%  [Elapsed: 0:00:00 ETA: 0:00:00] Portfolio Val: 100,000.00Progress ||  43.41%  [Elapsed: 0:00:00 ETA: 0:00:00] Portfolio Val: 100,000.00Progress ||  43.45%  [Elapsed: 0:00:00 ETA: 0:00:00] Portfolio Val: 100,000.00Progress ||  43.56%  [Elapsed: 0:00:00 ETA: 0:00:00] Portfolio Val: 100,000.00Progress ||  43.60%  [Elapsed: 0:00:00 ETA: 0:00:00] Portfolio Val: 100,000.00Progress ||  43.71%  [Elapsed: 0:00:00 ETA: 0:00:00] Portfolio Val: 100,000.00Progress ||  43.86%  [Elapsed: 0:00:00 ETA: 0:00:00] Portfolio Val: 100,000.00Progress ||  43.90%  [Elapsed: 0:00:00 ETA: 0:00:00] Portfolio Val: 100,000.00Progress ||  44.01%  [Elapsed: 0:00:00 ETA: 0:00:00] Portfolio Val: 100,000.00Progress ||  44.05%  [Elapsed: 0:00:00 ETA: 0:00:00] Portfolio Val: 100,000.00Progress ||  44.15%  [Elapsed: 0:00:00 ETA: 0:00:00] Portfolio Val: 100,000.00Progress ||  44.30%  [Elapsed: 0:00:00 ETA: 0:00:00] Portfolio Val: 100,000.00Progress ||  44.45%  [Elapsed: 0:00:00 ETA: 0:00:00] Portfolio Val: 100,000.00Progress ||  44.49%  [Elapsed: 0:00:00 ETA: 0:00:00] Portfolio Val: 100,000.00Progress ||  44.60%  [Elapsed: 0:00:00 ETA: 0:00:00] Portfolio Val: 100,000.00Progress ||  44.64%  [Elapsed: 0:00:00 ETA: 0:00:00] Portfolio Val: 100,000.00Progress ||  44.75%  [Elapsed: 0:00:00 ETA: 0:00:00] Portfolio Val: 100,000.00Progress ||  44.79%  [Elapsed: 0:00:00 ETA: 0:00:00] Portfolio Val: 100,000.00Progress ||  44.90%  [Elapsed: 0:00:00 ETA: 0:00:00] Portfolio Val: 100,000.00Progress ||  44.94%  [Elapsed: 0:00:00 ETA: 0:00:00] Portfolio Val: 100,000.00Progress ||  45.05%  [Elapsed: 0:00:00 ETA: 0:00:00] Portfolio Val: 100,000.00Progress ||  45.09%  [Elapsed: 0:00:00 ETA: 0:00:00] Portfolio Val: 100,000.00Progress ||  45.20%  [Elapsed: 0:00:00 ETA: 0:00:00] Portfolio Val: 100,000.00Progress ||  45.35%  [Elapsed: 0:00:00 ETA: 0:00:00] Portfolio Val: 100,000.00Progress ||  45.50%  [Elapsed: 0:00:00 ETA: 0:00:00] Portfolio Val: 100,000.00Progress ||  45.54%  [Elapsed: 0:00:00 ETA: 0:00:00] Portfolio Val: 100,000.00Progress ||  45.65%  [Elapsed: 0:00:00 ETA: 0:00:00] Portfolio Val: 100,000.00Progress ||  45.69%  [Elapsed: 0:00:00 ETA: 0:00:00] Portfolio Val: 100,000.00Progress ||  45.80%  [Elapsed: 0:00:00 ETA: 0:00:00] Portfolio Val: 100,000.00Progress ||  45.82%  [Elapsed: 0:00:00 ETA: 0:00:00] Portfolio Val: 100,000.00Progress ||  45.95%  [Elapsed: 0:00:00 ETA: 0:00:00] Portfolio Val: 100,000.00Progress ||  46.10%  [Elapsed: 0:00:00 ETA: 0:00:00] Portfolio Val: 100,000.00Progress ||  46.14%  [Elapsed: 0:00:00 ETA: 0:00:00] Portfolio Val: 100,000.00Progress ||  46.25%  [Elapsed: 0:00:00 ETA: 0:00:00] Portfolio Val: 100,000.00Progress ||  46.40%  [Elapsed: 0:00:00 ETA: 0:00:00] Portfolio Val: 100,000.00Progress ||  46.55%  [Elapsed: 0:00:00 ETA: 0:00:00] Portfolio Val: 100,000.00Progress ||  46.59%  [Elapsed: 0:00:00 ETA: 0:00:00] Portfolio Val: 100,000.00Progress ||  46.70%  [Elapsed: 0:00:00 ETA: 0:00:00] Portfolio Val: 100,000.00Progress ||  46.74%  [Elapsed: 0:00:00 ETA: 0:00:00] Portfolio Val: 100,000.00Progress ||  46.85%  [Elapsed: 0:00:00 ETA: 0:00:00] Portfolio Val: 100,000.00Progress ||  46.89%  [Elapsed: 0:00:00 ETA: 0:00:00] Portfolio Val: 100,000.00Progress ||  46.99%  [Elapsed: 0:00:00 ETA: 0:00:00] Portfolio Val: 100,000.00Progress ||  47.04%  [Elapsed: 0:00:00 ETA: 0:00:00] Portfolio Val: 100,000.00Progress ||  47.14%  [Elapsed: 0:00:00 ETA: 0:00:00] Portfolio Val: 100,000.00Progress ||  47.18%  [Elapsed: 0:00:00 ETA: 0:00:00] Portfolio Val: 100,000.00Progress ||  47.29%  [Elapsed: 0:00:00 ETA: 0:00:00] Portfolio Val: 100,000.00Progress ||  47.44%  [Elapsed: 0:00:00 ETA: 0:00:00] Portfolio Val: 100,000.00Progress ||  47.59%  [Elapsed: 0:00:00 ETA: 0:00:00] Portfolio Val: 100,000.00Progress ||  47.63%  [Elapsed: 0:00:00 ETA: 0:00:00] Portfolio Val: 100,000.00Progress ||  47.74%  [Elapsed: 0:00:00 ETA: 0:00:00] Portfolio Val: 100,000.00Progress ||  47.78%  [Elapsed: 0:00:00 ETA: 0:00:00] Portfolio Val: 100,000.00Progress ||  47.89%  [Elapsed: 0:00:00 ETA: 0:00:00] Portfolio Val: 100,000.00Progress ||  47.93%  [Elapsed: 0:00:00 ETA: 0:00:00] Portfolio Val: 100,000.00Progress ||  48.04%  [Elapsed: 0:00:00 ETA: 0:00:00] Portfolio Val: 100,000.00Progress ||  48.08%  [Elapsed: 0:00:00 ETA: 0:00:00] Portfolio Val: 100,000.00Progress ||  48.19%  [Elapsed: 0:00:00 ETA: 0:00:00] Portfolio Val: 100,000.00Progress ||  48.23%  [Elapsed: 0:00:00 ETA: 0:00:00] Portfolio Val: 100,000.00Progress ||  48.34%  [Elapsed: 0:00:00 ETA: 0:00:00] Portfolio Val: 100,000.00Progress ||  48.49%  [Elapsed: 0:00:00 ETA: 0:00:00] Portfolio Val: 100,000.00Progress ||  48.64%  [Elapsed: 0:00:00 ETA: 0:00:00] Portfolio Val: 100,000.00Progress ||  48.68%  [Elapsed: 0:00:00 ETA: 0:00:00] Portfolio Val: 100,000.00Progress ||  48.79%  [Elapsed: 0:00:00 ETA: 0:00:00] Portfolio Val: 100,000.00Progress ||  48.83%  [Elapsed: 0:00:00 ETA: 0:00:00] Portfolio Val: 100,000.00Progress ||  48.94%  [Elapsed: 0:00:00 ETA: 0:00:00] Portfolio Val: 100,000.00Progress ||  48.98%  [Elapsed: 0:00:00 ETA: 0:00:00] Portfolio Val: 100,000.00Progress ||  49.09%  [Elapsed: 0:00:00 ETA: 0:00:00] Portfolio Val: 100,000.00Progress ||  49.13%  [Elapsed: 0:00:00 ETA: 0:00:00] Portfolio Val: 100,000.00Progress ||  49.24%  [Elapsed: 0:00:00 ETA: 0:00:00] Portfolio Val: 100,000.00Progress ||  49.28%  [Elapsed: 0:00:00 ETA: 0:00:00] Portfolio Val: 100,000.00Progress ||  49.39%  [Elapsed: 0:00:00 ETA: 0:00:00] Portfolio Val: 100,000.00Progress ||  49.54%  [Elapsed: 0:00:00 ETA: 0:00:00] Portfolio Val: 100,000.00Progress ||  49.69%  [Elapsed: 0:00:00 ETA: 0:00:00] Portfolio Val: 100,000.00Progress ||  49.73%  [Elapsed: 0:00:00 ETA: 0:00:00] Portfolio Val: 100,000.00Progress ||  49.84%  [Elapsed: 0:00:00 ETA: 0:00:00] Portfolio Val: 100,000.00Progress ||  49.88%  [Elapsed: 0:00:00 ETA: 0:00:00] Portfolio Val: 100,000.00Progress ||  49.98%  [Elapsed: 0:00:00 ETA: 0:00:00] Portfolio Val: 100,000.00Progress ||  50.02%  [Elapsed: 0:00:00 ETA: 0:00:00] Portfolio Val: 100,000.00Progress ||  50.13%  [Elapsed: 0:00:00 ETA: 0:00:00] Portfolio Val: 100,000.00Progress ||  50.17%  [Elapsed: 0:00:00 ETA: 0:00:00] Portfolio Val: 100,000.00Progress ||  50.28%  [Elapsed: 0:00:00 ETA: 0:00:00] Portfolio Val: 100,000.00Progress ||  50.32%  [Elapsed: 0:00:00 ETA: 0:00:00] Portfolio Val: 100,000.00Progress ||  50.43%  [Elapsed: 0:00:00 ETA: 0:00:00] Portfolio Val: 100,000.00Progress ||  50.58%  [Elapsed: 0:00:00 ETA: 0:00:00] Portfolio Val: 100,000.00Progress ||  50.73%  [Elapsed: 0:00:00 ETA: 0:00:00] Portfolio Val: 100,000.00Progress ||  50.77%  [Elapsed: 0:00:00 ETA: 0:00:00] Portfolio Val: 100,000.00Progress ||  50.88%  [Elapsed: 0:00:00 ETA: 0:00:00] Portfolio Val: 100,000.00Progress ||  50.92%  [Elapsed: 0:00:00 ETA: 0:00:00] Portfolio Val: 100,000.00Progress ||  51.03%  [Elapsed: 0:00:00 ETA: 0:00:00] Portfolio Val: 100,000.00Progress ||  51.07%  [Elapsed: 0:00:00 ETA: 0:00:00] Portfolio Val: 100,000.00Progress ||  51.18%  [Elapsed: 0:00:00 ETA: 0:00:00] Portfolio Val: 100,000.00Progress ||  51.22%  [Elapsed: 0:00:00 ETA: 0:00:00] Portfolio Val: 100,000.00Progress ||  51.33%  [Elapsed: 0:00:00 ETA: 0:00:00] Portfolio Val: 100,000.00Progress ||  51.37%  [Elapsed: 0:00:00 ETA: 0:00:00] Portfolio Val: 100,000.00Progress ||  51.48%  [Elapsed: 0:00:00 ETA: 0:00:00] Portfolio Val: 100,000.00Progress ||  51.63%  [Elapsed: 0:00:00 ETA: 0:00:00] Portfolio Val: 100,000.00Progress ||  51.78%  [Elapsed: 0:00:00 ETA: 0:00:00] Portfolio Val: 100,000.00Progress ||  51.82%  [Elapsed: 0:00:00 ETA: 0:00:00] Portfolio Val: 100,000.00Progress ||  51.93%  [Elapsed: 0:00:00 ETA: 0:00:00] Portfolio Val: 100,000.00Progress ||  51.97%  [Elapsed: 0:00:00 ETA: 0:00:00] Portfolio Val: 100,000.00Progress ||  52.08%  [Elapsed: 0:00:00 ETA: 0:00:00] Portfolio Val: 100,000.00Progress ||  52.12%  [Elapsed: 0:00:00 ETA: 0:00:00] Portfolio Val: 100,000.00Progress ||  52.23%  [Elapsed: 0:00:00 ETA: 0:00:00] Portfolio Val: 100,000.00Progress ||  52.27%  [Elapsed: 0:00:00 ETA: 0:00:00] Portfolio Val: 100,000.00Progress ||  52.38%  [Elapsed: 0:00:00 ETA: 0:00:00] Portfolio Val: 100,000.00Progress ||  52.42%  [Elapsed: 0:00:00 ETA: 0:00:00] Portfolio Val: 100,000.00Progress ||  52.53%  [Elapsed: 0:00:00 ETA: 0:00:00] Portfolio Val: 100,000.00Progress ||  52.68%  [Elapsed: 0:00:00 ETA: 0:00:00] Portfolio Val: 100,000.00Progress ||  52.82%  [Elapsed: 0:00:00 ETA: 0:00:00] Portfolio Val: 100,000.00Progress ||  52.87%  [Elapsed: 0:00:00 ETA: 0:00:00] Portfolio Val: 100,000.00Progress ||  52.97%  [Elapsed: 0:00:00 ETA: 0:00:00] Portfolio Val: 100,000.00Progress ||  53.01%  [Elapsed: 0:00:00 ETA: 0:00:00] Portfolio Val: 100,000.00Progress ||  53.12%  [Elapsed: 0:00:00 ETA: 0:00:00] Portfolio Val: 100,000.00Progress ||  53.16%  [Elapsed: 0:00:00 ETA: 0:00:00] Portfolio Val: 100,000.00Progress ||  53.27%  [Elapsed: 0:00:00 ETA: 0:00:00] Portfolio Val: 100,000.00Progress ||  53.31%  [Elapsed: 0:00:00 ETA: 0:00:00] Portfolio Val: 100,000.00Progress ||  53.42%  [Elapsed: 0:00:00 ETA: 0:00:00] Portfolio Val: 100,000.00Progress ||  53.46%  [Elapsed: 0:00:00 ETA: 0:00:00] Portfolio Val: 100,000.00Progress ||  53.57%  [Elapsed: 0:00:00 ETA: 0:00:00] Portfolio Val: 100,000.00Progress ||  53.72%  [Elapsed: 0:00:00 ETA: 0:00:00] Portfolio Val: 100,000.00Progress ||  53.87%  [Elapsed: 0:00:00 ETA: 0:00:00] Portfolio Val: 100,000.00Progress ||  53.91%  [Elapsed: 0:00:00 ETA: 0:00:00] Portfolio Val: 100,000.00Progress ||  54.02%  [Elapsed: 0:00:00 ETA: 0:00:00] Portfolio Val: 100,000.00Progress ||  54.06%  [Elapsed: 0:00:00 ETA: 0:00:00] Portfolio Val: 100,000.00Progress ||  54.17%  [Elapsed: 0:00:00 ETA: 0:00:00] Portfolio Val: 100,000.00Progress ||  54.21%  [Elapsed: 0:00:00 ETA: 0:00:00] Portfolio Val: 100,000.00Progress ||  54.32%  [Elapsed: 0:00:00 ETA: 0:00:00] Portfolio Val: 100,000.00Progress ||  54.36%  [Elapsed: 0:00:00 ETA: 0:00:00] Portfolio Val: 100,000.00Progress ||  54.47%  [Elapsed: 0:00:00 ETA: 0:00:00] Portfolio Val: 100,000.00Progress ||  54.51%  [Elapsed: 0:00:00 ETA: 0:00:00] Portfolio Val: 100,000.00Progress ||  54.62%  [Elapsed: 0:00:00 ETA: 0:00:00] Portfolio Val: 100,000.00Progress ||  54.77%  [Elapsed: 0:00:00 ETA: 0:00:00] Portfolio Val: 100,000.00Progress ||  54.92%  [Elapsed: 0:00:00 ETA: 0:00:00] Portfolio Val: 100,000.00Progress ||  55.07%  [Elapsed: 0:00:00 ETA: 0:00:00] Portfolio Val: 100,000.00Progress ||  55.11%  [Elapsed: 0:00:00 ETA: 0:00:00] Portfolio Val: 100,000.00Progress ||  55.22%  [Elapsed: 0:00:00 ETA: 0:00:00] Portfolio Val: 100,000.00Progress ||  55.26%  [Elapsed: 0:00:00 ETA: 0:00:00] Portfolio Val: 100,000.00Progress ||  55.37%  [Elapsed: 0:00:00 ETA: 0:00:00] Portfolio Val: 100,000.00Progress ||  55.41%  [Elapsed: 0:00:00 ETA: 0:00:00] Portfolio Val: 100,000.00Progress ||  55.52%  [Elapsed: 0:00:00 ETA: 0:00:00] Portfolio Val: 100,000.00Progress ||  55.56%  [Elapsed: 0:00:00 ETA: 0:00:00] Portfolio Val: 100,000.00Progress ||  55.66%  [Elapsed: 0:00:00 ETA: 0:00:00] Portfolio Val: 100,000.00Progress ||  55.81%  [Elapsed: 0:00:00 ETA: 0:00:00] Portfolio Val: 100,000.00Progress ||  55.96%  [Elapsed: 0:00:00 ETA: 0:00:00] Portfolio Val: 100,000.00Progress ||  56.00%  [Elapsed: 0:00:00 ETA: 0:00:00] Portfolio Val: 100,000.00Progress ||  56.11%  [Elapsed: 0:00:00 ETA: 0:00:00] Portfolio Val: 100,000.00Progress ||  56.15%  [Elapsed: 0:00:00 ETA: 0:00:00] Portfolio Val: 100,000.00Progress ||  56.26%  [Elapsed: 0:00:00 ETA: 0:00:00] Portfolio Val: 100,000.00Progress ||  56.30%  [Elapsed: 0:00:00 ETA: 0:00:00] Portfolio Val: 100,000.00Progress ||  56.41%  [Elapsed: 0:00:00 ETA: 0:00:00] Portfolio Val: 100,000.00Progress ||  56.45%  [Elapsed: 0:00:00 ETA: 0:00:00] Portfolio Val: 100,000.00Progress ||  56.56%  [Elapsed: 0:00:00 ETA: 0:00:00] Portfolio Val: 100,000.00Progress ||  56.60%  [Elapsed: 0:00:00 ETA: 0:00:00] Portfolio Val: 100,000.00Progress ||  56.71%  [Elapsed: 0:00:00 ETA: 0:00:00] Portfolio Val: 100,000.00Progress ||  56.86%  [Elapsed: 0:00:00 ETA: 0:00:00] Portfolio Val: 100,000.00Progress ||  57.01%  [Elapsed: 0:00:00 ETA: 0:00:00] Portfolio Val: 100,000.00Progress ||  57.05%  [Elapsed: 0:00:00 ETA: 0:00:00] Portfolio Val: 100,000.00Progress ||  57.16%  [Elapsed: 0:00:00 ETA: 0:00:00] Portfolio Val: 100,000.00Progress ||  57.20%  [Elapsed: 0:00:00 ETA: 0:00:00] Portfolio Val: 100,000.00Progress ||  57.31%  [Elapsed: 0:00:00 ETA: 0:00:00] Portfolio Val: 100,000.00Progress ||  57.35%  [Elapsed: 0:00:00 ETA: 0:00:00] Portfolio Val: 100,000.00Progress ||  57.46%  [Elapsed: 0:00:00 ETA: 0:00:00] Portfolio Val: 100,000.00Progress ||  57.50%  [Elapsed: 0:00:00 ETA: 0:00:00] Portfolio Val: 100,000.00Progress ||  57.61%  [Elapsed: 0:00:00 ETA: 0:00:00] Portfolio Val: 100,000.00Progress ||  57.65%  [Elapsed: 0:00:00 ETA: 0:00:00] Portfolio Val: 100,000.00Progress ||  57.76%  [Elapsed: 0:00:00 ETA: 0:00:00] Portfolio Val: 100,000.00Progress ||  57.91%  [Elapsed: 0:00:00 ETA: 0:00:00] Portfolio Val: 100,000.00Progress ||  58.06%  [Elapsed: 0:00:00 ETA: 0:00:00] Portfolio Val: 100,000.00Progress ||  58.10%  [Elapsed: 0:00:00 ETA: 0:00:00] Portfolio Val: 100,000.00Progress ||  58.21%  [Elapsed: 0:00:00 ETA: 0:00:00] Portfolio Val: 100,000.00Progress ||  58.25%  [Elapsed: 0:00:00 ETA: 0:00:00] Portfolio Val: 100,000.00Progress ||  58.36%  [Elapsed: 0:00:00 ETA: 0:00:00] Portfolio Val: 100,000.00Progress ||  58.40%  [Elapsed: 0:00:00 ETA: 0:00:00] Portfolio Val: 100,000.00Progress ||  58.50%  [Elapsed: 0:00:00 ETA: 0:00:00] Portfolio Val: 100,000.00Progress ||  58.55%  [Elapsed: 0:00:00 ETA: 0:00:00] Portfolio Val: 100,000.00Progress ||  58.65%  [Elapsed: 0:00:00 ETA: 0:00:00] Portfolio Val: 100,000.00Progress ||  58.69%  [Elapsed: 0:00:00 ETA: 0:00:00] Portfolio Val: 100,000.00Progress ||  58.80%  [Elapsed: 0:00:00 ETA: 0:00:00] Portfolio Val: 100,000.00Progress ||  58.95%  [Elapsed: 0:00:00 ETA: 0:00:00] Portfolio Val: 100,000.00Progress ||  59.10%  [Elapsed: 0:00:00 ETA: 0:00:00] Portfolio Val: 100,000.00Progress ||  59.14%  [Elapsed: 0:00:00 ETA: 0:00:00] Portfolio Val: 100,000.00Progress ||  59.25%  [Elapsed: 0:00:00 ETA: 0:00:00] Portfolio Val: 100,000.00Progress ||  59.29%  [Elapsed: 0:00:00 ETA: 0:00:00] Portfolio Val: 100,000.00Progress ||  59.40%  [Elapsed: 0:00:00 ETA: 0:00:00] Portfolio Val: 100,000.00Progress ||  59.44%  [Elapsed: 0:00:00 ETA: 0:00:00] Portfolio Val: 100,000.00Progress ||  59.55%  [Elapsed: 0:00:00 ETA: 0:00:00] Portfolio Val: 100,000.00Progress ||  59.59%  [Elapsed: 0:00:00 ETA: 0:00:00] Portfolio Val: 100,000.00Progress ||  59.70%  [Elapsed: 0:00:00 ETA: 0:00:00] Portfolio Val: 100,000.00Progress ||  59.74%  [Elapsed: 0:00:00 ETA: 0:00:00] Portfolio Val: 100,000.00Progress ||  59.85%  [Elapsed: 0:00:00 ETA: 0:00:00] Portfolio Val: 100,000.00Progress ||  60.00%  [Elapsed: 0:00:00 ETA: 0:00:00] Portfolio Val: 100,000.00Progress ||  60.15%  [Elapsed: 0:00:00 ETA: 0:00:00] Portfolio Val: 100,000.00Progress ||  60.19%  [Elapsed: 0:00:00 ETA: 0:00:00] Portfolio Val: 100,000.00Progress ||  60.30%  [Elapsed: 0:00:00 ETA: 0:00:00] Portfolio Val: 100,000.00Progress ||  60.34%  [Elapsed: 0:00:00 ETA: 0:00:00] Portfolio Val: 100,000.00Progress ||  60.45%  [Elapsed: 0:00:00 ETA: 0:00:00] Portfolio Val: 100,000.00Progress ||  60.49%  [Elapsed: 0:00:00 ETA: 0:00:00] Portfolio Val: 100,000.00Progress ||  60.60%  [Elapsed: 0:00:00 ETA: 0:00:00] Portfolio Val: 100,000.00Progress ||  60.64%  [Elapsed: 0:00:00 ETA: 0:00:00] Portfolio Val: 100,000.00Progress ||  60.75%  [Elapsed: 0:00:00 ETA: 0:00:00] Portfolio Val: 100,000.00Progress ||  60.79%  [Elapsed: 0:00:00 ETA: 0:00:00] Portfolio Val: 100,000.00Progress ||  60.90%  [Elapsed: 0:00:00 ETA: 0:00:00] Portfolio Val: 100,000.00Progress ||  61.05%  [Elapsed: 0:00:00 ETA: 0:00:00] Portfolio Val: 100,000.00Progress ||  61.20%  [Elapsed: 0:00:00 ETA: 0:00:00] Portfolio Val: 100,000.00Progress ||  61.24%  [Elapsed: 0:00:00 ETA: 0:00:00] Portfolio Val: 100,000.00Progress ||  61.34%  [Elapsed: 0:00:00 ETA: 0:00:00] Portfolio Val: 100,000.00Progress ||  61.39%  [Elapsed: 0:00:00 ETA: 0:00:00] Portfolio Val: 100,000.00Progress ||  61.49%  [Elapsed: 0:00:00 ETA: 0:00:00] Portfolio Val: 100,000.00Progress ||  61.53%  [Elapsed: 0:00:00 ETA: 0:00:00] Portfolio Val: 100,000.00Progress ||  61.64%  [Elapsed: 0:00:00 ETA: 0:00:00] Portfolio Val: 100,000.00Progress ||  61.68%  [Elapsed: 0:00:00 ETA: 0:00:00] Portfolio Val: 100,000.00Progress ||  61.79%  [Elapsed: 0:00:00 ETA: 0:00:00] Portfolio Val: 100,000.00Progress ||  61.83%  [Elapsed: 0:00:00 ETA: 0:00:00] Portfolio Val: 100,000.00Progress ||  61.94%  [Elapsed: 0:00:00 ETA: 0:00:00] Portfolio Val: 100,000.00Progress ||  62.09%  [Elapsed: 0:00:00 ETA: 0:00:00] Portfolio Val: 100,000.00Progress ||  62.24%  [Elapsed: 0:00:00 ETA: 0:00:00] Portfolio Val: 100,000.00Progress ||  62.28%  [Elapsed: 0:00:00 ETA: 0:00:00] Portfolio Val: 100,000.00Progress ||  62.39%  [Elapsed: 0:00:00 ETA: 0:00:00] Portfolio Val: 100,000.00Progress ||  62.43%  [Elapsed: 0:00:00 ETA: 0:00:00] Portfolio Val: 100,000.00Progress ||  62.54%  [Elapsed: 0:00:00 ETA: 0:00:00] Portfolio Val: 100,000.00Progress ||  62.58%  [Elapsed: 0:00:00 ETA: 0:00:00] Portfolio Val: 100,000.00Progress ||  62.69%  [Elapsed: 0:00:00 ETA: 0:00:00] Portfolio Val: 100,000.00Progress ||  62.73%  [Elapsed: 0:00:00 ETA: 0:00:00] Portfolio Val: 100,000.00Progress ||  62.84%  [Elapsed: 0:00:00 ETA: 0:00:00] Portfolio Val: 100,000.00Progress ||  62.88%  [Elapsed: 0:00:00 ETA: 0:00:00] Portfolio Val: 100,000.00Progress ||  62.99%  [Elapsed: 0:00:00 ETA: 0:00:00] Portfolio Val: 100,000.00Progress ||  63.14%  [Elapsed: 0:00:00 ETA: 0:00:00] Portfolio Val: 100,000.00Progress ||  63.29%  [Elapsed: 0:00:00 ETA: 0:00:00] Portfolio Val: 100,000.00Progress ||  63.33%  [Elapsed: 0:00:00 ETA: 0:00:00] Portfolio Val: 100,000.00Progress ||  63.44%  [Elapsed: 0:00:00 ETA: 0:00:00] Portfolio Val: 100,000.00Progress ||  63.48%  [Elapsed: 0:00:00 ETA: 0:00:00] Portfolio Val: 100,000.00Progress ||  63.59%  [Elapsed: 0:00:00 ETA: 0:00:00] Portfolio Val: 100,000.00Progress ||  63.63%  [Elapsed: 0:00:00 ETA: 0:00:00] Portfolio Val: 100,000.00Progress ||  63.74%  [Elapsed: 0:00:00 ETA: 0:00:00] Portfolio Val: 100,000.00Progress ||  63.78%  [Elapsed: 0:00:00 ETA: 0:00:00] Portfolio Val: 100,000.00Progress ||  63.89%  [Elapsed: 0:00:00 ETA: 0:00:00] Portfolio Val: 100,000.00Progress ||  63.93%  [Elapsed: 0:00:00 ETA: 0:00:00] Portfolio Val: 100,000.00Progress ||  64.04%  [Elapsed: 0:00:00 ETA: 0:00:00] Portfolio Val: 100,000.00Progress ||  64.18%  [Elapsed: 0:00:00 ETA: 0:00:00] Portfolio Val: 100,000.00Progress ||  64.33%  [Elapsed: 0:00:00 ETA: 0:00:00] Portfolio Val: 100,000.00Progress ||  64.38%  [Elapsed: 0:00:00 ETA: 0:00:00] Portfolio Val: 100,000.00Progress ||  64.48%  [Elapsed: 0:00:00 ETA: 0:00:00] Portfolio Val: 100,000.00Progress ||  64.53%  [Elapsed: 0:00:00 ETA: 0:00:00] Portfolio Val: 100,000.00Progress ||  64.63%  [Elapsed: 0:00:00 ETA: 0:00:00] Portfolio Val: 100,000.00Progress ||  64.68%  [Elapsed: 0:00:00 ETA: 0:00:00] Portfolio Val: 100,000.00Progress ||  64.78%  [Elapsed: 0:00:00 ETA: 0:00:00] Portfolio Val: 100,000.00Progress ||  64.83%  [Elapsed: 0:00:00 ETA: 0:00:00] Portfolio Val: 100,000.00Progress ||  64.93%  [Elapsed: 0:00:00 ETA: 0:00:00] Portfolio Val: 100,000.00Progress ||  64.98%  [Elapsed: 0:00:00 ETA: 0:00:00] Portfolio Val: 100,000.00Progress ||  65.08%  [Elapsed: 0:00:00 ETA: 0:00:00] Portfolio Val: 100,000.00Progress ||  65.23%  [Elapsed: 0:00:00 ETA: 0:00:00] Portfolio Val: 100,000.00Progress ||  65.38%  [Elapsed: 0:00:00 ETA: 0:00:00] Portfolio Val: 100,000.00Progress ||  65.43%  [Elapsed: 0:00:00 ETA: 0:00:00] Portfolio Val: 100,000.00Progress ||  65.53%  [Elapsed: 0:00:00 ETA: 0:00:00] Portfolio Val: 100,000.00Progress ||  65.58%  [Elapsed: 0:00:00 ETA: 0:00:00] Portfolio Val: 100,000.00Progress ||  65.68%  [Elapsed: 0:00:00 ETA: 0:00:00] Portfolio Val: 100,000.00Progress ||  65.73%  [Elapsed: 0:00:00 ETA: 0:00:00] Portfolio Val: 100,000.00Progress ||  65.83%  [Elapsed: 0:00:00 ETA: 0:00:00] Portfolio Val: 100,000.00Progress ||  65.88%  [Elapsed: 0:00:00 ETA: 0:00:00] Portfolio Val: 100,000.00Progress ||  65.98%  [Elapsed: 0:00:00 ETA: 0:00:00] Portfolio Val: 100,000.00Progress ||  66.03%  [Elapsed: 0:00:00 ETA: 0:00:00] Portfolio Val: 100,000.00Progress ||  66.13%  [Elapsed: 0:00:00 ETA: 0:00:00] Portfolio Val: 100,000.00Progress ||  66.28%  [Elapsed: 0:00:00 ETA: 0:00:00] Portfolio Val: 100,000.00Progress ||  66.43%  [Elapsed: 0:00:00 ETA: 0:00:00] Portfolio Val: 100,000.00Progress ||  66.47%  [Elapsed: 0:00:00 ETA: 0:00:00] Portfolio Val: 100,000.00Progress ||  66.58%  [Elapsed: 0:00:00 ETA: 0:00:00] Portfolio Val: 100,000.00Progress ||  66.62%  [Elapsed: 0:00:00 ETA: 0:00:00] Portfolio Val: 100,000.00Progress ||  66.73%  [Elapsed: 0:00:00 ETA: 0:00:00] Portfolio Val: 100,000.00Progress ||  66.77%  [Elapsed: 0:00:00 ETA: 0:00:00] Portfolio Val: 100,000.00Progress ||  66.88%  [Elapsed: 0:00:00 ETA: 0:00:00] Portfolio Val: 100,000.00Progress ||  66.92%  [Elapsed: 0:00:00 ETA: 0:00:00] Portfolio Val: 100,000.00Progress ||  67.02%  [Elapsed: 0:00:00 ETA: 0:00:00] Portfolio Val: 100,000.00Progress ||  67.07%  [Elapsed: 0:00:00 ETA: 0:00:00] Portfolio Val: 100,000.00Progress ||  67.17%  [Elapsed: 0:00:00 ETA: 0:00:00] Portfolio Val: 100,000.00Progress ||  67.32%  [Elapsed: 0:00:00 ETA: 0:00:00] Portfolio Val: 100,000.00Progress ||  67.47%  [Elapsed: 0:00:00 ETA: 0:00:00] Portfolio Val: 100,000.00Progress ||  67.52%  [Elapsed: 0:00:00 ETA: 0:00:00] Portfolio Val: 100,000.00Progress ||  67.62%  [Elapsed: 0:00:00 ETA: 0:00:00] Portfolio Val: 100,000.00Progress ||  67.67%  [Elapsed: 0:00:00 ETA: 0:00:00] Portfolio Val: 100,000.00Progress ||  67.77%  [Elapsed: 0:00:00 ETA: 0:00:00] Portfolio Val: 100,000.00Progress ||  67.82%  [Elapsed: 0:00:00 ETA: 0:00:00] Portfolio Val: 100,000.00Progress ||  67.92%  [Elapsed: 0:00:00 ETA: 0:00:00] Portfolio Val: 100,000.00Progress ||  68.07%  [Elapsed: 0:00:00 ETA: 0:00:00] Portfolio Val: 100,000.00Progress ||  68.10%  [Elapsed: 0:00:00 ETA: 0:00:00] Portfolio Val: 100,000.00Progress ||  68.22%  [Elapsed: 0:00:00 ETA: 0:00:00] Portfolio Val: 100,000.00Progress ||  68.37%  [Elapsed: 0:00:00 ETA: 0:00:00] Portfolio Val: 100,000.00Progress ||  68.52%  [Elapsed: 0:00:00 ETA: 0:00:00] Portfolio Val: 100,000.00Progress ||  68.57%  [Elapsed: 0:00:00 ETA: 0:00:00] Portfolio Val: 100,000.00Progress ||  68.67%  [Elapsed: 0:00:00 ETA: 0:00:00] Portfolio Val: 100,000.00Progress ||  68.72%  [Elapsed: 0:00:00 ETA: 0:00:00] Portfolio Val: 100,000.00Progress ||  68.82%  [Elapsed: 0:00:00 ETA: 0:00:00] Portfolio Val: 100,000.00Progress ||  68.87%  [Elapsed: 0:00:00 ETA: 0:00:00] Portfolio Val: 100,000.00Progress ||  68.97%  [Elapsed: 0:00:00 ETA: 0:00:00] Portfolio Val: 100,000.00Progress ||  69.01%  [Elapsed: 0:00:00 ETA: 0:00:00] Portfolio Val: 100,000.00Progress ||  69.12%  [Elapsed: 0:00:00 ETA: 0:00:00] Portfolio Val: 100,000.00Progress ||  69.16%  [Elapsed: 0:00:00 ETA: 0:00:00] Portfolio Val: 100,000.00Progress ||  69.27%  [Elapsed: 0:00:00 ETA: 0:00:00] Portfolio Val: 100,000.00Progress ||  69.42%  [Elapsed: 0:00:00 ETA: 0:00:00] Portfolio Val: 100,000.00Progress ||  69.57%  [Elapsed: 0:00:00 ETA: 0:00:00] Portfolio Val: 100,000.00Progress ||  69.61%  [Elapsed: 0:00:00 ETA: 0:00:00] Portfolio Val: 100,000.00Progress ||  69.72%  [Elapsed: 0:00:00 ETA: 0:00:00] Portfolio Val: 100,000.00Progress ||  69.76%  [Elapsed: 0:00:00 ETA: 0:00:00] Portfolio Val: 100,000.00Progress ||  69.86%  [Elapsed: 0:00:00 ETA: 0:00:00] Portfolio Val: 100,000.00Progress ||  69.91%  [Elapsed: 0:00:00 ETA: 0:00:00] Portfolio Val: 100,000.00Progress ||  70.01%  [Elapsed: 0:00:00 ETA: 0:00:00] Portfolio Val: 100,000.00Progress ||  70.06%  [Elapsed: 0:00:00 ETA: 0:00:00] Portfolio Val: 100,000.00Progress ||  70.16%  [Elapsed: 0:00:00 ETA: 0:00:00] Portfolio Val: 100,000.00Progress ||  70.21%  [Elapsed: 0:00:00 ETA: 0:00:00] Portfolio Val: 100,000.00Progress ||  70.31%  [Elapsed: 0:00:00 ETA: 0:00:00] Portfolio Val: 100,000.00Progress ||  70.46%  [Elapsed: 0:00:00 ETA: 0:00:00] Portfolio Val: 100,000.00Progress ||  70.61%  [Elapsed: 0:00:00 ETA: 0:00:00] Portfolio Val: 100,000.00Progress ||  70.66%  [Elapsed: 0:00:00 ETA: 0:00:00] Portfolio Val: 100,000.00Progress ||  70.76%  [Elapsed: 0:00:00 ETA: 0:00:00] Portfolio Val: 100,000.00Progress ||  70.81%  [Elapsed: 0:00:00 ETA: 0:00:00] Portfolio Val: 100,000.00Progress ||  70.91%  [Elapsed: 0:00:00 ETA: 0:00:00] Portfolio Val: 100,000.00Progress ||  70.96%  [Elapsed: 0:00:00 ETA: 0:00:00] Portfolio Val: 100,000.00Progress ||  71.06%  [Elapsed: 0:00:00 ETA: 0:00:00] Portfolio Val: 100,000.00Progress ||  71.11%  [Elapsed: 0:00:00 ETA: 0:00:00] Portfolio Val: 100,000.00Progress ||  71.21%  [Elapsed: 0:00:00 ETA: 0:00:00] Portfolio Val: 100,000.00Progress ||  71.26%  [Elapsed: 0:00:00 ETA: 0:00:00] Portfolio Val: 100,000.00Progress ||  71.36%  [Elapsed: 0:00:00 ETA: 0:00:00] Portfolio Val: 100,000.00Progress ||  71.51%  [Elapsed: 0:00:00 ETA: 0:00:00] Portfolio Val: 100,000.00Progress ||  71.66%  [Elapsed: 0:00:00 ETA: 0:00:00] Portfolio Val: 100,000.00Progress ||  71.71%  [Elapsed: 0:00:00 ETA: 0:00:00] Portfolio Val: 100,000.00Progress ||  71.81%  [Elapsed: 0:00:00 ETA: 0:00:00] Portfolio Val: 100,000.00Progress ||  71.84%  [Elapsed: 0:00:00 ETA: 0:00:00] Portfolio Val: 100,000.00Progress ||  71.96%  [Elapsed: 0:00:00 ETA: 0:00:00] Portfolio Val: 100,000.00Progress ||  72.11%  [Elapsed: 0:00:00 ETA: 0:00:00] Portfolio Val: 100,000.00Progress ||  72.15%  [Elapsed: 0:00:00 ETA: 0:00:00] Portfolio Val: 100,000.00Progress ||  72.26%  [Elapsed: 0:00:00 ETA: 0:00:00] Portfolio Val: 100,000.00Progress ||  72.30%  [Elapsed: 0:00:00 ETA: 0:00:00] Portfolio Val: 100,000.00Progress ||  72.41%  [Elapsed: 0:00:00 ETA: 0:00:00] Portfolio Val: 100,000.00Progress ||  72.56%  [Elapsed: 0:00:00 ETA: 0:00:00] Portfolio Val: 100,000.00Progress ||  72.70%  [Elapsed: 0:00:00 ETA: 0:00:00] Portfolio Val: 100,000.00Progress ||  72.75%  [Elapsed: 0:00:00 ETA: 0:00:00] Portfolio Val: 100,000.00Progress ||  72.85%  [Elapsed: 0:00:00 ETA: 0:00:00] Portfolio Val: 100,000.00Progress ||  72.90%  [Elapsed: 0:00:00 ETA: 0:00:00] Portfolio Val: 100,000.00Progress ||  73.00%  [Elapsed: 0:00:00 ETA: 0:00:00] Portfolio Val: 100,000.00Progress ||  73.15%  [Elapsed: 0:00:00 ETA: 0:00:00] Portfolio Val: 100,000.00Progress ||  73.20%  [Elapsed: 0:00:00 ETA: 0:00:00] Portfolio Val: 100,000.00Progress ||  73.30%  [Elapsed: 0:00:00 ETA: 0:00:00] Portfolio Val: 100,000.00Progress ||  73.35%  [Elapsed: 0:00:00 ETA: 0:00:00] Portfolio Val: 100,000.00Progress ||  73.45%  [Elapsed: 0:00:00 ETA: 0:00:00] Portfolio Val: 100,000.00Progress ||  73.60%  [Elapsed: 0:00:00 ETA: 0:00:00] Portfolio Val: 100,000.00Progress ||  73.75%  [Elapsed: 0:00:00 ETA: 0:00:00] Portfolio Val: 100,000.00Progress ||  73.80%  [Elapsed: 0:00:00 ETA: 0:00:00] Portfolio Val: 100,000.00Progress ||  73.90%  [Elapsed: 0:00:00 ETA: 0:00:00] Portfolio Val: 100,000.00Progress ||  73.95%  [Elapsed: 0:00:00 ETA: 0:00:00] Portfolio Val: 100,000.00Progress ||  74.05%  [Elapsed: 0:00:00 ETA: 0:00:00] Portfolio Val: 100,000.00Progress ||  74.10%  [Elapsed: 0:00:00 ETA: 0:00:00] Portfolio Val: 100,000.00Progress ||  74.20%  [Elapsed: 0:00:00 ETA: 0:00:00] Portfolio Val: 100,000.00Progress ||  74.35%  [Elapsed: 0:00:00 ETA: 0:00:00] Portfolio Val: 100,000.00Progress ||  74.40%  [Elapsed: 0:00:00 ETA: 0:00:00] Portfolio Val: 100,000.00Progress ||  74.50%  [Elapsed: 0:00:00 ETA: 0:00:00] Portfolio Val: 100,000.00Progress ||  74.65%  [Elapsed: 0:00:00 ETA: 0:00:00] Portfolio Val: 100,000.00Progress ||  74.80%  [Elapsed: 0:00:00 ETA: 0:00:00] Portfolio Val: 100,000.00Progress ||  74.84%  [Elapsed: 0:00:00 ETA: 0:00:00] Portfolio Val: 100,000.00Progress ||  74.95%  [Elapsed: 0:00:00 ETA: 0:00:00] Portfolio Val: 100,000.00Progress ||  74.99%  [Elapsed: 0:00:00 ETA: 0:00:00] Portfolio Val: 100,000.00Progress ||  75.10%  [Elapsed: 0:00:00 ETA: 0:00:00] Portfolio Val: 100,000.00Progress ||  75.14%  [Elapsed: 0:00:00 ETA: 0:00:00] Portfolio Val: 100,000.00Progress ||  75.25%  [Elapsed: 0:00:00 ETA: 0:00:00] Portfolio Val: 100,000.00Progress ||  75.29%  [Elapsed: 0:00:00 ETA: 0:00:00] Portfolio Val: 100,000.00Progress ||  75.40%  [Elapsed: 0:00:00 ETA: 0:00:00] Portfolio Val: 100,000.00Progress ||  75.44%  [Elapsed: 0:00:00 ETA: 0:00:00] Portfolio Val: 100,000.00Progress ||  75.55%  [Elapsed: 0:00:00 ETA: 0:00:00] Portfolio Val: 100,000.00Progress ||  75.69%  [Elapsed: 0:00:00 ETA: 0:00:00] Portfolio Val: 100,000.00Progress ||  75.84%  [Elapsed: 0:00:00 ETA: 0:00:00] Portfolio Val: 100,000.00Progress ||  75.99%  [Elapsed: 0:00:00 ETA: 0:00:00] Portfolio Val: 100,000.00Progress ||  76.04%  [Elapsed: 0:00:00 ETA: 0:00:00] Portfolio Val: 100,000.00Progress ||  76.14%  [Elapsed: 0:00:00 ETA: 0:00:00] Portfolio Val: 100,000.00Progress ||  76.19%  [Elapsed: 0:00:00 ETA: 0:00:00] Portfolio Val: 100,000.00Progress ||  76.29%  [Elapsed: 0:00:00 ETA: 0:00:00] Portfolio Val: 100,000.00Progress ||  76.34%  [Elapsed: 0:00:00 ETA: 0:00:00] Portfolio Val: 100,000.00Progress ||  76.44%  [Elapsed: 0:00:00 ETA: 0:00:00] Portfolio Val: 100,000.00Progress ||  76.49%  [Elapsed: 0:00:00 ETA: 0:00:00] Portfolio Val: 100,000.00Progress ||  76.59%  [Elapsed: 0:00:00 ETA: 0:00:00] Portfolio Val: 100,000.00Progress ||  76.74%  [Elapsed: 0:00:00 ETA: 0:00:00] Portfolio Val: 100,000.00Progress ||  76.89%  [Elapsed: 0:00:00 ETA: 0:00:00] Portfolio Val: 100,000.00Progress ||  76.94%  [Elapsed: 0:00:00 ETA: 0:00:00] Portfolio Val: 100,000.00Progress ||  77.04%  [Elapsed: 0:00:00 ETA: 0:00:00] Portfolio Val: 100,000.00Progress ||  77.09%  [Elapsed: 0:00:00 ETA: 0:00:00] Portfolio Val: 100,000.00Progress ||  77.19%  [Elapsed: 0:00:00 ETA: 0:00:00] Portfolio Val: 100,000.00Progress ||  77.24%  [Elapsed: 0:00:00 ETA: 0:00:00] Portfolio Val: 100,000.00Progress ||  77.34%  [Elapsed: 0:00:00 ETA: 0:00:00] Portfolio Val: 100,000.00Progress ||  77.39%  [Elapsed: 0:00:00 ETA: 0:00:00] Portfolio Val: 100,000.00Progress ||  77.49%  [Elapsed: 0:00:00 ETA: 0:00:00] Portfolio Val: 100,000.00Progress ||  77.53%  [Elapsed: 0:00:00 ETA: 0:00:00] Portfolio Val: 100,000.00Progress ||  77.64%  [Elapsed: 0:00:00 ETA: 0:00:00] Portfolio Val: 100,000.00Progress ||  77.79%  [Elapsed: 0:00:00 ETA: 0:00:00] Portfolio Val: 100,000.00Progress ||  77.94%  [Elapsed: 0:00:00 ETA: 0:00:00] Portfolio Val: 100,000.00Progress ||  77.98%  [Elapsed: 0:00:00 ETA: 0:00:00] Portfolio Val: 100,000.00Progress ||  78.09%  [Elapsed: 0:00:00 ETA: 0:00:00] Portfolio Val: 100,000.00Progress ||  78.13%  [Elapsed: 0:00:00 ETA: 0:00:00] Portfolio Val: 100,000.00Progress ||  78.24%  [Elapsed: 0:00:00 ETA: 0:00:00] Portfolio Val: 100,000.00Progress ||  78.28%  [Elapsed: 0:00:00 ETA: 0:00:00] Portfolio Val: 100,000.00Progress ||  78.39%  [Elapsed: 0:00:00 ETA: 0:00:00] Portfolio Val: 100,000.00Progress ||  78.43%  [Elapsed: 0:00:00 ETA: 0:00:00] Portfolio Val: 100,000.00Progress ||  78.53%  [Elapsed: 0:00:00 ETA: 0:00:00] Portfolio Val: 100,000.00Progress ||  78.58%  [Elapsed: 0:00:00 ETA: 0:00:00] Portfolio Val: 100,000.00Progress ||  78.68%  [Elapsed: 0:00:00 ETA: 0:00:00] Portfolio Val: 100,000.00Progress ||  78.83%  [Elapsed: 0:00:00 ETA: 0:00:00] Portfolio Val: 100,000.00Progress ||  78.98%  [Elapsed: 0:00:00 ETA: 0:00:00] Portfolio Val: 100,000.00Progress ||  79.03%  [Elapsed: 0:00:00 ETA: 0:00:00] Portfolio Val: 100,000.00Progress ||  79.13%  [Elapsed: 0:00:00 ETA: 0:00:00] Portfolio Val: 100,000.00Progress ||  79.18%  [Elapsed: 0:00:00 ETA: 0:00:00] Portfolio Val: 100,000.00Progress ||  79.28%  [Elapsed: 0:00:00 ETA: 0:00:00] Portfolio Val: 100,000.00Progress ||  79.33%  [Elapsed: 0:00:00 ETA: 0:00:00] Portfolio Val: 100,000.00Progress ||  79.43%  [Elapsed: 0:00:00 ETA: 0:00:00] Portfolio Val: 100,000.00Progress ||  79.48%  [Elapsed: 0:00:00 ETA: 0:00:00] Portfolio Val: 100,000.00Progress ||  79.58%  [Elapsed: 0:00:00 ETA: 0:00:00] Portfolio Val: 100,000.00Progress ||  79.63%  [Elapsed: 0:00:00 ETA: 0:00:00] Portfolio Val: 100,000.00Progress ||  79.73%  [Elapsed: 0:00:00 ETA: 0:00:00] Portfolio Val: 100,000.00Progress ||  79.88%  [Elapsed: 0:00:00 ETA: 0:00:00] Portfolio Val: 100,000.00Progress ||  80.03%  [Elapsed: 0:00:00 ETA: 0:00:00] Portfolio Val: 100,000.00Progress ||  80.18%  [Elapsed: 0:00:00 ETA: 0:00:00] Portfolio Val: 100,000.00Progress ||  80.23%  [Elapsed: 0:00:00 ETA: 0:00:00] Portfolio Val: 100,000.00Progress ||  80.33%  [Elapsed: 0:00:00 ETA: 0:00:00] Portfolio Val: 100,000.00Progress ||  80.38%  [Elapsed: 0:00:00 ETA: 0:00:00] Portfolio Val: 100,000.00Progress ||  80.48%  [Elapsed: 0:00:00 ETA: 0:00:00] Portfolio Val: 100,000.00Progress ||  80.52%  [Elapsed: 0:00:00 ETA: 0:00:00] Portfolio Val: 100,000.00Progress ||  80.63%  [Elapsed: 0:00:00 ETA: 0:00:00] Portfolio Val: 100,000.00Progress ||  80.67%  [Elapsed: 0:00:00 ETA: 0:00:00] Portfolio Val: 100,000.00Progress ||  80.78%  [Elapsed: 0:00:00 ETA: 0:00:00] Portfolio Val: 100,000.00Progress ||  80.93%  [Elapsed: 0:00:00 ETA: 0:00:00] Portfolio Val: 100,000.00Progress ||  81.08%  [Elapsed: 0:00:00 ETA: 0:00:00] Portfolio Val: 100,000.00Progress ||  81.12%  [Elapsed: 0:00:00 ETA: 0:00:00] Portfolio Val: 100,000.00Progress ||  81.23%  [Elapsed: 0:00:00 ETA: 0:00:00] Portfolio Val: 100,000.00Progress ||  81.27%  [Elapsed: 0:00:00 ETA: 0:00:00] Portfolio Val: 100,000.00Progress ||  81.37%  [Elapsed: 0:00:00 ETA: 0:00:00] Portfolio Val: 100,000.00Progress ||  81.42%  [Elapsed: 0:00:00 ETA: 0:00:00] Portfolio Val: 100,000.00Progress ||  81.52%  [Elapsed: 0:00:00 ETA: 0:00:00] Portfolio Val: 100,000.00Progress ||  81.57%  [Elapsed: 0:00:00 ETA: 0:00:00] Portfolio Val: 100,000.00Progress ||  81.67%  [Elapsed: 0:00:00 ETA: 0:00:00] Portfolio Val: 100,000.00Progress ||  81.72%  [Elapsed: 0:00:00 ETA: 0:00:00] Portfolio Val: 100,000.00Progress ||  81.82%  [Elapsed: 0:00:00 ETA: 0:00:00] Portfolio Val: 100,000.00Progress ||  81.97%  [Elapsed: 0:00:00 ETA: 0:00:00] Portfolio Val: 100,000.00Progress ||  82.12%  [Elapsed: 0:00:00 ETA: 0:00:00] Portfolio Val: 100,000.00Progress ||  82.17%  [Elapsed: 0:00:00 ETA: 0:00:00] Portfolio Val: 100,000.00Progress ||  82.27%  [Elapsed: 0:00:00 ETA: 0:00:00] Portfolio Val: 100,000.00Progress ||  82.32%  [Elapsed: 0:00:00 ETA: 0:00:00] Portfolio Val: 100,000.00Progress ||  82.42%  [Elapsed: 0:00:00 ETA: 0:00:00] Portfolio Val: 100,000.00Progress ||  82.47%  [Elapsed: 0:00:00 ETA: 0:00:00] Portfolio Val: 100,000.00Progress ||  82.57%  [Elapsed: 0:00:00 ETA: 0:00:00] Portfolio Val: 100,000.00Progress ||  82.62%  [Elapsed: 0:00:00 ETA: 0:00:00] Portfolio Val: 100,000.00Progress ||  82.72%  [Elapsed: 0:00:00 ETA: 0:00:00] Portfolio Val: 100,000.00Progress ||  82.77%  [Elapsed: 0:00:00 ETA: 0:00:00] Portfolio Val: 100,000.00Progress ||  82.87%  [Elapsed: 0:00:00 ETA: 0:00:00] Portfolio Val: 100,000.00Progress ||  83.02%  [Elapsed: 0:00:00 ETA: 0:00:00] Portfolio Val: 100,000.00Progress ||  83.17%  [Elapsed: 0:00:00 ETA: 0:00:00] Portfolio Val: 100,000.00Progress ||  83.21%  [Elapsed: 0:00:00 ETA: 0:00:00] Portfolio Val: 100,000.00Progress ||  83.32%  [Elapsed: 0:00:00 ETA: 0:00:00] Portfolio Val: 100,000.00Progress ||  83.36%  [Elapsed: 0:00:00 ETA: 0:00:00] Portfolio Val: 100,000.00Progress ||  83.47%  [Elapsed: 0:00:00 ETA: 0:00:00] Portfolio Val: 100,000.00Progress ||  83.51%  [Elapsed: 0:00:00 ETA: 0:00:00] Portfolio Val: 100,000.00Progress ||  83.62%  [Elapsed: 0:00:00 ETA: 0:00:00] Portfolio Val: 100,000.00Progress ||  83.66%  [Elapsed: 0:00:00 ETA: 0:00:00] Portfolio Val: 100,000.00Progress ||  83.77%  [Elapsed: 0:00:00 ETA: 0:00:00] Portfolio Val: 100,000.00Progress ||  83.81%  [Elapsed: 0:00:00 ETA: 0:00:00] Portfolio Val: 100,000.00Progress ||  83.92%  [Elapsed: 0:00:00 ETA: 0:00:00] Portfolio Val: 100,000.00Progress ||  84.07%  [Elapsed: 0:00:00 ETA: 0:00:00] Portfolio Val: 100,000.00Progress ||  84.21%  [Elapsed: 0:00:00 ETA: 0:00:00] Portfolio Val: 100,000.00Progress ||  84.26%  [Elapsed: 0:00:00 ETA: 0:00:00] Portfolio Val: 100,000.00Progress ||  84.36%  [Elapsed: 0:00:00 ETA: 0:00:00] Portfolio Val: 100,000.00Progress ||  84.40%  [Elapsed: 0:00:00 ETA: 0:00:00] Portfolio Val: 100,000.00Progress ||  84.51%  [Elapsed: 0:00:00 ETA: 0:00:00] Portfolio Val: 100,000.00Progress ||  84.55%  [Elapsed: 0:00:00 ETA: 0:00:00] Portfolio Val: 100,000.00Progress ||  84.66%  [Elapsed: 0:00:00 ETA: 0:00:00] Portfolio Val: 100,000.00Progress ||  84.70%  [Elapsed: 0:00:00 ETA: 0:00:00] Portfolio Val: 100,000.00Progress ||  84.81%  [Elapsed: 0:00:00 ETA: 0:00:00] Portfolio Val: 100,000.00Progress ||  84.85%  [Elapsed: 0:00:00 ETA: 0:00:00] Portfolio Val: 100,000.00Progress ||  84.96%  [Elapsed: 0:00:00 ETA: 0:00:00] Portfolio Val: 100,000.00Progress ||  85.11%  [Elapsed: 0:00:00 ETA: 0:00:00] Portfolio Val: 100,000.00Progress ||  85.26%  [Elapsed: 0:00:00 ETA: 0:00:00] Portfolio Val: 100,000.00Progress ||  85.30%  [Elapsed: 0:00:00 ETA: 0:00:00] Portfolio Val: 100,000.00Progress ||  85.41%  [Elapsed: 0:00:00 ETA: 0:00:00] Portfolio Val: 100,000.00Progress ||  85.45%  [Elapsed: 0:00:00 ETA: 0:00:00] Portfolio Val: 100,000.00Progress ||  85.56%  [Elapsed: 0:00:00 ETA: 0:00:00] Portfolio Val: 100,000.00Progress ||  85.60%  [Elapsed: 0:00:00 ETA: 0:00:00] Portfolio Val: 100,000.00Progress ||  85.71%  [Elapsed: 0:00:00 ETA: 0:00:00] Portfolio Val: 100,000.00Progress ||  85.75%  [Elapsed: 0:00:00 ETA: 0:00:00] Portfolio Val: 100,000.00Progress ||  85.86%  [Elapsed: 0:00:00 ETA: 0:00:00] Portfolio Val: 100,000.00Progress ||  85.90%  [Elapsed: 0:00:00 ETA: 0:00:00] Portfolio Val: 100,000.00Progress ||  86.01%  [Elapsed: 0:00:00 ETA: 0:00:00] Portfolio Val: 100,000.00Progress ||  86.16%  [Elapsed: 0:00:00 ETA: 0:00:00] Portfolio Val: 100,000.00Progress ||  86.31%  [Elapsed: 0:00:00 ETA: 0:00:00] Portfolio Val: 100,000.00Progress ||  86.35%  [Elapsed: 0:00:00 ETA: 0:00:00] Portfolio Val: 100,000.00Progress ||  86.46%  [Elapsed: 0:00:00 ETA: 0:00:00] Portfolio Val: 100,000.00Progress ||  86.50%  [Elapsed: 0:00:00 ETA: 0:00:00] Portfolio Val: 100,000.00Progress ||  86.61%  [Elapsed: 0:00:00 ETA: 0:00:00] Portfolio Val: 100,000.00Progress ||  86.65%  [Elapsed: 0:00:00 ETA: 0:00:00] Portfolio Val: 100,000.00Progress ||  86.76%  [Elapsed: 0:00:00 ETA: 0:00:00] Portfolio Val: 100,000.00Progress ||  86.80%  [Elapsed: 0:00:00 ETA: 0:00:00] Portfolio Val: 100,000.00Progress ||  86.91%  [Elapsed: 0:00:00 ETA: 0:00:00] Portfolio Val: 100,000.00Progress ||  86.95%  [Elapsed: 0:00:00 ETA: 0:00:00] Portfolio Val: 100,000.00Progress ||  87.05%  [Elapsed: 0:00:00 ETA: 0:00:00] Portfolio Val: 100,000.00Progress ||  87.20%  [Elapsed: 0:00:00 ETA: 0:00:00] Portfolio Val: 100,000.00Progress ||  87.35%  [Elapsed: 0:00:00 ETA: 0:00:00] Portfolio Val: 100,000.00Progress ||  87.39%  [Elapsed: 0:00:00 ETA: 0:00:00] Portfolio Val: 100,000.00Progress ||  87.50%  [Elapsed: 0:00:00 ETA: 0:00:00] Portfolio Val: 100,000.00Progress ||  87.54%  [Elapsed: 0:00:00 ETA: 0:00:00] Portfolio Val: 100,000.00Progress ||  87.65%  [Elapsed: 0:00:00 ETA: 0:00:00] Portfolio Val: 100,000.00Progress ||  87.69%  [Elapsed: 0:00:00 ETA: 0:00:00] Portfolio Val: 100,000.00Progress ||  87.80%  [Elapsed: 0:00:00 ETA: 0:00:00] Portfolio Val: 100,000.00Progress ||  87.84%  [Elapsed: 0:00:00 ETA: 0:00:00] Portfolio Val: 100,000.00Progress ||  87.95%  [Elapsed: 0:00:00 ETA: 0:00:00] Portfolio Val: 100,000.00Progress ||  87.99%  [Elapsed: 0:00:00 ETA: 0:00:00] Portfolio Val: 100,000.00Progress ||  88.10%  [Elapsed: 0:00:00 ETA: 0:00:00] Portfolio Val: 100,000.00Progress ||  88.25%  [Elapsed: 0:00:00 ETA: 0:00:00] Portfolio Val: 100,000.00Progress ||  88.40%  [Elapsed: 0:00:00 ETA: 0:00:00] Portfolio Val: 100,000.00Progress ||  88.44%  [Elapsed: 0:00:00 ETA: 0:00:00] Portfolio Val: 100,000.00Progress ||  88.55%  [Elapsed: 0:00:00 ETA: 0:00:00] Portfolio Val: 100,000.00Progress ||  88.59%  [Elapsed: 0:00:00 ETA: 0:00:00] Portfolio Val: 100,000.00Progress ||  88.70%  [Elapsed: 0:00:00 ETA: 0:00:00] Portfolio Val: 100,000.00Progress ||  88.74%  [Elapsed: 0:00:00 ETA: 0:00:00] Portfolio Val: 100,000.00Progress ||  88.85%  [Elapsed: 0:00:00 ETA: 0:00:00] Portfolio Val: 100,000.00Progress ||  88.89%  [Elapsed: 0:00:00 ETA: 0:00:00] Portfolio Val: 100,000.00Progress ||  89.00%  [Elapsed: 0:00:00 ETA: 0:00:00] Portfolio Val: 100,000.00Progress ||  89.15%  [Elapsed: 0:00:00 ETA: 0:00:00] Portfolio Val: 100,000.00Progress ||  89.30%  [Elapsed: 0:00:00 ETA: 0:00:00] Portfolio Val: 100,000.00Progress ||  89.45%  [Elapsed: 0:00:00 ETA: 0:00:00] Portfolio Val: 100,000.00Progress ||  89.49%  [Elapsed: 0:00:00 ETA: 0:00:00] Portfolio Val: 100,000.00Progress ||  89.60%  [Elapsed: 0:00:00 ETA: 0:00:00] Portfolio Val: 100,000.00Progress ||  89.64%  [Elapsed: 0:00:00 ETA: 0:00:00] Portfolio Val: 100,000.00Progress ||  89.75%  [Elapsed: 0:00:00 ETA: 0:00:00] Portfolio Val: 100,000.00Progress ||  89.79%  [Elapsed: 0:00:00 ETA: 0:00:00] Portfolio Val: 100,000.00Progress ||  89.89%  [Elapsed: 0:00:00 ETA: 0:00:00] Portfolio Val: 100,000.00Progress ||  89.94%  [Elapsed: 0:00:00 ETA: 0:00:00] Portfolio Val: 100,000.00Progress ||  90.04%  [Elapsed: 0:00:00 ETA: 0:00:00] Portfolio Val: 100,000.00Progress ||  90.08%  [Elapsed: 0:00:00 ETA: 0:00:00] Portfolio Val: 100,000.00Progress ||  90.19%  [Elapsed: 0:00:00 ETA: 0:00:00] Portfolio Val: 100,000.00Progress ||  90.34%  [Elapsed: 0:00:00 ETA: 0:00:00] Portfolio Val: 100,000.00Progress ||  90.49%  [Elapsed: 0:00:00 ETA: 0:00:00] Portfolio Val: 100,000.00Progress ||  90.53%  [Elapsed: 0:00:00 ETA: 0:00:00] Portfolio Val: 100,000.00Progress ||  90.64%  [Elapsed: 0:00:00 ETA: 0:00:00] Portfolio Val: 100,000.00Progress ||  90.68%  [Elapsed: 0:00:00 ETA: 0:00:00] Portfolio Val: 100,000.00Progress ||  90.79%  [Elapsed: 0:00:00 ETA: 0:00:00] Portfolio Val: 100,000.00Progress ||  90.83%  [Elapsed: 0:00:00 ETA: 0:00:00] Portfolio Val: 100,000.00Progress ||  90.94%  [Elapsed: 0:00:00 ETA: 0:00:00] Portfolio Val: 100,000.00Progress ||  90.98%  [Elapsed: 0:00:00 ETA: 0:00:00] Portfolio Val: 100,000.00Progress ||  91.09%  [Elapsed: 0:00:00 ETA: 0:00:00] Portfolio Val: 100,000.00Progress ||  91.13%  [Elapsed: 0:00:00 ETA: 0:00:00] Portfolio Val: 100,000.00Progress ||  91.24%  [Elapsed: 0:00:00 ETA: 0:00:00] Portfolio Val: 100,000.00Progress ||  91.39%  [Elapsed: 0:00:00 ETA: 0:00:00] Portfolio Val: 100,000.00Progress ||  91.54%  [Elapsed: 0:00:00 ETA: 0:00:00] Portfolio Val: 100,000.00Progress ||  91.58%  [Elapsed: 0:00:00 ETA: 0:00:00] Portfolio Val: 100,000.00Progress ||  91.69%  [Elapsed: 0:00:00 ETA: 0:00:00] Portfolio Val: 100,000.00Progress ||  91.73%  [Elapsed: 0:00:00 ETA: 0:00:00] Portfolio Val: 100,000.00Progress ||  91.84%  [Elapsed: 0:00:00 ETA: 0:00:00] Portfolio Val: 100,000.00Progress ||  91.88%  [Elapsed: 0:00:00 ETA: 0:00:00] Portfolio Val: 100,000.00Progress ||  91.99%  [Elapsed: 0:00:00 ETA: 0:00:00] Portfolio Val: 100,000.00Progress ||  92.03%  [Elapsed: 0:00:00 ETA: 0:00:00] Portfolio Val: 100,000.00Progress ||  92.14%  [Elapsed: 0:00:00 ETA: 0:00:00] Portfolio Val: 100,000.00Progress ||  92.18%  [Elapsed: 0:00:00 ETA: 0:00:00] Portfolio Val: 100,000.00Progress ||  92.29%  [Elapsed: 0:00:00 ETA: 0:00:00] Portfolio Val: 100,000.00Progress ||  92.44%  [Elapsed: 0:00:00 ETA: 0:00:00] Portfolio Val: 100,000.00Progress ||  92.59%  [Elapsed: 0:00:00 ETA: 0:00:00] Portfolio Val: 100,000.00Progress ||  92.63%  [Elapsed: 0:00:00 ETA: 0:00:00] Portfolio Val: 100,000.00Progress ||  92.73%  [Elapsed: 0:00:00 ETA: 0:00:00] Portfolio Val: 100,000.00Progress ||  92.78%  [Elapsed: 0:00:00 ETA: 0:00:00] Portfolio Val: 100,000.00Progress ||  92.88%  [Elapsed: 0:00:00 ETA: 0:00:00] Portfolio Val: 100,000.00Progress ||  92.92%  [Elapsed: 0:00:00 ETA: 0:00:00] Portfolio Val: 100,000.00Progress ||  93.03%  [Elapsed: 0:00:00 ETA: 0:00:00] Portfolio Val: 100,000.00Progress ||  93.07%  [Elapsed: 0:00:00 ETA: 0:00:00] Portfolio Val: 100,000.00Progress ||  93.18%  [Elapsed: 0:00:00 ETA: 0:00:00] Portfolio Val: 100,000.00Progress ||  93.22%  [Elapsed: 0:00:00 ETA: 0:00:00] Portfolio Val: 100,000.00Progress ||  93.33%  [Elapsed: 0:00:00 ETA: 0:00:00] Portfolio Val: 100,000.00Progress ||  93.48%  [Elapsed: 0:00:00 ETA: 0:00:00] Portfolio Val: 100,000.00Progress ||  93.63%  [Elapsed: 0:00:00 ETA: 0:00:00] Portfolio Val: 100,000.00Progress ||  93.67%  [Elapsed: 0:00:00 ETA: 0:00:00] Portfolio Val: 100,000.00Progress ||  93.78%  [Elapsed: 0:00:00 ETA: 0:00:00] Portfolio Val: 100,000.00Progress ||  93.82%  [Elapsed: 0:00:00 ETA: 0:00:00] Portfolio Val: 100,000.00Progress ||  93.93%  [Elapsed: 0:00:00 ETA: 0:00:00] Portfolio Val: 100,000.00Progress ||  93.97%  [Elapsed: 0:00:00 ETA: 0:00:00] Portfolio Val: 100,000.00Progress ||  94.08%  [Elapsed: 0:00:00 ETA: 0:00:00] Portfolio Val: 100,000.00Progress ||  94.12%  [Elapsed: 0:00:00 ETA: 0:00:00] Portfolio Val: 100,000.00Progress ||  94.23%  [Elapsed: 0:00:00 ETA: 0:00:00] Portfolio Val: 100,000.00Progress ||  94.27%  [Elapsed: 0:00:00 ETA: 0:00:00] Portfolio Val: 100,000.00Progress ||  94.38%  [Elapsed: 0:00:00 ETA: 0:00:00] Portfolio Val: 100,000.00Progress ||  94.53%  [Elapsed: 0:00:00 ETA: 0:00:00] Portfolio Val: 100,000.00Progress ||  94.68%  [Elapsed: 0:00:00 ETA: 0:00:00] Portfolio Val: 100,000.00Progress ||  94.83%  [Elapsed: 0:00:00 ETA: 0:00:00] Portfolio Val: 100,000.00Progress ||  94.87%  [Elapsed: 0:00:00 ETA: 0:00:00] Portfolio Val: 100,000.00Progress ||  94.98%  [Elapsed: 0:00:00 ETA: 0:00:00] Portfolio Val: 100,000.00Progress ||  95.02%  [Elapsed: 0:00:00 ETA: 0:00:00] Portfolio Val: 100,000.00Progress ||  95.13%  [Elapsed: 0:00:00 ETA: 0:00:00] Portfolio Val: 100,000.00Progress ||  95.17%  [Elapsed: 0:00:00 ETA: 0:00:00] Portfolio Val: 100,000.00Progress ||  95.28%  [Elapsed: 0:00:00 ETA: 0:00:00] Portfolio Val: 100,000.00Progress ||  95.32%  [Elapsed: 0:00:00 ETA: 0:00:00] Portfolio Val: 100,000.00Progress ||  95.43%  [Elapsed: 0:00:00 ETA: 0:00:00] Portfolio Val: 100,000.00Progress ||  95.57%  [Elapsed: 0:00:00 ETA: 0:00:00] Portfolio Val: 100,000.00Progress ||  95.72%  [Elapsed: 0:00:00 ETA: 0:00:00] Portfolio Val: 100,000.00Progress ||  95.76%  [Elapsed: 0:00:00 ETA: 0:00:00] Portfolio Val: 100,000.00Progress ||  95.87%  [Elapsed: 0:00:00 ETA: 0:00:00] Portfolio Val: 100,000.00Progress ||  95.91%  [Elapsed: 0:00:00 ETA: 0:00:00] Portfolio Val: 100,000.00Progress ||  96.02%  [Elapsed: 0:00:00 ETA: 0:00:00] Portfolio Val: 100,000.00Progress ||  96.06%  [Elapsed: 0:00:00 ETA: 0:00:00] Portfolio Val: 100,000.00Progress ||  96.17%  [Elapsed: 0:00:00 ETA: 0:00:00] Portfolio Val: 100,000.00Progress ||  96.21%  [Elapsed: 0:00:00 ETA: 0:00:00] Portfolio Val: 100,000.00Progress ||  96.32%  [Elapsed: 0:00:00 ETA: 0:00:00] Portfolio Val: 100,000.00Progress ||  96.36%  [Elapsed: 0:00:00 ETA: 0:00:00] Portfolio Val: 100,000.00Progress ||  96.47%  [Elapsed: 0:00:00 ETA: 0:00:00] Portfolio Val: 100,000.00Progress ||  96.62%  [Elapsed: 0:00:00 ETA: 0:00:00] Portfolio Val: 100,000.00Progress ||  96.77%  [Elapsed: 0:00:00 ETA: 0:00:00] Portfolio Val: 100,000.00Progress ||  96.81%  [Elapsed: 0:00:00 ETA: 0:00:00] Portfolio Val: 100,000.00Progress ||  96.92%  [Elapsed: 0:00:00 ETA: 0:00:00] Portfolio Val: 100,000.00Progress ||  96.96%  [Elapsed: 0:00:00 ETA: 0:00:00] Portfolio Val: 100,000.00Progress ||  97.07%  [Elapsed: 0:00:00 ETA: 0:00:00] Portfolio Val: 100,000.00Progress ||  97.11%  [Elapsed: 0:00:00 ETA: 0:00:00] Portfolio Val: 100,000.00Progress ||  97.22%  [Elapsed: 0:00:00 ETA: 0:00:00] Portfolio Val: 100,000.00Progress ||  97.26%  [Elapsed: 0:00:00 ETA: 0:00:00] Portfolio Val: 100,000.00Progress ||  97.37%  [Elapsed: 0:00:00 ETA: 0:00:00] Portfolio Val: 100,000.00Progress ||  97.41%  [Elapsed: 0:00:00 ETA: 0:00:00] Portfolio Val: 100,000.00Progress ||  97.52%  [Elapsed: 0:00:00 ETA: 0:00:00] Portfolio Val: 100,000.00Progress ||  97.67%  [Elapsed: 0:00:00 ETA: 0:00:00] Portfolio Val: 100,000.00Progress ||  97.82%  [Elapsed: 0:00:00 ETA: 0:00:00] Portfolio Val: 100,000.00Progress ||  97.86%  [Elapsed: 0:00:00 ETA: 0:00:00] Portfolio Val: 100,000.00Progress ||  97.97%  [Elapsed: 0:00:00 ETA: 0:00:00] Portfolio Val: 100,000.00Progress ||  98.01%  [Elapsed: 0:00:00 ETA: 0:00:00] Portfolio Val: 100,000.00Progress ||  98.12%  [Elapsed: 0:00:00 ETA: 0:00:00] Portfolio Val: 100,000.00Progress ||  98.16%  [Elapsed: 0:00:00 ETA: 0:00:00] Portfolio Val: 100,000.00Progress ||  98.27%  [Elapsed: 0:00:00 ETA: 0:00:00] Portfolio Val: 100,000.00Progress ||  98.42%  [Elapsed: 0:00:00 ETA: 0:00:00] Portfolio Val: 100,000.00Progress ||  98.46%  [Elapsed: 0:00:00 ETA: 0:00:00] Portfolio Val: 100,000.00Progress ||  98.56%  [Elapsed: 0:00:00 ETA: 0:00:00] Portfolio Val: 100,000.00Progress ||  98.71%  [Elapsed: 0:00:00 ETA: 0:00:00] Portfolio Val: 100,000.00Progress ||  98.86%  [Elapsed: 0:00:00 ETA: 0:00:00] Portfolio Val: 100,000.00Progress ||  98.90%  [Elapsed: 0:00:00 ETA: 0:00:00] Portfolio Val: 100,000.00Progress ||  99.01%  [Elapsed: 0:00:00 ETA: 0:00:00] Portfolio Val: 100,000.00Progress ||  99.05%  [Elapsed: 0:00:00 ETA: 0:00:00] Portfolio Val: 100,000.00Progress ||  99.16%  [Elapsed: 0:00:00 ETA: 0:00:00] Portfolio Val: 100,000.00Progress ||  99.20%  [Elapsed: 0:00:00 ETA: 0:00:00] Portfolio Val: 100,000.00Progress ||  99.31%  [Elapsed: 0:00:00 ETA: 0:00:00] Portfolio Val: 100,000.00Progress ||  99.35%  [Elapsed: 0:00:00 ETA: 0:00:00] Portfolio Val: 100,000.00Progress ||  99.46%  [Elapsed: 0:00:00 ETA: 0:00:00] Portfolio Val: 100,000.00Progress ||  99.50%  [Elapsed: 0:00:00 ETA: 0:00:00] Portfolio Val: 100,000.00Progress ||  99.61%  [Elapsed: 0:00:00 ETA: 0:00:00] Portfolio Val: 100,000.00Progress ||  99.76%  [Elapsed: 0:00:00 ETA: 0:00:00] Portfolio Val: 100,000.00Progress ||  99.91%  [Elapsed: 0:00:00 ETA: 0:00:00] Portfolio Val: 100,000.00Progress ||  99.95%  [Elapsed: 0:00:00 ETA: 0:00:00] Portfolio Val: 100,000.00Progress || 100.00%  [Elapsed: 0:00:00 ETA: 0:00:00] Portfolio Val: 100,000.00Progress || 100.00%  [Elapsed: 0:00:00 ETA: 0:00:00] Progress || 100.00%  [Elapsed: 0:00:00 ETA: 0:00:00] XPASS
tests/backtest/test_example_strategies.py::TestExampleStrategies::test_stock_oco Progress ||   0.05%  [Elapsed: 0:00:00 ETA: 0:15:09] Progress ||   0.06%  [Elapsed: 0:00:00 ETA: 0:16:13] Progress ||   0.10%  [Elapsed: 0:00:00 ETA: 0:09:47] Portfolio Val: 100,000.00Progress ||   0.21%  [Elapsed: 0:00:00 ETA: 0:04:40] Portfolio Val: 100,000.00Progress ||   0.36%  [Elapsed: 0:00:00 ETA: 0:02:43] Portfolio Val: 100,000.00Progress ||   0.51%  [Elapsed: 0:00:00 ETA: 0:01:54] Portfolio Val: 100,000.00Progress ||   0.66%  [Elapsed: 0:00:00 ETA: 0:01:28] Portfolio Val: 100,000.00Progress ||   0.70%  [Elapsed: 0:00:00 ETA: 0:01:23] Portfolio Val: 100,000.00Progress ||   0.81%  [Elapsed: 0:00:00 ETA: 0:01:12] Portfolio Val: 100,000.00Progress ||   0.85%  [Elapsed: 0:00:00 ETA: 0:01:08] Portfolio Val: 100,000.00Progress ||   0.96%  [Elapsed: 0:00:00 ETA: 0:01:00] Portfolio Val: 100,000.00Progress ||   1.00%  [Elapsed: 0:00:00 ETA: 0:00:58] Portfolio Val: 100,000.00Progress ||   1.11%  [Elapsed: 0:00:00 ETA: 0:00:52] Portfolio Val: 100,000.00Progress ||   1.15%  [Elapsed: 0:00:00 ETA: 0:00:50] Portfolio Val: 100,000.00Progress ||   1.25%  [Elapsed: 0:00:00 ETA: 0:00:46] Portfolio Val: 100,000.00Progress ||   1.40%  [Elapsed: 0:00:00 ETA: 0:00:41] Portfolio Val: 100,000.00Progress ||   1.55%  [Elapsed: 0:00:00 ETA: 0:00:37] Portfolio Val: 100,000.00Progress ||   1.59%  [Elapsed: 0:00:00 ETA: 0:00:36] Portfolio Val: 100,000.00Progress ||   1.70%  [Elapsed: 0:00:00 ETA: 0:00:34] Portfolio Val: 100,000.00Progress ||   1.74%  [Elapsed: 0:00:00 ETA: 0:00:33] Portfolio Val: 100,000.00Progress ||   1.85%  [Elapsed: 0:00:00 ETA: 0:00:31] Portfolio Val: 100,000.00Progress ||   1.89%  [Elapsed: 0:00:00 ETA: 0:00:30] Portfolio Val: 100,000.00Progress ||   2.00%  [Elapsed: 0:00:00 ETA: 0:00:28] Portfolio Val: 100,000.00Progress ||   2.04%  [Elapsed: 0:00:00 ETA: 0:00:28] Portfolio Val: 100,000.00Progress ||   2.15%  [Elapsed: 0:00:00 ETA: 0:00:26] Portfolio Val: 100,000.00Progress ||   2.19%  [Elapsed: 0:00:00 ETA: 0:00:26] Portfolio Val: 100,000.00Progress ||   2.30%  [Elapsed: 0:00:00 ETA: 0:00:25] Portfolio Val: 100,000.00Progress ||   2.45%  [Elapsed: 0:00:00 ETA: 0:00:23] Portfolio Val: 100,000.00Progress ||   2.60%  [Elapsed: 0:00:00 ETA: 0:00:22] Portfolio Val: 100,000.00Progress ||   2.64%  [Elapsed: 0:00:00 ETA: 0:00:21] Portfolio Val: 100,000.00Progress ||   2.75%  [Elapsed: 0:00:00 ETA: 0:00:20] Portfolio Val: 100,000.00Progress ||   2.79%  [Elapsed: 0:00:00 ETA: 0:00:20] Portfolio Val: 100,000.00Progress ||   2.90%  [Elapsed: 0:00:00 ETA: 0:00:19] Portfolio Val: 100,000.00Progress ||   2.94%  [Elapsed: 0:00:00 ETA: 0:00:19] Portfolio Val: 100,000.00Progress ||   3.05%  [Elapsed: 0:00:00 ETA: 0:00:18] Portfolio Val: 100,000.00Progress ||   3.09%  [Elapsed: 0:00:00 ETA: 0:00:18] Portfolio Val: 100,000.00Progress ||   3.20%  [Elapsed: 0:00:00 ETA: 0:00:18] Portfolio Val: 100,000.00Progress ||   3.24%  [Elapsed: 0:00:00 ETA: 0:00:17] Portfolio Val: 100,000.00Progress ||   3.35%  [Elapsed: 0:00:00 ETA: 0:00:17] Portfolio Val: 100,000.00Progress ||   3.50%  [Elapsed: 0:00:00 ETA: 0:00:16] Portfolio Val: 100,000.00Progress ||   3.65%  [Elapsed: 0:00:00 ETA: 0:00:15] Portfolio Val: 100,000.00Progress ||   3.69%  [Elapsed: 0:00:00 ETA: 0:00:15] Portfolio Val: 100,000.00Progress ||   3.80%  [Elapsed: 0:00:00 ETA: 0:00:15] Portfolio Val: 100,000.00Progress ||   3.84%  [Elapsed: 0:00:00 ETA: 0:00:14] Portfolio Val: 100,000.00Progress ||   3.95%  [Elapsed: 0:00:00 ETA: 0:00:14] Portfolio Val: 100,000.00Progress ||   3.99%  [Elapsed: 0:00:00 ETA: 0:00:14] Portfolio Val: 100,000.00Progress ||   4.10%  [Elapsed: 0:00:00 ETA: 0:00:14] Portfolio Val: 100,000.00Progress ||   4.14%  [Elapsed: 0:00:00 ETA: 0:00:13] Portfolio Val: 100,000.00Progress ||   4.24%  [Elapsed: 0:00:00 ETA: 0:00:13] Portfolio Val: 100,000.00Progress ||   4.29%  [Elapsed: 0:00:00 ETA: 0:00:13] Portfolio Val: 100,000.00Progress ||   4.39%  [Elapsed: 0:00:00 ETA: 0:00:13] Portfolio Val: 100,000.00Progress ||   4.54%  [Elapsed: 0:00:00 ETA: 0:00:12] Portfolio Val: 100,000.00Progress ||   4.69%  [Elapsed: 0:00:00 ETA: 0:00:12] Portfolio Val: 100,000.00Progress ||   4.73%  [Elapsed: 0:00:00 ETA: 0:00:12] Portfolio Val: 100,000.00Progress ||   4.84%  [Elapsed: 0:00:00 ETA: 0:00:11] Portfolio Val: 100,000.00Progress ||   4.88%  [Elapsed: 0:00:00 ETA: 0:00:11] Portfolio Val: 100,000.00Progress ||   4.99%  [Elapsed: 0:00:00 ETA: 0:00:11] Portfolio Val: 100,000.00Progress ||   5.03%  [Elapsed: 0:00:00 ETA: 0:00:11] Portfolio Val: 100,000.00Progress ||   5.14%  [Elapsed: 0:00:00 ETA: 0:00:11] Portfolio Val: 100,000.00Progress ||   5.18%  [Elapsed: 0:00:00 ETA: 0:00:11] Portfolio Val: 100,000.00Progress ||   5.29%  [Elapsed: 0:00:00 ETA: 0:00:10] Portfolio Val: 100,000.00Progress ||   5.33%  [Elapsed: 0:00:00 ETA: 0:00:10] Portfolio Val: 100,000.00Progress ||   5.44%  [Elapsed: 0:00:00 ETA: 0:00:10] Portfolio Val: 100,000.00Progress ||   5.59%  [Elapsed: 0:00:00 ETA: 0:00:10] Portfolio Val: 100,000.00Progress ||   5.74%  [Elapsed: 0:00:00 ETA: 0:00:09] Portfolio Val: 100,000.00Progress ||   5.78%  [Elapsed: 0:00:00 ETA: 0:00:09] Portfolio Val: 100,000.00Progress ||   5.89%  [Elapsed: 0:00:00 ETA: 0:00:09] Portfolio Val: 100,000.00Progress ||   5.93%  [Elapsed: 0:00:00 ETA: 0:00:09] Portfolio Val: 100,000.00Progress ||   6.04%  [Elapsed: 0:00:00 ETA: 0:00:09] Portfolio Val: 100,000.00Progress ||   6.08%  [Elapsed: 0:00:00 ETA: 0:00:09] Portfolio Val: 100,000.00Progress ||   6.19%  [Elapsed: 0:00:00 ETA: 0:00:09] Portfolio Val: 100,000.00Progress ||   6.23%  [Elapsed: 0:00:00 ETA: 0:00:09] Portfolio Val: 100,000.00Progress ||   6.34%  [Elapsed: 0:00:00 ETA: 0:00:08] Portfolio Val: 100,000.00Progress ||   6.38%  [Elapsed: 0:00:00 ETA: 0:00:08] Portfolio Val: 100,000.00Progress ||   6.49%  [Elapsed: 0:00:00 ETA: 0:00:08] Portfolio Val: 100,000.00Progress ||   6.64%  [Elapsed: 0:00:00 ETA: 0:00:08] Portfolio Val: 100,000.00Progress ||   6.79%  [Elapsed: 0:00:00 ETA: 0:00:08] Portfolio Val: 100,000.00Progress ||   6.83%  [Elapsed: 0:00:00 ETA: 0:00:08] Portfolio Val: 100,000.00Progress ||   6.94%  [Elapsed: 0:00:00 ETA: 0:00:08] Portfolio Val: 100,000.00Progress ||   6.98%  [Elapsed: 0:00:00 ETA: 0:00:08] Portfolio Val: 100,000.00Progress ||   7.08%  [Elapsed: 0:00:00 ETA: 0:00:07] Portfolio Val: 100,000.00Progress ||   7.13%  [Elapsed: 0:00:00 ETA: 0:00:07] Portfolio Val: 100,000.00Progress ||   7.23%  [Elapsed: 0:00:00 ETA: 0:00:07] Portfolio Val: 100,000.00Progress ||   7.27%  [Elapsed: 0:00:00 ETA: 0:00:07] Portfolio Val: 100,000.00Progress ||   7.38%  [Elapsed: 0:00:00 ETA: 0:00:07] Portfolio Val: 100,000.00Progress ||   7.42%  [Elapsed: 0:00:00 ETA: 0:00:07] Portfolio Val: 100,000.00Progress ||   7.53%  [Elapsed: 0:00:00 ETA: 0:00:07] Portfolio Val: 100,000.00Progress ||   7.68%  [Elapsed: 0:00:00 ETA: 0:00:07] Portfolio Val: 100,000.00Progress ||   7.83%  [Elapsed: 0:00:00 ETA: 0:00:07] Portfolio Val: 100,000.00Progress ||   7.87%  [Elapsed: 0:00:00 ETA: 0:00:07] Portfolio Val: 100,000.00Progress ||   7.98%  [Elapsed: 0:00:00 ETA: 0:00:07] Portfolio Val: 100,000.00Progress ||   8.02%  [Elapsed: 0:00:00 ETA: 0:00:06] Portfolio Val: 100,000.00Progress ||   8.13%  [Elapsed: 0:00:00 ETA: 0:00:06] Portfolio Val: 100,000.00Progress ||   8.17%  [Elapsed: 0:00:00 ETA: 0:00:06] Portfolio Val: 100,000.00Progress ||   8.28%  [Elapsed: 0:00:00 ETA: 0:00:06] Portfolio Val: 100,000.00Progress ||   8.32%  [Elapsed: 0:00:00 ETA: 0:00:06] Portfolio Val: 100,000.00Progress ||   8.43%  [Elapsed: 0:00:00 ETA: 0:00:06] Portfolio Val: 100,000.00Progress ||   8.47%  [Elapsed: 0:00:00 ETA: 0:00:06] Portfolio Val: 100,000.00Progress ||   8.58%  [Elapsed: 0:00:00 ETA: 0:00:06] Portfolio Val: 100,000.00Progress ||   8.73%  [Elapsed: 0:00:00 ETA: 0:00:06] Portfolio Val: 100,000.00Progress ||   8.88%  [Elapsed: 0:00:00 ETA: 0:00:06] Portfolio Val: 100,000.00Progress ||   8.92%  [Elapsed: 0:00:00 ETA: 0:00:06] Portfolio Val: 100,000.00Progress ||   9.03%  [Elapsed: 0:00:00 ETA: 0:00:06] Portfolio Val: 100,000.00Progress ||   9.07%  [Elapsed: 0:00:00 ETA: 0:00:06] Portfolio Val: 100,000.00Progress ||   9.18%  [Elapsed: 0:00:00 ETA: 0:00:06] Portfolio Val: 100,000.00Progress ||   9.22%  [Elapsed: 0:00:00 ETA: 0:00:06] Portfolio Val: 100,000.00Progress ||   9.33%  [Elapsed: 0:00:00 ETA: 0:00:05] Portfolio Val: 100,000.00Progress ||   9.37%  [Elapsed: 0:00:00 ETA: 0:00:05] Portfolio Val: 100,000.00Progress ||   9.48%  [Elapsed: 0:00:00 ETA: 0:00:05] Portfolio Val: 100,000.00Progress ||   9.52%  [Elapsed: 0:00:00 ETA: 0:00:05] Portfolio Val: 100,000.00Progress ||   9.63%  [Elapsed: 0:00:00 ETA: 0:00:05] Portfolio Val: 100,000.00Progress ||   9.78%  [Elapsed: 0:00:00 ETA: 0:00:05] Portfolio Val: 100,000.00Progress ||   9.92%  [Elapsed: 0:00:00 ETA: 0:00:05] Portfolio Val: 100,000.00Progress ||   9.97%  [Elapsed: 0:00:00 ETA: 0:00:05] Portfolio Val: 100,000.00Progress ||  10.07%  [Elapsed: 0:00:00 ETA: 0:00:05] Portfolio Val: 100,000.00Progress ||  10.12%  [Elapsed: 0:00:00 ETA: 0:00:05] Portfolio Val: 100,000.00Progress ||  10.22%  [Elapsed: 0:00:00 ETA: 0:00:05] Portfolio Val: 100,000.00Progress ||  10.27%  [Elapsed: 0:00:00 ETA: 0:00:05] Portfolio Val: 100,000.00Progress ||  10.37%  [Elapsed: 0:00:00 ETA: 0:00:05] Portfolio Val: 100,000.00Progress ||  10.42%  [Elapsed: 0:00:00 ETA: 0:00:05] Portfolio Val: 100,000.00Progress ||  10.52%  [Elapsed: 0:00:00 ETA: 0:00:05] Portfolio Val: 100,000.00Progress ||  10.57%  [Elapsed: 0:00:00 ETA: 0:00:05] Portfolio Val: 100,000.00Progress ||  10.67%  [Elapsed: 0:00:00 ETA: 0:00:05] Portfolio Val: 100,000.00Progress ||  10.82%  [Elapsed: 0:00:00 ETA: 0:00:05] Portfolio Val: 100,000.00Progress ||  10.97%  [Elapsed: 0:00:00 ETA: 0:00:04] Portfolio Val: 100,000.00Progress ||  11.02%  [Elapsed: 0:00:00 ETA: 0:00:04] Portfolio Val: 100,000.00Progress ||  11.12%  [Elapsed: 0:00:00 ETA: 0:00:04] Portfolio Val: 100,000.00Progress ||  11.17%  [Elapsed: 0:00:00 ETA: 0:00:04] Portfolio Val: 100,000.00Progress ||  11.27%  [Elapsed: 0:00:00 ETA: 0:00:04] Portfolio Val: 100,000.00Progress ||  11.32%  [Elapsed: 0:00:00 ETA: 0:00:04] Portfolio Val: 100,000.00Progress ||  11.42%  [Elapsed: 0:00:00 ETA: 0:00:04] Portfolio Val: 100,000.00Progress ||  11.47%  [Elapsed: 0:00:00 ETA: 0:00:04] Portfolio Val: 100,000.00Progress ||  11.57%  [Elapsed: 0:00:00 ETA: 0:00:04] Portfolio Val: 100,000.00Progress ||  11.62%  [Elapsed: 0:00:00 ETA: 0:00:04] Portfolio Val: 100,000.00Progress ||  11.72%  [Elapsed: 0:00:00 ETA: 0:00:04] Portfolio Val: 100,000.00Progress ||  11.87%  [Elapsed: 0:00:00 ETA: 0:00:04] Portfolio Val: 100,000.00Progress ||  12.02%  [Elapsed: 0:00:00 ETA: 0:00:04] Portfolio Val: 100,000.00Progress ||  12.06%  [Elapsed: 0:00:00 ETA: 0:00:04] Portfolio Val: 100,000.00Progress ||  12.17%  [Elapsed: 0:00:00 ETA: 0:00:04] Portfolio Val: 100,000.00Progress ||  12.21%  [Elapsed: 0:00:00 ETA: 0:00:04] Portfolio Val: 100,000.00Progress ||  12.32%  [Elapsed: 0:00:00 ETA: 0:00:04] Portfolio Val: 100,000.00Progress ||  12.36%  [Elapsed: 0:00:00 ETA: 0:00:04] Portfolio Val: 100,000.00Progress ||  12.47%  [Elapsed: 0:00:00 ETA: 0:00:04] Portfolio Val: 100,000.00Progress ||  12.62%  [Elapsed: 0:00:00 ETA: 0:00:04] Portfolio Val: 100,000.00Progress ||  12.64%  [Elapsed: 0:00:00 ETA: 0:00:04] Portfolio Val: 100,000.00Progress ||  12.76%  [Elapsed: 0:00:00 ETA: 0:00:04] Portfolio Val: 100,000.00Progress ||  12.91%  [Elapsed: 0:00:00 ETA: 0:00:04] Portfolio Val: 100,000.00Progress ||  13.06%  [Elapsed: 0:00:00 ETA: 0:00:04] Portfolio Val: 100,000.00Progress ||  13.11%  [Elapsed: 0:00:00 ETA: 0:00:04] Portfolio Val: 100,000.00Progress ||  13.21%  [Elapsed: 0:00:00 ETA: 0:00:04] Portfolio Val: 100,000.00Progress ||  13.26%  [Elapsed: 0:00:00 ETA: 0:00:04] Portfolio Val: 100,000.00Progress ||  13.36%  [Elapsed: 0:00:00 ETA: 0:00:03] Portfolio Val: 100,000.00Progress ||  13.41%  [Elapsed: 0:00:00 ETA: 0:00:03] Portfolio Val: 100,000.00Progress ||  13.51%  [Elapsed: 0:00:00 ETA: 0:00:03] Portfolio Val: 100,000.00Progress ||  13.56%  [Elapsed: 0:00:00 ETA: 0:00:03] Portfolio Val: 100,000.00Progress ||  13.66%  [Elapsed: 0:00:00 ETA: 0:00:03] Portfolio Val: 100,000.00Progress ||  13.71%  [Elapsed: 0:00:00 ETA: 0:00:03] Portfolio Val: 100,000.00Progress ||  13.81%  [Elapsed: 0:00:00 ETA: 0:00:03] Portfolio Val: 100,000.00Progress ||  13.96%  [Elapsed: 0:00:00 ETA: 0:00:03] Portfolio Val: 100,000.00Progress ||  14.11%  [Elapsed: 0:00:00 ETA: 0:00:03] Portfolio Val: 100,000.00Progress ||  14.16%  [Elapsed: 0:00:00 ETA: 0:00:03] Portfolio Val: 100,000.00Progress ||  14.26%  [Elapsed: 0:00:00 ETA: 0:00:03] Portfolio Val: 100,000.00Progress ||  14.31%  [Elapsed: 0:00:00 ETA: 0:00:03] Portfolio Val: 100,000.00Progress ||  14.41%  [Elapsed: 0:00:00 ETA: 0:00:03] Portfolio Val: 100,000.00Progress ||  14.46%  [Elapsed: 0:00:00 ETA: 0:00:03] Portfolio Val: 100,000.00Progress ||  14.56%  [Elapsed: 0:00:00 ETA: 0:00:03] Portfolio Val: 100,000.00Progress ||  14.61%  [Elapsed: 0:00:00 ETA: 0:00:03] Portfolio Val: 100,000.00Progress ||  14.71%  [Elapsed: 0:00:00 ETA: 0:00:03] Portfolio Val: 100,000.00Progress ||  14.75%  [Elapsed: 0:00:00 ETA: 0:00:03] Portfolio Val: 100,000.00Progress ||  14.86%  [Elapsed: 0:00:00 ETA: 0:00:03] Portfolio Val: 100,000.00Progress ||  15.01%  [Elapsed: 0:00:00 ETA: 0:00:03] Portfolio Val: 100,000.00Progress ||  15.16%  [Elapsed: 0:00:00 ETA: 0:00:03] Portfolio Val: 100,000.00Progress ||  15.20%  [Elapsed: 0:00:00 ETA: 0:00:03] Portfolio Val: 100,000.00Progress ||  15.31%  [Elapsed: 0:00:00 ETA: 0:00:03] Portfolio Val: 100,000.00Progress ||  15.35%  [Elapsed: 0:00:00 ETA: 0:00:03] Portfolio Val: 100,000.00Progress ||  15.46%  [Elapsed: 0:00:00 ETA: 0:00:03] Portfolio Val: 100,000.00Progress ||  15.50%  [Elapsed: 0:00:00 ETA: 0:00:03] Portfolio Val: 100,000.00Progress ||  15.60%  [Elapsed: 0:00:00 ETA: 0:00:03] Portfolio Val: 100,000.00Progress ||  15.65%  [Elapsed: 0:00:00 ETA: 0:00:03] Portfolio Val: 100,000.00Progress ||  15.75%  [Elapsed: 0:00:00 ETA: 0:00:03] Portfolio Val: 100,000.00Progress ||  15.80%  [Elapsed: 0:00:00 ETA: 0:00:03] Portfolio Val: 100,000.00Progress ||  15.90%  [Elapsed: 0:00:00 ETA: 0:00:03] Portfolio Val: 100,000.00Progress ||  16.05%  [Elapsed: 0:00:00 ETA: 0:00:03] Portfolio Val: 100,000.00Progress ||  16.20%  [Elapsed: 0:00:00 ETA: 0:00:03] Portfolio Val: 100,000.00Progress ||  16.25%  [Elapsed: 0:00:00 ETA: 0:00:03] Portfolio Val: 100,000.00Progress ||  16.35%  [Elapsed: 0:00:00 ETA: 0:00:03] Portfolio Val: 100,000.00Progress ||  16.40%  [Elapsed: 0:00:00 ETA: 0:00:03] Portfolio Val: 100,000.00Progress ||  16.50%  [Elapsed: 0:00:00 ETA: 0:00:03] Portfolio Val: 100,000.00Progress ||  16.55%  [Elapsed: 0:00:00 ETA: 0:00:03] Portfolio Val: 100,000.00Progress ||  16.65%  [Elapsed: 0:00:00 ETA: 0:00:03] Portfolio Val: 100,000.00Progress ||  16.70%  [Elapsed: 0:00:00 ETA: 0:00:03] Portfolio Val: 100,000.00Progress ||  16.80%  [Elapsed: 0:00:00 ETA: 0:00:03] Portfolio Val: 100,000.00Progress ||  16.85%  [Elapsed: 0:00:00 ETA: 0:00:03] Portfolio Val: 100,000.00Progress ||  16.95%  [Elapsed: 0:00:00 ETA: 0:00:03] Portfolio Val: 100,000.00Progress ||  17.10%  [Elapsed: 0:00:00 ETA: 0:00:02] Portfolio Val: 100,000.00Progress ||  17.25%  [Elapsed: 0:00:00 ETA: 0:00:02] Portfolio Val: 100,000.00Progress ||  17.40%  [Elapsed: 0:00:00 ETA: 0:00:02] Portfolio Val: 100,000.00Progress ||  17.45%  [Elapsed: 0:00:00 ETA: 0:00:02] Portfolio Val: 100,000.00Progress ||  17.55%  [Elapsed: 0:00:00 ETA: 0:00:02] Portfolio Val: 100,000.00Progress ||  17.59%  [Elapsed: 0:00:00 ETA: 0:00:02] Portfolio Val: 100,000.00Progress ||  17.70%  [Elapsed: 0:00:00 ETA: 0:00:02] Portfolio Val: 100,000.00Progress ||  17.74%  [Elapsed: 0:00:00 ETA: 0:00:02] Portfolio Val: 100,000.00Progress ||  17.85%  [Elapsed: 0:00:00 ETA: 0:00:02] Portfolio Val: 100,000.00Progress ||  17.89%  [Elapsed: 0:00:00 ETA: 0:00:02] Portfolio Val: 100,000.00Progress ||  18.00%  [Elapsed: 0:00:00 ETA: 0:00:02] Portfolio Val: 100,000.00Progress ||  18.15%  [Elapsed: 0:00:00 ETA: 0:00:02] Portfolio Val: 100,000.00Progress ||  18.30%  [Elapsed: 0:00:00 ETA: 0:00:02] Portfolio Val: 100,000.00Progress ||  18.44%  [Elapsed: 0:00:00 ETA: 0:00:02] Portfolio Val: 100,000.00Progress ||  18.49%  [Elapsed: 0:00:00 ETA: 0:00:02] Portfolio Val: 100,000.00Progress ||  18.59%  [Elapsed: 0:00:00 ETA: 0:00:02] Portfolio Val: 100,000.00Progress ||  18.64%  [Elapsed: 0:00:00 ETA: 0:00:02] Portfolio Val: 100,000.00Progress ||  18.74%  [Elapsed: 0:00:00 ETA: 0:00:02] Portfolio Val: 100,000.00Progress ||  18.79%  [Elapsed: 0:00:00 ETA: 0:00:02] Portfolio Val: 100,000.00Progress ||  18.89%  [Elapsed: 0:00:00 ETA: 0:00:02] Portfolio Val: 100,000.00Progress ||  18.94%  [Elapsed: 0:00:00 ETA: 0:00:02] Portfolio Val: 100,000.00Progress ||  19.04%  [Elapsed: 0:00:00 ETA: 0:00:02] Portfolio Val: 100,000.00Progress ||  19.19%  [Elapsed: 0:00:00 ETA: 0:00:02] Portfolio Val: 100,000.00Progress ||  19.34%  [Elapsed: 0:00:00 ETA: 0:00:02] Portfolio Val: 100,000.00Progress ||  19.39%  [Elapsed: 0:00:00 ETA: 0:00:02] Portfolio Val: 100,000.00Progress ||  19.49%  [Elapsed: 0:00:00 ETA: 0:00:02] Portfolio Val: 100,000.00Progress ||  19.54%  [Elapsed: 0:00:00 ETA: 0:00:02] Portfolio Val: 100,000.00Progress ||  19.64%  [Elapsed: 0:00:00 ETA: 0:00:02] Portfolio Val: 100,000.00Progress ||  19.69%  [Elapsed: 0:00:00 ETA: 0:00:02] Portfolio Val: 100,000.00Progress ||  19.79%  [Elapsed: 0:00:00 ETA: 0:00:02] Portfolio Val: 100,000.00Progress ||  19.84%  [Elapsed: 0:00:00 ETA: 0:00:02] Portfolio Val: 100,000.00Progress ||  19.94%  [Elapsed: 0:00:00 ETA: 0:00:02] Portfolio Val: 100,000.00Progress ||  19.99%  [Elapsed: 0:00:00 ETA: 0:00:02] Portfolio Val: 100,000.00Progress ||  20.09%  [Elapsed: 0:00:00 ETA: 0:00:02] Portfolio Val: 100,000.00Progress ||  20.24%  [Elapsed: 0:00:00 ETA: 0:00:02] Portfolio Val: 100,000.00Progress ||  20.39%  [Elapsed: 0:00:00 ETA: 0:00:02] Portfolio Val: 100,000.00Progress ||  20.54%  [Elapsed: 0:00:00 ETA: 0:00:02] Portfolio Val: 100,000.00Progress ||  20.58%  [Elapsed: 0:00:00 ETA: 0:00:02] Portfolio Val: 100,000.00Progress ||  20.69%  [Elapsed: 0:00:00 ETA: 0:00:02] Portfolio Val: 100,000.00Progress ||  20.73%  [Elapsed: 0:00:00 ETA: 0:00:02] Portfolio Val: 100,000.00Progress ||  20.84%  [Elapsed: 0:00:00 ETA: 0:00:02] Portfolio Val: 100,000.00Progress ||  20.88%  [Elapsed: 0:00:00 ETA: 0:00:02] Portfolio Val: 100,000.00Progress ||  20.99%  [Elapsed: 0:00:00 ETA: 0:00:02] Portfolio Val: 100,000.00Progress ||  21.03%  [Elapsed: 0:00:00 ETA: 0:00:02] Portfolio Val: 100,000.00Progress ||  21.14%  [Elapsed: 0:00:00 ETA: 0:00:02] Portfolio Val: 100,000.00Progress ||  21.28%  [Elapsed: 0:00:00 ETA: 0:00:02] Portfolio Val: 100,000.00Progress ||  21.43%  [Elapsed: 0:00:00 ETA: 0:00:02] Portfolio Val: 100,000.00Progress ||  21.48%  [Elapsed: 0:00:00 ETA: 0:00:02] Portfolio Val: 100,000.00Progress ||  21.58%  [Elapsed: 0:00:00 ETA: 0:00:02] Portfolio Val: 100,000.00Progress ||  21.63%  [Elapsed: 0:00:00 ETA: 0:00:02] Portfolio Val: 100,000.00Progress ||  21.73%  [Elapsed: 0:00:00 ETA: 0:00:02] Portfolio Val: 100,000.00Progress ||  21.78%  [Elapsed: 0:00:00 ETA: 0:00:02] Portfolio Val: 100,000.00Progress ||  21.88%  [Elapsed: 0:00:00 ETA: 0:00:02] Portfolio Val: 100,000.00Progress ||  21.93%  [Elapsed: 0:00:00 ETA: 0:00:02] Portfolio Val: 100,000.00Progress ||  22.03%  [Elapsed: 0:00:00 ETA: 0:00:02] Portfolio Val: 100,000.00Progress ||  22.08%  [Elapsed: 0:00:00 ETA: 0:00:02] Portfolio Val: 100,000.00Progress ||  22.18%  [Elapsed: 0:00:00 ETA: 0:00:02] Portfolio Val: 100,000.00Progress ||  22.33%  [Elapsed: 0:00:00 ETA: 0:00:02] Portfolio Val: 100,000.00Progress ||  22.48%  [Elapsed: 0:00:00 ETA: 0:00:02] Portfolio Val: 100,000.00Progress ||  22.53%  [Elapsed: 0:00:00 ETA: 0:00:02] Portfolio Val: 100,000.00Progress ||  22.63%  [Elapsed: 0:00:00 ETA: 0:00:02] Portfolio Val: 100,000.00Progress ||  22.68%  [Elapsed: 0:00:00 ETA: 0:00:02] Portfolio Val: 100,000.00Progress ||  22.78%  [Elapsed: 0:00:00 ETA: 0:00:02] Portfolio Val: 100,000.00Progress ||  22.83%  [Elapsed: 0:00:00 ETA: 0:00:02] Portfolio Val: 100,000.00Progress ||  22.93%  [Elapsed: 0:00:00 ETA: 0:00:02] Portfolio Val: 100,000.00Progress ||  22.98%  [Elapsed: 0:00:00 ETA: 0:00:02] Portfolio Val: 100,000.00Progress ||  23.08%  [Elapsed: 0:00:00 ETA: 0:00:02] Portfolio Val: 100,000.00Progress ||  23.13%  [Elapsed: 0:00:00 ETA: 0:00:02] Portfolio Val: 100,000.00Progress ||  23.23%  [Elapsed: 0:00:00 ETA: 0:00:02] Portfolio Val: 100,000.00Progress ||  23.38%  [Elapsed: 0:00:00 ETA: 0:00:02] Portfolio Val: 100,000.00Progress ||  23.53%  [Elapsed: 0:00:00 ETA: 0:00:02] Portfolio Val: 100,000.00Progress ||  23.57%  [Elapsed: 0:00:00 ETA: 0:00:02] Portfolio Val: 100,000.00Progress ||  23.68%  [Elapsed: 0:00:00 ETA: 0:00:02] Portfolio Val: 100,000.00Progress ||  23.72%  [Elapsed: 0:00:00 ETA: 0:00:01] Portfolio Val: 100,000.00Progress ||  23.83%  [Elapsed: 0:00:00 ETA: 0:00:01] Portfolio Val: 100,000.00Progress ||  23.87%  [Elapsed: 0:00:00 ETA: 0:00:01] Portfolio Val: 100,000.00Progress ||  23.98%  [Elapsed: 0:00:00 ETA: 0:00:01] Portfolio Val: 100,000.00Progress ||  24.02%  [Elapsed: 0:00:00 ETA: 0:00:01] Portfolio Val: 100,000.00Progress ||  24.12%  [Elapsed: 0:00:00 ETA: 0:00:01] Portfolio Val: 100,000.00Progress ||  24.17%  [Elapsed: 0:00:00 ETA: 0:00:01] Portfolio Val: 100,000.00Progress ||  24.27%  [Elapsed: 0:00:00 ETA: 0:00:01] Portfolio Val: 100,000.00Progress ||  24.42%  [Elapsed: 0:00:00 ETA: 0:00:01] Portfolio Val: 100,000.00Progress ||  24.57%  [Elapsed: 0:00:00 ETA: 0:00:01] Portfolio Val: 100,000.00Progress ||  24.62%  [Elapsed: 0:00:00 ETA: 0:00:01] Portfolio Val: 100,000.00Progress ||  24.72%  [Elapsed: 0:00:00 ETA: 0:00:01] Portfolio Val: 100,000.00Progress ||  24.77%  [Elapsed: 0:00:00 ETA: 0:00:01] Portfolio Val: 100,000.00Progress ||  24.87%  [Elapsed: 0:00:00 ETA: 0:00:01] Portfolio Val: 100,000.00Progress ||  24.92%  [Elapsed: 0:00:00 ETA: 0:00:01] Portfolio Val: 100,000.00Progress ||  25.02%  [Elapsed: 0:00:00 ETA: 0:00:01] Portfolio Val: 100,000.00Progress ||  25.07%  [Elapsed: 0:00:00 ETA: 0:00:01] Portfolio Val: 100,000.00Progress ||  25.17%  [Elapsed: 0:00:00 ETA: 0:00:01] Portfolio Val: 100,000.00Progress ||  25.22%  [Elapsed: 0:00:00 ETA: 0:00:01] Portfolio Val: 100,000.00Progress ||  25.32%  [Elapsed: 0:00:00 ETA: 0:00:01] Portfolio Val: 100,000.00Progress ||  25.47%  [Elapsed: 0:00:00 ETA: 0:00:01] Portfolio Val: 100,000.00Progress ||  25.62%  [Elapsed: 0:00:00 ETA: 0:00:01] Portfolio Val: 100,000.00Progress ||  25.77%  [Elapsed: 0:00:00 ETA: 0:00:01] Portfolio Val: 100,000.00Progress ||  25.82%  [Elapsed: 0:00:00 ETA: 0:00:01] Portfolio Val: 100,000.00Progress ||  25.92%  [Elapsed: 0:00:00 ETA: 0:00:01] Portfolio Val: 100,000.00Progress ||  25.97%  [Elapsed: 0:00:00 ETA: 0:00:01] Portfolio Val: 100,000.00Progress ||  26.07%  [Elapsed: 0:00:00 ETA: 0:00:01] Portfolio Val: 100,000.00Progress ||  26.11%  [Elapsed: 0:00:00 ETA: 0:00:01] Portfolio Val: 100,000.00Progress ||  26.22%  [Elapsed: 0:00:00 ETA: 0:00:01] Portfolio Val: 100,000.00Progress ||  26.26%  [Elapsed: 0:00:00 ETA: 0:00:01] Portfolio Val: 100,000.00Progress ||  26.37%  [Elapsed: 0:00:00 ETA: 0:00:01] Portfolio Val: 100,000.00Progress ||  26.52%  [Elapsed: 0:00:00 ETA: 0:00:01] Portfolio Val: 100,000.00Progress ||  26.67%  [Elapsed: 0:00:00 ETA: 0:00:01] Portfolio Val: 100,000.00Progress ||  26.71%  [Elapsed: 0:00:00 ETA: 0:00:01] Portfolio Val: 100,000.00Progress ||  26.82%  [Elapsed: 0:00:00 ETA: 0:00:01] Portfolio Val: 100,000.00Progress ||  26.86%  [Elapsed: 0:00:00 ETA: 0:00:01] Portfolio Val: 100,000.00Progress ||  26.97%  [Elapsed: 0:00:00 ETA: 0:00:01] Portfolio Val: 100,000.00Progress ||  27.01%  [Elapsed: 0:00:00 ETA: 0:00:01] Portfolio Val: 100,000.00Progress ||  27.11%  [Elapsed: 0:00:00 ETA: 0:00:01] Portfolio Val: 100,000.00Progress ||  27.16%  [Elapsed: 0:00:00 ETA: 0:00:01] Portfolio Val: 100,000.00Progress ||  27.26%  [Elapsed: 0:00:00 ETA: 0:00:01] Portfolio Val: 100,000.00Progress ||  27.31%  [Elapsed: 0:00:00 ETA: 0:00:01] Portfolio Val: 100,000.00Progress ||  27.41%  [Elapsed: 0:00:00 ETA: 0:00:01] Portfolio Val: 100,000.00Progress ||  27.56%  [Elapsed: 0:00:00 ETA: 0:00:01] Portfolio Val: 100,000.00Progress ||  27.71%  [Elapsed: 0:00:00 ETA: 0:00:01] Portfolio Val: 100,000.00Progress ||  27.76%  [Elapsed: 0:00:00 ETA: 0:00:01] Portfolio Val: 100,000.00Progress ||  27.86%  [Elapsed: 0:00:00 ETA: 0:00:01] Portfolio Val: 100,000.00Progress ||  27.91%  [Elapsed: 0:00:00 ETA: 0:00:01] Portfolio Val: 100,000.00Progress ||  28.01%  [Elapsed: 0:00:00 ETA: 0:00:01] Portfolio Val: 100,000.00Progress ||  28.06%  [Elapsed: 0:00:00 ETA: 0:00:01] Portfolio Val: 100,000.00Progress ||  28.16%  [Elapsed: 0:00:00 ETA: 0:00:01] Portfolio Val: 100,000.00Progress ||  28.21%  [Elapsed: 0:00:00 ETA: 0:00:01] Portfolio Val: 100,000.00Progress ||  28.31%  [Elapsed: 0:00:00 ETA: 0:00:01] Portfolio Val: 100,000.00Progress ||  28.36%  [Elapsed: 0:00:00 ETA: 0:00:01] Portfolio Val: 100,000.00Progress ||  28.46%  [Elapsed: 0:00:00 ETA: 0:00:01] Portfolio Val: 100,000.00Progress ||  28.61%  [Elapsed: 0:00:00 ETA: 0:00:01] Portfolio Val: 100,000.00Progress ||  28.76%  [Elapsed: 0:00:00 ETA: 0:00:01] Portfolio Val: 100,000.00Progress ||  28.80%  [Elapsed: 0:00:00 ETA: 0:00:01] Portfolio Val: 100,000.00Progress ||  28.91%  [Elapsed: 0:00:00 ETA: 0:00:01] Portfolio Val: 100,000.00Progress ||  28.95%  [Elapsed: 0:00:00 ETA: 0:00:01] Portfolio Val: 100,000.00Progress ||  29.06%  [Elapsed: 0:00:00 ETA: 0:00:01] Portfolio Val: 100,000.00Progress ||  29.10%  [Elapsed: 0:00:00 ETA: 0:00:01] Portfolio Val: 100,000.00Progress ||  29.21%  [Elapsed: 0:00:00 ETA: 0:00:01] Portfolio Val: 100,000.00Progress ||  29.25%  [Elapsed: 0:00:00 ETA: 0:00:01] Portfolio Val: 100,000.00Progress ||  29.36%  [Elapsed: 0:00:00 ETA: 0:00:01] Portfolio Val: 100,000.00Progress ||  29.40%  [Elapsed: 0:00:00 ETA: 0:00:01] Portfolio Val: 100,000.00Progress ||  29.51%  [Elapsed: 0:00:00 ETA: 0:00:01] Portfolio Val: 100,000.00Progress ||  29.66%  [Elapsed: 0:00:00 ETA: 0:00:01] Portfolio Val: 100,000.00Progress ||  29.81%  [Elapsed: 0:00:00 ETA: 0:00:01] Portfolio Val: 100,000.00Progress ||  29.85%  [Elapsed: 0:00:00 ETA: 0:00:01] Portfolio Val: 100,000.00Progress ||  29.95%  [Elapsed: 0:00:00 ETA: 0:00:01] Portfolio Val: 100,000.00Progress ||  30.00%  [Elapsed: 0:00:00 ETA: 0:00:01] Portfolio Val: 100,000.00Progress ||  30.10%  [Elapsed: 0:00:00 ETA: 0:00:01] Portfolio Val: 100,000.00Progress ||  30.14%  [Elapsed: 0:00:00 ETA: 0:00:01] Portfolio Val: 100,000.00Progress ||  30.25%  [Elapsed: 0:00:00 ETA: 0:00:01] Portfolio Val: 100,000.00Progress ||  30.29%  [Elapsed: 0:00:00 ETA: 0:00:01] Portfolio Val: 100,000.00Progress ||  30.40%  [Elapsed: 0:00:00 ETA: 0:00:01] Portfolio Val: 100,000.00Progress ||  30.44%  [Elapsed: 0:00:00 ETA: 0:00:01] Portfolio Val: 100,000.00Progress ||  30.55%  [Elapsed: 0:00:00 ETA: 0:00:01] Portfolio Val: 100,000.00Progress ||  30.70%  [Elapsed: 0:00:00 ETA: 0:00:01] Portfolio Val: 100,000.00Progress ||  30.85%  [Elapsed: 0:00:00 ETA: 0:00:01] Portfolio Val: 100,000.00Progress ||  30.89%  [Elapsed: 0:00:00 ETA: 0:00:01] Portfolio Val: 100,000.00Progress ||  31.00%  [Elapsed: 0:00:00 ETA: 0:00:01] Portfolio Val: 100,000.00Progress ||  31.04%  [Elapsed: 0:00:00 ETA: 0:00:01] Portfolio Val: 100,000.00Progress ||  31.15%  [Elapsed: 0:00:00 ETA: 0:00:01] Portfolio Val: 100,000.00Progress ||  31.19%  [Elapsed: 0:00:00 ETA: 0:00:01] Portfolio Val: 100,000.00Progress ||  31.30%  [Elapsed: 0:00:00 ETA: 0:00:01] Portfolio Val: 100,000.00Progress ||  31.34%  [Elapsed: 0:00:00 ETA: 0:00:01] Portfolio Val: 100,000.00Progress ||  31.45%  [Elapsed: 0:00:00 ETA: 0:00:01] Portfolio Val: 100,000.00Progress ||  31.60%  [Elapsed: 0:00:00 ETA: 0:00:01] Portfolio Val: 100,000.00Progress ||  31.75%  [Elapsed: 0:00:00 ETA: 0:00:01] Portfolio Val: 100,000.00Progress ||  31.90%  [Elapsed: 0:00:00 ETA: 0:00:01] Portfolio Val: 100,000.00Progress ||  31.94%  [Elapsed: 0:00:00 ETA: 0:00:01] Portfolio Val: 100,000.00Progress ||  32.05%  [Elapsed: 0:00:00 ETA: 0:00:01] Portfolio Val: 100,000.00Progress ||  32.09%  [Elapsed: 0:00:00 ETA: 0:00:01] Portfolio Val: 100,000.00Progress ||  32.20%  [Elapsed: 0:00:00 ETA: 0:00:01] Portfolio Val: 100,000.00Progress ||  32.24%  [Elapsed: 0:00:00 ETA: 0:00:01] Portfolio Val: 100,000.00Progress ||  32.35%  [Elapsed: 0:00:00 ETA: 0:00:01] Portfolio Val: 100,000.00Progress ||  32.39%  [Elapsed: 0:00:00 ETA: 0:00:01] Portfolio Val: 100,000.00Progress ||  32.50%  [Elapsed: 0:00:00 ETA: 0:00:01] Portfolio Val: 100,000.00Progress ||  32.54%  [Elapsed: 0:00:00 ETA: 0:00:01] Portfolio Val: 100,000.00Progress ||  32.65%  [Elapsed: 0:00:00 ETA: 0:00:01] Portfolio Val: 100,000.00Progress ||  32.79%  [Elapsed: 0:00:00 ETA: 0:00:01] Portfolio Val: 100,000.00Progress ||  32.94%  [Elapsed: 0:00:00 ETA: 0:00:01] Portfolio Val: 100,000.00Progress ||  32.98%  [Elapsed: 0:00:00 ETA: 0:00:01] Portfolio Val: 100,000.00Progress ||  33.09%  [Elapsed: 0:00:00 ETA: 0:00:01] Portfolio Val: 100,000.00Progress ||  33.13%  [Elapsed: 0:00:00 ETA: 0:00:01] Portfolio Val: 100,000.00Progress ||  33.24%  [Elapsed: 0:00:00 ETA: 0:00:01] Portfolio Val: 100,000.00Progress ||  33.28%  [Elapsed: 0:00:00 ETA: 0:00:01] Portfolio Val: 100,000.00Progress ||  33.39%  [Elapsed: 0:00:00 ETA: 0:00:01] Portfolio Val: 100,000.00Progress ||  33.43%  [Elapsed: 0:00:00 ETA: 0:00:01] Portfolio Val: 100,000.00Progress ||  33.54%  [Elapsed: 0:00:00 ETA: 0:00:01] Portfolio Val: 100,000.00Progress ||  33.58%  [Elapsed: 0:00:00 ETA: 0:00:01] Portfolio Val: 100,000.00Progress ||  33.69%  [Elapsed: 0:00:00 ETA: 0:00:01] Portfolio Val: 100,000.00Progress ||  33.84%  [Elapsed: 0:00:00 ETA: 0:00:01] Portfolio Val: 100,000.00Progress ||  33.99%  [Elapsed: 0:00:00 ETA: 0:00:01] Portfolio Val: 100,000.00Progress ||  34.03%  [Elapsed: 0:00:00 ETA: 0:00:01] Portfolio Val: 100,000.00Progress ||  34.14%  [Elapsed: 0:00:00 ETA: 0:00:01] Portfolio Val: 100,000.00Progress ||  34.18%  [Elapsed: 0:00:00 ETA: 0:00:01] Portfolio Val: 100,000.00Progress ||  34.29%  [Elapsed: 0:00:00 ETA: 0:00:01] Portfolio Val: 100,000.00Progress ||  34.33%  [Elapsed: 0:00:00 ETA: 0:00:01] Portfolio Val: 100,000.00Progress ||  34.44%  [Elapsed: 0:00:00 ETA: 0:00:01] Portfolio Val: 100,000.00Progress ||  34.48%  [Elapsed: 0:00:00 ETA: 0:00:01] Portfolio Val: 100,000.00Progress ||  34.59%  [Elapsed: 0:00:00 ETA: 0:00:01] Portfolio Val: 100,000.00Progress ||  34.63%  [Elapsed: 0:00:00 ETA: 0:00:01] Portfolio Val: 100,000.00Progress ||  34.74%  [Elapsed: 0:00:00 ETA: 0:00:01] Portfolio Val: 100,000.00Progress ||  34.89%  [Elapsed: 0:00:00 ETA: 0:00:01] Portfolio Val: 100,000.00Progress ||  35.04%  [Elapsed: 0:00:00 ETA: 0:00:01] Portfolio Val: 100,000.00Progress ||  35.08%  [Elapsed: 0:00:00 ETA: 0:00:01] Portfolio Val: 100,000.00Progress ||  35.19%  [Elapsed: 0:00:00 ETA: 0:00:01] Portfolio Val: 100,000.00Progress ||  35.23%  [Elapsed: 0:00:00 ETA: 0:00:01] Portfolio Val: 100,000.00Progress ||  35.34%  [Elapsed: 0:00:00 ETA: 0:00:01] Portfolio Val: 100,000.00Progress ||  35.38%  [Elapsed: 0:00:00 ETA: 0:00:01] Portfolio Val: 100,000.00Progress ||  35.49%  [Elapsed: 0:00:00 ETA: 0:00:01] Portfolio Val: 100,000.00Progress ||  35.53%  [Elapsed: 0:00:00 ETA: 0:00:01] Portfolio Val: 100,000.00Progress ||  35.63%  [Elapsed: 0:00:00 ETA: 0:00:01] Portfolio Val: 100,000.00Progress ||  35.68%  [Elapsed: 0:00:00 ETA: 0:00:01] Portfolio Val: 100,000.00Progress ||  35.78%  [Elapsed: 0:00:00 ETA: 0:00:01] Portfolio Val: 100,000.00Progress ||  35.93%  [Elapsed: 0:00:00 ETA: 0:00:01] Portfolio Val: 100,000.00Progress ||  36.08%  [Elapsed: 0:00:00 ETA: 0:00:01] Portfolio Val: 100,000.00Progress ||  36.12%  [Elapsed: 0:00:00 ETA: 0:00:01] Portfolio Val: 100,000.00Progress ||  36.23%  [Elapsed: 0:00:00 ETA: 0:00:01] Portfolio Val: 100,000.00Progress ||  36.27%  [Elapsed: 0:00:00 ETA: 0:00:01] Portfolio Val: 100,000.00Progress ||  36.38%  [Elapsed: 0:00:00 ETA: 0:00:01] Portfolio Val: 100,000.00Progress ||  36.42%  [Elapsed: 0:00:00 ETA: 0:00:01] Portfolio Val: 100,000.00Progress ||  36.53%  [Elapsed: 0:00:00 ETA: 0:00:01] Portfolio Val: 100,000.00Progress ||  36.57%  [Elapsed: 0:00:00 ETA: 0:00:01] Portfolio Val: 100,000.00Progress ||  36.68%  [Elapsed: 0:00:00 ETA: 0:00:01] Portfolio Val: 100,000.00Progress ||  36.72%  [Elapsed: 0:00:00 ETA: 0:00:01] Portfolio Val: 100,000.00Progress ||  36.83%  [Elapsed: 0:00:00 ETA: 0:00:01] Portfolio Val: 100,000.00Progress ||  36.98%  [Elapsed: 0:00:00 ETA: 0:00:01] Portfolio Val: 100,000.00Progress ||  37.13%  [Elapsed: 0:00:00 ETA: 0:00:01] Portfolio Val: 100,000.00Progress ||  37.17%  [Elapsed: 0:00:00 ETA: 0:00:01] Portfolio Val: 100,000.00Progress ||  37.28%  [Elapsed: 0:00:00 ETA: 0:00:01] Portfolio Val: 100,000.00Progress ||  37.32%  [Elapsed: 0:00:00 ETA: 0:00:01] Portfolio Val: 100,000.00Progress ||  37.43%  [Elapsed: 0:00:00 ETA: 0:00:01] Portfolio Val: 100,000.00Progress ||  37.47%  [Elapsed: 0:00:00 ETA: 0:00:01] Portfolio Val: 100,000.00Progress ||  37.58%  [Elapsed: 0:00:00 ETA: 0:00:01] Portfolio Val: 100,000.00Progress ||  37.62%  [Elapsed: 0:00:00 ETA: 0:00:01] Portfolio Val: 100,000.00Progress ||  37.73%  [Elapsed: 0:00:00 ETA: 0:00:01] Portfolio Val: 100,000.00Progress ||  37.77%  [Elapsed: 0:00:00 ETA: 0:00:01] Portfolio Val: 100,000.00Progress ||  37.88%  [Elapsed: 0:00:00 ETA: 0:00:01] Portfolio Val: 100,000.00Progress ||  38.03%  [Elapsed: 0:00:00 ETA: 0:00:01] Portfolio Val: 100,000.00Progress ||  38.18%  [Elapsed: 0:00:00 ETA: 0:00:01] Portfolio Val: 100,000.00Progress ||  38.22%  [Elapsed: 0:00:00 ETA: 0:00:01] Portfolio Val: 100,000.00Progress ||  38.33%  [Elapsed: 0:00:00 ETA: 0:00:01] Portfolio Val: 100,000.00Progress ||  38.37%  [Elapsed: 0:00:00 ETA: 0:00:01] Portfolio Val: 100,000.00Progress ||  38.47%  [Elapsed: 0:00:00 ETA: 0:00:01] Portfolio Val: 100,000.00Progress ||  38.52%  [Elapsed: 0:00:00 ETA: 0:00:01] Portfolio Val: 100,000.00Progress ||  38.62%  [Elapsed: 0:00:00 ETA: 0:00:01] Portfolio Val: 100,000.00Progress ||  38.66%  [Elapsed: 0:00:00 ETA: 0:00:01] Portfolio Val: 100,000.00Progress ||  38.77%  [Elapsed: 0:00:00 ETA: 0:00:01] Portfolio Val: 100,000.00Progress ||  38.81%  [Elapsed: 0:00:00 ETA: 0:00:01] Portfolio Val: 100,000.00Progress ||  38.92%  [Elapsed: 0:00:00 ETA: 0:00:01] Portfolio Val: 100,000.00Progress ||  39.07%  [Elapsed: 0:00:00 ETA: 0:00:01] Portfolio Val: 100,000.00Progress ||  39.22%  [Elapsed: 0:00:00 ETA: 0:00:01] Portfolio Val: 100,000.00Progress ||  39.26%  [Elapsed: 0:00:00 ETA: 0:00:01] Portfolio Val: 100,000.00Progress ||  39.37%  [Elapsed: 0:00:00 ETA: 0:00:01] Portfolio Val: 100,000.00Progress ||  39.41%  [Elapsed: 0:00:00 ETA: 0:00:01] Portfolio Val: 100,000.00Progress ||  39.52%  [Elapsed: 0:00:00 ETA: 0:00:01] Portfolio Val: 100,000.00Progress ||  39.56%  [Elapsed: 0:00:00 ETA: 0:00:01] Portfolio Val: 100,000.00Progress ||  39.67%  [Elapsed: 0:00:00 ETA: 0:00:00] Portfolio Val: 100,000.00Progress ||  39.71%  [Elapsed: 0:00:00 ETA: 0:00:00] Portfolio Val: 100,000.00Progress ||  39.82%  [Elapsed: 0:00:00 ETA: 0:00:00] Portfolio Val: 100,000.00Progress ||  39.86%  [Elapsed: 0:00:00 ETA: 0:00:00] Portfolio Val: 100,000.00Progress ||  39.97%  [Elapsed: 0:00:00 ETA: 0:00:00] Portfolio Val: 100,000.00Progress ||  40.12%  [Elapsed: 0:00:00 ETA: 0:00:00] Portfolio Val: 100,000.00Progress ||  40.27%  [Elapsed: 0:00:00 ETA: 0:00:00] Portfolio Val: 100,000.00Progress ||  40.42%  [Elapsed: 0:00:00 ETA: 0:00:00] Portfolio Val: 100,000.00Progress ||  40.46%  [Elapsed: 0:00:00 ETA: 0:00:00] Portfolio Val: 100,000.00Progress ||  40.57%  [Elapsed: 0:00:00 ETA: 0:00:00] Portfolio Val: 100,000.00Progress ||  40.61%  [Elapsed: 0:00:00 ETA: 0:00:00] Portfolio Val: 100,000.00Progress ||  40.72%  [Elapsed: 0:00:00 ETA: 0:00:00] Portfolio Val: 100,000.00Progress ||  40.76%  [Elapsed: 0:00:00 ETA: 0:00:00] Portfolio Val: 100,000.00Progress ||  40.87%  [Elapsed: 0:00:00 ETA: 0:00:00] Portfolio Val: 100,000.00Progress ||  40.91%  [Elapsed: 0:00:00 ETA: 0:00:00] Portfolio Val: 100,000.00Progress ||  41.02%  [Elapsed: 0:00:00 ETA: 0:00:00] Portfolio Val: 100,000.00Progress ||  41.17%  [Elapsed: 0:00:00 ETA: 0:00:00] Portfolio Val: 100,000.00Progress ||  41.31%  [Elapsed: 0:00:00 ETA: 0:00:00] Portfolio Val: 100,000.00Progress ||  41.36%  [Elapsed: 0:00:00 ETA: 0:00:00] Portfolio Val: 100,000.00Progress ||  41.46%  [Elapsed: 0:00:00 ETA: 0:00:00] Portfolio Val: 100,000.00Progress ||  41.50%  [Elapsed: 0:00:00 ETA: 0:00:00] Portfolio Val: 100,000.00Progress ||  41.61%  [Elapsed: 0:00:00 ETA: 0:00:00] Portfolio Val: 100,000.00Progress ||  41.65%  [Elapsed: 0:00:00 ETA: 0:00:00] Portfolio Val: 100,000.00Progress ||  41.76%  [Elapsed: 0:00:00 ETA: 0:00:00] Portfolio Val: 100,000.00Progress ||  41.80%  [Elapsed: 0:00:00 ETA: 0:00:00] Portfolio Val: 100,000.00Progress ||  41.91%  [Elapsed: 0:00:00 ETA: 0:00:00] Portfolio Val: 100,000.00Progress ||  41.95%  [Elapsed: 0:00:00 ETA: 0:00:00] Portfolio Val: 100,000.00Progress ||  42.06%  [Elapsed: 0:00:00 ETA: 0:00:00] Portfolio Val: 100,000.00Progress ||  42.21%  [Elapsed: 0:00:00 ETA: 0:00:00] Portfolio Val: 100,000.00Progress ||  42.36%  [Elapsed: 0:00:00 ETA: 0:00:00] Portfolio Val: 100,000.00Progress ||  42.40%  [Elapsed: 0:00:00 ETA: 0:00:00] Portfolio Val: 100,000.00Progress ||  42.51%  [Elapsed: 0:00:00 ETA: 0:00:00] Portfolio Val: 100,000.00Progress ||  42.55%  [Elapsed: 0:00:00 ETA: 0:00:00] Portfolio Val: 100,000.00Progress ||  42.66%  [Elapsed: 0:00:00 ETA: 0:00:00] Portfolio Val: 100,000.00Progress ||  42.70%  [Elapsed: 0:00:00 ETA: 0:00:00] Portfolio Val: 100,000.00Progress ||  42.81%  [Elapsed: 0:00:00 ETA: 0:00:00] Portfolio Val: 100,000.00Progress ||  42.85%  [Elapsed: 0:00:00 ETA: 0:00:00] Portfolio Val: 100,000.00Progress ||  42.96%  [Elapsed: 0:00:00 ETA: 0:00:00] Portfolio Val: 100,000.00Progress ||  43.00%  [Elapsed: 0:00:00 ETA: 0:00:00] Portfolio Val: 100,000.00Progress ||  43.11%  [Elapsed: 0:00:00 ETA: 0:00:00] Portfolio Val: 100,000.00Progress ||  43.26%  [Elapsed: 0:00:00 ETA: 0:00:00] Portfolio Val: 100,000.00Progress ||  43.41%  [Elapsed: 0:00:00 ETA: 0:00:00] Portfolio Val: 100,000.00Progress ||  43.45%  [Elapsed: 0:00:00 ETA: 0:00:00] Portfolio Val: 100,000.00Progress ||  43.56%  [Elapsed: 0:00:00 ETA: 0:00:00] Portfolio Val: 100,000.00Progress ||  43.60%  [Elapsed: 0:00:00 ETA: 0:00:00] Portfolio Val: 100,000.00Progress ||  43.71%  [Elapsed: 0:00:00 ETA: 0:00:00] Portfolio Val: 100,000.00Progress ||  43.86%  [Elapsed: 0:00:00 ETA: 0:00:00] Portfolio Val: 100,000.00Progress ||  43.90%  [Elapsed: 0:00:00 ETA: 0:00:00] Portfolio Val: 100,000.00Progress ||  44.01%  [Elapsed: 0:00:00 ETA: 0:00:00] Portfolio Val: 100,000.00Progress ||  44.05%  [Elapsed: 0:00:00 ETA: 0:00:00] Portfolio Val: 100,000.00Progress ||  44.15%  [Elapsed: 0:00:00 ETA: 0:00:00] Portfolio Val: 100,000.00Progress ||  44.30%  [Elapsed: 0:00:00 ETA: 0:00:00] Portfolio Val: 100,000.00Progress ||  44.45%  [Elapsed: 0:00:00 ETA: 0:00:00] Portfolio Val: 100,000.00Progress ||  44.49%  [Elapsed: 0:00:00 ETA: 0:00:00] Portfolio Val: 100,000.00Progress ||  44.60%  [Elapsed: 0:00:00 ETA: 0:00:00] Portfolio Val: 100,000.00Progress ||  44.64%  [Elapsed: 0:00:00 ETA: 0:00:00] Portfolio Val: 100,000.00Progress ||  44.75%  [Elapsed: 0:00:00 ETA: 0:00:00] Portfolio Val: 100,000.00Progress ||  44.79%  [Elapsed: 0:00:00 ETA: 0:00:00] Portfolio Val: 100,000.00Progress ||  44.90%  [Elapsed: 0:00:00 ETA: 0:00:00] Portfolio Val: 100,000.00Progress ||  44.94%  [Elapsed: 0:00:00 ETA: 0:00:00] Portfolio Val: 100,000.00Progress ||  45.05%  [Elapsed: 0:00:00 ETA: 0:00:00] Portfolio Val: 100,000.00Progress ||  45.09%  [Elapsed: 0:00:00 ETA: 0:00:00] Portfolio Val: 100,000.00Progress ||  45.20%  [Elapsed: 0:00:00 ETA: 0:00:00] Portfolio Val: 100,000.00Progress ||  45.35%  [Elapsed: 0:00:00 ETA: 0:00:00] Portfolio Val: 100,000.00Progress ||  45.50%  [Elapsed: 0:00:00 ETA: 0:00:00] Portfolio Val: 100,000.00Progress ||  45.54%  [Elapsed: 0:00:00 ETA: 0:00:00] Portfolio Val: 100,000.00Progress ||  45.65%  [Elapsed: 0:00:00 ETA: 0:00:00] Portfolio Val: 100,000.00Progress ||  45.69%  [Elapsed: 0:00:00 ETA: 0:00:00] Portfolio Val: 100,000.00Progress ||  45.80%  [Elapsed: 0:00:00 ETA: 0:00:00] Portfolio Val: 100,000.00Progress ||  45.82%  [Elapsed: 0:00:00 ETA: 0:00:00] Portfolio Val: 100,000.00Progress ||  45.95%  [Elapsed: 0:00:00 ETA: 0:00:00] Portfolio Val: 100,000.00Progress ||  46.10%  [Elapsed: 0:00:00 ETA: 0:00:00] Portfolio Val: 100,000.00Progress ||  46.14%  [Elapsed: 0:00:00 ETA: 0:00:00] Portfolio Val: 100,000.00Progress ||  46.25%  [Elapsed: 0:00:00 ETA: 0:00:00] Portfolio Val: 100,000.00Progress ||  46.40%  [Elapsed: 0:00:00 ETA: 0:00:00] Portfolio Val: 100,000.00Progress ||  46.55%  [Elapsed: 0:00:00 ETA: 0:00:00] Portfolio Val: 100,000.00Progress ||  46.59%  [Elapsed: 0:00:00 ETA: 0:00:00] Portfolio Val: 100,000.00Progress ||  46.70%  [Elapsed: 0:00:00 ETA: 0:00:00] Portfolio Val: 100,000.00Progress ||  46.74%  [Elapsed: 0:00:00 ETA: 0:00:00] Portfolio Val: 100,000.00Progress ||  46.85%  [Elapsed: 0:00:00 ETA: 0:00:00] Portfolio Val: 100,000.00Progress ||  46.89%  [Elapsed: 0:00:00 ETA: 0:00:00] Portfolio Val: 100,000.00Progress ||  46.99%  [Elapsed: 0:00:00 ETA: 0:00:00] Portfolio Val: 100,000.00Progress ||  47.04%  [Elapsed: 0:00:00 ETA: 0:00:00] Portfolio Val: 100,000.00Progress ||  47.14%  [Elapsed: 0:00:00 ETA: 0:00:00] Portfolio Val: 100,000.00Progress ||  47.18%  [Elapsed: 0:00:00 ETA: 0:00:00] Portfolio Val: 100,000.00Progress ||  47.29%  [Elapsed: 0:00:00 ETA: 0:00:00] Portfolio Val: 100,000.00Progress ||  47.44%  [Elapsed: 0:00:00 ETA: 0:00:00] Portfolio Val: 100,000.00Progress ||  47.59%  [Elapsed: 0:00:00 ETA: 0:00:00] Portfolio Val: 100,000.00Progress ||  47.63%  [Elapsed: 0:00:00 ETA: 0:00:00] Portfolio Val: 100,000.00Progress ||  47.74%  [Elapsed: 0:00:00 ETA: 0:00:00] Portfolio Val: 100,000.00Progress ||  47.78%  [Elapsed: 0:00:00 ETA: 0:00:00] Portfolio Val: 100,000.00Progress ||  47.89%  [Elapsed: 0:00:00 ETA: 0:00:00] Portfolio Val: 100,000.00Progress ||  47.93%  [Elapsed: 0:00:00 ETA: 0:00:00] Portfolio Val: 100,000.00Progress ||  48.04%  [Elapsed: 0:00:00 ETA: 0:00:00] Portfolio Val: 100,000.00Progress ||  48.08%  [Elapsed: 0:00:00 ETA: 0:00:00] Portfolio Val: 100,000.00Progress ||  48.19%  [Elapsed: 0:00:00 ETA: 0:00:00] Portfolio Val: 100,000.00Progress ||  48.23%  [Elapsed: 0:00:00 ETA: 0:00:00] Portfolio Val: 100,000.00Progress ||  48.34%  [Elapsed: 0:00:00 ETA: 0:00:00] Portfolio Val: 100,000.00Progress ||  48.49%  [Elapsed: 0:00:00 ETA: 0:00:00] Portfolio Val: 100,000.00Progress ||  48.64%  [Elapsed: 0:00:00 ETA: 0:00:00] Portfolio Val: 100,000.00Progress ||  48.68%  [Elapsed: 0:00:00 ETA: 0:00:00] Portfolio Val: 100,000.00Progress ||  48.79%  [Elapsed: 0:00:00 ETA: 0:00:00] Portfolio Val: 100,000.00Progress ||  48.83%  [Elapsed: 0:00:00 ETA: 0:00:00] Portfolio Val: 100,000.00Progress ||  48.94%  [Elapsed: 0:00:00 ETA: 0:00:00] Portfolio Val: 100,000.00Progress ||  48.98%  [Elapsed: 0:00:00 ETA: 0:00:00] Portfolio Val: 100,000.00Progress ||  49.09%  [Elapsed: 0:00:00 ETA: 0:00:00] Portfolio Val: 100,000.00Progress ||  49.13%  [Elapsed: 0:00:00 ETA: 0:00:00] Portfolio Val: 100,000.00Progress ||  49.24%  [Elapsed: 0:00:00 ETA: 0:00:00] Portfolio Val: 100,000.00Progress ||  49.28%  [Elapsed: 0:00:00 ETA: 0:00:00] Portfolio Val: 100,000.00Progress ||  49.39%  [Elapsed: 0:00:00 ETA: 0:00:00] Portfolio Val: 100,000.00Progress ||  49.54%  [Elapsed: 0:00:00 ETA: 0:00:00] Portfolio Val: 100,000.00Progress ||  49.69%  [Elapsed: 0:00:00 ETA: 0:00:00] Portfolio Val: 100,000.00Progress ||  49.73%  [Elapsed: 0:00:00 ETA: 0:00:00] Portfolio Val: 100,000.00Progress ||  49.84%  [Elapsed: 0:00:00 ETA: 0:00:00] Portfolio Val: 100,000.00Progress ||  49.88%  [Elapsed: 0:00:00 ETA: 0:00:00] Portfolio Val: 100,000.00Progress ||  49.98%  [Elapsed: 0:00:00 ETA: 0:00:00] Portfolio Val: 100,000.00Progress ||  50.02%  [Elapsed: 0:00:00 ETA: 0:00:00] Portfolio Val: 100,000.00Progress ||  50.13%  [Elapsed: 0:00:00 ETA: 0:00:00] Portfolio Val: 100,000.00Progress ||  50.17%  [Elapsed: 0:00:00 ETA: 0:00:00] Portfolio Val: 100,000.00Progress ||  50.28%  [Elapsed: 0:00:00 ETA: 0:00:00] Portfolio Val: 100,000.00Progress ||  50.32%  [Elapsed: 0:00:00 ETA: 0:00:00] Portfolio Val: 100,000.00Progress ||  50.43%  [Elapsed: 0:00:00 ETA: 0:00:00] Portfolio Val: 100,000.00Progress ||  50.58%  [Elapsed: 0:00:00 ETA: 0:00:00] Portfolio Val: 100,000.00Progress ||  50.73%  [Elapsed: 0:00:00 ETA: 0:00:00] Portfolio Val: 100,000.00Progress ||  50.77%  [Elapsed: 0:00:00 ETA: 0:00:00] Portfolio Val: 100,000.00Progress ||  50.88%  [Elapsed: 0:00:00 ETA: 0:00:00] Portfolio Val: 100,000.00Progress ||  50.92%  [Elapsed: 0:00:00 ETA: 0:00:00] Portfolio Val: 100,000.00Progress ||  51.03%  [Elapsed: 0:00:00 ETA: 0:00:00] Portfolio Val: 100,000.00Progress ||  51.07%  [Elapsed: 0:00:00 ETA: 0:00:00] Portfolio Val: 100,000.00Progress ||  51.18%  [Elapsed: 0:00:00 ETA: 0:00:00] Portfolio Val: 100,000.00Progress ||  51.22%  [Elapsed: 0:00:00 ETA: 0:00:00] Portfolio Val: 100,000.00Progress ||  51.33%  [Elapsed: 0:00:00 ETA: 0:00:00] Portfolio Val: 100,000.00Progress ||  51.37%  [Elapsed: 0:00:00 ETA: 0:00:00] Portfolio Val: 100,000.00Progress ||  51.48%  [Elapsed: 0:00:00 ETA: 0:00:00] Portfolio Val: 100,000.00Progress ||  51.63%  [Elapsed: 0:00:00 ETA: 0:00:00] Portfolio Val: 100,000.00Progress ||  51.78%  [Elapsed: 0:00:00 ETA: 0:00:00] Portfolio Val: 100,000.00Progress ||  51.82%  [Elapsed: 0:00:00 ETA: 0:00:00] Portfolio Val: 100,000.00Progress ||  51.93%  [Elapsed: 0:00:00 ETA: 0:00:00] Portfolio Val: 100,000.00Progress ||  51.97%  [Elapsed: 0:00:00 ETA: 0:00:00] Portfolio Val: 100,000.00Progress ||  52.08%  [Elapsed: 0:00:00 ETA: 0:00:00] Portfolio Val: 100,000.00Progress ||  52.12%  [Elapsed: 0:00:00 ETA: 0:00:00] Portfolio Val: 100,000.00Progress ||  52.23%  [Elapsed: 0:00:00 ETA: 0:00:00] Portfolio Val: 100,000.00Progress ||  52.27%  [Elapsed: 0:00:00 ETA: 0:00:00] Portfolio Val: 100,000.00Progress ||  52.38%  [Elapsed: 0:00:00 ETA: 0:00:00] Portfolio Val: 100,000.00Progress ||  52.42%  [Elapsed: 0:00:00 ETA: 0:00:00] Portfolio Val: 100,000.00Progress ||  52.53%  [Elapsed: 0:00:00 ETA: 0:00:00] Portfolio Val: 100,000.00Progress ||  52.68%  [Elapsed: 0:00:00 ETA: 0:00:00] Portfolio Val: 100,000.00Progress ||  52.82%  [Elapsed: 0:00:00 ETA: 0:00:00] Portfolio Val: 100,000.00Progress ||  52.87%  [Elapsed: 0:00:00 ETA: 0:00:00] Portfolio Val: 100,000.00Progress ||  52.97%  [Elapsed: 0:00:00 ETA: 0:00:00] Portfolio Val: 100,000.00Progress ||  53.01%  [Elapsed: 0:00:00 ETA: 0:00:00] Portfolio Val: 100,000.00Progress ||  53.12%  [Elapsed: 0:00:00 ETA: 0:00:00] Portfolio Val: 100,000.00Progress ||  53.16%  [Elapsed: 0:00:00 ETA: 0:00:00] Portfolio Val: 100,000.00Progress ||  53.27%  [Elapsed: 0:00:00 ETA: 0:00:00] Portfolio Val: 100,000.00Progress ||  53.31%  [Elapsed: 0:00:00 ETA: 0:00:00] Portfolio Val: 100,000.00Progress ||  53.42%  [Elapsed: 0:00:00 ETA: 0:00:00] Portfolio Val: 100,000.00Progress ||  53.46%  [Elapsed: 0:00:00 ETA: 0:00:00] Portfolio Val: 100,000.00Progress ||  53.57%  [Elapsed: 0:00:00 ETA: 0:00:00] Portfolio Val: 100,000.00Progress ||  53.72%  [Elapsed: 0:00:00 ETA: 0:00:00] Portfolio Val: 100,000.00Progress ||  53.87%  [Elapsed: 0:00:00 ETA: 0:00:00] Portfolio Val: 100,000.00Progress ||  53.91%  [Elapsed: 0:00:00 ETA: 0:00:00] Portfolio Val: 100,000.00Progress ||  54.02%  [Elapsed: 0:00:00 ETA: 0:00:00] Portfolio Val: 100,000.00Progress ||  54.06%  [Elapsed: 0:00:00 ETA: 0:00:00] Portfolio Val: 100,000.00Progress ||  54.17%  [Elapsed: 0:00:00 ETA: 0:00:00] Portfolio Val: 100,000.00Progress ||  54.21%  [Elapsed: 0:00:00 ETA: 0:00:00] Portfolio Val: 100,000.00Progress ||  54.32%  [Elapsed: 0:00:00 ETA: 0:00:00] Portfolio Val: 100,000.00Progress ||  54.36%  [Elapsed: 0:00:00 ETA: 0:00:00] Portfolio Val: 100,000.00Progress ||  54.47%  [Elapsed: 0:00:00 ETA: 0:00:00] Portfolio Val: 100,000.00Progress ||  54.51%  [Elapsed: 0:00:00 ETA: 0:00:00] Portfolio Val: 100,000.00Progress ||  54.62%  [Elapsed: 0:00:00 ETA: 0:00:00] Portfolio Val: 100,000.00Progress ||  54.77%  [Elapsed: 0:00:00 ETA: 0:00:00] Portfolio Val: 100,000.00Progress ||  54.92%  [Elapsed: 0:00:00 ETA: 0:00:00] Portfolio Val: 100,000.00Progress ||  55.07%  [Elapsed: 0:00:00 ETA: 0:00:00] Portfolio Val: 100,000.00Progress ||  55.11%  [Elapsed: 0:00:00 ETA: 0:00:00] Portfolio Val: 100,000.00Progress ||  55.22%  [Elapsed: 0:00:00 ETA: 0:00:00] Portfolio Val: 100,000.00Progress ||  55.26%  [Elapsed: 0:00:00 ETA: 0:00:00] Portfolio Val: 100,000.00Progress ||  55.37%  [Elapsed: 0:00:00 ETA: 0:00:00] Portfolio Val: 100,000.00Progress ||  55.41%  [Elapsed: 0:00:00 ETA: 0:00:00] Portfolio Val: 100,000.00Progress ||  55.52%  [Elapsed: 0:00:00 ETA: 0:00:00] Portfolio Val: 100,000.00Progress ||  55.56%  [Elapsed: 0:00:00 ETA: 0:00:00] Portfolio Val: 100,000.00Progress ||  55.66%  [Elapsed: 0:00:00 ETA: 0:00:00] Portfolio Val: 100,000.00Progress ||  55.81%  [Elapsed: 0:00:00 ETA: 0:00:00] Portfolio Val: 100,000.00Progress ||  55.96%  [Elapsed: 0:00:00 ETA: 0:00:00] Portfolio Val: 100,000.00Progress ||  56.00%  [Elapsed: 0:00:00 ETA: 0:00:00] Portfolio Val: 100,000.00Progress ||  56.11%  [Elapsed: 0:00:00 ETA: 0:00:00] Portfolio Val: 100,000.00Progress ||  56.15%  [Elapsed: 0:00:00 ETA: 0:00:00] Portfolio Val: 100,000.00Progress ||  56.26%  [Elapsed: 0:00:00 ETA: 0:00:00] Portfolio Val: 100,000.00Progress ||  56.30%  [Elapsed: 0:00:00 ETA: 0:00:00] Portfolio Val: 100,000.00Progress ||  56.41%  [Elapsed: 0:00:00 ETA: 0:00:00] Portfolio Val: 100,000.00Progress ||  56.45%  [Elapsed: 0:00:00 ETA: 0:00:00] Portfolio Val: 100,000.00Progress ||  56.56%  [Elapsed: 0:00:00 ETA: 0:00:00] Portfolio Val: 100,000.00Progress ||  56.60%  [Elapsed: 0:00:00 ETA: 0:00:00] Portfolio Val: 100,000.00Progress ||  56.71%  [Elapsed: 0:00:00 ETA: 0:00:00] Portfolio Val: 100,000.00Progress ||  56.86%  [Elapsed: 0:00:00 ETA: 0:00:00] Portfolio Val: 100,000.00Progress ||  57.01%  [Elapsed: 0:00:00 ETA: 0:00:00] Portfolio Val: 100,000.00Progress ||  57.05%  [Elapsed: 0:00:00 ETA: 0:00:00] Portfolio Val: 100,000.00Progress ||  57.16%  [Elapsed: 0:00:00 ETA: 0:00:00] Portfolio Val: 100,000.00Progress ||  57.20%  [Elapsed: 0:00:00 ETA: 0:00:00] Portfolio Val: 100,000.00Progress ||  57.31%  [Elapsed: 0:00:00 ETA: 0:00:00] Portfolio Val: 100,000.00Progress ||  57.35%  [Elapsed: 0:00:00 ETA: 0:00:00] Portfolio Val: 100,000.00Progress ||  57.46%  [Elapsed: 0:00:00 ETA: 0:00:00] Portfolio Val: 100,000.00Progress ||  57.50%  [Elapsed: 0:00:00 ETA: 0:00:00] Portfolio Val: 100,000.00Progress ||  57.61%  [Elapsed: 0:00:00 ETA: 0:00:00] Portfolio Val: 100,000.00Progress ||  57.65%  [Elapsed: 0:00:00 ETA: 0:00:00] Portfolio Val: 100,000.00Progress ||  57.76%  [Elapsed: 0:00:00 ETA: 0:00:00] Portfolio Val: 100,000.00Progress ||  57.91%  [Elapsed: 0:00:00 ETA: 0:00:00] Portfolio Val: 100,000.00Progress ||  58.06%  [Elapsed: 0:00:00 ETA: 0:00:00] Portfolio Val: 100,000.00Progress ||  58.10%  [Elapsed: 0:00:00 ETA: 0:00:00] Portfolio Val: 100,000.00Progress ||  58.21%  [Elapsed: 0:00:00 ETA: 0:00:00] Portfolio Val: 100,000.00Progress ||  58.25%  [Elapsed: 0:00:00 ETA: 0:00:00] Portfolio Val: 100,000.00Progress ||  58.36%  [Elapsed: 0:00:00 ETA: 0:00:00] Portfolio Val: 100,000.00Progress ||  58.40%  [Elapsed: 0:00:00 ETA: 0:00:00] Portfolio Val: 100,000.00Progress ||  58.50%  [Elapsed: 0:00:00 ETA: 0:00:00] Portfolio Val: 100,000.00Progress ||  58.55%  [Elapsed: 0:00:00 ETA: 0:00:00] Portfolio Val: 100,000.00Progress ||  58.65%  [Elapsed: 0:00:00 ETA: 0:00:00] Portfolio Val: 100,000.00Progress ||  58.69%  [Elapsed: 0:00:00 ETA: 0:00:00] Portfolio Val: 100,000.00Progress ||  58.80%  [Elapsed: 0:00:00 ETA: 0:00:00] Portfolio Val: 100,000.00Progress ||  58.95%  [Elapsed: 0:00:00 ETA: 0:00:00] Portfolio Val: 100,000.00Progress ||  59.10%  [Elapsed: 0:00:00 ETA: 0:00:00] Portfolio Val: 100,000.00Progress ||  59.14%  [Elapsed: 0:00:00 ETA: 0:00:00] Portfolio Val: 100,000.00Progress ||  59.25%  [Elapsed: 0:00:00 ETA: 0:00:00] Portfolio Val: 100,000.00Progress ||  59.29%  [Elapsed: 0:00:00 ETA: 0:00:00] Portfolio Val: 100,000.00Progress ||  59.40%  [Elapsed: 0:00:00 ETA: 0:00:00] Portfolio Val: 100,000.00Progress ||  59.44%  [Elapsed: 0:00:00 ETA: 0:00:00] Portfolio Val: 100,000.00Progress ||  59.55%  [Elapsed: 0:00:00 ETA: 0:00:00] Portfolio Val: 100,000.00Progress ||  59.59%  [Elapsed: 0:00:00 ETA: 0:00:00] Portfolio Val: 100,000.00Progress ||  59.70%  [Elapsed: 0:00:00 ETA: 0:00:00] Portfolio Val: 100,000.00Progress ||  59.74%  [Elapsed: 0:00:00 ETA: 0:00:00] Portfolio Val: 100,000.00Progress ||  59.85%  [Elapsed: 0:00:00 ETA: 0:00:00] Portfolio Val: 100,000.00Progress ||  60.00%  [Elapsed: 0:00:00 ETA: 0:00:00] Portfolio Val: 100,000.00Progress ||  60.15%  [Elapsed: 0:00:00 ETA: 0:00:00] Portfolio Val: 100,000.00Progress ||  60.19%  [Elapsed: 0:00:00 ETA: 0:00:00] Portfolio Val: 100,000.00Progress ||  60.30%  [Elapsed: 0:00:00 ETA: 0:00:00] Portfolio Val: 100,000.00Progress ||  60.34%  [Elapsed: 0:00:00 ETA: 0:00:00] Portfolio Val: 100,000.00Progress ||  60.45%  [Elapsed: 0:00:00 ETA: 0:00:00] Portfolio Val: 100,000.00Progress ||  60.49%  [Elapsed: 0:00:00 ETA: 0:00:00] Portfolio Val: 100,000.00Progress ||  60.60%  [Elapsed: 0:00:00 ETA: 0:00:00] Portfolio Val: 100,000.00Progress ||  60.64%  [Elapsed: 0:00:00 ETA: 0:00:00] Portfolio Val: 100,000.00Progress ||  60.75%  [Elapsed: 0:00:00 ETA: 0:00:00] Portfolio Val: 100,000.00Progress ||  60.79%  [Elapsed: 0:00:00 ETA: 0:00:00] Portfolio Val: 100,000.00Progress ||  60.90%  [Elapsed: 0:00:00 ETA: 0:00:00] Portfolio Val: 100,000.00Progress ||  61.05%  [Elapsed: 0:00:00 ETA: 0:00:00] Portfolio Val: 100,000.00Progress ||  61.20%  [Elapsed: 0:00:00 ETA: 0:00:00] Portfolio Val: 100,000.00Progress ||  61.24%  [Elapsed: 0:00:00 ETA: 0:00:00] Portfolio Val: 100,000.00Progress ||  61.34%  [Elapsed: 0:00:00 ETA: 0:00:00] Portfolio Val: 100,000.00Progress ||  61.39%  [Elapsed: 0:00:00 ETA: 0:00:00] Portfolio Val: 100,000.00Progress ||  61.49%  [Elapsed: 0:00:00 ETA: 0:00:00] Portfolio Val: 100,000.00Progress ||  61.53%  [Elapsed: 0:00:00 ETA: 0:00:00] Portfolio Val: 100,000.00Progress ||  61.64%  [Elapsed: 0:00:00 ETA: 0:00:00] Portfolio Val: 100,000.00Progress ||  61.68%  [Elapsed: 0:00:00 ETA: 0:00:00] Portfolio Val: 100,000.00Progress ||  61.79%  [Elapsed: 0:00:00 ETA: 0:00:00] Portfolio Val: 100,000.00Progress ||  61.83%  [Elapsed: 0:00:00 ETA: 0:00:00] Portfolio Val: 100,000.00Progress ||  61.94%  [Elapsed: 0:00:00 ETA: 0:00:00] Portfolio Val: 100,000.00Progress ||  62.09%  [Elapsed: 0:00:00 ETA: 0:00:00] Portfolio Val: 100,000.00Progress ||  62.24%  [Elapsed: 0:00:00 ETA: 0:00:00] Portfolio Val: 100,000.00Progress ||  62.28%  [Elapsed: 0:00:00 ETA: 0:00:00] Portfolio Val: 100,000.00Progress ||  62.39%  [Elapsed: 0:00:00 ETA: 0:00:00] Portfolio Val: 100,000.00Progress ||  62.43%  [Elapsed: 0:00:00 ETA: 0:00:00] Portfolio Val: 100,000.00Progress ||  62.54%  [Elapsed: 0:00:00 ETA: 0:00:00] Portfolio Val: 100,000.00Progress ||  62.58%  [Elapsed: 0:00:00 ETA: 0:00:00] Portfolio Val: 100,000.00Progress ||  62.69%  [Elapsed: 0:00:00 ETA: 0:00:00] Portfolio Val: 100,000.00Progress ||  62.73%  [Elapsed: 0:00:00 ETA: 0:00:00] Portfolio Val: 100,000.00Progress ||  62.84%  [Elapsed: 0:00:00 ETA: 0:00:00] Portfolio Val: 100,000.00Progress ||  62.88%  [Elapsed: 0:00:00 ETA: 0:00:00] Portfolio Val: 100,000.00Progress ||  62.99%  [Elapsed: 0:00:00 ETA: 0:00:00] Portfolio Val: 100,000.00Progress ||  63.14%  [Elapsed: 0:00:00 ETA: 0:00:00] Portfolio Val: 100,000.00Progress ||  63.29%  [Elapsed: 0:00:00 ETA: 0:00:00] Portfolio Val: 100,000.00Progress ||  63.33%  [Elapsed: 0:00:00 ETA: 0:00:00] Portfolio Val: 100,000.00Progress ||  63.44%  [Elapsed: 0:00:00 ETA: 0:00:00] Portfolio Val: 100,000.00Progress ||  63.48%  [Elapsed: 0:00:00 ETA: 0:00:00] Portfolio Val: 100,000.00Progress ||  63.59%  [Elapsed: 0:00:00 ETA: 0:00:00] Portfolio Val: 100,000.00Progress ||  63.63%  [Elapsed: 0:00:00 ETA: 0:00:00] Portfolio Val: 100,000.00Progress ||  63.74%  [Elapsed: 0:00:00 ETA: 0:00:00] Portfolio Val: 100,000.00Progress ||  63.78%  [Elapsed: 0:00:00 ETA: 0:00:00] Portfolio Val: 100,000.00Progress ||  63.89%  [Elapsed: 0:00:00 ETA: 0:00:00] Portfolio Val: 100,000.00Progress ||  63.93%  [Elapsed: 0:00:00 ETA: 0:00:00] Portfolio Val: 100,000.00Progress ||  64.04%  [Elapsed: 0:00:00 ETA: 0:00:00] Portfolio Val: 100,000.00Progress ||  64.18%  [Elapsed: 0:00:00 ETA: 0:00:00] Portfolio Val: 100,000.00Progress ||  64.33%  [Elapsed: 0:00:00 ETA: 0:00:00] Portfolio Val: 100,000.00Progress ||  64.38%  [Elapsed: 0:00:00 ETA: 0:00:00] Portfolio Val: 100,000.00Progress ||  64.48%  [Elapsed: 0:00:00 ETA: 0:00:00] Portfolio Val: 100,000.00Progress ||  64.53%  [Elapsed: 0:00:00 ETA: 0:00:00] Portfolio Val: 100,000.00Progress ||  64.63%  [Elapsed: 0:00:00 ETA: 0:00:00] Portfolio Val: 100,000.00Progress ||  64.68%  [Elapsed: 0:00:00 ETA: 0:00:00] Portfolio Val: 100,000.00Progress ||  64.78%  [Elapsed: 0:00:00 ETA: 0:00:00] Portfolio Val: 100,000.00Progress ||  64.83%  [Elapsed: 0:00:00 ETA: 0:00:00] Portfolio Val: 100,000.00Progress ||  64.93%  [Elapsed: 0:00:00 ETA: 0:00:00] Portfolio Val: 100,000.00Progress ||  64.98%  [Elapsed: 0:00:00 ETA: 0:00:00] Portfolio Val: 100,000.00Progress ||  65.08%  [Elapsed: 0:00:00 ETA: 0:00:00] Portfolio Val: 100,000.00Progress ||  65.23%  [Elapsed: 0:00:00 ETA: 0:00:00] Portfolio Val: 100,000.00Progress ||  65.38%  [Elapsed: 0:00:00 ETA: 0:00:00] Portfolio Val: 100,000.00Progress ||  65.43%  [Elapsed: 0:00:00 ETA: 0:00:00] Portfolio Val: 100,000.00Progress ||  65.53%  [Elapsed: 0:00:00 ETA: 0:00:00] Portfolio Val: 100,000.00Progress ||  65.58%  [Elapsed: 0:00:00 ETA: 0:00:00] Portfolio Val: 100,000.00Progress ||  65.68%  [Elapsed: 0:00:00 ETA: 0:00:00] Portfolio Val: 100,000.00Progress ||  65.73%  [Elapsed: 0:00:00 ETA: 0:00:00] Portfolio Val: 100,000.00Progress ||  65.83%  [Elapsed: 0:00:00 ETA: 0:00:00] Portfolio Val: 100,000.00Progress ||  65.88%  [Elapsed: 0:00:00 ETA: 0:00:00] Portfolio Val: 100,000.00Progress ||  65.98%  [Elapsed: 0:00:00 ETA: 0:00:00] Portfolio Val: 100,000.00Progress ||  66.03%  [Elapsed: 0:00:00 ETA: 0:00:00] Portfolio Val: 100,000.00Progress ||  66.13%  [Elapsed: 0:00:00 ETA: 0:00:00] Portfolio Val: 100,000.00Progress ||  66.28%  [Elapsed: 0:00:00 ETA: 0:00:00] Portfolio Val: 100,000.00Progress ||  66.43%  [Elapsed: 0:00:00 ETA: 0:00:00] Portfolio Val: 100,000.00Progress ||  66.47%  [Elapsed: 0:00:00 ETA: 0:00:00] Portfolio Val: 100,000.00Progress ||  66.58%  [Elapsed: 0:00:00 ETA: 0:00:00] Portfolio Val: 100,000.00Progress ||  66.62%  [Elapsed: 0:00:00 ETA: 0:00:00] Portfolio Val: 100,000.00Progress ||  66.73%  [Elapsed: 0:00:00 ETA: 0:00:00] Portfolio Val: 100,000.00Progress ||  66.77%  [Elapsed: 0:00:00 ETA: 0:00:00] Portfolio Val: 100,000.00Progress ||  66.88%  [Elapsed: 0:00:00 ETA: 0:00:00] Portfolio Val: 100,000.00Progress ||  66.92%  [Elapsed: 0:00:00 ETA: 0:00:00] Portfolio Val: 100,000.00Progress ||  67.02%  [Elapsed: 0:00:00 ETA: 0:00:00] Portfolio Val: 100,000.00Progress ||  67.07%  [Elapsed: 0:00:00 ETA: 0:00:00] Portfolio Val: 100,000.00Progress ||  67.17%  [Elapsed: 0:00:00 ETA: 0:00:00] Portfolio Val: 100,000.00Progress ||  67.32%  [Elapsed: 0:00:00 ETA: 0:00:00] Portfolio Val: 100,000.00Progress ||  67.47%  [Elapsed: 0:00:00 ETA: 0:00:00] Portfolio Val: 100,000.00Progress ||  67.52%  [Elapsed: 0:00:00 ETA: 0:00:00] Portfolio Val: 100,000.00Progress ||  67.62%  [Elapsed: 0:00:00 ETA: 0:00:00] Portfolio Val: 100,000.00Progress ||  67.67%  [Elapsed: 0:00:00 ETA: 0:00:00] Portfolio Val: 100,000.00Progress ||  67.77%  [Elapsed: 0:00:00 ETA: 0:00:00] Portfolio Val: 100,000.00Progress ||  67.82%  [Elapsed: 0:00:00 ETA: 0:00:00] Portfolio Val: 100,000.00Progress ||  67.92%  [Elapsed: 0:00:00 ETA: 0:00:00] Portfolio Val: 100,000.00Progress ||  68.07%  [Elapsed: 0:00:00 ETA: 0:00:00] Portfolio Val: 100,000.00Progress ||  68.10%  [Elapsed: 0:00:00 ETA: 0:00:00] Portfolio Val: 100,000.00Progress ||  68.22%  [Elapsed: 0:00:00 ETA: 0:00:00] Portfolio Val: 100,000.00Progress ||  68.37%  [Elapsed: 0:00:00 ETA: 0:00:00] Portfolio Val: 100,000.00Progress ||  68.52%  [Elapsed: 0:00:00 ETA: 0:00:00] Portfolio Val: 100,000.00Progress ||  68.57%  [Elapsed: 0:00:00 ETA: 0:00:00] Portfolio Val: 100,000.00Progress ||  68.67%  [Elapsed: 0:00:00 ETA: 0:00:00] Portfolio Val: 100,000.00Progress ||  68.72%  [Elapsed: 0:00:00 ETA: 0:00:00] Portfolio Val: 100,000.00Progress ||  68.82%  [Elapsed: 0:00:00 ETA: 0:00:00] Portfolio Val: 100,000.00Progress ||  68.87%  [Elapsed: 0:00:00 ETA: 0:00:00] Portfolio Val: 100,000.00Progress ||  68.97%  [Elapsed: 0:00:00 ETA: 0:00:00] Portfolio Val: 100,000.00Progress ||  69.01%  [Elapsed: 0:00:00 ETA: 0:00:00] Portfolio Val: 100,000.00Progress ||  69.12%  [Elapsed: 0:00:00 ETA: 0:00:00] Portfolio Val: 100,000.00Progress ||  69.16%  [Elapsed: 0:00:00 ETA: 0:00:00] Portfolio Val: 100,000.00Progress ||  69.27%  [Elapsed: 0:00:00 ETA: 0:00:00] Portfolio Val: 100,000.00Progress ||  69.42%  [Elapsed: 0:00:00 ETA: 0:00:00] Portfolio Val: 100,000.00Progress ||  69.57%  [Elapsed: 0:00:00 ETA: 0:00:00] Portfolio Val: 100,000.00Progress ||  69.61%  [Elapsed: 0:00:00 ETA: 0:00:00] Portfolio Val: 100,000.00Progress ||  69.72%  [Elapsed: 0:00:00 ETA: 0:00:00] Portfolio Val: 100,000.00Progress ||  69.76%  [Elapsed: 0:00:00 ETA: 0:00:00] Portfolio Val: 100,000.00Progress ||  69.86%  [Elapsed: 0:00:00 ETA: 0:00:00] Portfolio Val: 100,000.00Progress ||  69.91%  [Elapsed: 0:00:00 ETA: 0:00:00] Portfolio Val: 100,000.00Progress ||  70.01%  [Elapsed: 0:00:00 ETA: 0:00:00] Portfolio Val: 100,000.00Progress ||  70.06%  [Elapsed: 0:00:00 ETA: 0:00:00] Portfolio Val: 100,000.00Progress ||  70.16%  [Elapsed: 0:00:00 ETA: 0:00:00] Portfolio Val: 100,000.00Progress ||  70.21%  [Elapsed: 0:00:00 ETA: 0:00:00] Portfolio Val: 100,000.00Progress ||  70.31%  [Elapsed: 0:00:00 ETA: 0:00:00] Portfolio Val: 100,000.00Progress ||  70.46%  [Elapsed: 0:00:00 ETA: 0:00:00] Portfolio Val: 100,000.00Progress ||  70.61%  [Elapsed: 0:00:00 ETA: 0:00:00] Portfolio Val: 100,000.00Progress ||  70.66%  [Elapsed: 0:00:00 ETA: 0:00:00] Portfolio Val: 100,000.00Progress ||  70.76%  [Elapsed: 0:00:00 ETA: 0:00:00] Portfolio Val: 100,000.00Progress ||  70.81%  [Elapsed: 0:00:00 ETA: 0:00:00] Portfolio Val: 100,000.00Progress ||  70.91%  [Elapsed: 0:00:00 ETA: 0:00:00] Portfolio Val: 100,000.00Progress ||  70.96%  [Elapsed: 0:00:00 ETA: 0:00:00] Portfolio Val: 100,000.00Progress ||  71.06%  [Elapsed: 0:00:00 ETA: 0:00:00] Portfolio Val: 100,000.00Progress ||  71.11%  [Elapsed: 0:00:00 ETA: 0:00:00] Portfolio Val: 100,000.00Progress ||  71.21%  [Elapsed: 0:00:00 ETA: 0:00:00] Portfolio Val: 100,000.00Progress ||  71.26%  [Elapsed: 0:00:00 ETA: 0:00:00] Portfolio Val: 100,000.00Progress ||  71.36%  [Elapsed: 0:00:00 ETA: 0:00:00] Portfolio Val: 100,000.00Progress ||  71.51%  [Elapsed: 0:00:00 ETA: 0:00:00] Portfolio Val: 100,000.00Progress ||  71.66%  [Elapsed: 0:00:00 ETA: 0:00:00] Portfolio Val: 100,000.00Progress ||  71.71%  [Elapsed: 0:00:00 ETA: 0:00:00] Portfolio Val: 100,000.00Progress ||  71.81%  [Elapsed: 0:00:00 ETA: 0:00:00] Portfolio Val: 100,000.00Progress ||  71.84%  [Elapsed: 0:00:00 ETA: 0:00:00] Portfolio Val: 100,000.00Progress ||  71.96%  [Elapsed: 0:00:00 ETA: 0:00:00] Portfolio Val: 100,000.00Progress ||  72.11%  [Elapsed: 0:00:00 ETA: 0:00:00] Portfolio Val: 100,000.00Progress ||  72.15%  [Elapsed: 0:00:00 ETA: 0:00:00] Portfolio Val: 100,000.00Progress ||  72.26%  [Elapsed: 0:00:00 ETA: 0:00:00] Portfolio Val: 100,000.00Progress ||  72.30%  [Elapsed: 0:00:00 ETA: 0:00:00] Portfolio Val: 100,000.00Progress ||  72.41%  [Elapsed: 0:00:00 ETA: 0:00:00] Portfolio Val: 100,000.00Progress ||  72.56%  [Elapsed: 0:00:00 ETA: 0:00:00] Portfolio Val: 100,000.00Progress ||  72.70%  [Elapsed: 0:00:00 ETA: 0:00:00] Portfolio Val: 100,000.00Progress ||  72.75%  [Elapsed: 0:00:00 ETA: 0:00:00] Portfolio Val: 100,000.00Progress ||  72.85%  [Elapsed: 0:00:00 ETA: 0:00:00] Portfolio Val: 100,000.00Progress ||  72.90%  [Elapsed: 0:00:00 ETA: 0:00:00] Portfolio Val: 100,000.00Progress ||  73.00%  [Elapsed: 0:00:00 ETA: 0:00:00] Portfolio Val: 100,000.00Progress ||  73.15%  [Elapsed: 0:00:00 ETA: 0:00:00] Portfolio Val: 100,000.00Progress ||  73.20%  [Elapsed: 0:00:00 ETA: 0:00:00] Portfolio Val: 100,000.00Progress ||  73.30%  [Elapsed: 0:00:00 ETA: 0:00:00] Portfolio Val: 100,000.00Progress ||  73.35%  [Elapsed: 0:00:00 ETA: 0:00:00] Portfolio Val: 100,000.00Progress ||  73.45%  [Elapsed: 0:00:00 ETA: 0:00:00] Portfolio Val: 100,000.00Progress ||  73.60%  [Elapsed: 0:00:00 ETA: 0:00:00] Portfolio Val: 100,000.00Progress ||  73.75%  [Elapsed: 0:00:00 ETA: 0:00:00] Portfolio Val: 100,000.00Progress ||  73.80%  [Elapsed: 0:00:00 ETA: 0:00:00] Portfolio Val: 100,000.00Progress ||  73.90%  [Elapsed: 0:00:00 ETA: 0:00:00] Portfolio Val: 100,000.00Progress ||  73.95%  [Elapsed: 0:00:00 ETA: 0:00:00] Portfolio Val: 100,000.00Progress ||  74.05%  [Elapsed: 0:00:00 ETA: 0:00:00] Portfolio Val: 100,000.00Progress ||  74.10%  [Elapsed: 0:00:00 ETA: 0:00:00] Portfolio Val: 100,000.00Progress ||  74.20%  [Elapsed: 0:00:00 ETA: 0:00:00] Portfolio Val: 100,000.00Progress ||  74.35%  [Elapsed: 0:00:00 ETA: 0:00:00] Portfolio Val: 100,000.00Progress ||  74.40%  [Elapsed: 0:00:00 ETA: 0:00:00] Portfolio Val: 100,000.00Progress ||  74.50%  [Elapsed: 0:00:00 ETA: 0:00:00] Portfolio Val: 100,000.00Progress ||  74.65%  [Elapsed: 0:00:00 ETA: 0:00:00] Portfolio Val: 100,000.00Progress ||  74.80%  [Elapsed: 0:00:00 ETA: 0:00:00] Portfolio Val: 100,000.00Progress ||  74.84%  [Elapsed: 0:00:00 ETA: 0:00:00] Portfolio Val: 100,000.00Progress ||  74.95%  [Elapsed: 0:00:00 ETA: 0:00:00] Portfolio Val: 100,000.00Progress ||  74.99%  [Elapsed: 0:00:00 ETA: 0:00:00] Portfolio Val: 100,000.00Progress ||  75.10%  [Elapsed: 0:00:00 ETA: 0:00:00] Portfolio Val: 100,000.00Progress ||  75.14%  [Elapsed: 0:00:00 ETA: 0:00:00] Portfolio Val: 100,000.00Progress ||  75.25%  [Elapsed: 0:00:00 ETA: 0:00:00] Portfolio Val: 100,000.00Progress ||  75.29%  [Elapsed: 0:00:00 ETA: 0:00:00] Portfolio Val: 100,000.00Progress ||  75.40%  [Elapsed: 0:00:00 ETA: 0:00:00] Portfolio Val: 100,000.00Progress ||  75.44%  [Elapsed: 0:00:00 ETA: 0:00:00] Portfolio Val: 100,000.00Progress ||  75.55%  [Elapsed: 0:00:00 ETA: 0:00:00] Portfolio Val: 100,000.00Progress ||  75.69%  [Elapsed: 0:00:00 ETA: 0:00:00] Portfolio Val: 100,000.00Progress ||  75.84%  [Elapsed: 0:00:00 ETA: 0:00:00] Portfolio Val: 100,000.00Progress ||  75.99%  [Elapsed: 0:00:00 ETA: 0:00:00] Portfolio Val: 100,000.00Progress ||  76.04%  [Elapsed: 0:00:00 ETA: 0:00:00] Portfolio Val: 100,000.00Progress ||  76.14%  [Elapsed: 0:00:00 ETA: 0:00:00] Portfolio Val: 100,000.00Progress ||  76.19%  [Elapsed: 0:00:00 ETA: 0:00:00] Portfolio Val: 100,000.00Progress ||  76.29%  [Elapsed: 0:00:00 ETA: 0:00:00] Portfolio Val: 100,000.00Progress ||  76.34%  [Elapsed: 0:00:00 ETA: 0:00:00] Portfolio Val: 100,000.00Progress ||  76.44%  [Elapsed: 0:00:00 ETA: 0:00:00] Portfolio Val: 100,000.00Progress ||  76.49%  [Elapsed: 0:00:00 ETA: 0:00:00] Portfolio Val: 100,000.00Progress ||  76.59%  [Elapsed: 0:00:00 ETA: 0:00:00] Portfolio Val: 100,000.00Progress ||  76.74%  [Elapsed: 0:00:00 ETA: 0:00:00] Portfolio Val: 100,000.00Progress ||  76.89%  [Elapsed: 0:00:00 ETA: 0:00:00] Portfolio Val: 100,000.00Progress ||  76.94%  [Elapsed: 0:00:00 ETA: 0:00:00] Portfolio Val: 100,000.00Progress ||  77.04%  [Elapsed: 0:00:00 ETA: 0:00:00] Portfolio Val: 100,000.00Progress ||  77.09%  [Elapsed: 0:00:00 ETA: 0:00:00] Portfolio Val: 100,000.00Progress ||  77.19%  [Elapsed: 0:00:00 ETA: 0:00:00] Portfolio Val: 100,000.00Progress ||  77.24%  [Elapsed: 0:00:00 ETA: 0:00:00] Portfolio Val: 100,000.00Progress ||  77.34%  [Elapsed: 0:00:00 ETA: 0:00:00] Portfolio Val: 100,000.00Progress ||  77.39%  [Elapsed: 0:00:00 ETA: 0:00:00] Portfolio Val: 100,000.00Progress ||  77.49%  [Elapsed: 0:00:00 ETA: 0:00:00] Portfolio Val: 100,000.00Progress ||  77.53%  [Elapsed: 0:00:00 ETA: 0:00:00] Portfolio Val: 100,000.00Progress ||  77.64%  [Elapsed: 0:00:00 ETA: 0:00:00] Portfolio Val: 100,000.00Progress ||  77.79%  [Elapsed: 0:00:00 ETA: 0:00:00] Portfolio Val: 100,000.00Progress ||  77.94%  [Elapsed: 0:00:00 ETA: 0:00:00] Portfolio Val: 100,000.00Progress ||  77.98%  [Elapsed: 0:00:00 ETA: 0:00:00] Portfolio Val: 100,000.00Progress ||  78.09%  [Elapsed: 0:00:00 ETA: 0:00:00] Portfolio Val: 100,000.00Progress ||  78.13%  [Elapsed: 0:00:00 ETA: 0:00:00] Portfolio Val: 100,000.00Progress ||  78.24%  [Elapsed: 0:00:00 ETA: 0:00:00] Portfolio Val: 100,000.00Progress ||  78.28%  [Elapsed: 0:00:00 ETA: 0:00:00] Portfolio Val: 100,000.00Progress ||  78.39%  [Elapsed: 0:00:00 ETA: 0:00:00] Portfolio Val: 100,000.00Progress ||  78.43%  [Elapsed: 0:00:00 ETA: 0:00:00] Portfolio Val: 100,000.00Progress ||  78.53%  [Elapsed: 0:00:00 ETA: 0:00:00] Portfolio Val: 100,000.00Progress ||  78.58%  [Elapsed: 0:00:00 ETA: 0:00:00] Portfolio Val: 100,000.00Progress ||  78.68%  [Elapsed: 0:00:00 ETA: 0:00:00] Portfolio Val: 100,000.00Progress ||  78.83%  [Elapsed: 0:00:00 ETA: 0:00:00] Portfolio Val: 100,000.00Progress ||  78.98%  [Elapsed: 0:00:00 ETA: 0:00:00] Portfolio Val: 100,000.00Progress ||  79.03%  [Elapsed: 0:00:00 ETA: 0:00:00] Portfolio Val: 100,000.00Progress ||  79.13%  [Elapsed: 0:00:00 ETA: 0:00:00] Portfolio Val: 100,000.00Progress ||  79.18%  [Elapsed: 0:00:00 ETA: 0:00:00] Portfolio Val: 100,000.00Progress ||  79.28%  [Elapsed: 0:00:00 ETA: 0:00:00] Portfolio Val: 100,000.00Progress ||  79.33%  [Elapsed: 0:00:00 ETA: 0:00:00] Portfolio Val: 100,000.00Progress ||  79.43%  [Elapsed: 0:00:00 ETA: 0:00:00] Portfolio Val: 100,000.00Progress ||  79.48%  [Elapsed: 0:00:00 ETA: 0:00:00] Portfolio Val: 100,000.00Progress ||  79.58%  [Elapsed: 0:00:00 ETA: 0:00:00] Portfolio Val: 100,000.00Progress ||  79.63%  [Elapsed: 0:00:00 ETA: 0:00:00] Portfolio Val: 100,000.00Progress ||  79.73%  [Elapsed: 0:00:00 ETA: 0:00:00] Portfolio Val: 100,000.00Progress ||  79.88%  [Elapsed: 0:00:00 ETA: 0:00:00] Portfolio Val: 100,000.00Progress ||  80.03%  [Elapsed: 0:00:00 ETA: 0:00:00] Portfolio Val: 100,000.00Progress ||  80.18%  [Elapsed: 0:00:00 ETA: 0:00:00] Portfolio Val: 100,000.00Progress ||  80.23%  [Elapsed: 0:00:00 ETA: 0:00:00] Portfolio Val: 100,000.00Progress ||  80.33%  [Elapsed: 0:00:00 ETA: 0:00:00] Portfolio Val: 100,000.00Progress ||  80.38%  [Elapsed: 0:00:00 ETA: 0:00:00] Portfolio Val: 100,000.00Progress ||  80.48%  [Elapsed: 0:00:00 ETA: 0:00:00] Portfolio Val: 100,000.00Progress ||  80.52%  [Elapsed: 0:00:00 ETA: 0:00:00] Portfolio Val: 100,000.00Progress ||  80.63%  [Elapsed: 0:00:00 ETA: 0:00:00] Portfolio Val: 100,000.00Progress ||  80.67%  [Elapsed: 0:00:00 ETA: 0:00:00] Portfolio Val: 100,000.00Progress ||  80.78%  [Elapsed: 0:00:00 ETA: 0:00:00] Portfolio Val: 100,000.00Progress ||  80.93%  [Elapsed: 0:00:00 ETA: 0:00:00] Portfolio Val: 100,000.00Progress ||  81.08%  [Elapsed: 0:00:00 ETA: 0:00:00] Portfolio Val: 100,000.00Progress ||  81.12%  [Elapsed: 0:00:00 ETA: 0:00:00] Portfolio Val: 100,000.00Progress ||  81.23%  [Elapsed: 0:00:00 ETA: 0:00:00] Portfolio Val: 100,000.00Progress ||  81.27%  [Elapsed: 0:00:00 ETA: 0:00:00] Portfolio Val: 100,000.00Progress ||  81.37%  [Elapsed: 0:00:00 ETA: 0:00:00] Portfolio Val: 100,000.00Progress ||  81.42%  [Elapsed: 0:00:00 ETA: 0:00:00] Portfolio Val: 100,000.00Progress ||  81.52%  [Elapsed: 0:00:00 ETA: 0:00:00] Portfolio Val: 100,000.00Progress ||  81.57%  [Elapsed: 0:00:00 ETA: 0:00:00] Portfolio Val: 100,000.00Progress ||  81.67%  [Elapsed: 0:00:00 ETA: 0:00:00] Portfolio Val: 100,000.00Progress ||  81.72%  [Elapsed: 0:00:00 ETA: 0:00:00] Portfolio Val: 100,000.00Progress ||  81.82%  [Elapsed: 0:00:00 ETA: 0:00:00] Portfolio Val: 100,000.00Progress ||  81.97%  [Elapsed: 0:00:00 ETA: 0:00:00] Portfolio Val: 100,000.00Progress ||  82.12%  [Elapsed: 0:00:00 ETA: 0:00:00] Portfolio Val: 100,000.00Progress ||  82.17%  [Elapsed: 0:00:00 ETA: 0:00:00] Portfolio Val: 100,000.00Progress ||  82.27%  [Elapsed: 0:00:00 ETA: 0:00:00] Portfolio Val: 100,000.00Progress ||  82.32%  [Elapsed: 0:00:00 ETA: 0:00:00] Portfolio Val: 100,000.00Progress ||  82.42%  [Elapsed: 0:00:00 ETA: 0:00:00] Portfolio Val: 100,000.00Progress ||  82.47%  [Elapsed: 0:00:00 ETA: 0:00:00] Portfolio Val: 100,000.00Progress ||  82.57%  [Elapsed: 0:00:00 ETA: 0:00:00] Portfolio Val: 100,000.00Progress ||  82.62%  [Elapsed: 0:00:00 ETA: 0:00:00] Portfolio Val: 100,000.00Progress ||  82.72%  [Elapsed: 0:00:00 ETA: 0:00:00] Portfolio Val: 100,000.00Progress ||  82.77%  [Elapsed: 0:00:00 ETA: 0:00:00] Portfolio Val: 100,000.00Progress ||  82.87%  [Elapsed: 0:00:00 ETA: 0:00:00] Portfolio Val: 100,000.00Progress ||  83.02%  [Elapsed: 0:00:00 ETA: 0:00:00] Portfolio Val: 100,000.00Progress ||  83.17%  [Elapsed: 0:00:00 ETA: 0:00:00] Portfolio Val: 100,000.00Progress ||  83.21%  [Elapsed: 0:00:00 ETA: 0:00:00] Portfolio Val: 100,000.00Progress ||  83.32%  [Elapsed: 0:00:00 ETA: 0:00:00] Portfolio Val: 100,000.00Progress ||  83.36%  [Elapsed: 0:00:00 ETA: 0:00:00] Portfolio Val: 100,000.00Progress ||  83.47%  [Elapsed: 0:00:00 ETA: 0:00:00] Portfolio Val: 100,000.00Progress ||  83.51%  [Elapsed: 0:00:00 ETA: 0:00:00] Portfolio Val: 100,000.00Progress ||  83.62%  [Elapsed: 0:00:00 ETA: 0:00:00] Portfolio Val: 100,000.00Progress ||  83.66%  [Elapsed: 0:00:00 ETA: 0:00:00] Portfolio Val: 100,000.00Progress ||  83.77%  [Elapsed: 0:00:00 ETA: 0:00:00] Portfolio Val: 100,000.00Progress ||  83.81%  [Elapsed: 0:00:00 ETA: 0:00:00] Portfolio Val: 100,000.00Progress ||  83.92%  [Elapsed: 0:00:00 ETA: 0:00:00] Portfolio Val: 100,000.00Progress ||  84.07%  [Elapsed: 0:00:00 ETA: 0:00:00] Portfolio Val: 100,000.00Progress ||  84.21%  [Elapsed: 0:00:00 ETA: 0:00:00] Portfolio Val: 100,000.00Progress ||  84.26%  [Elapsed: 0:00:00 ETA: 0:00:00] Portfolio Val: 100,000.00Progress ||  84.36%  [Elapsed: 0:00:00 ETA: 0:00:00] Portfolio Val: 100,000.00Progress ||  84.40%  [Elapsed: 0:00:00 ETA: 0:00:00] Portfolio Val: 100,000.00Progress ||  84.51%  [Elapsed: 0:00:00 ETA: 0:00:00] Portfolio Val: 100,000.00Progress ||  84.55%  [Elapsed: 0:00:00 ETA: 0:00:00] Portfolio Val: 100,000.00Progress ||  84.66%  [Elapsed: 0:00:00 ETA: 0:00:00] Portfolio Val: 100,000.00Progress ||  84.70%  [Elapsed: 0:00:00 ETA: 0:00:00] Portfolio Val: 100,000.00Progress ||  84.81%  [Elapsed: 0:00:00 ETA: 0:00:00] Portfolio Val: 100,000.00Progress ||  84.85%  [Elapsed: 0:00:00 ETA: 0:00:00] Portfolio Val: 100,000.00Progress ||  84.96%  [Elapsed: 0:00:00 ETA: 0:00:00] Portfolio Val: 100,000.00Progress ||  85.11%  [Elapsed: 0:00:00 ETA: 0:00:00] Portfolio Val: 100,000.00Progress ||  85.26%  [Elapsed: 0:00:00 ETA: 0:00:00] Portfolio Val: 100,000.00Progress ||  85.30%  [Elapsed: 0:00:00 ETA: 0:00:00] Portfolio Val: 100,000.00Progress ||  85.41%  [Elapsed: 0:00:00 ETA: 0:00:00] Portfolio Val: 100,000.00Progress ||  85.45%  [Elapsed: 0:00:00 ETA: 0:00:00] Portfolio Val: 100,000.00Progress ||  85.56%  [Elapsed: 0:00:00 ETA: 0:00:00] Portfolio Val: 100,000.00Progress ||  85.60%  [Elapsed: 0:00:00 ETA: 0:00:00] Portfolio Val: 100,000.00Progress ||  85.71%  [Elapsed: 0:00:00 ETA: 0:00:00] Portfolio Val: 100,000.00Progress ||  85.75%  [Elapsed: 0:00:00 ETA: 0:00:00] Portfolio Val: 100,000.00Progress ||  85.86%  [Elapsed: 0:00:00 ETA: 0:00:00] Portfolio Val: 100,000.00Progress ||  85.90%  [Elapsed: 0:00:00 ETA: 0:00:00] Portfolio Val: 100,000.00Progress ||  86.01%  [Elapsed: 0:00:00 ETA: 0:00:00] Portfolio Val: 100,000.00Progress ||  86.16%  [Elapsed: 0:00:00 ETA: 0:00:00] Portfolio Val: 100,000.00Progress ||  86.31%  [Elapsed: 0:00:00 ETA: 0:00:00] Portfolio Val: 100,000.00Progress ||  86.35%  [Elapsed: 0:00:00 ETA: 0:00:00] Portfolio Val: 100,000.00Progress ||  86.46%  [Elapsed: 0:00:00 ETA: 0:00:00] Portfolio Val: 100,000.00Progress ||  86.50%  [Elapsed: 0:00:00 ETA: 0:00:00] Portfolio Val: 100,000.00Progress ||  86.61%  [Elapsed: 0:00:00 ETA: 0:00:00] Portfolio Val: 100,000.00Progress ||  86.65%  [Elapsed: 0:00:00 ETA: 0:00:00] Portfolio Val: 100,000.00Progress ||  86.76%  [Elapsed: 0:00:00 ETA: 0:00:00] Portfolio Val: 100,000.00Progress ||  86.80%  [Elapsed: 0:00:00 ETA: 0:00:00] Portfolio Val: 100,000.00Progress ||  86.91%  [Elapsed: 0:00:00 ETA: 0:00:00] Portfolio Val: 100,000.00Progress ||  86.95%  [Elapsed: 0:00:00 ETA: 0:00:00] Portfolio Val: 100,000.00Progress ||  87.05%  [Elapsed: 0:00:00 ETA: 0:00:00] Portfolio Val: 100,000.00Progress ||  87.20%  [Elapsed: 0:00:00 ETA: 0:00:00] Portfolio Val: 100,000.00Progress ||  87.35%  [Elapsed: 0:00:00 ETA: 0:00:00] Portfolio Val: 100,000.00Progress ||  87.39%  [Elapsed: 0:00:00 ETA: 0:00:00] Portfolio Val: 100,000.00Progress ||  87.50%  [Elapsed: 0:00:00 ETA: 0:00:00] Portfolio Val: 100,000.00Progress ||  87.54%  [Elapsed: 0:00:00 ETA: 0:00:00] Portfolio Val: 100,000.00Progress ||  87.65%  [Elapsed: 0:00:00 ETA: 0:00:00] Portfolio Val: 100,000.00Progress ||  87.69%  [Elapsed: 0:00:00 ETA: 0:00:00] Portfolio Val: 100,000.00Progress ||  87.80%  [Elapsed: 0:00:00 ETA: 0:00:00] Portfolio Val: 100,000.00Progress ||  87.84%  [Elapsed: 0:00:00 ETA: 0:00:00] Portfolio Val: 100,000.00Progress ||  87.95%  [Elapsed: 0:00:00 ETA: 0:00:00] Portfolio Val: 100,000.00Progress ||  87.99%  [Elapsed: 0:00:00 ETA: 0:00:00] Portfolio Val: 100,000.00Progress ||  88.10%  [Elapsed: 0:00:00 ETA: 0:00:00] Portfolio Val: 100,000.00Progress ||  88.25%  [Elapsed: 0:00:00 ETA: 0:00:00] Portfolio Val: 100,000.00Progress ||  88.40%  [Elapsed: 0:00:00 ETA: 0:00:00] Portfolio Val: 100,000.00Progress ||  88.44%  [Elapsed: 0:00:00 ETA: 0:00:00] Portfolio Val: 100,000.00Progress ||  88.55%  [Elapsed: 0:00:00 ETA: 0:00:00] Portfolio Val: 100,000.00Progress ||  88.59%  [Elapsed: 0:00:00 ETA: 0:00:00] Portfolio Val: 100,000.00Progress ||  88.70%  [Elapsed: 0:00:00 ETA: 0:00:00] Portfolio Val: 100,000.00Progress ||  88.74%  [Elapsed: 0:00:00 ETA: 0:00:00] Portfolio Val: 100,000.00Progress ||  88.85%  [Elapsed: 0:00:00 ETA: 0:00:00] Portfolio Val: 100,000.00Progress ||  88.89%  [Elapsed: 0:00:00 ETA: 0:00:00] Portfolio Val: 100,000.00Progress ||  89.00%  [Elapsed: 0:00:00 ETA: 0:00:00] Portfolio Val: 100,000.00Progress ||  89.15%  [Elapsed: 0:00:00 ETA: 0:00:00] Portfolio Val: 100,000.00Progress ||  89.30%  [Elapsed: 0:00:00 ETA: 0:00:00] Portfolio Val: 100,000.00Progress ||  89.45%  [Elapsed: 0:00:00 ETA: 0:00:00] Portfolio Val: 100,000.00Progress ||  89.49%  [Elapsed: 0:00:00 ETA: 0:00:00] Portfolio Val: 100,000.00Progress ||  89.60%  [Elapsed: 0:00:00 ETA: 0:00:00] Portfolio Val: 100,000.00Progress ||  89.64%  [Elapsed: 0:00:00 ETA: 0:00:00] Portfolio Val: 100,000.00Progress ||  89.75%  [Elapsed: 0:00:00 ETA: 0:00:00] Portfolio Val: 100,000.00Progress ||  89.79%  [Elapsed: 0:00:00 ETA: 0:00:00] Portfolio Val: 100,000.00Progress ||  89.89%  [Elapsed: 0:00:00 ETA: 0:00:00] Portfolio Val: 100,000.00Progress ||  89.94%  [Elapsed: 0:00:00 ETA: 0:00:00] Portfolio Val: 100,000.00Progress ||  90.04%  [Elapsed: 0:00:00 ETA: 0:00:00] Portfolio Val: 100,000.00Progress ||  90.08%  [Elapsed: 0:00:00 ETA: 0:00:00] Portfolio Val: 100,000.00Progress ||  90.19%  [Elapsed: 0:00:00 ETA: 0:00:00] Portfolio Val: 100,000.00Progress ||  90.34%  [Elapsed: 0:00:00 ETA: 0:00:00] Portfolio Val: 100,000.00Progress ||  90.49%  [Elapsed: 0:00:00 ETA: 0:00:00] Portfolio Val: 100,000.00Progress ||  90.53%  [Elapsed: 0:00:00 ETA: 0:00:00] Portfolio Val: 100,000.00Progress ||  90.64%  [Elapsed: 0:00:00 ETA: 0:00:00] Portfolio Val: 100,000.00Progress ||  90.68%  [Elapsed: 0:00:00 ETA: 0:00:00] Portfolio Val: 100,000.00Progress ||  90.79%  [Elapsed: 0:00:00 ETA: 0:00:00] Portfolio Val: 100,000.00Progress ||  90.83%  [Elapsed: 0:00:00 ETA: 0:00:00] Portfolio Val: 100,000.00Progress ||  90.94%  [Elapsed: 0:00:00 ETA: 0:00:00] Portfolio Val: 100,000.00Progress ||  90.98%  [Elapsed: 0:00:00 ETA: 0:00:00] Portfolio Val: 100,000.00Progress ||  91.09%  [Elapsed: 0:00:00 ETA: 0:00:00] Portfolio Val: 100,000.00Progress ||  91.13%  [Elapsed: 0:00:00 ETA: 0:00:00] Portfolio Val: 100,000.00Progress ||  91.24%  [Elapsed: 0:00:00 ETA: 0:00:00] Portfolio Val: 100,000.00Progress ||  91.39%  [Elapsed: 0:00:00 ETA: 0:00:00] Portfolio Val: 100,000.00Progress ||  91.54%  [Elapsed: 0:00:00 ETA: 0:00:00] Portfolio Val: 100,000.00Progress ||  91.58%  [Elapsed: 0:00:00 ETA: 0:00:00] Portfolio Val: 100,000.00Progress ||  91.69%  [Elapsed: 0:00:00 ETA: 0:00:00] Portfolio Val: 100,000.00Progress ||  91.73%  [Elapsed: 0:00:00 ETA: 0:00:00] Portfolio Val: 100,000.00Progress ||  91.84%  [Elapsed: 0:00:00 ETA: 0:00:00] Portfolio Val: 100,000.00Progress ||  91.88%  [Elapsed: 0:00:00 ETA: 0:00:00] Portfolio Val: 100,000.00Progress ||  91.99%  [Elapsed: 0:00:00 ETA: 0:00:00] Portfolio Val: 100,000.00Progress ||  92.03%  [Elapsed: 0:00:00 ETA: 0:00:00] Portfolio Val: 100,000.00Progress ||  92.14%  [Elapsed: 0:00:00 ETA: 0:00:00] Portfolio Val: 100,000.00Progress ||  92.18%  [Elapsed: 0:00:00 ETA: 0:00:00] Portfolio Val: 100,000.00Progress ||  92.29%  [Elapsed: 0:00:00 ETA: 0:00:00] Portfolio Val: 100,000.00Progress ||  92.44%  [Elapsed: 0:00:00 ETA: 0:00:00] Portfolio Val: 100,000.00Progress ||  92.59%  [Elapsed: 0:00:00 ETA: 0:00:00] Portfolio Val: 100,000.00Progress ||  92.63%  [Elapsed: 0:00:00 ETA: 0:00:00] Portfolio Val: 100,000.00Progress ||  92.73%  [Elapsed: 0:00:00 ETA: 0:00:00] Portfolio Val: 100,000.00Progress ||  92.78%  [Elapsed: 0:00:00 ETA: 0:00:00] Portfolio Val: 100,000.00Progress ||  92.88%  [Elapsed: 0:00:00 ETA: 0:00:00] Portfolio Val: 100,000.00Progress ||  92.92%  [Elapsed: 0:00:00 ETA: 0:00:00] Portfolio Val: 100,000.00Progress ||  93.03%  [Elapsed: 0:00:00 ETA: 0:00:00] Portfolio Val: 100,000.00Progress ||  93.07%  [Elapsed: 0:00:00 ETA: 0:00:00] Portfolio Val: 100,000.00Progress ||  93.18%  [Elapsed: 0:00:00 ETA: 0:00:00] Portfolio Val: 100,000.00Progress ||  93.22%  [Elapsed: 0:00:00 ETA: 0:00:00] Portfolio Val: 100,000.00Progress ||  93.33%  [Elapsed: 0:00:00 ETA: 0:00:00] Portfolio Val: 100,000.00Progress ||  93.48%  [Elapsed: 0:00:00 ETA: 0:00:00] Portfolio Val: 100,000.00Progress ||  93.63%  [Elapsed: 0:00:00 ETA: 0:00:00] Portfolio Val: 100,000.00Progress ||  93.67%  [Elapsed: 0:00:00 ETA: 0:00:00] Portfolio Val: 100,000.00Progress ||  93.78%  [Elapsed: 0:00:00 ETA: 0:00:00] Portfolio Val: 100,000.00Progress ||  93.82%  [Elapsed: 0:00:00 ETA: 0:00:00] Portfolio Val: 100,000.00Progress ||  93.93%  [Elapsed: 0:00:00 ETA: 0:00:00] Portfolio Val: 100,000.00Progress ||  93.97%  [Elapsed: 0:00:00 ETA: 0:00:00] Portfolio Val: 100,000.00Progress ||  94.08%  [Elapsed: 0:00:00 ETA: 0:00:00] Portfolio Val: 100,000.00Progress ||  94.12%  [Elapsed: 0:00:00 ETA: 0:00:00] Portfolio Val: 100,000.00Progress ||  94.23%  [Elapsed: 0:00:00 ETA: 0:00:00] Portfolio Val: 100,000.00Progress ||  94.27%  [Elapsed: 0:00:00 ETA: 0:00:00] Portfolio Val: 100,000.00Progress ||  94.38%  [Elapsed: 0:00:00 ETA: 0:00:00] Portfolio Val: 100,000.00Progress ||  94.53%  [Elapsed: 0:00:00 ETA: 0:00:00] Portfolio Val: 100,000.00Progress ||  94.68%  [Elapsed: 0:00:00 ETA: 0:00:00] Portfolio Val: 100,000.00Progress ||  94.83%  [Elapsed: 0:00:00 ETA: 0:00:00] Portfolio Val: 100,000.00Progress ||  94.87%  [Elapsed: 0:00:00 ETA: 0:00:00] Portfolio Val: 100,000.00Progress ||  94.98%  [Elapsed: 0:00:00 ETA: 0:00:00] Portfolio Val: 100,000.00Progress ||  95.02%  [Elapsed: 0:00:00 ETA: 0:00:00] Portfolio Val: 100,000.00Progress ||  95.13%  [Elapsed: 0:00:00 ETA: 0:00:00] Portfolio Val: 100,000.00Progress ||  95.17%  [Elapsed: 0:00:00 ETA: 0:00:00] Portfolio Val: 100,000.00Progress ||  95.28%  [Elapsed: 0:00:00 ETA: 0:00:00] Portfolio Val: 100,000.00Progress ||  95.32%  [Elapsed: 0:00:00 ETA: 0:00:00] Portfolio Val: 100,000.00Progress ||  95.43%  [Elapsed: 0:00:00 ETA: 0:00:00] Portfolio Val: 100,000.00Progress ||  95.57%  [Elapsed: 0:00:00 ETA: 0:00:00] Portfolio Val: 100,000.00Progress ||  95.72%  [Elapsed: 0:00:00 ETA: 0:00:00] Portfolio Val: 100,000.00Progress ||  95.76%  [Elapsed: 0:00:00 ETA: 0:00:00] Portfolio Val: 100,000.00Progress ||  95.87%  [Elapsed: 0:00:00 ETA: 0:00:00] Portfolio Val: 100,000.00Progress ||  95.91%  [Elapsed: 0:00:00 ETA: 0:00:00] Portfolio Val: 100,000.00Progress ||  96.02%  [Elapsed: 0:00:00 ETA: 0:00:00] Portfolio Val: 100,000.00Progress ||  96.06%  [Elapsed: 0:00:00 ETA: 0:00:00] Portfolio Val: 100,000.00Progress ||  96.17%  [Elapsed: 0:00:00 ETA: 0:00:00] Portfolio Val: 100,000.00Progress ||  96.21%  [Elapsed: 0:00:00 ETA: 0:00:00] Portfolio Val: 100,000.00Progress ||  96.32%  [Elapsed: 0:00:00 ETA: 0:00:00] Portfolio Val: 100,000.00Progress ||  96.36%  [Elapsed: 0:00:00 ETA: 0:00:00] Portfolio Val: 100,000.00Progress ||  96.47%  [Elapsed: 0:00:00 ETA: 0:00:00] Portfolio Val: 100,000.00Progress ||  96.62%  [Elapsed: 0:00:00 ETA: 0:00:00] Portfolio Val: 100,000.00Progress ||  96.77%  [Elapsed: 0:00:00 ETA: 0:00:00] Portfolio Val: 100,000.00Progress ||  96.81%  [Elapsed: 0:00:00 ETA: 0:00:00] Portfolio Val: 100,000.00Progress ||  96.92%  [Elapsed: 0:00:00 ETA: 0:00:00] Portfolio Val: 100,000.00Progress ||  96.96%  [Elapsed: 0:00:00 ETA: 0:00:00] Portfolio Val: 100,000.00Progress ||  97.07%  [Elapsed: 0:00:00 ETA: 0:00:00] Portfolio Val: 100,000.00Progress ||  97.11%  [Elapsed: 0:00:00 ETA: 0:00:00] Portfolio Val: 100,000.00Progress ||  97.22%  [Elapsed: 0:00:00 ETA: 0:00:00] Portfolio Val: 100,000.00Progress ||  97.26%  [Elapsed: 0:00:00 ETA: 0:00:00] Portfolio Val: 100,000.00Progress ||  97.37%  [Elapsed: 0:00:00 ETA: 0:00:00] Portfolio Val: 100,000.00Progress ||  97.41%  [Elapsed: 0:00:00 ETA: 0:00:00] Portfolio Val: 100,000.00Progress ||  97.52%  [Elapsed: 0:00:00 ETA: 0:00:00] Portfolio Val: 100,000.00Progress ||  97.67%  [Elapsed: 0:00:00 ETA: 0:00:00] Portfolio Val: 100,000.00Progress ||  97.82%  [Elapsed: 0:00:00 ETA: 0:00:00] Portfolio Val: 100,000.00Progress ||  97.86%  [Elapsed: 0:00:00 ETA: 0:00:00] Portfolio Val: 100,000.00Progress ||  97.97%  [Elapsed: 0:00:00 ETA: 0:00:00] Portfolio Val: 100,000.00Progress ||  98.01%  [Elapsed: 0:00:00 ETA: 0:00:00] Portfolio Val: 100,000.00Progress ||  98.12%  [Elapsed: 0:00:00 ETA: 0:00:00] Portfolio Val: 100,000.00Progress ||  98.16%  [Elapsed: 0:00:00 ETA: 0:00:00] Portfolio Val: 100,000.00Progress ||  98.27%  [Elapsed: 0:00:00 ETA: 0:00:00] Portfolio Val: 100,000.00Progress ||  98.42%  [Elapsed: 0:00:00 ETA: 0:00:00] Portfolio Val: 100,000.00Progress ||  98.46%  [Elapsed: 0:00:00 ETA: 0:00:00] Portfolio Val: 100,000.00Progress ||  98.56%  [Elapsed: 0:00:00 ETA: 0:00:00] Portfolio Val: 100,000.00Progress ||  98.71%  [Elapsed: 0:00:00 ETA: 0:00:00] Portfolio Val: 100,000.00Progress ||  98.86%  [Elapsed: 0:00:00 ETA: 0:00:00] Portfolio Val: 100,000.00Progress ||  98.90%  [Elapsed: 0:00:00 ETA: 0:00:00] Portfolio Val: 100,000.00Progress ||  99.01%  [Elapsed: 0:00:00 ETA: 0:00:00] Portfolio Val: 100,000.00Progress ||  99.05%  [Elapsed: 0:00:00 ETA: 0:00:00] Portfolio Val: 100,000.00Progress ||  99.16%  [Elapsed: 0:00:00 ETA: 0:00:00] Portfolio Val: 100,000.00Progress ||  99.20%  [Elapsed: 0:00:00 ETA: 0:00:00] Portfolio Val: 100,000.00Progress ||  99.31%  [Elapsed: 0:00:00 ETA: 0:00:00] Portfolio Val: 100,000.00Progress ||  99.35%  [Elapsed: 0:00:00 ETA: 0:00:00] Portfolio Val: 100,000.00Progress ||  99.46%  [Elapsed: 0:00:00 ETA: 0:00:00] Portfolio Val: 100,000.00Progress ||  99.50%  [Elapsed: 0:00:00 ETA: 0:00:00] Portfolio Val: 100,000.00Progress ||  99.61%  [Elapsed: 0:00:00 ETA: 0:00:00] Portfolio Val: 100,000.00Progress ||  99.76%  [Elapsed: 0:00:00 ETA: 0:00:00] Portfolio Val: 100,000.00Progress ||  99.91%  [Elapsed: 0:00:00 ETA: 0:00:00] Portfolio Val: 100,000.00Progress ||  99.95%  [Elapsed: 0:00:00 ETA: 0:00:00] Portfolio Val: 100,000.00Progress || 100.00%  [Elapsed: 0:00:00 ETA: 0:00:00] Portfolio Val: 100,000.00Progress || 100.00%  [Elapsed: 0:00:00 ETA: 0:00:00] Progress || 100.00%  [Elapsed: 0:00:00 ETA: 0:00:00] XPASS
tests/backtest/test_example_strategies.py::TestExampleStrategies::test_stock_buy_and_hold Progress ||   0.05%  [Elapsed: 0:00:00 ETA: 0:14:36] Progress ||   0.06%  [Elapsed: 0:00:00 ETA: 0:15:36] Progress ||   0.10%  [Elapsed: 0:00:00 ETA: 0:09:22] Portfolio Val: 100,000.00Progress ||   0.21%  [Elapsed: 0:00:00 ETA: 0:04:28] Portfolio Val: 100,000.00Progress ||   0.36%  [Elapsed: 0:00:00 ETA: 0:02:36] Portfolio Val: 100,916.90Progress ||   0.51%  [Elapsed: 0:00:00 ETA: 0:01:50] Portfolio Val: 100,916.90Progress ||   0.66%  [Elapsed: 0:00:00 ETA: 0:01:25] Portfolio Val: 100,916.90Progress ||   0.70%  [Elapsed: 0:00:00 ETA: 0:01:20] Portfolio Val: 100,916.90Progress ||   0.81%  [Elapsed: 0:00:00 ETA: 0:01:09] Portfolio Val: 100,916.90Progress ||   0.85%  [Elapsed: 0:00:00 ETA: 0:01:05] Portfolio Val: 99,954.95Progress ||   0.96%  [Elapsed: 0:00:00 ETA: 0:00:58] Portfolio Val: 99,954.95Progress ||   1.00%  [Elapsed: 0:00:00 ETA: 0:00:56] Portfolio Val: 100,090.10Progress ||   1.11%  [Elapsed: 0:00:00 ETA: 0:00:50] Portfolio Val: 100,090.10Progress ||   1.15%  [Elapsed: 0:00:00 ETA: 0:00:48] Portfolio Val: 98,216.55Progress ||   1.25%  [Elapsed: 0:00:00 ETA: 0:00:44] Portfolio Val: 98,216.55Progress ||   1.40%  [Elapsed: 0:00:00 ETA: 0:00:39] Portfolio Val: 98,693.55Progress ||   1.55%  [Elapsed: 0:00:00 ETA: 0:00:35] Portfolio Val: 98,693.55Progress ||   1.59%  [Elapsed: 0:00:00 ETA: 0:00:34] Portfolio Val: 98,693.55Progress ||   1.70%  [Elapsed: 0:00:00 ETA: 0:00:32] Portfolio Val: 98,693.55Progress ||   1.74%  [Elapsed: 0:00:00 ETA: 0:00:31] Portfolio Val: 99,660.80Progress ||   1.85%  [Elapsed: 0:00:00 ETA: 0:00:30] Portfolio Val: 99,660.80Progress ||   1.89%  [Elapsed: 0:00:00 ETA: 0:00:29] Portfolio Val: 99,557.45Progress ||   2.00%  [Elapsed: 0:00:00 ETA: 0:00:27] Portfolio Val: 99,557.45Progress ||   2.04%  [Elapsed: 0:00:00 ETA: 0:00:27] Portfolio Val: 98,963.85Progress ||   2.15%  [Elapsed: 0:00:00 ETA: 0:00:25] Portfolio Val: 98,963.85Progress ||   2.19%  [Elapsed: 0:00:00 ETA: 0:00:25] Portfolio Val: 99,748.25Progress ||   2.30%  [Elapsed: 0:00:00 ETA: 0:00:24] Portfolio Val: 99,748.25Progress ||   2.45%  [Elapsed: 0:00:00 ETA: 0:00:22] Portfolio Val: 99,727.05Progress ||   2.60%  [Elapsed: 0:00:00 ETA: 0:00:21] Portfolio Val: 99,727.05Progress ||   2.64%  [Elapsed: 0:00:00 ETA: 0:00:21] Portfolio Val: 99,727.05Progress ||   2.75%  [Elapsed: 0:00:00 ETA: 0:00:20] Portfolio Val: 99,727.05Progress ||   2.79%  [Elapsed: 0:00:00 ETA: 0:00:19] Portfolio Val: 97,980.70Progress ||   2.90%  [Elapsed: 0:00:00 ETA: 0:00:19] Portfolio Val: 97,980.70Progress ||   2.94%  [Elapsed: 0:00:00 ETA: 0:00:18] Portfolio Val: 97,980.70Progress ||   3.05%  [Elapsed: 0:00:00 ETA: 0:00:18] Portfolio Val: 97,980.70Progress ||   3.09%  [Elapsed: 0:00:00 ETA: 0:00:17] Portfolio Val: 98,412.65Progress ||   3.20%  [Elapsed: 0:00:00 ETA: 0:00:17] Portfolio Val: 98,412.65Progress ||   3.24%  [Elapsed: 0:00:00 ETA: 0:00:17] Portfolio Val: 95,722.90Progress ||   3.35%  [Elapsed: 0:00:00 ETA: 0:00:16] Portfolio Val: 95,722.90Progress ||   3.50%  [Elapsed: 0:00:00 ETA: 0:00:15] Portfolio Val: 95,412.85Progress ||   3.65%  [Elapsed: 0:00:00 ETA: 0:00:15] Portfolio Val: 95,412.85Progress ||   3.69%  [Elapsed: 0:00:00 ETA: 0:00:15] Portfolio Val: 95,412.85Progress ||   3.80%  [Elapsed: 0:00:00 ETA: 0:00:14] Portfolio Val: 95,412.85Progress ||   3.84%  [Elapsed: 0:00:00 ETA: 0:00:14] Portfolio Val: 94,697.35Progress ||   3.95%  [Elapsed: 0:00:00 ETA: 0:00:14] Portfolio Val: 94,697.35Progress ||   3.99%  [Elapsed: 0:00:00 ETA: 0:00:13] Portfolio Val: 94,713.25Progress ||   4.10%  [Elapsed: 0:00:00 ETA: 0:00:13] Portfolio Val: 94,713.25Progress ||   4.14%  [Elapsed: 0:00:00 ETA: 0:00:13] Portfolio Val: 94,286.60Progress ||   4.24%  [Elapsed: 0:00:00 ETA: 0:00:13] Portfolio Val: 94,286.60Progress ||   4.29%  [Elapsed: 0:00:00 ETA: 0:00:12] Portfolio Val: 93,950.05Progress ||   4.39%  [Elapsed: 0:00:00 ETA: 0:00:12] Portfolio Val: 93,950.05Progress ||   4.54%  [Elapsed: 0:00:00 ETA: 0:00:12] Portfolio Val: 95,919.00Progress ||   4.69%  [Elapsed: 0:00:00 ETA: 0:00:11] Portfolio Val: 95,919.00Progress ||   4.73%  [Elapsed: 0:00:00 ETA: 0:00:11] Portfolio Val: 95,919.00Progress ||   4.84%  [Elapsed: 0:00:00 ETA: 0:00:11] Portfolio Val: 95,919.00Progress ||   4.88%  [Elapsed: 0:00:00 ETA: 0:00:11] Portfolio Val: 95,124.00Progress ||   4.99%  [Elapsed: 0:00:00 ETA: 0:00:11] Portfolio Val: 95,124.00Progress ||   5.03%  [Elapsed: 0:00:00 ETA: 0:00:10] Portfolio Val: 95,187.60Progress ||   5.14%  [Elapsed: 0:00:00 ETA: 0:00:10] Portfolio Val: 95,187.60Progress ||   5.18%  [Elapsed: 0:00:00 ETA: 0:00:10] Portfolio Val: 94,389.95Progress ||   5.29%  [Elapsed: 0:00:00 ETA: 0:00:10] Portfolio Val: 94,389.95Progress ||   5.33%  [Elapsed: 0:00:00 ETA: 0:00:10] Portfolio Val: 95,442.00Progress ||   5.44%  [Elapsed: 0:00:00 ETA: 0:00:10] Portfolio Val: 95,442.00Progress ||   5.59%  [Elapsed: 0:00:00 ETA: 0:00:09] Portfolio Val: 94,358.15Progress ||   5.74%  [Elapsed: 0:00:00 ETA: 0:00:09] Portfolio Val: 94,358.15Progress ||   5.78%  [Elapsed: 0:00:00 ETA: 0:00:09] Portfolio Val: 94,358.15Progress ||   5.89%  [Elapsed: 0:00:00 ETA: 0:00:09] Portfolio Val: 94,358.15Progress ||   5.93%  [Elapsed: 0:00:00 ETA: 0:00:09] Portfolio Val: 96,120.40Progress ||   6.04%  [Elapsed: 0:00:00 ETA: 0:00:09] Portfolio Val: 96,120.40Progress ||   6.08%  [Elapsed: 0:00:00 ETA: 0:00:09] Portfolio Val: 97,339.40Progress ||   6.19%  [Elapsed: 0:00:00 ETA: 0:00:08] Portfolio Val: 97,339.40Progress ||   6.23%  [Elapsed: 0:00:00 ETA: 0:00:08] Portfolio Val: 98,145.00Progress ||   6.34%  [Elapsed: 0:00:00 ETA: 0:00:08] Portfolio Val: 98,145.00Progress ||   6.38%  [Elapsed: 0:00:00 ETA: 0:00:08] Portfolio Val: 98,619.35Progress ||   6.49%  [Elapsed: 0:00:00 ETA: 0:00:08] Portfolio Val: 98,619.35Progress ||   6.64%  [Elapsed: 0:00:00 ETA: 0:00:08] Portfolio Val: 98,311.95Progress ||   6.79%  [Elapsed: 0:00:00 ETA: 0:00:08] Portfolio Val: 98,311.95Progress ||   6.83%  [Elapsed: 0:00:00 ETA: 0:00:08] Portfolio Val: 98,311.95Progress ||   6.94%  [Elapsed: 0:00:00 ETA: 0:00:07] Portfolio Val: 98,311.95Progress ||   6.98%  [Elapsed: 0:00:00 ETA: 0:00:07] Portfolio Val: 97,265.20Progress ||   7.08%  [Elapsed: 0:00:00 ETA: 0:00:07] Portfolio Val: 97,265.20Progress ||   7.13%  [Elapsed: 0:00:00 ETA: 0:00:07] Portfolio Val: 97,050.55Progress ||   7.23%  [Elapsed: 0:00:00 ETA: 0:00:07] Portfolio Val: 97,050.55Progress ||   7.27%  [Elapsed: 0:00:00 ETA: 0:00:07] Portfolio Val: 97,013.45Progress ||   7.38%  [Elapsed: 0:00:00 ETA: 0:00:07] Portfolio Val: 97,013.45Progress ||   7.42%  [Elapsed: 0:00:00 ETA: 0:00:07] Portfolio Val: 96,785.55Progress ||   7.53%  [Elapsed: 0:00:00 ETA: 0:00:07] Portfolio Val: 96,785.55Progress ||   7.68%  [Elapsed: 0:00:00 ETA: 0:00:07] Portfolio Val: 95,367.80Progress ||   7.83%  [Elapsed: 0:00:00 ETA: 0:00:06] Portfolio Val: 95,367.80Progress ||   7.87%  [Elapsed: 0:00:00 ETA: 0:00:06] Portfolio Val: 95,367.80Progress ||   7.98%  [Elapsed: 0:00:00 ETA: 0:00:06] Portfolio Val: 95,367.80Progress ||   8.02%  [Elapsed: 0:00:00 ETA: 0:00:06] Portfolio Val: 93,724.80Progress ||   8.13%  [Elapsed: 0:00:00 ETA: 0:00:06] Portfolio Val: 93,724.80Progress ||   8.17%  [Elapsed: 0:00:00 ETA: 0:00:06] Portfolio Val: 94,851.05Progress ||   8.28%  [Elapsed: 0:00:00 ETA: 0:00:06] Portfolio Val: 94,851.05Progress ||   8.32%  [Elapsed: 0:00:00 ETA: 0:00:06] Portfolio Val: 94,636.40Progress ||   8.43%  [Elapsed: 0:00:00 ETA: 0:00:06] Portfolio Val: 94,636.40Progress ||   8.47%  [Elapsed: 0:00:00 ETA: 0:00:06] Portfolio Val: 92,627.70Progress ||   8.58%  [Elapsed: 0:00:00 ETA: 0:00:06] Portfolio Val: 92,627.70Progress ||   8.73%  [Elapsed: 0:00:00 ETA: 0:00:06] Portfolio Val: 91,914.85Progress ||   8.88%  [Elapsed: 0:00:00 ETA: 0:00:06] Portfolio Val: 91,914.85Progress ||   8.92%  [Elapsed: 0:00:00 ETA: 0:00:06] Portfolio Val: 91,914.85Progress ||   9.03%  [Elapsed: 0:00:00 ETA: 0:00:05] Portfolio Val: 91,914.85Progress ||   9.07%  [Elapsed: 0:00:00 ETA: 0:00:05] Portfolio Val: 92,285.85Progress ||   9.18%  [Elapsed: 0:00:00 ETA: 0:00:05] Portfolio Val: 92,285.85Progress ||   9.22%  [Elapsed: 0:00:00 ETA: 0:00:05] Portfolio Val: 92,656.85Progress ||   9.33%  [Elapsed: 0:00:00 ETA: 0:00:05] Portfolio Val: 92,656.85Progress ||   9.37%  [Elapsed: 0:00:00 ETA: 0:00:05] Portfolio Val: 93,316.70Progress ||   9.48%  [Elapsed: 0:00:00 ETA: 0:00:05] Portfolio Val: 93,316.70Progress ||   9.52%  [Elapsed: 0:00:00 ETA: 0:00:05] Portfolio Val: 95,919.00Progress ||   9.63%  [Elapsed: 0:00:00 ETA: 0:00:05] Portfolio Val: 95,919.00Progress ||   9.78%  [Elapsed: 0:00:00 ETA: 0:00:05] Portfolio Val: 96,769.65Progress ||   9.92%  [Elapsed: 0:00:00 ETA: 0:00:05] Portfolio Val: 96,769.65Progress ||   9.97%  [Elapsed: 0:00:00 ETA: 0:00:05] Portfolio Val: 96,769.65Progress ||  10.07%  [Elapsed: 0:00:00 ETA: 0:00:05] Portfolio Val: 96,769.65Progress ||  10.12%  [Elapsed: 0:00:00 ETA: 0:00:05] Portfolio Val: 97,760.75Progress ||  10.22%  [Elapsed: 0:00:00 ETA: 0:00:05] Portfolio Val: 97,760.75Progress ||  10.27%  [Elapsed: 0:00:00 ETA: 0:00:05] Portfolio Val: 98,232.45Progress ||  10.37%  [Elapsed: 0:00:00 ETA: 0:00:05] Portfolio Val: 98,232.45Progress ||  10.42%  [Elapsed: 0:00:00 ETA: 0:00:05] Portfolio Val: 98,977.10Progress ||  10.52%  [Elapsed: 0:00:00 ETA: 0:00:05] Portfolio Val: 98,977.10Progress ||  10.57%  [Elapsed: 0:00:00 ETA: 0:00:05] Portfolio Val: 99,125.50Progress ||  10.67%  [Elapsed: 0:00:00 ETA: 0:00:05] Portfolio Val: 99,125.50Progress ||  10.82%  [Elapsed: 0:00:00 ETA: 0:00:04] Portfolio Val: 98,643.20Progress ||  10.97%  [Elapsed: 0:00:00 ETA: 0:00:04] Portfolio Val: 98,643.20Progress ||  11.02%  [Elapsed: 0:00:00 ETA: 0:00:04] Portfolio Val: 98,643.20Progress ||  11.12%  [Elapsed: 0:00:00 ETA: 0:00:04] Portfolio Val: 98,643.20Progress ||  11.17%  [Elapsed: 0:00:00 ETA: 0:00:04] Portfolio Val: 99,960.25Progress ||  11.27%  [Elapsed: 0:00:00 ETA: 0:00:04] Portfolio Val: 99,960.25Progress ||  11.32%  [Elapsed: 0:00:00 ETA: 0:00:04] Portfolio Val: 101,794.05Progress ||  11.42%  [Elapsed: 0:00:00 ETA: 0:00:04] Portfolio Val: 101,794.05Progress ||  11.47%  [Elapsed: 0:00:00 ETA: 0:00:04] Portfolio Val: 102,732.15Progress ||  11.57%  [Elapsed: 0:00:00 ETA: 0:00:04] Portfolio Val: 102,732.15Progress ||  11.62%  [Elapsed: 0:00:00 ETA: 0:00:04] Portfolio Val: 102,093.50Progress ||  11.72%  [Elapsed: 0:00:00 ETA: 0:00:04] Portfolio Val: 102,093.50Progress ||  11.87%  [Elapsed: 0:00:00 ETA: 0:00:04] Portfolio Val: 102,191.55Progress ||  12.02%  [Elapsed: 0:00:00 ETA: 0:00:04] Portfolio Val: 102,191.55Progress ||  12.06%  [Elapsed: 0:00:00 ETA: 0:00:04] Portfolio Val: 102,191.55Progress ||  12.17%  [Elapsed: 0:00:00 ETA: 0:00:04] Portfolio Val: 102,191.55Progress ||  12.21%  [Elapsed: 0:00:00 ETA: 0:00:04] Portfolio Val: 102,414.15Progress ||  12.32%  [Elapsed: 0:00:00 ETA: 0:00:04] Portfolio Val: 102,414.15Progress ||  12.36%  [Elapsed: 0:00:00 ETA: 0:00:04] Portfolio Val: 103,198.55Progress ||  12.47%  [Elapsed: 0:00:00 ETA: 0:00:04] Portfolio Val: 103,198.55Progress ||  12.62%  [Elapsed: 0:00:00 ETA: 0:00:04] Portfolio Val: 103,611.95Progress ||  12.64%  [Elapsed: 0:00:00 ETA: 0:00:04] Portfolio Val: 103,611.95Progress ||  12.76%  [Elapsed: 0:00:00 ETA: 0:00:04] Portfolio Val: 103,611.95Progress ||  12.91%  [Elapsed: 0:00:00 ETA: 0:00:04] Portfolio Val: 103,368.15Progress ||  13.06%  [Elapsed: 0:00:00 ETA: 0:00:04] Portfolio Val: 103,368.15Progress ||  13.11%  [Elapsed: 0:00:00 ETA: 0:00:04] Portfolio Val: 103,368.15Progress ||  13.21%  [Elapsed: 0:00:00 ETA: 0:00:03] Portfolio Val: 103,368.15Progress ||  13.26%  [Elapsed: 0:00:00 ETA: 0:00:03] Portfolio Val: 103,198.55Progress ||  13.36%  [Elapsed: 0:00:00 ETA: 0:00:03] Portfolio Val: 103,198.55Progress ||  13.41%  [Elapsed: 0:00:00 ETA: 0:00:03] Portfolio Val: 103,039.55Progress ||  13.51%  [Elapsed: 0:00:00 ETA: 0:00:03] Portfolio Val: 103,039.55Progress ||  13.56%  [Elapsed: 0:00:00 ETA: 0:00:03] Portfolio Val: 104,173.75Progress ||  13.66%  [Elapsed: 0:00:00 ETA: 0:00:03] Portfolio Val: 104,173.75Progress ||  13.71%  [Elapsed: 0:00:00 ETA: 0:00:03] Portfolio Val: 103,482.10Progress ||  13.81%  [Elapsed: 0:00:00 ETA: 0:00:03] Portfolio Val: 103,482.10Progress ||  13.96%  [Elapsed: 0:00:00 ETA: 0:00:03] Portfolio Val: 102,864.65Progress ||  14.11%  [Elapsed: 0:00:00 ETA: 0:00:03] Portfolio Val: 102,864.65Progress ||  14.16%  [Elapsed: 0:00:00 ETA: 0:00:03] Portfolio Val: 102,864.65Progress ||  14.26%  [Elapsed: 0:00:00 ETA: 0:00:03] Portfolio Val: 102,864.65Progress ||  14.31%  [Elapsed: 0:00:00 ETA: 0:00:03] Portfolio Val: 102,424.75Progress ||  14.41%  [Elapsed: 0:00:00 ETA: 0:00:03] Portfolio Val: 102,424.75Progress ||  14.46%  [Elapsed: 0:00:00 ETA: 0:00:03] Portfolio Val: 101,974.25Progress ||  14.56%  [Elapsed: 0:00:00 ETA: 0:00:03] Portfolio Val: 101,974.25Progress ||  14.61%  [Elapsed: 0:00:00 ETA: 0:00:03] Portfolio Val: 103,532.45Progress ||  14.71%  [Elapsed: 0:00:00 ETA: 0:00:03] Portfolio Val: 103,532.45Progress ||  14.75%  [Elapsed: 0:00:00 ETA: 0:00:03] Portfolio Val: 102,949.45Progress ||  14.86%  [Elapsed: 0:00:00 ETA: 0:00:03] Portfolio Val: 102,949.45Progress ||  15.01%  [Elapsed: 0:00:00 ETA: 0:00:03] Portfolio Val: 103,108.45Progress ||  15.16%  [Elapsed: 0:00:00 ETA: 0:00:03] Portfolio Val: 103,108.45Progress ||  15.20%  [Elapsed: 0:00:00 ETA: 0:00:03] Portfolio Val: 103,108.45Progress ||  15.31%  [Elapsed: 0:00:00 ETA: 0:00:03] Portfolio Val: 103,108.45Progress ||  15.35%  [Elapsed: 0:00:00 ETA: 0:00:03] Portfolio Val: 103,922.00Progress ||  15.46%  [Elapsed: 0:00:00 ETA: 0:00:03] Portfolio Val: 103,922.00Progress ||  15.50%  [Elapsed: 0:00:00 ETA: 0:00:03] Portfolio Val: 104,934.30Progress ||  15.60%  [Elapsed: 0:00:00 ETA: 0:00:03] Portfolio Val: 104,934.30Progress ||  15.65%  [Elapsed: 0:00:00 ETA: 0:00:03] Portfolio Val: 106,010.20Progress ||  15.75%  [Elapsed: 0:00:00 ETA: 0:00:03] Portfolio Val: 106,010.20Progress ||  15.80%  [Elapsed: 0:00:00 ETA: 0:00:03] Portfolio Val: 107,430.60Progress ||  15.90%  [Elapsed: 0:00:00 ETA: 0:00:03] Portfolio Val: 107,430.60Progress ||  16.05%  [Elapsed: 0:00:00 ETA: 0:00:03] Portfolio Val: 107,218.60Progress ||  16.20%  [Elapsed: 0:00:00 ETA: 0:00:03] Portfolio Val: 107,218.60Progress ||  16.25%  [Elapsed: 0:00:00 ETA: 0:00:03] Portfolio Val: 107,218.60Progress ||  16.35%  [Elapsed: 0:00:00 ETA: 0:00:03] Portfolio Val: 107,218.60Progress ||  16.40%  [Elapsed: 0:00:00 ETA: 0:00:03] Portfolio Val: 107,417.35Progress ||  16.50%  [Elapsed: 0:00:00 ETA: 0:00:03] Portfolio Val: 107,417.35Progress ||  16.55%  [Elapsed: 0:00:00 ETA: 0:00:03] Portfolio Val: 108,109.00Progress ||  16.65%  [Elapsed: 0:00:00 ETA: 0:00:03] Portfolio Val: 108,109.00Progress ||  16.70%  [Elapsed: 0:00:00 ETA: 0:00:03] Portfolio Val: 108,323.65Progress ||  16.80%  [Elapsed: 0:00:00 ETA: 0:00:03] Portfolio Val: 108,323.65Progress ||  16.85%  [Elapsed: 0:00:00 ETA: 0:00:03] Portfolio Val: 107,981.80Progress ||  16.95%  [Elapsed: 0:00:00 ETA: 0:00:03] Portfolio Val: 107,981.80Progress ||  17.10%  [Elapsed: 0:00:00 ETA: 0:00:02] Portfolio Val: 108,495.90Progress ||  17.25%  [Elapsed: 0:00:00 ETA: 0:00:02] Portfolio Val: 108,495.90Progress ||  17.40%  [Elapsed: 0:00:00 ETA: 0:00:02] Portfolio Val: 108,495.90Progress ||  17.45%  [Elapsed: 0:00:00 ETA: 0:00:02] Portfolio Val: 108,495.90Progress ||  17.55%  [Elapsed: 0:00:00 ETA: 0:00:02] Portfolio Val: 108,495.90Progress ||  17.59%  [Elapsed: 0:00:00 ETA: 0:00:02] Portfolio Val: 108,562.15Progress ||  17.70%  [Elapsed: 0:00:00 ETA: 0:00:02] Portfolio Val: 108,562.15Progress ||  17.74%  [Elapsed: 0:00:00 ETA: 0:00:02] Portfolio Val: 109,012.65Progress ||  17.85%  [Elapsed: 0:00:00 ETA: 0:00:02] Portfolio Val: 109,012.65Progress ||  17.89%  [Elapsed: 0:00:00 ETA: 0:00:02] Portfolio Val: 109,468.45Progress ||  18.00%  [Elapsed: 0:00:00 ETA: 0:00:02] Portfolio Val: 109,468.45Progress ||  18.15%  [Elapsed: 0:00:00 ETA: 0:00:02] Portfolio Val: 109,100.10Progress ||  18.30%  [Elapsed: 0:00:00 ETA: 0:00:02] Portfolio Val: 109,100.10Progress ||  18.44%  [Elapsed: 0:00:00 ETA: 0:00:02] Portfolio Val: 109,100.10Progress ||  18.49%  [Elapsed: 0:00:00 ETA: 0:00:02] Portfolio Val: 109,100.10Progress ||  18.59%  [Elapsed: 0:00:00 ETA: 0:00:02] Portfolio Val: 109,100.10Progress ||  18.64%  [Elapsed: 0:00:00 ETA: 0:00:02] Portfolio Val: 107,658.50Progress ||  18.74%  [Elapsed: 0:00:00 ETA: 0:00:02] Portfolio Val: 107,658.50Progress ||  18.79%  [Elapsed: 0:00:00 ETA: 0:00:02] Portfolio Val: 106,092.35Progress ||  18.89%  [Elapsed: 0:00:00 ETA: 0:00:02] Portfolio Val: 106,092.35Progress ||  18.94%  [Elapsed: 0:00:00 ETA: 0:00:02] Portfolio Val: 105,167.50Progress ||  19.04%  [Elapsed: 0:00:00 ETA: 0:00:02] Portfolio Val: 105,167.50Progress ||  19.19%  [Elapsed: 0:00:00 ETA: 0:00:02] Portfolio Val: 105,170.15Progress ||  19.34%  [Elapsed: 0:00:00 ETA: 0:00:02] Portfolio Val: 105,170.15Progress ||  19.39%  [Elapsed: 0:00:00 ETA: 0:00:02] Portfolio Val: 105,170.15Progress ||  19.49%  [Elapsed: 0:00:00 ETA: 0:00:02] Portfolio Val: 105,170.15Progress ||  19.54%  [Elapsed: 0:00:00 ETA: 0:00:02] Portfolio Val: 105,578.25Progress ||  19.64%  [Elapsed: 0:00:00 ETA: 0:00:02] Portfolio Val: 105,578.25Progress ||  19.69%  [Elapsed: 0:00:00 ETA: 0:00:02] Portfolio Val: 106,617.05Progress ||  19.79%  [Elapsed: 0:00:00 ETA: 0:00:02] Portfolio Val: 106,617.05Progress ||  19.84%  [Elapsed: 0:00:00 ETA: 0:00:02] Portfolio Val: 107,719.45Progress ||  19.94%  [Elapsed: 0:00:00 ETA: 0:00:02] Portfolio Val: 107,719.45Progress ||  19.99%  [Elapsed: 0:00:00 ETA: 0:00:02] Portfolio Val: 108,705.25Progress ||  20.09%  [Elapsed: 0:00:00 ETA: 0:00:02] Portfolio Val: 108,705.25Progress ||  20.24%  [Elapsed: 0:00:00 ETA: 0:00:02] Portfolio Val: 108,866.90Progress ||  20.39%  [Elapsed: 0:00:00 ETA: 0:00:02] Portfolio Val: 108,866.90Progress ||  20.54%  [Elapsed: 0:00:00 ETA: 0:00:02] Portfolio Val: 108,866.90Progress ||  20.58%  [Elapsed: 0:00:00 ETA: 0:00:02] Portfolio Val: 108,866.90Progress ||  20.69%  [Elapsed: 0:00:00 ETA: 0:00:02] Portfolio Val: 108,866.90Progress ||  20.73%  [Elapsed: 0:00:00 ETA: 0:00:02] Portfolio Val: 108,313.05Progress ||  20.84%  [Elapsed: 0:00:00 ETA: 0:00:02] Portfolio Val: 108,313.05Progress ||  20.88%  [Elapsed: 0:00:00 ETA: 0:00:02] Portfolio Val: 107,745.95Progress ||  20.99%  [Elapsed: 0:00:00 ETA: 0:00:02] Portfolio Val: 107,745.95Progress ||  21.03%  [Elapsed: 0:00:00 ETA: 0:00:02] Portfolio Val: 108,898.70Progress ||  21.14%  [Elapsed: 0:00:00 ETA: 0:00:02] Portfolio Val: 108,898.70Progress ||  21.28%  [Elapsed: 0:00:00 ETA: 0:00:02] Portfolio Val: 110,144.20Progress ||  21.43%  [Elapsed: 0:00:00 ETA: 0:00:02] Portfolio Val: 110,144.20Progress ||  21.48%  [Elapsed: 0:00:00 ETA: 0:00:02] Portfolio Val: 110,144.20Progress ||  21.58%  [Elapsed: 0:00:00 ETA: 0:00:02] Portfolio Val: 110,144.20Progress ||  21.63%  [Elapsed: 0:00:00 ETA: 0:00:02] Portfolio Val: 112,314.55Progress ||  21.73%  [Elapsed: 0:00:00 ETA: 0:00:02] Portfolio Val: 112,314.55Progress ||  21.78%  [Elapsed: 0:00:00 ETA: 0:00:02] Portfolio Val: 112,054.85Progress ||  21.88%  [Elapsed: 0:00:00 ETA: 0:00:02] Portfolio Val: 112,054.85Progress ||  21.93%  [Elapsed: 0:00:00 ETA: 0:00:02] Portfolio Val: 113,382.50Progress ||  22.03%  [Elapsed: 0:00:00 ETA: 0:00:02] Portfolio Val: 113,382.50Progress ||  22.08%  [Elapsed: 0:00:00 ETA: 0:00:02] Portfolio Val: 113,626.30Progress ||  22.18%  [Elapsed: 0:00:00 ETA: 0:00:02] Portfolio Val: 113,626.30Progress ||  22.33%  [Elapsed: 0:00:00 ETA: 0:00:02] Portfolio Val: 112,587.50Progress ||  22.48%  [Elapsed: 0:00:00 ETA: 0:00:02] Portfolio Val: 112,587.50Progress ||  22.53%  [Elapsed: 0:00:00 ETA: 0:00:02] Portfolio Val: 112,587.50Progress ||  22.63%  [Elapsed: 0:00:00 ETA: 0:00:02] Portfolio Val: 112,587.50Progress ||  22.68%  [Elapsed: 0:00:00 ETA: 0:00:02] Portfolio Val: 112,542.45Progress ||  22.78%  [Elapsed: 0:00:00 ETA: 0:00:02] Portfolio Val: 112,542.45Progress ||  22.83%  [Elapsed: 0:00:00 ETA: 0:00:02] Portfolio Val: 113,292.40Progress ||  22.93%  [Elapsed: 0:00:00 ETA: 0:00:02] Portfolio Val: 113,292.40Progress ||  22.98%  [Elapsed: 0:00:00 ETA: 0:00:02] Portfolio Val: 111,636.15Progress ||  23.08%  [Elapsed: 0:00:00 ETA: 0:00:02] Portfolio Val: 111,636.15Progress ||  23.13%  [Elapsed: 0:00:00 ETA: 0:00:02] Portfolio Val: 111,090.25Progress ||  23.23%  [Elapsed: 0:00:00 ETA: 0:00:02] Portfolio Val: 111,090.25Progress ||  23.38%  [Elapsed: 0:00:00 ETA: 0:00:02] Portfolio Val: 112,417.90Progress ||  23.53%  [Elapsed: 0:00:00 ETA: 0:00:02] Portfolio Val: 112,417.90Progress ||  23.57%  [Elapsed: 0:00:00 ETA: 0:00:02] Portfolio Val: 112,417.90Progress ||  23.68%  [Elapsed: 0:00:00 ETA: 0:00:02] Portfolio Val: 112,417.90Progress ||  23.72%  [Elapsed: 0:00:00 ETA: 0:00:02] Portfolio Val: 113,814.45Progress ||  23.83%  [Elapsed: 0:00:00 ETA: 0:00:02] Portfolio Val: 113,814.45Progress ||  23.87%  [Elapsed: 0:00:00 ETA: 0:00:02] Portfolio Val: 113,957.55Progress ||  23.98%  [Elapsed: 0:00:00 ETA: 0:00:02] Portfolio Val: 113,957.55Progress ||  24.02%  [Elapsed: 0:00:00 ETA: 0:00:02] Portfolio Val: 114,169.55Progress ||  24.12%  [Elapsed: 0:00:00 ETA: 0:00:01] Portfolio Val: 114,169.55Progress ||  24.17%  [Elapsed: 0:00:00 ETA: 0:00:01] Portfolio Val: 114,620.05Progress ||  24.27%  [Elapsed: 0:00:00 ETA: 0:00:01] Portfolio Val: 114,620.05Progress ||  24.42%  [Elapsed: 0:00:00 ETA: 0:00:01] Portfolio Val: 115,105.00Progress ||  24.57%  [Elapsed: 0:00:00 ETA: 0:00:01] Portfolio Val: 115,105.00Progress ||  24.62%  [Elapsed: 0:00:00 ETA: 0:00:01] Portfolio Val: 115,105.00Progress ||  24.72%  [Elapsed: 0:00:00 ETA: 0:00:01] Portfolio Val: 115,105.00Progress ||  24.77%  [Elapsed: 0:00:00 ETA: 0:00:01] Portfolio Val: 115,900.00Progress ||  24.87%  [Elapsed: 0:00:00 ETA: 0:00:01] Portfolio Val: 115,900.00Progress ||  24.92%  [Elapsed: 0:00:00 ETA: 0:00:01] Portfolio Val: 113,340.10Progress ||  25.02%  [Elapsed: 0:00:00 ETA: 0:00:01] Portfolio Val: 113,340.10Progress ||  25.07%  [Elapsed: 0:00:00 ETA: 0:00:01] Portfolio Val: 114,394.80Progress ||  25.17%  [Elapsed: 0:00:00 ETA: 0:00:01] Portfolio Val: 114,394.80Progress ||  25.22%  [Elapsed: 0:00:00 ETA: 0:00:01] Portfolio Val: 115,099.70Progress ||  25.32%  [Elapsed: 0:00:00 ETA: 0:00:01] Portfolio Val: 115,099.70Progress ||  25.47%  [Elapsed: 0:00:00 ETA: 0:00:01] Portfolio Val: 115,356.75Progress ||  25.62%  [Elapsed: 0:00:00 ETA: 0:00:01] Portfolio Val: 115,356.75Progress ||  25.77%  [Elapsed: 0:00:00 ETA: 0:00:01] Portfolio Val: 115,356.75Progress ||  25.82%  [Elapsed: 0:00:00 ETA: 0:00:01] Portfolio Val: 115,356.75Progress ||  25.92%  [Elapsed: 0:00:00 ETA: 0:00:01] Portfolio Val: 115,356.75Progress ||  25.97%  [Elapsed: 0:00:00 ETA: 0:00:01] Portfolio Val: 113,676.65Progress ||  26.07%  [Elapsed: 0:00:00 ETA: 0:00:01] Portfolio Val: 113,676.65Progress ||  26.11%  [Elapsed: 0:00:00 ETA: 0:00:01] Portfolio Val: 112,616.65Progress ||  26.22%  [Elapsed: 0:00:00 ETA: 0:00:01] Portfolio Val: 112,616.65Progress ||  26.26%  [Elapsed: 0:00:00 ETA: 0:00:01] Portfolio Val: 115,250.75Progress ||  26.37%  [Elapsed: 0:00:00 ETA: 0:00:01] Portfolio Val: 115,250.75Progress ||  26.52%  [Elapsed: 0:00:00 ETA: 0:00:01] Portfolio Val: 116,618.15Progress ||  26.67%  [Elapsed: 0:00:00 ETA: 0:00:01] Portfolio Val: 116,618.15Progress ||  26.71%  [Elapsed: 0:00:00 ETA: 0:00:01] Portfolio Val: 116,618.15Progress ||  26.82%  [Elapsed: 0:00:00 ETA: 0:00:01] Portfolio Val: 116,618.15Progress ||  26.86%  [Elapsed: 0:00:00 ETA: 0:00:01] Portfolio Val: 116,074.90Progress ||  26.97%  [Elapsed: 0:00:00 ETA: 0:00:01] Portfolio Val: 116,074.90Progress ||  27.01%  [Elapsed: 0:00:00 ETA: 0:00:01] Portfolio Val: 116,093.45Progress ||  27.11%  [Elapsed: 0:00:00 ETA: 0:00:01] Portfolio Val: 116,093.45Progress ||  27.16%  [Elapsed: 0:00:00 ETA: 0:00:01] Portfolio Val: 115,499.85Progress ||  27.26%  [Elapsed: 0:00:00 ETA: 0:00:01] Portfolio Val: 115,499.85Progress ||  27.31%  [Elapsed: 0:00:00 ETA: 0:00:01] Portfolio Val: 116,241.85Progress ||  27.41%  [Elapsed: 0:00:00 ETA: 0:00:01] Portfolio Val: 116,241.85Progress ||  27.56%  [Elapsed: 0:00:00 ETA: 0:00:01] Portfolio Val: 116,684.40Progress ||  27.71%  [Elapsed: 0:00:00 ETA: 0:00:01] Portfolio Val: 116,684.40Progress ||  27.76%  [Elapsed: 0:00:00 ETA: 0:00:01] Portfolio Val: 116,684.40Progress ||  27.86%  [Elapsed: 0:00:00 ETA: 0:00:01] Portfolio Val: 116,684.40Progress ||  27.91%  [Elapsed: 0:00:00 ETA: 0:00:01] Portfolio Val: 118,197.55Progress ||  28.01%  [Elapsed: 0:00:00 ETA: 0:00:01] Portfolio Val: 118,197.55Progress ||  28.06%  [Elapsed: 0:00:00 ETA: 0:00:01] Portfolio Val: 116,960.00Progress ||  28.16%  [Elapsed: 0:00:00 ETA: 0:00:01] Portfolio Val: 116,960.00Progress ||  28.21%  [Elapsed: 0:00:00 ETA: 0:00:01] Portfolio Val: 116,795.70Progress ||  28.31%  [Elapsed: 0:00:00 ETA: 0:00:01] Portfolio Val: 116,795.70Progress ||  28.36%  [Elapsed: 0:00:00 ETA: 0:00:01] Portfolio Val: 117,352.20Progress ||  28.46%  [Elapsed: 0:00:00 ETA: 0:00:01] Portfolio Val: 117,352.20Progress ||  28.61%  [Elapsed: 0:00:00 ETA: 0:00:01] Portfolio Val: 118,250.55Progress ||  28.76%  [Elapsed: 0:00:00 ETA: 0:00:01] Portfolio Val: 118,250.55Progress ||  28.80%  [Elapsed: 0:00:00 ETA: 0:00:01] Portfolio Val: 118,250.55Progress ||  28.91%  [Elapsed: 0:00:00 ETA: 0:00:01] Portfolio Val: 118,250.55Progress ||  28.95%  [Elapsed: 0:00:00 ETA: 0:00:01] Portfolio Val: 116,051.05Progress ||  29.06%  [Elapsed: 0:00:00 ETA: 0:00:01] Portfolio Val: 116,051.05Progress ||  29.10%  [Elapsed: 0:00:00 ETA: 0:00:01] Portfolio Val: 116,639.35Progress ||  29.21%  [Elapsed: 0:00:00 ETA: 0:00:01] Portfolio Val: 116,639.35Progress ||  29.25%  [Elapsed: 0:00:00 ETA: 0:00:01] Portfolio Val: 117,413.15Progress ||  29.36%  [Elapsed: 0:00:00 ETA: 0:00:01] Portfolio Val: 117,413.15Progress ||  29.40%  [Elapsed: 0:00:00 ETA: 0:00:01] Portfolio Val: 117,108.40Progress ||  29.51%  [Elapsed: 0:00:00 ETA: 0:00:01] Portfolio Val: 117,108.40Progress ||  29.66%  [Elapsed: 0:00:00 ETA: 0:00:01] Portfolio Val: 115,669.45Progress ||  29.81%  [Elapsed: 0:00:00 ETA: 0:00:01] Portfolio Val: 115,669.45Progress ||  29.85%  [Elapsed: 0:00:00 ETA: 0:00:01] Portfolio Val: 115,669.45Progress ||  29.95%  [Elapsed: 0:00:00 ETA: 0:00:01] Portfolio Val: 115,669.45Progress ||  30.00%  [Elapsed: 0:00:00 ETA: 0:00:01] Portfolio Val: 116,374.35Progress ||  30.10%  [Elapsed: 0:00:00 ETA: 0:00:01] Portfolio Val: 116,374.35Progress ||  30.14%  [Elapsed: 0:00:00 ETA: 0:00:01] Portfolio Val: 115,505.15Progress ||  30.25%  [Elapsed: 0:00:00 ETA: 0:00:01] Portfolio Val: 115,505.15Progress ||  30.29%  [Elapsed: 0:00:00 ETA: 0:00:01] Portfolio Val: 116,652.60Progress ||  30.40%  [Elapsed: 0:00:00 ETA: 0:00:01] Portfolio Val: 116,652.60Progress ||  30.44%  [Elapsed: 0:00:00 ETA: 0:00:01] Portfolio Val: 119,064.10Progress ||  30.55%  [Elapsed: 0:00:00 ETA: 0:00:01] Portfolio Val: 119,064.10Progress ||  30.70%  [Elapsed: 0:00:00 ETA: 0:00:01] Portfolio Val: 118,128.65Progress ||  30.85%  [Elapsed: 0:00:00 ETA: 0:00:01] Portfolio Val: 118,128.65Progress ||  30.89%  [Elapsed: 0:00:00 ETA: 0:00:01] Portfolio Val: 118,128.65Progress ||  31.00%  [Elapsed: 0:00:00 ETA: 0:00:01] Portfolio Val: 118,128.65Progress ||  31.04%  [Elapsed: 0:00:00 ETA: 0:00:01] Portfolio Val: 117,651.65Progress ||  31.15%  [Elapsed: 0:00:00 ETA: 0:00:01] Portfolio Val: 117,651.65Progress ||  31.19%  [Elapsed: 0:00:00 ETA: 0:00:01] Portfolio Val: 118,380.40Progress ||  31.30%  [Elapsed: 0:00:00 ETA: 0:00:01] Portfolio Val: 118,380.40Progress ||  31.34%  [Elapsed: 0:00:00 ETA: 0:00:01] Portfolio Val: 118,417.50Progress ||  31.45%  [Elapsed: 0:00:00 ETA: 0:00:01] Portfolio Val: 118,417.50Progress ||  31.60%  [Elapsed: 0:00:00 ETA: 0:00:01] Portfolio Val: 117,977.60Progress ||  31.75%  [Elapsed: 0:00:00 ETA: 0:00:01] Portfolio Val: 117,977.60Progress ||  31.90%  [Elapsed: 0:00:00 ETA: 0:00:01] Portfolio Val: 117,977.60Progress ||  31.94%  [Elapsed: 0:00:00 ETA: 0:00:01] Portfolio Val: 117,977.60Progress ||  32.05%  [Elapsed: 0:00:00 ETA: 0:00:01] Portfolio Val: 117,977.60Progress ||  32.09%  [Elapsed: 0:00:00 ETA: 0:00:01] Portfolio Val: 118,027.95Progress ||  32.20%  [Elapsed: 0:00:00 ETA: 0:00:01] Portfolio Val: 118,027.95Progress ||  32.24%  [Elapsed: 0:00:00 ETA: 0:00:01] Portfolio Val: 116,732.10Progress ||  32.35%  [Elapsed: 0:00:00 ETA: 0:00:01] Portfolio Val: 116,732.10Progress ||  32.39%  [Elapsed: 0:00:00 ETA: 0:00:01] Portfolio Val: 116,435.30Progress ||  32.50%  [Elapsed: 0:00:00 ETA: 0:00:01] Portfolio Val: 116,435.30Progress ||  32.54%  [Elapsed: 0:00:00 ETA: 0:00:01] Portfolio Val: 118,388.35Progress ||  32.65%  [Elapsed: 0:00:00 ETA: 0:00:01] Portfolio Val: 118,388.35Progress ||  32.79%  [Elapsed: 0:00:00 ETA: 0:00:01] Portfolio Val: 115,857.60Progress ||  32.94%  [Elapsed: 0:00:00 ETA: 0:00:01] Portfolio Val: 115,857.60Progress ||  32.98%  [Elapsed: 0:00:00 ETA: 0:00:01] Portfolio Val: 115,857.60Progress ||  33.09%  [Elapsed: 0:00:00 ETA: 0:00:01] Portfolio Val: 115,857.60Progress ||  33.13%  [Elapsed: 0:00:00 ETA: 0:00:01] Portfolio Val: 117,084.55Progress ||  33.24%  [Elapsed: 0:00:00 ETA: 0:00:01] Portfolio Val: 117,084.55Progress ||  33.28%  [Elapsed: 0:00:00 ETA: 0:00:01] Portfolio Val: 117,495.30Progress ||  33.39%  [Elapsed: 0:00:00 ETA: 0:00:01] Portfolio Val: 117,495.30Progress ||  33.43%  [Elapsed: 0:00:00 ETA: 0:00:01] Portfolio Val: 115,915.90Progress ||  33.54%  [Elapsed: 0:00:00 ETA: 0:00:01] Portfolio Val: 115,915.90Progress ||  33.58%  [Elapsed: 0:00:00 ETA: 0:00:01] Portfolio Val: 116,779.80Progress ||  33.69%  [Elapsed: 0:00:00 ETA: 0:00:01] Portfolio Val: 116,779.80Progress ||  33.84%  [Elapsed: 0:00:00 ETA: 0:00:01] Portfolio Val: 117,002.40Progress ||  33.99%  [Elapsed: 0:00:00 ETA: 0:00:01] Portfolio Val: 117,002.40Progress ||  34.03%  [Elapsed: 0:00:00 ETA: 0:00:01] Portfolio Val: 117,002.40Progress ||  34.14%  [Elapsed: 0:00:00 ETA: 0:00:01] Portfolio Val: 117,002.40Progress ||  34.18%  [Elapsed: 0:00:00 ETA: 0:00:01] Portfolio Val: 117,256.80Progress ||  34.29%  [Elapsed: 0:00:00 ETA: 0:00:01] Portfolio Val: 117,256.80Progress ||  34.33%  [Elapsed: 0:00:00 ETA: 0:00:01] Portfolio Val: 114,299.40Progress ||  34.44%  [Elapsed: 0:00:00 ETA: 0:00:01] Portfolio Val: 114,299.40Progress ||  34.48%  [Elapsed: 0:00:00 ETA: 0:00:01] Portfolio Val: 114,882.40Progress ||  34.59%  [Elapsed: 0:00:00 ETA: 0:00:01] Portfolio Val: 114,882.40Progress ||  34.63%  [Elapsed: 0:00:00 ETA: 0:00:01] Portfolio Val: 113,130.75Progress ||  34.74%  [Elapsed: 0:00:00 ETA: 0:00:01] Portfolio Val: 113,130.75Progress ||  34.89%  [Elapsed: 0:00:00 ETA: 0:00:01] Portfolio Val: 111,999.20Progress ||  35.04%  [Elapsed: 0:00:00 ETA: 0:00:01] Portfolio Val: 111,999.20Progress ||  35.08%  [Elapsed: 0:00:00 ETA: 0:00:01] Portfolio Val: 111,999.20Progress ||  35.19%  [Elapsed: 0:00:00 ETA: 0:00:01] Portfolio Val: 111,999.20Progress ||  35.23%  [Elapsed: 0:00:00 ETA: 0:00:01] Portfolio Val: 110,698.05Progress ||  35.34%  [Elapsed: 0:00:00 ETA: 0:00:01] Portfolio Val: 110,698.05Progress ||  35.38%  [Elapsed: 0:00:00 ETA: 0:00:01] Portfolio Val: 111,614.95Progress ||  35.49%  [Elapsed: 0:00:00 ETA: 0:00:01] Portfolio Val: 111,614.95Progress ||  35.53%  [Elapsed: 0:00:00 ETA: 0:00:01] Portfolio Val: 113,583.90Progress ||  35.63%  [Elapsed: 0:00:00 ETA: 0:00:01] Portfolio Val: 113,583.90Progress ||  35.68%  [Elapsed: 0:00:00 ETA: 0:00:01] Portfolio Val: 111,209.50Progress ||  35.78%  [Elapsed: 0:00:00 ETA: 0:00:01] Portfolio Val: 111,209.50Progress ||  35.93%  [Elapsed: 0:00:00 ETA: 0:00:01] Portfolio Val: 113,430.20Progress ||  36.08%  [Elapsed: 0:00:00 ETA: 0:00:01] Portfolio Val: 113,430.20Progress ||  36.12%  [Elapsed: 0:00:00 ETA: 0:00:01] Portfolio Val: 113,430.20Progress ||  36.23%  [Elapsed: 0:00:00 ETA: 0:00:01] Portfolio Val: 113,430.20Progress ||  36.27%  [Elapsed: 0:00:00 ETA: 0:00:01] Portfolio Val: 114,890.35Progress ||  36.38%  [Elapsed: 0:00:00 ETA: 0:00:01] Portfolio Val: 114,890.35Progress ||  36.42%  [Elapsed: 0:00:00 ETA: 0:00:01] Portfolio Val: 114,365.65Progress ||  36.53%  [Elapsed: 0:00:00 ETA: 0:00:01] Portfolio Val: 114,365.65Progress ||  36.57%  [Elapsed: 0:00:00 ETA: 0:00:01] Portfolio Val: 112,245.65Progress ||  36.68%  [Elapsed: 0:00:00 ETA: 0:00:01] Portfolio Val: 112,245.65Progress ||  36.72%  [Elapsed: 0:00:00 ETA: 0:00:01] Portfolio Val: 112,815.40Progress ||  36.83%  [Elapsed: 0:00:00 ETA: 0:00:01] Portfolio Val: 112,815.40Progress ||  36.98%  [Elapsed: 0:00:00 ETA: 0:00:01] Portfolio Val: 115,237.50Progress ||  37.13%  [Elapsed: 0:00:00 ETA: 0:00:01] Portfolio Val: 115,237.50Progress ||  37.17%  [Elapsed: 0:00:00 ETA: 0:00:01] Portfolio Val: 115,237.50Progress ||  37.28%  [Elapsed: 0:00:00 ETA: 0:00:01] Portfolio Val: 115,237.50Progress ||  37.32%  [Elapsed: 0:00:00 ETA: 0:00:01] Portfolio Val: 115,995.40Progress ||  37.43%  [Elapsed: 0:00:00 ETA: 0:00:01] Portfolio Val: 115,995.40Progress ||  37.47%  [Elapsed: 0:00:00 ETA: 0:00:01] Portfolio Val: 116,896.40Progress ||  37.58%  [Elapsed: 0:00:00 ETA: 0:00:01] Portfolio Val: 116,896.40Progress ||  37.62%  [Elapsed: 0:00:00 ETA: 0:00:01] Portfolio Val: 116,093.45Progress ||  37.73%  [Elapsed: 0:00:00 ETA: 0:00:01] Portfolio Val: 116,093.45Progress ||  37.77%  [Elapsed: 0:00:00 ETA: 0:00:01] Portfolio Val: 116,798.35Progress ||  37.88%  [Elapsed: 0:00:00 ETA: 0:00:01] Portfolio Val: 116,798.35Progress ||  38.03%  [Elapsed: 0:00:00 ETA: 0:00:01] Portfolio Val: 117,384.00Progress ||  38.18%  [Elapsed: 0:00:00 ETA: 0:00:01] Portfolio Val: 117,384.00Progress ||  38.22%  [Elapsed: 0:00:00 ETA: 0:00:01] Portfolio Val: 117,384.00Progress ||  38.33%  [Elapsed: 0:00:00 ETA: 0:00:01] Portfolio Val: 117,384.00Progress ||  38.37%  [Elapsed: 0:00:00 ETA: 0:00:01] Portfolio Val: 117,768.25Progress ||  38.47%  [Elapsed: 0:00:00 ETA: 0:00:01] Portfolio Val: 117,768.25Progress ||  38.52%  [Elapsed: 0:00:00 ETA: 0:00:01] Portfolio Val: 117,413.15Progress ||  38.62%  [Elapsed: 0:00:00 ETA: 0:00:01] Portfolio Val: 117,413.15Progress ||  38.66%  [Elapsed: 0:00:00 ETA: 0:00:01] Portfolio Val: 118,944.85Progress ||  38.77%  [Elapsed: 0:00:00 ETA: 0:00:01] Portfolio Val: 118,944.85Progress ||  38.81%  [Elapsed: 0:00:00 ETA: 0:00:01] Portfolio Val: 120,079.05Progress ||  38.92%  [Elapsed: 0:00:00 ETA: 0:00:01] Portfolio Val: 120,079.05Progress ||  39.07%  [Elapsed: 0:00:00 ETA: 0:00:01] Portfolio Val: 119,920.05Progress ||  39.22%  [Elapsed: 0:00:00 ETA: 0:00:01] Portfolio Val: 119,920.05Progress ||  39.26%  [Elapsed: 0:00:00 ETA: 0:00:01] Portfolio Val: 119,920.05Progress ||  39.37%  [Elapsed: 0:00:00 ETA: 0:00:01] Portfolio Val: 119,920.05Progress ||  39.41%  [Elapsed: 0:00:00 ETA: 0:00:01] Portfolio Val: 119,885.60Progress ||  39.52%  [Elapsed: 0:00:00 ETA: 0:00:01] Portfolio Val: 119,885.60Progress ||  39.56%  [Elapsed: 0:00:00 ETA: 0:00:01] Portfolio Val: 120,166.50Progress ||  39.67%  [Elapsed: 0:00:00 ETA: 0:00:01] Portfolio Val: 120,166.50Progress ||  39.71%  [Elapsed: 0:00:00 ETA: 0:00:01] Portfolio Val: 120,966.80Progress ||  39.82%  [Elapsed: 0:00:00 ETA: 0:00:01] Portfolio Val: 120,966.80Progress ||  39.86%  [Elapsed: 0:00:00 ETA: 0:00:01] Portfolio Val: 122,156.65Progress ||  39.97%  [Elapsed: 0:00:00 ETA: 0:00:01] Portfolio Val: 122,156.65Progress ||  40.12%  [Elapsed: 0:00:00 ETA: 0:00:01] Portfolio Val: 120,762.75Progress ||  40.27%  [Elapsed: 0:00:00 ETA: 0:00:01] Portfolio Val: 120,762.75Progress ||  40.42%  [Elapsed: 0:00:00 ETA: 0:00:01] Portfolio Val: 120,762.75Progress ||  40.46%  [Elapsed: 0:00:00 ETA: 0:00:01] Portfolio Val: 120,762.75Progress ||  40.57%  [Elapsed: 0:00:00 ETA: 0:00:01] Portfolio Val: 120,762.75Progress ||  40.61%  [Elapsed: 0:00:00 ETA: 0:00:01] Portfolio Val: 121,793.60Progress ||  40.72%  [Elapsed: 0:00:00 ETA: 0:00:01] Portfolio Val: 121,793.60Progress ||  40.76%  [Elapsed: 0:00:00 ETA: 0:00:00] Portfolio Val: 120,813.10Progress ||  40.87%  [Elapsed: 0:00:00 ETA: 0:00:00] Portfolio Val: 120,813.10Progress ||  40.91%  [Elapsed: 0:00:00 ETA: 0:00:00] Portfolio Val: 120,818.40Progress ||  41.02%  [Elapsed: 0:00:00 ETA: 0:00:00] Portfolio Val: 120,818.40Progress ||  41.17%  [Elapsed: 0:00:00 ETA: 0:00:00] Portfolio Val: 119,832.60Progress ||  41.31%  [Elapsed: 0:00:00 ETA: 0:00:00] Portfolio Val: 119,832.60Progress ||  41.36%  [Elapsed: 0:00:00 ETA: 0:00:00] Portfolio Val: 119,832.60Progress ||  41.46%  [Elapsed: 0:00:00 ETA: 0:00:00] Portfolio Val: 119,832.60Progress ||  41.50%  [Elapsed: 0:00:00 ETA: 0:00:00] Portfolio Val: 120,571.95Progress ||  41.61%  [Elapsed: 0:00:00 ETA: 0:00:00] Portfolio Val: 120,571.95Progress ||  41.65%  [Elapsed: 0:00:00 ETA: 0:00:00] Portfolio Val: 120,121.45Progress ||  41.76%  [Elapsed: 0:00:00 ETA: 0:00:00] Portfolio Val: 120,121.45Progress ||  41.80%  [Elapsed: 0:00:00 ETA: 0:00:00] Portfolio Val: 121,475.60Progress ||  41.91%  [Elapsed: 0:00:00 ETA: 0:00:00] Portfolio Val: 121,475.60Progress ||  41.95%  [Elapsed: 0:00:00 ETA: 0:00:00] Portfolio Val: 123,129.20Progress ||  42.06%  [Elapsed: 0:00:00 ETA: 0:00:00] Portfolio Val: 123,129.20Progress ||  42.21%  [Elapsed: 0:00:00 ETA: 0:00:00] Portfolio Val: 122,805.90Progress ||  42.36%  [Elapsed: 0:00:00 ETA: 0:00:00] Portfolio Val: 122,805.90Progress ||  42.40%  [Elapsed: 0:00:00 ETA: 0:00:00] Portfolio Val: 122,805.90Progress ||  42.51%  [Elapsed: 0:00:00 ETA: 0:00:00] Portfolio Val: 122,805.90Progress ||  42.55%  [Elapsed: 0:00:00 ETA: 0:00:00] Portfolio Val: 122,493.20Progress ||  42.66%  [Elapsed: 0:00:00 ETA: 0:00:00] Portfolio Val: 122,493.20Progress ||  42.70%  [Elapsed: 0:00:00 ETA: 0:00:00] Portfolio Val: 122,949.00Progress ||  42.81%  [Elapsed: 0:00:00 ETA: 0:00:00] Portfolio Val: 122,949.00Progress ||  42.85%  [Elapsed: 0:00:00 ETA: 0:00:00] Portfolio Val: 125,188.25Progress ||  42.96%  [Elapsed: 0:00:00 ETA: 0:00:00] Portfolio Val: 125,188.25Progress ||  43.00%  [Elapsed: 0:00:00 ETA: 0:00:00] Portfolio Val: 126,706.70Progress ||  43.11%  [Elapsed: 0:00:00 ETA: 0:00:00] Portfolio Val: 126,706.70Progress ||  43.26%  [Elapsed: 0:00:00 ETA: 0:00:00] Portfolio Val: 126,388.70Progress ||  43.41%  [Elapsed: 0:00:00 ETA: 0:00:00] Portfolio Val: 126,388.70Progress ||  43.45%  [Elapsed: 0:00:00 ETA: 0:00:00] Portfolio Val: 126,388.70Progress ||  43.56%  [Elapsed: 0:00:00 ETA: 0:00:00] Portfolio Val: 126,388.70Progress ||  43.60%  [Elapsed: 0:00:00 ETA: 0:00:00] Portfolio Val: 127,167.80Progress ||  43.71%  [Elapsed: 0:00:00 ETA: 0:00:00] Portfolio Val: 127,167.80Progress ||  43.86%  [Elapsed: 0:00:00 ETA: 0:00:00] Portfolio Val: 128,638.55Progress ||  43.90%  [Elapsed: 0:00:00 ETA: 0:00:00] Portfolio Val: 128,638.55Progress ||  44.01%  [Elapsed: 0:00:00 ETA: 0:00:00] Portfolio Val: 128,638.55Progress ||  44.05%  [Elapsed: 0:00:00 ETA: 0:00:00] Portfolio Val: 129,012.20Progress ||  44.15%  [Elapsed: 0:00:00 ETA: 0:00:00] Portfolio Val: 129,012.20Progress ||  44.30%  [Elapsed: 0:00:00 ETA: 0:00:00] Portfolio Val: 127,626.25Progress ||  44.45%  [Elapsed: 0:00:00 ETA: 0:00:00] Portfolio Val: 127,626.25Progress ||  44.49%  [Elapsed: 0:00:00 ETA: 0:00:00] Portfolio Val: 127,626.25Progress ||  44.60%  [Elapsed: 0:00:00 ETA: 0:00:00] Portfolio Val: 127,626.25Progress ||  44.64%  [Elapsed: 0:00:00 ETA: 0:00:00] Portfolio Val: 126,828.60Progress ||  44.75%  [Elapsed: 0:00:00 ETA: 0:00:00] Portfolio Val: 126,828.60Progress ||  44.79%  [Elapsed: 0:00:00 ETA: 0:00:00] Portfolio Val: 126,269.45Progress ||  44.90%  [Elapsed: 0:00:00 ETA: 0:00:00] Portfolio Val: 126,269.45Progress ||  44.94%  [Elapsed: 0:00:00 ETA: 0:00:00] Portfolio Val: 126,926.65Progress ||  45.05%  [Elapsed: 0:00:00 ETA: 0:00:00] Portfolio Val: 126,926.65Progress ||  45.09%  [Elapsed: 0:00:00 ETA: 0:00:00] Portfolio Val: 127,342.70Progress ||  45.20%  [Elapsed: 0:00:00 ETA: 0:00:00] Portfolio Val: 127,342.70Progress ||  45.35%  [Elapsed: 0:00:00 ETA: 0:00:00] Portfolio Val: 127,949.55Progress ||  45.50%  [Elapsed: 0:00:00 ETA: 0:00:00] Portfolio Val: 127,949.55Progress ||  45.54%  [Elapsed: 0:00:00 ETA: 0:00:00] Portfolio Val: 127,949.55Progress ||  45.65%  [Elapsed: 0:00:00 ETA: 0:00:00] Portfolio Val: 127,949.55Progress ||  45.69%  [Elapsed: 0:00:00 ETA: 0:00:00] Portfolio Val: 127,321.50Progress ||  45.80%  [Elapsed: 0:00:00 ETA: 0:00:00] Portfolio Val: 127,321.50Progress ||  45.82%  [Elapsed: 0:00:00 ETA: 0:00:00] Portfolio Val: 127,419.55Progress ||  45.95%  [Elapsed: 0:00:00 ETA: 0:00:00] Portfolio Val: 127,419.55Progress ||  46.10%  [Elapsed: 0:00:00 ETA: 0:00:00] Portfolio Val: 128,959.20Progress ||  46.14%  [Elapsed: 0:00:00 ETA: 0:00:00] Portfolio Val: 128,959.20Progress ||  46.25%  [Elapsed: 0:00:00 ETA: 0:00:00] Portfolio Val: 128,959.20Progress ||  46.40%  [Elapsed: 0:00:00 ETA: 0:00:00] Portfolio Val: 130,461.75Progress ||  46.55%  [Elapsed: 0:00:00 ETA: 0:00:00] Portfolio Val: 130,461.75Progress ||  46.59%  [Elapsed: 0:00:00 ETA: 0:00:00] Portfolio Val: 130,461.75Progress ||  46.70%  [Elapsed: 0:00:00 ETA: 0:00:00] Portfolio Val: 130,461.75Progress ||  46.74%  [Elapsed: 0:00:00 ETA: 0:00:00] Portfolio Val: 131,691.35Progress ||  46.85%  [Elapsed: 0:00:00 ETA: 0:00:00] Portfolio Val: 131,691.35Progress ||  46.89%  [Elapsed: 0:00:00 ETA: 0:00:00] Portfolio Val: 132,311.45Progress ||  46.99%  [Elapsed: 0:00:00 ETA: 0:00:00] Portfolio Val: 132,311.45Progress ||  47.04%  [Elapsed: 0:00:00 ETA: 0:00:00] Portfolio Val: 132,534.05Progress ||  47.14%  [Elapsed: 0:00:00 ETA: 0:00:00] Portfolio Val: 132,534.05Progress ||  47.18%  [Elapsed: 0:00:00 ETA: 0:00:00] Portfolio Val: 133,424.45Progress ||  47.29%  [Elapsed: 0:00:00 ETA: 0:00:00] Portfolio Val: 133,424.45Progress ||  47.44%  [Elapsed: 0:00:00 ETA: 0:00:00] Portfolio Val: 130,626.05Progress ||  47.59%  [Elapsed: 0:00:00 ETA: 0:00:00] Portfolio Val: 130,626.05Progress ||  47.63%  [Elapsed: 0:00:00 ETA: 0:00:00] Portfolio Val: 130,626.05Progress ||  47.74%  [Elapsed: 0:00:00 ETA: 0:00:00] Portfolio Val: 130,626.05Progress ||  47.78%  [Elapsed: 0:00:00 ETA: 0:00:00] Portfolio Val: 131,712.55Progress ||  47.89%  [Elapsed: 0:00:00 ETA: 0:00:00] Portfolio Val: 131,712.55Progress ||  47.93%  [Elapsed: 0:00:00 ETA: 0:00:00] Portfolio Val: 131,980.20Progress ||  48.04%  [Elapsed: 0:00:00 ETA: 0:00:00] Portfolio Val: 131,980.20Progress ||  48.08%  [Elapsed: 0:00:00 ETA: 0:00:00] Portfolio Val: 129,505.10Progress ||  48.19%  [Elapsed: 0:00:00 ETA: 0:00:00] Portfolio Val: 129,505.10Progress ||  48.23%  [Elapsed: 0:00:00 ETA: 0:00:00] Portfolio Val: 128,776.35Progress ||  48.34%  [Elapsed: 0:00:00 ETA: 0:00:00] Portfolio Val: 128,776.35Progress ||  48.49%  [Elapsed: 0:00:00 ETA: 0:00:00] Portfolio Val: 127,085.65Progress ||  48.64%  [Elapsed: 0:00:00 ETA: 0:00:00] Portfolio Val: 127,085.65Progress ||  48.68%  [Elapsed: 0:00:00 ETA: 0:00:00] Portfolio Val: 127,085.65Progress ||  48.79%  [Elapsed: 0:00:00 ETA: 0:00:00] Portfolio Val: 127,085.65Progress ||  48.83%  [Elapsed: 0:00:00 ETA: 0:00:00] Portfolio Val: 127,618.30Progress ||  48.94%  [Elapsed: 0:00:00 ETA: 0:00:00] Portfolio Val: 127,618.30Progress ||  48.98%  [Elapsed: 0:00:00 ETA: 0:00:00] Portfolio Val: 127,684.55Progress ||  49.09%  [Elapsed: 0:00:00 ETA: 0:00:00] Portfolio Val: 127,684.55Progress ||  49.13%  [Elapsed: 0:00:00 ETA: 0:00:00] Portfolio Val: 125,673.20Progress ||  49.24%  [Elapsed: 0:00:00 ETA: 0:00:00] Portfolio Val: 125,673.20Progress ||  49.28%  [Elapsed: 0:00:00 ETA: 0:00:00] Portfolio Val: 122,996.70Progress ||  49.39%  [Elapsed: 0:00:00 ETA: 0:00:00] Portfolio Val: 122,996.70Progress ||  49.54%  [Elapsed: 0:00:00 ETA: 0:00:00] Portfolio Val: 122,713.15Progress ||  49.69%  [Elapsed: 0:00:00 ETA: 0:00:00] Portfolio Val: 122,713.15Progress ||  49.73%  [Elapsed: 0:00:00 ETA: 0:00:00] Portfolio Val: 122,713.15Progress ||  49.84%  [Elapsed: 0:00:00 ETA: 0:00:00] Portfolio Val: 122,713.15Progress ||  49.88%  [Elapsed: 0:00:00 ETA: 0:00:00] Portfolio Val: 123,524.05Progress ||  49.98%  [Elapsed: 0:00:00 ETA: 0:00:00] Portfolio Val: 123,524.05Progress ||  50.02%  [Elapsed: 0:00:00 ETA: 0:00:00] Portfolio Val: 123,561.15Progress ||  50.13%  [Elapsed: 0:00:00 ETA: 0:00:00] Portfolio Val: 123,561.15Progress ||  50.17%  [Elapsed: 0:00:00 ETA: 0:00:00] Portfolio Val: 124,096.45Progress ||  50.28%  [Elapsed: 0:00:00 ETA: 0:00:00] Portfolio Val: 124,096.45Progress ||  50.32%  [Elapsed: 0:00:00 ETA: 0:00:00] Portfolio Val: 125,127.30Progress ||  50.43%  [Elapsed: 0:00:00 ETA: 0:00:00] Portfolio Val: 125,127.30Progress ||  50.58%  [Elapsed: 0:00:00 ETA: 0:00:00] Portfolio Val: 119,596.75Progress ||  50.73%  [Elapsed: 0:00:00 ETA: 0:00:00] Portfolio Val: 119,596.75Progress ||  50.77%  [Elapsed: 0:00:00 ETA: 0:00:00] Portfolio Val: 119,596.75Progress ||  50.88%  [Elapsed: 0:00:00 ETA: 0:00:00] Portfolio Val: 119,596.75Progress ||  50.92%  [Elapsed: 0:00:00 ETA: 0:00:00] Portfolio Val: 112,659.05Progress ||  51.03%  [Elapsed: 0:00:00 ETA: 0:00:00] Portfolio Val: 112,659.05Progress ||  51.07%  [Elapsed: 0:00:00 ETA: 0:00:00] Portfolio Val: 115,976.85Progress ||  51.18%  [Elapsed: 0:00:00 ETA: 0:00:00] Portfolio Val: 115,976.85Progress ||  51.22%  [Elapsed: 0:00:00 ETA: 0:00:00] Portfolio Val: 118,430.75Progress ||  51.33%  [Elapsed: 0:00:00 ETA: 0:00:00] Portfolio Val: 118,430.75Progress ||  51.37%  [Elapsed: 0:00:00 ETA: 0:00:00] Portfolio Val: 116,991.80Progress ||  51.48%  [Elapsed: 0:00:00 ETA: 0:00:00] Portfolio Val: 116,991.80Progress ||  51.63%  [Elapsed: 0:00:00 ETA: 0:00:00] Portfolio Val: 118,497.00Progress ||  51.78%  [Elapsed: 0:00:00 ETA: 0:00:00] Portfolio Val: 118,497.00Progress ||  51.82%  [Elapsed: 0:00:00 ETA: 0:00:00] Portfolio Val: 118,497.00Progress ||  51.93%  [Elapsed: 0:00:00 ETA: 0:00:00] Portfolio Val: 118,497.00Progress ||  51.97%  [Elapsed: 0:00:00 ETA: 0:00:00] Portfolio Val: 119,729.25Progress ||  52.08%  [Elapsed: 0:00:00 ETA: 0:00:00] Portfolio Val: 119,729.25Progress ||  52.12%  [Elapsed: 0:00:00 ETA: 0:00:00] Portfolio Val: 120,903.20Progress ||  52.23%  [Elapsed: 0:00:00 ETA: 0:00:00] Portfolio Val: 120,903.20Progress ||  52.27%  [Elapsed: 0:00:00 ETA: 0:00:00] Portfolio Val: 122,941.05Progress ||  52.38%  [Elapsed: 0:00:00 ETA: 0:00:00] Portfolio Val: 122,941.05Progress ||  52.42%  [Elapsed: 0:00:00 ETA: 0:00:00] Portfolio Val: 124,332.30Progress ||  52.53%  [Elapsed: 0:00:00 ETA: 0:00:00] Portfolio Val: 124,332.30Progress ||  52.68%  [Elapsed: 0:00:00 ETA: 0:00:00] Portfolio Val: 125,355.20Progress ||  52.82%  [Elapsed: 0:00:00 ETA: 0:00:00] Portfolio Val: 125,355.20Progress ||  52.87%  [Elapsed: 0:00:00 ETA: 0:00:00] Portfolio Val: 125,355.20Progress ||  52.97%  [Elapsed: 0:00:00 ETA: 0:00:00] Portfolio Val: 125,355.20Progress ||  53.01%  [Elapsed: 0:00:00 ETA: 0:00:00] Portfolio Val: 126,030.95Progress ||  53.12%  [Elapsed: 0:00:00 ETA: 0:00:00] Portfolio Val: 126,030.95Progress ||  53.16%  [Elapsed: 0:00:00 ETA: 0:00:00] Portfolio Val: 127,403.65Progress ||  53.27%  [Elapsed: 0:00:00 ETA: 0:00:00] Portfolio Val: 127,403.65Progress ||  53.31%  [Elapsed: 0:00:00 ETA: 0:00:00] Portfolio Val: 127,589.15Progress ||  53.42%  [Elapsed: 0:00:00 ETA: 0:00:00] Portfolio Val: 127,589.15Progress ||  53.46%  [Elapsed: 0:00:00 ETA: 0:00:00] Portfolio Val: 128,593.50Progress ||  53.57%  [Elapsed: 0:00:00 ETA: 0:00:00] Portfolio Val: 128,593.50Progress ||  53.72%  [Elapsed: 0:00:00 ETA: 0:00:00] Portfolio Val: 127,109.50Progress ||  53.87%  [Elapsed: 0:00:00 ETA: 0:00:00] Portfolio Val: 127,109.50Progress ||  53.91%  [Elapsed: 0:00:00 ETA: 0:00:00] Portfolio Val: 127,109.50Progress ||  54.02%  [Elapsed: 0:00:00 ETA: 0:00:00] Portfolio Val: 127,109.50Progress ||  54.06%  [Elapsed: 0:00:00 ETA: 0:00:00] Portfolio Val: 127,165.15Progress ||  54.17%  [Elapsed: 0:00:00 ETA: 0:00:00] Portfolio Val: 127,165.15Progress ||  54.21%  [Elapsed: 0:00:00 ETA: 0:00:00] Portfolio Val: 125,638.75Progress ||  54.32%  [Elapsed: 0:00:00 ETA: 0:00:00] Portfolio Val: 125,638.75Progress ||  54.36%  [Elapsed: 0:00:00 ETA: 0:00:00] Portfolio Val: 126,327.75Progress ||  54.47%  [Elapsed: 0:00:00 ETA: 0:00:00] Portfolio Val: 126,327.75Progress ||  54.51%  [Elapsed: 0:00:00 ETA: 0:00:00] Portfolio Val: 125,530.10Progress ||  54.62%  [Elapsed: 0:00:00 ETA: 0:00:00] Portfolio Val: 125,530.10Progress ||  54.77%  [Elapsed: 0:00:00 ETA: 0:00:00] Portfolio Val: 125,996.50Progress ||  54.92%  [Elapsed: 0:00:00 ETA: 0:00:00] Portfolio Val: 125,996.50Progress ||  55.07%  [Elapsed: 0:00:00 ETA: 0:00:00] Portfolio Val: 125,996.50Progress ||  55.11%  [Elapsed: 0:00:00 ETA: 0:00:00] Portfolio Val: 125,996.50Progress ||  55.22%  [Elapsed: 0:00:00 ETA: 0:00:00] Portfolio Val: 125,996.50Progress ||  55.26%  [Elapsed: 0:00:00 ETA: 0:00:00] Portfolio Val: 125,508.90Progress ||  55.37%  [Elapsed: 0:00:00 ETA: 0:00:00] Portfolio Val: 125,508.90Progress ||  55.41%  [Elapsed: 0:00:00 ETA: 0:00:00] Portfolio Val: 121,658.45Progress ||  55.52%  [Elapsed: 0:00:00 ETA: 0:00:00] Portfolio Val: 121,658.45Progress ||  55.56%  [Elapsed: 0:00:00 ETA: 0:00:00] Portfolio Val: 121,737.95Progress ||  55.66%  [Elapsed: 0:00:00 ETA: 0:00:00] Portfolio Val: 121,737.95Progress ||  55.81%  [Elapsed: 0:00:00 ETA: 0:00:00] Portfolio Val: 122,098.35Progress ||  55.96%  [Elapsed: 0:00:00 ETA: 0:00:00] Portfolio Val: 122,098.35Progress ||  56.00%  [Elapsed: 0:00:00 ETA: 0:00:00] Portfolio Val: 122,098.35Progress ||  56.11%  [Elapsed: 0:00:00 ETA: 0:00:00] Portfolio Val: 122,098.35Progress ||  56.15%  [Elapsed: 0:00:00 ETA: 0:00:00] Portfolio Val: 120,171.80Progress ||  56.26%  [Elapsed: 0:00:00 ETA: 0:00:00] Portfolio Val: 120,171.80Progress ||  56.30%  [Elapsed: 0:00:00 ETA: 0:00:00] Portfolio Val: 121,014.50Progress ||  56.41%  [Elapsed: 0:00:00 ETA: 0:00:00] Portfolio Val: 121,014.50Progress ||  56.45%  [Elapsed: 0:00:00 ETA: 0:00:00] Portfolio Val: 121,987.05Progress ||  56.56%  [Elapsed: 0:00:00 ETA: 0:00:00] Portfolio Val: 121,987.05Progress ||  56.60%  [Elapsed: 0:00:00 ETA: 0:00:00] Portfolio Val: 124,303.15Progress ||  56.71%  [Elapsed: 0:00:00 ETA: 0:00:00] Portfolio Val: 124,303.15Progress ||  56.86%  [Elapsed: 0:00:00 ETA: 0:00:00] Portfolio Val: 125,318.10Progress ||  57.01%  [Elapsed: 0:00:00 ETA: 0:00:00] Portfolio Val: 125,318.10Progress ||  57.05%  [Elapsed: 0:00:00 ETA: 0:00:00] Portfolio Val: 125,318.10Progress ||  57.16%  [Elapsed: 0:00:00 ETA: 0:00:00] Portfolio Val: 125,318.10Progress ||  57.20%  [Elapsed: 0:00:00 ETA: 0:00:00] Portfolio Val: 125,506.25Progress ||  57.31%  [Elapsed: 0:00:00 ETA: 0:00:00] Portfolio Val: 125,506.25Progress ||  57.35%  [Elapsed: 0:00:00 ETA: 0:00:00] Portfolio Val: 126,327.75Progress ||  57.46%  [Elapsed: 0:00:00 ETA: 0:00:00] Portfolio Val: 126,327.75Progress ||  57.50%  [Elapsed: 0:00:00 ETA: 0:00:00] Portfolio Val: 125,906.40Progress ||  57.61%  [Elapsed: 0:00:00 ETA: 0:00:00] Portfolio Val: 125,906.40Progress ||  57.65%  [Elapsed: 0:00:00 ETA: 0:00:00] Portfolio Val: 128,002.55Progress ||  57.76%  [Elapsed: 0:00:00 ETA: 0:00:00] Portfolio Val: 128,002.55Progress ||  57.91%  [Elapsed: 0:00:00 ETA: 0:00:00] Portfolio Val: 127,970.75Progress ||  58.06%  [Elapsed: 0:00:00 ETA: 0:00:00] Portfolio Val: 127,970.75Progress ||  58.10%  [Elapsed: 0:00:00 ETA: 0:00:00] Portfolio Val: 127,970.75Progress ||  58.21%  [Elapsed: 0:00:00 ETA: 0:00:00] Portfolio Val: 127,970.75Progress ||  58.25%  [Elapsed: 0:00:00 ETA: 0:00:00] Portfolio Val: 128,092.65Progress ||  58.36%  [Elapsed: 0:00:00 ETA: 0:00:00] Portfolio Val: 128,092.65Progress ||  58.40%  [Elapsed: 0:00:00 ETA: 0:00:00] Portfolio Val: 128,492.80Progress ||  58.50%  [Elapsed: 0:00:00 ETA: 0:00:00] Portfolio Val: 128,492.80Progress ||  58.55%  [Elapsed: 0:00:00 ETA: 0:00:00] Portfolio Val: 128,567.00Progress ||  58.65%  [Elapsed: 0:00:00 ETA: 0:00:00] Portfolio Val: 128,567.00Progress ||  58.69%  [Elapsed: 0:00:00 ETA: 0:00:00] Portfolio Val: 130,853.95Progress ||  58.80%  [Elapsed: 0:00:00 ETA: 0:00:00] Portfolio Val: 130,853.95Progress ||  58.95%  [Elapsed: 0:00:00 ETA: 0:00:00] Portfolio Val: 130,093.40Progress ||  59.10%  [Elapsed: 0:00:00 ETA: 0:00:00] Portfolio Val: 130,093.40Progress ||  59.14%  [Elapsed: 0:00:00 ETA: 0:00:00] Portfolio Val: 130,093.40Progress ||  59.25%  [Elapsed: 0:00:00 ETA: 0:00:00] Portfolio Val: 130,093.40Progress ||  59.29%  [Elapsed: 0:00:00 ETA: 0:00:00] Portfolio Val: 128,842.60Progress ||  59.40%  [Elapsed: 0:00:00 ETA: 0:00:00] Portfolio Val: 128,842.60Progress ||  59.44%  [Elapsed: 0:00:00 ETA: 0:00:00] Portfolio Val: 129,351.40Progress ||  59.55%  [Elapsed: 0:00:00 ETA: 0:00:00] Portfolio Val: 129,351.40Progress ||  59.59%  [Elapsed: 0:00:00 ETA: 0:00:00] Portfolio Val: 127,406.30Progress ||  59.70%  [Elapsed: 0:00:00 ETA: 0:00:00] Portfolio Val: 127,406.30Progress ||  59.74%  [Elapsed: 0:00:00 ETA: 0:00:00] Portfolio Val: 127,242.00Progress ||  59.85%  [Elapsed: 0:00:00 ETA: 0:00:00] Portfolio Val: 127,242.00Progress ||  60.00%  [Elapsed: 0:00:00 ETA: 0:00:00] Portfolio Val: 129,285.15Progress ||  60.15%  [Elapsed: 0:00:00 ETA: 0:00:00] Portfolio Val: 129,285.15Progress ||  60.19%  [Elapsed: 0:00:00 ETA: 0:00:00] Portfolio Val: 129,285.15Progress ||  60.30%  [Elapsed: 0:00:00 ETA: 0:00:00] Portfolio Val: 129,285.15Progress ||  60.34%  [Elapsed: 0:00:00 ETA: 0:00:00] Portfolio Val: 128,739.25Progress ||  60.45%  [Elapsed: 0:00:00 ETA: 0:00:00] Portfolio Val: 128,739.25Progress ||  60.49%  [Elapsed: 0:00:00 ETA: 0:00:00] Portfolio Val: 128,545.80Progress ||  60.60%  [Elapsed: 0:00:00 ETA: 0:00:00] Portfolio Val: 128,545.80Progress ||  60.64%  [Elapsed: 0:00:00 ETA: 0:00:00] Portfolio Val: 129,695.90Progress ||  60.75%  [Elapsed: 0:00:00 ETA: 0:00:00] Portfolio Val: 129,695.90Progress ||  60.79%  [Elapsed: 0:00:00 ETA: 0:00:00] Portfolio Val: 130,186.15Progress ||  60.90%  [Elapsed: 0:00:00 ETA: 0:00:00] Portfolio Val: 130,186.15Progress ||  61.05%  [Elapsed: 0:00:00 ETA: 0:00:00] Portfolio Val: 130,157.00Progress ||  61.20%  [Elapsed: 0:00:00 ETA: 0:00:00] Portfolio Val: 130,157.00Progress ||  61.24%  [Elapsed: 0:00:00 ETA: 0:00:00] Portfolio Val: 130,157.00Progress ||  61.34%  [Elapsed: 0:00:00 ETA: 0:00:00] Portfolio Val: 130,157.00Progress ||  61.39%  [Elapsed: 0:00:00 ETA: 0:00:00] Portfolio Val: 131,489.95Progress ||  61.49%  [Elapsed: 0:00:00 ETA: 0:00:00] Portfolio Val: 131,489.95Progress ||  61.53%  [Elapsed: 0:00:00 ETA: 0:00:00] Portfolio Val: 132,035.85Progress ||  61.64%  [Elapsed: 0:00:00 ETA: 0:00:00] Portfolio Val: 132,035.85Progress ||  61.68%  [Elapsed: 0:00:00 ETA: 0:00:00] Portfolio Val: 130,273.60Progress ||  61.79%  [Elapsed: 0:00:00 ETA: 0:00:00] Portfolio Val: 130,273.60Progress ||  61.83%  [Elapsed: 0:00:00 ETA: 0:00:00] Portfolio Val: 131,667.50Progress ||  61.94%  [Elapsed: 0:00:00 ETA: 0:00:00] Portfolio Val: 131,667.50Progress ||  62.09%  [Elapsed: 0:00:00 ETA: 0:00:00] Portfolio Val: 131,036.80Progress ||  62.24%  [Elapsed: 0:00:00 ETA: 0:00:00] Portfolio Val: 131,036.80Progress ||  62.28%  [Elapsed: 0:00:00 ETA: 0:00:00] Portfolio Val: 131,036.80Progress ||  62.39%  [Elapsed: 0:00:00 ETA: 0:00:00] Portfolio Val: 131,036.80Progress ||  62.43%  [Elapsed: 0:00:00 ETA: 0:00:00] Portfolio Val: 130,822.15Progress ||  62.54%  [Elapsed: 0:00:00 ETA: 0:00:00] Portfolio Val: 130,822.15Progress ||  62.58%  [Elapsed: 0:00:00 ETA: 0:00:00] Portfolio Val: 130,684.35Progress ||  62.69%  [Elapsed: 0:00:00 ETA: 0:00:00] Portfolio Val: 130,684.35Progress ||  62.73%  [Elapsed: 0:00:00 ETA: 0:00:00] Portfolio Val: 130,912.25Progress ||  62.84%  [Elapsed: 0:00:00 ETA: 0:00:00] Portfolio Val: 130,912.25Progress ||  62.88%  [Elapsed: 0:00:00 ETA: 0:00:00] Portfolio Val: 130,520.05Progress ||  62.99%  [Elapsed: 0:00:00 ETA: 0:00:00] Portfolio Val: 130,520.05Progress ||  63.14%  [Elapsed: 0:00:00 ETA: 0:00:00] Portfolio Val: 131,323.00Progress ||  63.29%  [Elapsed: 0:00:00 ETA: 0:00:00] Portfolio Val: 131,323.00Progress ||  63.33%  [Elapsed: 0:00:00 ETA: 0:00:00] Portfolio Val: 131,323.00Progress ||  63.44%  [Elapsed: 0:00:00 ETA: 0:00:00] Portfolio Val: 131,323.00Progress ||  63.48%  [Elapsed: 0:00:00 ETA: 0:00:00] Portfolio Val: 132,202.80Progress ||  63.59%  [Elapsed: 0:00:00 ETA: 0:00:00] Portfolio Val: 132,202.80Progress ||  63.63%  [Elapsed: 0:00:00 ETA: 0:00:00] Portfolio Val: 131,476.70Progress ||  63.74%  [Elapsed: 0:00:00 ETA: 0:00:00] Portfolio Val: 131,476.70Progress ||  63.78%  [Elapsed: 0:00:00 ETA: 0:00:00] Portfolio Val: 132,449.25Progress ||  63.89%  [Elapsed: 0:00:00 ETA: 0:00:00] Portfolio Val: 132,449.25Progress ||  63.93%  [Elapsed: 0:00:00 ETA: 0:00:00] Portfolio Val: 130,591.60Progress ||  64.04%  [Elapsed: 0:00:00 ETA: 0:00:00] Portfolio Val: 130,591.60Progress ||  64.18%  [Elapsed: 0:00:00 ETA: 0:00:00] Portfolio Val: 128,768.40Progress ||  64.33%  [Elapsed: 0:00:00 ETA: 0:00:00] Portfolio Val: 128,768.40Progress ||  64.38%  [Elapsed: 0:00:00 ETA: 0:00:00] Portfolio Val: 128,768.40Progress ||  64.48%  [Elapsed: 0:00:00 ETA: 0:00:00] Portfolio Val: 128,768.40Progress ||  64.53%  [Elapsed: 0:00:00 ETA: 0:00:00] Portfolio Val: 129,118.20Progress ||  64.63%  [Elapsed: 0:00:00 ETA: 0:00:00] Portfolio Val: 129,118.20Progress ||  64.68%  [Elapsed: 0:00:00 ETA: 0:00:00] Portfolio Val: 129,327.55Progress ||  64.78%  [Elapsed: 0:00:00 ETA: 0:00:00] Portfolio Val: 129,327.55Progress ||  64.83%  [Elapsed: 0:00:00 ETA: 0:00:00] Portfolio Val: 132,759.30Progress ||  64.93%  [Elapsed: 0:00:00 ETA: 0:00:00] Portfolio Val: 132,759.30Progress ||  64.98%  [Elapsed: 0:00:00 ETA: 0:00:00] Portfolio Val: 134,836.90Progress ||  65.08%  [Elapsed: 0:00:00 ETA: 0:00:00] Portfolio Val: 134,836.90Progress ||  65.23%  [Elapsed: 0:00:00 ETA: 0:00:00] Portfolio Val: 136,066.49Progress ||  65.38%  [Elapsed: 0:00:00 ETA: 0:00:00] Portfolio Val: 136,066.49Progress ||  65.43%  [Elapsed: 0:00:00 ETA: 0:00:00] Portfolio Val: 136,066.49Progress ||  65.53%  [Elapsed: 0:00:00 ETA: 0:00:00] Portfolio Val: 136,066.49Progress ||  65.58%  [Elapsed: 0:00:00 ETA: 0:00:00] Portfolio Val: 136,683.95Progress ||  65.68%  [Elapsed: 0:00:00 ETA: 0:00:00] Portfolio Val: 136,683.95Progress ||  65.73%  [Elapsed: 0:00:00 ETA: 0:00:00] Portfolio Val: 136,259.95Progress ||  65.83%  [Elapsed: 0:00:00 ETA: 0:00:00] Portfolio Val: 136,259.95Progress ||  65.88%  [Elapsed: 0:00:00 ETA: 0:00:00] Portfolio Val: 135,896.91Progress ||  65.98%  [Elapsed: 0:00:00 ETA: 0:00:00] Portfolio Val: 135,896.91Progress ||  66.03%  [Elapsed: 0:00:00 ETA: 0:00:00] Portfolio Val: 135,767.05Progress ||  66.13%  [Elapsed: 0:00:00 ETA: 0:00:00] Portfolio Val: 135,767.05Progress ||  66.28%  [Elapsed: 0:00:00 ETA: 0:00:00] Portfolio Val: 133,390.00Progress ||  66.43%  [Elapsed: 0:00:00 ETA: 0:00:00] Portfolio Val: 133,390.00Progress ||  66.47%  [Elapsed: 0:00:00 ETA: 0:00:00] Portfolio Val: 133,390.00Progress ||  66.58%  [Elapsed: 0:00:00 ETA: 0:00:00] Portfolio Val: 133,390.00Progress ||  66.62%  [Elapsed: 0:00:00 ETA: 0:00:00] Portfolio Val: 132,115.35Progress ||  66.73%  [Elapsed: 0:00:00 ETA: 0:00:00] Portfolio Val: 132,115.35Progress ||  66.77%  [Elapsed: 0:00:00 ETA: 0:00:00] Portfolio Val: 131,927.20Progress ||  66.88%  [Elapsed: 0:00:00 ETA: 0:00:00] Portfolio Val: 131,927.20Progress ||  66.92%  [Elapsed: 0:00:00 ETA: 0:00:00] Portfolio Val: 133,448.30Progress ||  67.02%  [Elapsed: 0:00:00 ETA: 0:00:00] Portfolio Val: 133,448.30Progress ||  67.07%  [Elapsed: 0:00:00 ETA: 0:00:00] Portfolio Val: 134,264.50Progress ||  67.17%  [Elapsed: 0:00:00 ETA: 0:00:00] Portfolio Val: 134,264.50Progress ||  67.32%  [Elapsed: 0:00:00 ETA: 0:00:00] Portfolio Val: 133,782.20Progress ||  67.47%  [Elapsed: 0:00:00 ETA: 0:00:00] Portfolio Val: 133,782.20Progress ||  67.52%  [Elapsed: 0:00:00 ETA: 0:00:00] Portfolio Val: 133,782.20Progress ||  67.62%  [Elapsed: 0:00:00 ETA: 0:00:00] Portfolio Val: 133,782.20Progress ||  67.67%  [Elapsed: 0:00:00 ETA: 0:00:00] Portfolio Val: 135,234.40Progress ||  67.77%  [Elapsed: 0:00:00 ETA: 0:00:00] Portfolio Val: 135,234.40Progress ||  67.82%  [Elapsed: 0:00:00 ETA: 0:00:00] Portfolio Val: 134,752.10Progress ||  67.92%  [Elapsed: 0:00:00 ETA: 0:00:00] Portfolio Val: 134,752.10Progress ||  68.07%  [Elapsed: 0:00:00 ETA: 0:00:00] Portfolio Val: 134,775.95Progress ||  68.10%  [Elapsed: 0:00:00 ETA: 0:00:00] Portfolio Val: 134,775.95Progress ||  68.22%  [Elapsed: 0:00:00 ETA: 0:00:00] Portfolio Val: 134,775.95Progress ||  68.37%  [Elapsed: 0:00:00 ETA: 0:00:00] Portfolio Val: 134,182.35Progress ||  68.52%  [Elapsed: 0:00:00 ETA: 0:00:00] Portfolio Val: 134,182.35Progress ||  68.57%  [Elapsed: 0:00:00 ETA: 0:00:00] Portfolio Val: 134,182.35Progress ||  68.67%  [Elapsed: 0:00:00 ETA: 0:00:00] Portfolio Val: 134,182.35Progress ||  68.72%  [Elapsed: 0:00:00 ETA: 0:00:00] Portfolio Val: 135,528.55Progress ||  68.82%  [Elapsed: 0:00:00 ETA: 0:00:00] Portfolio Val: 135,528.55Progress ||  68.87%  [Elapsed: 0:00:00 ETA: 0:00:00] Portfolio Val: 136,307.65Progress ||  68.97%  [Elapsed: 0:00:00 ETA: 0:00:00] Portfolio Val: 136,307.65Progress ||  69.01%  [Elapsed: 0:00:00 ETA: 0:00:00] Portfolio Val: 137,995.70Progress ||  69.12%  [Elapsed: 0:00:00 ETA: 0:00:00] Portfolio Val: 137,995.70Progress ||  69.16%  [Elapsed: 0:00:00 ETA: 0:00:00] Portfolio Val: 138,788.05Progress ||  69.27%  [Elapsed: 0:00:00 ETA: 0:00:00] Portfolio Val: 138,788.05Progress ||  69.42%  [Elapsed: 0:00:00 ETA: 0:00:00] Portfolio Val: 138,568.09Progress ||  69.57%  [Elapsed: 0:00:00 ETA: 0:00:00] Portfolio Val: 138,568.09Progress ||  69.61%  [Elapsed: 0:00:00 ETA: 0:00:00] Portfolio Val: 138,568.09Progress ||  69.72%  [Elapsed: 0:00:00 ETA: 0:00:00] Portfolio Val: 138,568.09Progress ||  69.76%  [Elapsed: 0:00:00 ETA: 0:00:00] Portfolio Val: 139,381.65Progress ||  69.86%  [Elapsed: 0:00:00 ETA: 0:00:00] Portfolio Val: 139,381.65Progress ||  69.91%  [Elapsed: 0:00:00 ETA: 0:00:00] Portfolio Val: 138,870.20Progress ||  70.01%  [Elapsed: 0:00:00 ETA: 0:00:00] Portfolio Val: 138,870.20Progress ||  70.06%  [Elapsed: 0:00:00 ETA: 0:00:00] Portfolio Val: 139,235.90Progress ||  70.16%  [Elapsed: 0:00:00 ETA: 0:00:00] Portfolio Val: 139,235.90Progress ||  70.21%  [Elapsed: 0:00:00 ETA: 0:00:00] Portfolio Val: 139,946.10Progress ||  70.31%  [Elapsed: 0:00:00 ETA: 0:00:00] Portfolio Val: 139,946.10Progress ||  70.46%  [Elapsed: 0:00:00 ETA: 0:00:00] Portfolio Val: 140,682.81Progress ||  70.61%  [Elapsed: 0:00:00 ETA: 0:00:00] Portfolio Val: 140,682.81Progress ||  70.66%  [Elapsed: 0:00:00 ETA: 0:00:00] Portfolio Val: 140,682.81Progress ||  70.76%  [Elapsed: 0:00:00 ETA: 0:00:00] Portfolio Val: 140,682.81Progress ||  70.81%  [Elapsed: 0:00:00 ETA: 0:00:00] Portfolio Val: 141,377.10Progress ||  70.91%  [Elapsed: 0:00:00 ETA: 0:00:00] Portfolio Val: 141,377.10Progress ||  70.96%  [Elapsed: 0:00:00 ETA: 0:00:00] Portfolio Val: 142,246.30Progress ||  71.06%  [Elapsed: 0:00:00 ETA: 0:00:00] Portfolio Val: 142,246.30Progress ||  71.11%  [Elapsed: 0:00:00 ETA: 0:00:00] Portfolio Val: 141,925.66Progress ||  71.21%  [Elapsed: 0:00:00 ETA: 0:00:00] Portfolio Val: 141,925.66Progress ||  71.26%  [Elapsed: 0:00:00 ETA: 0:00:00] Portfolio Val: 138,226.25Progress ||  71.36%  [Elapsed: 0:00:00 ETA: 0:00:00] Portfolio Val: 138,226.25Progress ||  71.51%  [Elapsed: 0:00:00 ETA: 0:00:00] Portfolio Val: 135,377.50Progress ||  71.66%  [Elapsed: 0:00:00 ETA: 0:00:00] Portfolio Val: 135,377.50Progress ||  71.71%  [Elapsed: 0:00:00 ETA: 0:00:00] Portfolio Val: 135,377.50Progress ||  71.81%  [Elapsed: 0:00:00 ETA: 0:00:00] Portfolio Val: 135,377.50Progress ||  71.84%  [Elapsed: 0:00:00 ETA: 0:00:00] Portfolio Val: 137,791.65Progress ||  71.96%  [Elapsed: 0:00:00 ETA: 0:00:00] Portfolio Val: 137,791.65Progress ||  72.11%  [Elapsed: 0:00:00 ETA: 0:00:00] Portfolio Val: 139,190.85Progress ||  72.15%  [Elapsed: 0:00:00 ETA: 0:00:00] Portfolio Val: 139,190.85Progress ||  72.26%  [Elapsed: 0:00:00 ETA: 0:00:00] Portfolio Val: 139,190.85Progress ||  72.30%  [Elapsed: 0:00:00 ETA: 0:00:00] Portfolio Val: 140,115.70Progress ||  72.41%  [Elapsed: 0:00:00 ETA: 0:00:00] Portfolio Val: 140,115.70Progress ||  72.56%  [Elapsed: 0:00:00 ETA: 0:00:00] Portfolio Val: 139,503.55Progress ||  72.70%  [Elapsed: 0:00:00 ETA: 0:00:00] Portfolio Val: 139,503.55Progress ||  72.75%  [Elapsed: 0:00:00 ETA: 0:00:00] Portfolio Val: 139,503.55Progress ||  72.85%  [Elapsed: 0:00:00 ETA: 0:00:00] Portfolio Val: 139,503.55Progress ||  72.90%  [Elapsed: 0:00:00 ETA: 0:00:00] Portfolio Val: 136,721.05Progress ||  73.00%  [Elapsed: 0:00:00 ETA: 0:00:00] Portfolio Val: 136,721.05Progress ||  73.15%  [Elapsed: 0:00:00 ETA: 0:00:00] Portfolio Val: 137,089.41Progress ||  73.20%  [Elapsed: 0:00:00 ETA: 0:00:00] Portfolio Val: 137,089.41Progress ||  73.30%  [Elapsed: 0:00:00 ETA: 0:00:00] Portfolio Val: 137,089.41Progress ||  73.35%  [Elapsed: 0:00:00 ETA: 0:00:00] Portfolio Val: 136,400.40Progress ||  73.45%  [Elapsed: 0:00:00 ETA: 0:00:00] Portfolio Val: 136,400.40Progress ||  73.60%  [Elapsed: 0:00:00 ETA: 0:00:00] Portfolio Val: 136,148.64Progress ||  73.75%  [Elapsed: 0:00:00 ETA: 0:00:00] Portfolio Val: 136,148.64Progress ||  73.80%  [Elapsed: 0:00:00 ETA: 0:00:00] Portfolio Val: 136,148.64Progress ||  73.90%  [Elapsed: 0:00:00 ETA: 0:00:00] Portfolio Val: 136,148.64Progress ||  73.95%  [Elapsed: 0:00:00 ETA: 0:00:00] Portfolio Val: 138,976.20Progress ||  74.05%  [Elapsed: 0:00:00 ETA: 0:00:00] Portfolio Val: 138,976.20Progress ||  74.10%  [Elapsed: 0:00:00 ETA: 0:00:00] Portfolio Val: 139,392.26Progress ||  74.20%  [Elapsed: 0:00:00 ETA: 0:00:00] Portfolio Val: 139,392.26Progress ||  74.35%  [Elapsed: 0:00:00 ETA: 0:00:00] Portfolio Val: 136,607.10Progress ||  74.40%  [Elapsed: 0:00:00 ETA: 0:00:00] Portfolio Val: 136,607.10Progress ||  74.50%  [Elapsed: 0:00:00 ETA: 0:00:00] Portfolio Val: 136,607.10Progress ||  74.65%  [Elapsed: 0:00:00 ETA: 0:00:00] Portfolio Val: 135,653.10Progress ||  74.80%  [Elapsed: 0:00:00 ETA: 0:00:00] Portfolio Val: 135,653.10Progress ||  74.84%  [Elapsed: 0:00:00 ETA: 0:00:00] Portfolio Val: 135,653.10Progress ||  74.95%  [Elapsed: 0:00:00 ETA: 0:00:00] Portfolio Val: 135,653.10Progress ||  74.99%  [Elapsed: 0:00:00 ETA: 0:00:00] Portfolio Val: 132,928.90Progress ||  75.10%  [Elapsed: 0:00:00 ETA: 0:00:00] Portfolio Val: 132,928.90Progress ||  75.14%  [Elapsed: 0:00:00 ETA: 0:00:00] Portfolio Val: 134,927.00Progress ||  75.25%  [Elapsed: 0:00:00 ETA: 0:00:00] Portfolio Val: 134,927.00Progress ||  75.29%  [Elapsed: 0:00:00 ETA: 0:00:00] Portfolio Val: 136,063.86Progress ||  75.40%  [Elapsed: 0:00:00 ETA: 0:00:00] Portfolio Val: 136,063.86Progress ||  75.44%  [Elapsed: 0:00:00 ETA: 0:00:00] Portfolio Val: 137,640.59Progress ||  75.55%  [Elapsed: 0:00:00 ETA: 0:00:00] Portfolio Val: 137,640.59Progress ||  75.69%  [Elapsed: 0:00:00 ETA: 0:00:00] Portfolio Val: 138,666.14Progress ||  75.84%  [Elapsed: 0:00:00 ETA: 0:00:00] Portfolio Val: 138,666.14Progress ||  75.99%  [Elapsed: 0:00:00 ETA: 0:00:00] Portfolio Val: 138,666.14Progress ||  76.04%  [Elapsed: 0:00:00 ETA: 0:00:00] Portfolio Val: 138,666.14Progress ||  76.14%  [Elapsed: 0:00:00 ETA: 0:00:00] Portfolio Val: 138,666.14Progress ||  76.19%  [Elapsed: 0:00:00 ETA: 0:00:00] Portfolio Val: 139,098.09Progress ||  76.29%  [Elapsed: 0:00:00 ETA: 0:00:00] Portfolio Val: 139,098.09Progress ||  76.34%  [Elapsed: 0:00:00 ETA: 0:00:00] Portfolio Val: 140,446.95Progress ||  76.44%  [Elapsed: 0:00:00 ETA: 0:00:00] Portfolio Val: 140,446.95Progress ||  76.49%  [Elapsed: 0:00:00 ETA: 0:00:00] Portfolio Val: 140,306.49Progress ||  76.59%  [Elapsed: 0:00:00 ETA: 0:00:00] Portfolio Val: 140,306.49Progress ||  76.74%  [Elapsed: 0:00:00 ETA: 0:00:00] Portfolio Val: 141,361.20Progress ||  76.89%  [Elapsed: 0:00:00 ETA: 0:00:00] Portfolio Val: 141,361.20Progress ||  76.94%  [Elapsed: 0:00:00 ETA: 0:00:00] Portfolio Val: 141,361.20Progress ||  77.04%  [Elapsed: 0:00:00 ETA: 0:00:00] Portfolio Val: 141,361.20Progress ||  77.09%  [Elapsed: 0:00:00 ETA: 0:00:00] Portfolio Val: 135,525.90Progress ||  77.19%  [Elapsed: 0:00:00 ETA: 0:00:00] Portfolio Val: 135,525.90Progress ||  77.24%  [Elapsed: 0:00:00 ETA: 0:00:00] Portfolio Val: 136,644.19Progress ||  77.34%  [Elapsed: 0:00:00 ETA: 0:00:00] Portfolio Val: 136,644.19Progress ||  77.39%  [Elapsed: 0:00:00 ETA: 0:00:00] Portfolio Val: 138,562.81Progress ||  77.49%  [Elapsed: 0:00:00 ETA: 0:00:00] Portfolio Val: 138,562.81Progress ||  77.53%  [Elapsed: 0:00:00 ETA: 0:00:00] Portfolio Val: 138,894.06Progress ||  77.64%  [Elapsed: 0:00:00 ETA: 0:00:00] Portfolio Val: 138,894.06Progress ||  77.79%  [Elapsed: 0:00:00 ETA: 0:00:00] Portfolio Val: 139,744.69Progress ||  77.94%  [Elapsed: 0:00:00 ETA: 0:00:00] Portfolio Val: 139,744.69Progress ||  77.98%  [Elapsed: 0:00:00 ETA: 0:00:00] Portfolio Val: 139,744.69Progress ||  78.09%  [Elapsed: 0:00:00 ETA: 0:00:00] Portfolio Val: 139,744.69Progress ||  78.13%  [Elapsed: 0:00:00 ETA: 0:00:00] Portfolio Val: 136,180.44Progress ||  78.24%  [Elapsed: 0:00:00 ETA: 0:00:00] Portfolio Val: 136,180.44Progress ||  78.28%  [Elapsed: 0:00:00 ETA: 0:00:00] Portfolio Val: 137,547.85Progress ||  78.39%  [Elapsed: 0:00:00 ETA: 0:00:00] Portfolio Val: 137,547.85Progress ||  78.43%  [Elapsed: 0:00:00 ETA: 0:00:00] Portfolio Val: 138,393.20Progress ||  78.53%  [Elapsed: 0:00:00 ETA: 0:00:00] Portfolio Val: 138,393.20Progress ||  78.58%  [Elapsed: 0:00:00 ETA: 0:00:00] Portfolio Val: 139,861.30Progress ||  78.68%  [Elapsed: 0:00:00 ETA: 0:00:00] Portfolio Val: 139,861.30Progress ||  78.83%  [Elapsed: 0:00:00 ETA: 0:00:00] Portfolio Val: 140,598.00Progress ||  78.98%  [Elapsed: 0:00:00 ETA: 0:00:00] Portfolio Val: 140,598.00Progress ||  79.03%  [Elapsed: 0:00:00 ETA: 0:00:00] Portfolio Val: 140,598.00Progress ||  79.13%  [Elapsed: 0:00:00 ETA: 0:00:00] Portfolio Val: 140,598.00Progress ||  79.18%  [Elapsed: 0:00:00 ETA: 0:00:00] Portfolio Val: 139,824.19Progress ||  79.28%  [Elapsed: 0:00:00 ETA: 0:00:00] Portfolio Val: 139,824.19Progress ||  79.33%  [Elapsed: 0:00:00 ETA: 0:00:00] Portfolio Val: 139,490.31Progress ||  79.43%  [Elapsed: 0:00:00 ETA: 0:00:00] Portfolio Val: 139,490.31Progress ||  79.48%  [Elapsed: 0:00:00 ETA: 0:00:00] Portfolio Val: 138,520.40Progress ||  79.58%  [Elapsed: 0:00:00 ETA: 0:00:00] Portfolio Val: 138,520.40Progress ||  79.63%  [Elapsed: 0:00:00 ETA: 0:00:00] Portfolio Val: 140,555.59Progress ||  79.73%  [Elapsed: 0:00:00 ETA: 0:00:00] Portfolio Val: 140,555.59Progress ||  79.88%  [Elapsed: 0:00:00 ETA: 0:00:00] Portfolio Val: 142,153.55Progress ||  80.03%  [Elapsed: 0:00:00 ETA: 0:00:00] Portfolio Val: 142,153.55Progress ||  80.18%  [Elapsed: 0:00:00 ETA: 0:00:00] Portfolio Val: 142,153.55Progress ||  80.23%  [Elapsed: 0:00:00 ETA: 0:00:00] Portfolio Val: 142,153.55Progress ||  80.33%  [Elapsed: 0:00:00 ETA: 0:00:00] Portfolio Val: 142,153.55Progress ||  80.38%  [Elapsed: 0:00:00 ETA: 0:00:00] Portfolio Val: 143,139.34Progress ||  80.48%  [Elapsed: 0:00:00 ETA: 0:00:00] Portfolio Val: 143,139.34Progress ||  80.52%  [Elapsed: 0:00:00 ETA: 0:00:00] Portfolio Val: 142,831.95Progress ||  80.63%  [Elapsed: 0:00:00 ETA: 0:00:00] Portfolio Val: 142,831.95Progress ||  80.67%  [Elapsed: 0:00:00 ETA: 0:00:00] Portfolio Val: 142,874.34Progress ||  80.78%  [Elapsed: 0:00:00 ETA: 0:00:00] Portfolio Val: 142,874.34Progress ||  80.93%  [Elapsed: 0:00:00 ETA: 0:00:00] Portfolio Val: 142,781.60Progress ||  81.08%  [Elapsed: 0:00:00 ETA: 0:00:00] Portfolio Val: 142,781.60Progress ||  81.12%  [Elapsed: 0:00:00 ETA: 0:00:00] Portfolio Val: 142,781.60Progress ||  81.23%  [Elapsed: 0:00:00 ETA: 0:00:00] Portfolio Val: 142,781.60Progress ||  81.27%  [Elapsed: 0:00:00 ETA: 0:00:00] Portfolio Val: 139,999.10Progress ||  81.37%  [Elapsed: 0:00:00 ETA: 0:00:00] Portfolio Val: 139,999.10Progress ||  81.42%  [Elapsed: 0:00:00 ETA: 0:00:00] Portfolio Val: 137,709.50Progress ||  81.52%  [Elapsed: 0:00:00 ETA: 0:00:00] Portfolio Val: 137,709.50Progress ||  81.57%  [Elapsed: 0:00:00 ETA: 0:00:00] Portfolio Val: 136,726.36Progress ||  81.67%  [Elapsed: 0:00:00 ETA: 0:00:00] Portfolio Val: 136,726.36Progress ||  81.72%  [Elapsed: 0:00:00 ETA: 0:00:00] Portfolio Val: 137,415.35Progress ||  81.82%  [Elapsed: 0:00:00 ETA: 0:00:00] Portfolio Val: 137,415.35Progress ||  81.97%  [Elapsed: 0:00:00 ETA: 0:00:00] Portfolio Val: 132,645.35Progress ||  82.12%  [Elapsed: 0:00:00 ETA: 0:00:00] Portfolio Val: 132,645.35Progress ||  82.17%  [Elapsed: 0:00:00 ETA: 0:00:00] Portfolio Val: 132,645.35Progress ||  82.27%  [Elapsed: 0:00:00 ETA: 0:00:00] Portfolio Val: 132,645.35Progress ||  82.32%  [Elapsed: 0:00:00 ETA: 0:00:00] Portfolio Val: 135,663.70Progress ||  82.42%  [Elapsed: 0:00:00 ETA: 0:00:00] Portfolio Val: 135,663.70Progress ||  82.47%  [Elapsed: 0:00:00 ETA: 0:00:00] Portfolio Val: 131,068.60Progress ||  82.57%  [Elapsed: 0:00:00 ETA: 0:00:00] Portfolio Val: 131,068.60Progress ||  82.62%  [Elapsed: 0:00:00 ETA: 0:00:00] Portfolio Val: 131,603.90Progress ||  82.72%  [Elapsed: 0:00:00 ETA: 0:00:00] Portfolio Val: 131,603.90Progress ||  82.77%  [Elapsed: 0:00:00 ETA: 0:00:00] Portfolio Val: 130,938.75Progress ||  82.87%  [Elapsed: 0:00:00 ETA: 0:00:00] Portfolio Val: 130,938.75Progress ||  83.02%  [Elapsed: 0:00:00 ETA: 0:00:00] Portfolio Val: 129,208.30Progress ||  83.17%  [Elapsed: 0:00:00 ETA: 0:00:00] Portfolio Val: 129,208.30Progress ||  83.21%  [Elapsed: 0:00:00 ETA: 0:00:00] Portfolio Val: 129,208.30Progress ||  83.32%  [Elapsed: 0:00:00 ETA: 0:00:00] Portfolio Val: 129,208.30Progress ||  83.36%  [Elapsed: 0:00:00 ETA: 0:00:00] Portfolio Val: 128,225.15Progress ||  83.47%  [Elapsed: 0:00:00 ETA: 0:00:00] Portfolio Val: 128,225.15Progress ||  83.51%  [Elapsed: 0:00:00 ETA: 0:00:00] Portfolio Val: 125,283.65Progress ||  83.62%  [Elapsed: 0:00:00 ETA: 0:00:00] Portfolio Val: 125,283.65Progress ||  83.66%  [Elapsed: 0:00:00 ETA: 0:00:00] Portfolio Val: 127,088.30Progress ||  83.77%  [Elapsed: 0:00:00 ETA: 0:00:00] Portfolio Val: 127,088.30Progress ||  83.81%  [Elapsed: 0:00:00 ETA: 0:00:00] Portfolio Val: 126,317.15Progress ||  83.92%  [Elapsed: 0:00:00 ETA: 0:00:00] Portfolio Val: 126,317.15Progress ||  84.07%  [Elapsed: 0:00:00 ETA: 0:00:00] Portfolio Val: 125,649.35Progress ||  84.21%  [Elapsed: 0:00:00 ETA: 0:00:00] Portfolio Val: 125,649.35Progress ||  84.26%  [Elapsed: 0:00:00 ETA: 0:00:00] Portfolio Val: 125,649.35Progress ||  84.36%  [Elapsed: 0:00:00 ETA: 0:00:00] Portfolio Val: 125,649.35Progress ||  84.40%  [Elapsed: 0:00:00 ETA: 0:00:00] Portfolio Val: 127,207.55Progress ||  84.51%  [Elapsed: 0:00:00 ETA: 0:00:00] Portfolio Val: 127,207.55Progress ||  84.55%  [Elapsed: 0:00:00 ETA: 0:00:00] Portfolio Val: 127,154.55Progress ||  84.66%  [Elapsed: 0:00:00 ETA: 0:00:00] Portfolio Val: 127,154.55Progress ||  84.70%  [Elapsed: 0:00:00 ETA: 0:00:00] Portfolio Val: 126,465.55Progress ||  84.81%  [Elapsed: 0:00:00 ETA: 0:00:00] Portfolio Val: 126,465.55Progress ||  84.85%  [Elapsed: 0:00:00 ETA: 0:00:00] Portfolio Val: 126,484.10Progress ||  84.96%  [Elapsed: 0:00:00 ETA: 0:00:00] Portfolio Val: 126,484.10Progress ||  85.11%  [Elapsed: 0:00:00 ETA: 0:00:00] Portfolio Val: 125,742.10Progress ||  85.26%  [Elapsed: 0:00:00 ETA: 0:00:00] Portfolio Val: 125,742.10Progress ||  85.30%  [Elapsed: 0:00:00 ETA: 0:00:00] Portfolio Val: 125,742.10Progress ||  85.41%  [Elapsed: 0:00:00 ETA: 0:00:00] Portfolio Val: 125,742.10Progress ||  85.45%  [Elapsed: 0:00:00 ETA: 0:00:00] Portfolio Val: 129,362.00Progress ||  85.56%  [Elapsed: 0:00:00 ETA: 0:00:00] Portfolio Val: 129,362.00Progress ||  85.60%  [Elapsed: 0:00:00 ETA: 0:00:00] Portfolio Val: 130,329.25Progress ||  85.71%  [Elapsed: 0:00:00 ETA: 0:00:00] Portfolio Val: 130,329.25Progress ||  85.75%  [Elapsed: 0:00:00 ETA: 0:00:00] Portfolio Val: 130,570.40Progress ||  85.86%  [Elapsed: 0:00:00 ETA: 0:00:00] Portfolio Val: 130,570.40Progress ||  85.90%  [Elapsed: 0:00:00 ETA: 0:00:00] Portfolio Val: 127,949.55Progress ||  86.01%  [Elapsed: 0:00:00 ETA: 0:00:00] Portfolio Val: 127,949.55Progress ||  86.16%  [Elapsed: 0:00:00 ETA: 0:00:00] Portfolio Val: 127,260.55Progress ||  86.31%  [Elapsed: 0:00:00 ETA: 0:00:00] Portfolio Val: 127,260.55Progress ||  86.35%  [Elapsed: 0:00:00 ETA: 0:00:00] Portfolio Val: 127,260.55Progress ||  86.46%  [Elapsed: 0:00:00 ETA: 0:00:00] Portfolio Val: 127,260.55Progress ||  86.50%  [Elapsed: 0:00:00 ETA: 0:00:00] Portfolio Val: 122,519.70Progress ||  86.61%  [Elapsed: 0:00:00 ETA: 0:00:00] Portfolio Val: 122,519.70Progress ||  86.65%  [Elapsed: 0:00:00 ETA: 0:00:00] Portfolio Val: 123,945.40Progress ||  86.76%  [Elapsed: 0:00:00 ETA: 0:00:00] Portfolio Val: 123,945.40Progress ||  86.80%  [Elapsed: 0:00:00 ETA: 0:00:00] Portfolio Val: 123,632.70Progress ||  86.91%  [Elapsed: 0:00:00 ETA: 0:00:00] Portfolio Val: 123,632.70Progress ||  86.95%  [Elapsed: 0:00:00 ETA: 0:00:00] Portfolio Val: 121,067.50Progress ||  87.05%  [Elapsed: 0:00:00 ETA: 0:00:00] Portfolio Val: 121,067.50Progress ||  87.20%  [Elapsed: 0:00:00 ETA: 0:00:00] Portfolio Val: 116,218.00Progress ||  87.35%  [Elapsed: 0:00:00 ETA: 0:00:00] Portfolio Val: 116,218.00Progress ||  87.39%  [Elapsed: 0:00:00 ETA: 0:00:00] Portfolio Val: 116,218.00Progress ||  87.50%  [Elapsed: 0:00:00 ETA: 0:00:00] Portfolio Val: 116,218.00Progress ||  87.54%  [Elapsed: 0:00:00 ETA: 0:00:00] Portfolio Val: 108,405.80Progress ||  87.65%  [Elapsed: 0:00:00 ETA: 0:00:00] Portfolio Val: 108,405.80Progress ||  87.69%  [Elapsed: 0:00:00 ETA: 0:00:00] Portfolio Val: 116,223.30Progress ||  87.80%  [Elapsed: 0:00:00 ETA: 0:00:00] Portfolio Val: 116,223.30Progress ||  87.84%  [Elapsed: 0:00:00 ETA: 0:00:00] Portfolio Val: 110,236.95Progress ||  87.95%  [Elapsed: 0:00:00 ETA: 0:00:00] Portfolio Val: 110,236.95Progress ||  87.99%  [Elapsed: 0:00:00 ETA: 0:00:00] Portfolio Val: 120,304.30Progress ||  88.10%  [Elapsed: 0:00:00 ETA: 0:00:00] Portfolio Val: 120,304.30Progress ||  88.25%  [Elapsed: 0:00:00 ETA: 0:00:00] Portfolio Val: 117,943.15Progress ||  88.40%  [Elapsed: 0:00:00 ETA: 0:00:00] Portfolio Val: 117,943.15Progress ||  88.44%  [Elapsed: 0:00:00 ETA: 0:00:00] Portfolio Val: 117,943.15Progress ||  88.55%  [Elapsed: 0:00:00 ETA: 0:00:00] Portfolio Val: 117,943.15Progress ||  88.59%  [Elapsed: 0:00:00 ETA: 0:00:00] Portfolio Val: 123,192.80Progress ||  88.70%  [Elapsed: 0:00:00 ETA: 0:00:00] Portfolio Val: 123,192.80Progress ||  88.74%  [Elapsed: 0:00:00 ETA: 0:00:00] Portfolio Val: 121,624.00Progress ||  88.85%  [Elapsed: 0:00:00 ETA: 0:00:00] Portfolio Val: 121,624.00Progress ||  88.89%  [Elapsed: 0:00:00 ETA: 0:00:00] Portfolio Val: 119,103.85Progress ||  89.00%  [Elapsed: 0:00:00 ETA: 0:00:00] Portfolio Val: 119,103.85Progress ||  89.15%  [Elapsed: 0:00:00 ETA: 0:00:00] Portfolio Val: 118,610.95Progress ||  89.30%  [Elapsed: 0:00:00 ETA: 0:00:00] Portfolio Val: 118,610.95Progress ||  89.45%  [Elapsed: 0:00:00 ETA: 0:00:00] Portfolio Val: 118,610.95Progress ||  89.49%  [Elapsed: 0:00:00 ETA: 0:00:00] Portfolio Val: 118,610.95Progress ||  89.60%  [Elapsed: 0:00:00 ETA: 0:00:00] Portfolio Val: 118,610.95Progress ||  89.64%  [Elapsed: 0:00:00 ETA: 0:00:00] Portfolio Val: 116,241.85Progress ||  89.75%  [Elapsed: 0:00:00 ETA: 0:00:00] Portfolio Val: 116,241.85Progress ||  89.79%  [Elapsed: 0:00:00 ETA: 0:00:00] Portfolio Val: 116,398.20Progress ||  89.89%  [Elapsed: 0:00:00 ETA: 0:00:00] Portfolio Val: 116,398.20Progress ||  89.94%  [Elapsed: 0:00:00 ETA: 0:00:00] Portfolio Val: 121,525.95Progress ||  90.04%  [Elapsed: 0:00:00 ETA: 0:00:00] Portfolio Val: 121,525.95Progress ||  90.08%  [Elapsed: 0:00:00 ETA: 0:00:00] Portfolio Val: 121,078.10Progress ||  90.19%  [Elapsed: 0:00:00 ETA: 0:00:00] Portfolio Val: 121,078.10Progress ||  90.34%  [Elapsed: 0:00:00 ETA: 0:00:00] Portfolio Val: 123,857.95Progress ||  90.49%  [Elapsed: 0:00:00 ETA: 0:00:00] Portfolio Val: 123,857.95Progress ||  90.53%  [Elapsed: 0:00:00 ETA: 0:00:00] Portfolio Val: 123,857.95Progress ||  90.64%  [Elapsed: 0:00:00 ETA: 0:00:00] Portfolio Val: 123,857.95Progress ||  90.68%  [Elapsed: 0:00:00 ETA: 0:00:00] Portfolio Val: 125,463.85Progress ||  90.79%  [Elapsed: 0:00:00 ETA: 0:00:00] Portfolio Val: 125,463.85Progress ||  90.83%  [Elapsed: 0:00:00 ETA: 0:00:00] Portfolio Val: 124,705.95Progress ||  90.94%  [Elapsed: 0:00:00 ETA: 0:00:00] Portfolio Val: 124,705.95Progress ||  90.98%  [Elapsed: 0:00:00 ETA: 0:00:00] Portfolio Val: 123,900.35Progress ||  91.09%  [Elapsed: 0:00:00 ETA: 0:00:00] Portfolio Val: 123,900.35Progress ||  91.13%  [Elapsed: 0:00:00 ETA: 0:00:00] Portfolio Val: 128,214.55Progress ||  91.24%  [Elapsed: 0:00:00 ETA: 0:00:00] Portfolio Val: 128,214.55Progress ||  91.39%  [Elapsed: 0:00:00 ETA: 0:00:00] Portfolio Val: 129,044.00Progress ||  91.54%  [Elapsed: 0:00:00 ETA: 0:00:00] Portfolio Val: 129,044.00Progress ||  91.58%  [Elapsed: 0:00:00 ETA: 0:00:00] Portfolio Val: 129,044.00Progress ||  91.69%  [Elapsed: 0:00:00 ETA: 0:00:00] Portfolio Val: 129,044.00Progress ||  91.73%  [Elapsed: 0:00:00 ETA: 0:00:00] Portfolio Val: 128,529.90Progress ||  91.84%  [Elapsed: 0:00:00 ETA: 0:00:00] Portfolio Val: 128,529.90Progress ||  91.88%  [Elapsed: 0:00:00 ETA: 0:00:00] Portfolio Val: 127,194.30Progress ||  91.99%  [Elapsed: 0:00:00 ETA: 0:00:00] Portfolio Val: 127,194.30Progress ||  92.03%  [Elapsed: 0:00:00 ETA: 0:00:00] Portfolio Val: 127,862.10Progress ||  92.14%  [Elapsed: 0:00:00 ETA: 0:00:00] Portfolio Val: 127,862.10Progress ||  92.18%  [Elapsed: 0:00:00 ETA: 0:00:00] Portfolio Val: 129,571.35Progress ||  92.29%  [Elapsed: 0:00:00 ETA: 0:00:00] Portfolio Val: 129,571.35Progress ||  92.44%  [Elapsed: 0:00:00 ETA: 0:00:00] Portfolio Val: 130,016.55Progress ||  92.59%  [Elapsed: 0:00:00 ETA: 0:00:00] Portfolio Val: 130,016.55Progress ||  92.63%  [Elapsed: 0:00:00 ETA: 0:00:00] Portfolio Val: 130,016.55Progress ||  92.73%  [Elapsed: 0:00:00 ETA: 0:00:00] Portfolio Val: 130,016.55Progress ||  92.78%  [Elapsed: 0:00:00 ETA: 0:00:00] Portfolio Val: 134,463.25Progress ||  92.88%  [Elapsed: 0:00:00 ETA: 0:00:00] Portfolio Val: 134,463.25Progress ||  92.92%  [Elapsed: 0:00:00 ETA: 0:00:00] Portfolio Val: 135,038.30Progress ||  93.03%  [Elapsed: 0:00:00 ETA: 0:00:00] Portfolio Val: 135,038.30Progress ||  93.07%  [Elapsed: 0:00:00 ETA: 0:00:00] Portfolio Val: 137,054.95Progress ||  93.18%  [Elapsed: 0:00:00 ETA: 0:00:00] Portfolio Val: 137,054.95Progress ||  93.22%  [Elapsed: 0:00:00 ETA: 0:00:00] Portfolio Val: 136,988.70Progress ||  93.33%  [Elapsed: 0:00:00 ETA: 0:00:00] Portfolio Val: 136,988.70Progress ||  93.48%  [Elapsed: 0:00:00 ETA: 0:00:00] Portfolio Val: 138,085.79Progress ||  93.63%  [Elapsed: 0:00:00 ETA: 0:00:00] Portfolio Val: 138,085.79Progress ||  93.67%  [Elapsed: 0:00:00 ETA: 0:00:00] Portfolio Val: 138,085.79Progress ||  93.78%  [Elapsed: 0:00:00 ETA: 0:00:00] Portfolio Val: 138,085.79Progress ||  93.82%  [Elapsed: 0:00:00 ETA: 0:00:00] Portfolio Val: 136,384.50Progress ||  93.93%  [Elapsed: 0:00:00 ETA: 0:00:00] Portfolio Val: 136,384.50Progress ||  93.97%  [Elapsed: 0:00:00 ETA: 0:00:00] Portfolio Val: 137,770.44Progress ||  94.08%  [Elapsed: 0:00:00 ETA: 0:00:00] Portfolio Val: 137,770.44Progress ||  94.12%  [Elapsed: 0:00:00 ETA: 0:00:00] Portfolio Val: 136,922.45Progress ||  94.23%  [Elapsed: 0:00:00 ETA: 0:00:00] Portfolio Val: 136,922.45Progress ||  94.27%  [Elapsed: 0:00:00 ETA: 0:00:00] Portfolio Val: 136,230.79Progress ||  94.38%  [Elapsed: 0:00:00 ETA: 0:00:00] Portfolio Val: 136,230.79Progress ||  94.53%  [Elapsed: 0:00:00 ETA: 0:00:00] Portfolio Val: 134,248.60Progress ||  94.68%  [Elapsed: 0:00:00 ETA: 0:00:00] Portfolio Val: 134,248.60Progress ||  94.83%  [Elapsed: 0:00:00 ETA: 0:00:00] Portfolio Val: 134,248.60Progress ||  94.87%  [Elapsed: 0:00:00 ETA: 0:00:00] Portfolio Val: 134,248.60Progress ||  94.98%  [Elapsed: 0:00:00 ETA: 0:00:00] Portfolio Val: 134,248.60Progress ||  95.02%  [Elapsed: 0:00:00 ETA: 0:00:00] Portfolio Val: 136,890.66Progress ||  95.13%  [Elapsed: 0:00:00 ETA: 0:00:00] Portfolio Val: 136,890.66Progress ||  95.17%  [Elapsed: 0:00:00 ETA: 0:00:00] Portfolio Val: 138,488.60Progress ||  95.28%  [Elapsed: 0:00:00 ETA: 0:00:00] Portfolio Val: 138,488.60Progress ||  95.32%  [Elapsed: 0:00:00 ETA: 0:00:00] Portfolio Val: 139,588.35Progress ||  95.43%  [Elapsed: 0:00:00 ETA: 0:00:00] Portfolio Val: 139,588.35Progress ||  95.57%  [Elapsed: 0:00:00 ETA: 0:00:00] Portfolio Val: 137,762.50Progress ||  95.72%  [Elapsed: 0:00:00 ETA: 0:00:00] Portfolio Val: 137,762.50Progress ||  95.76%  [Elapsed: 0:00:00 ETA: 0:00:00] Portfolio Val: 137,762.50Progress ||  95.87%  [Elapsed: 0:00:00 ETA: 0:00:00] Portfolio Val: 137,762.50Progress ||  95.91%  [Elapsed: 0:00:00 ETA: 0:00:00] Portfolio Val: 137,179.50Progress ||  96.02%  [Elapsed: 0:00:00 ETA: 0:00:00] Portfolio Val: 137,179.50Progress ||  96.06%  [Elapsed: 0:00:00 ETA: 0:00:00] Portfolio Val: 138,854.30Progress ||  96.17%  [Elapsed: 0:00:00 ETA: 0:00:00] Portfolio Val: 138,854.30Progress ||  96.21%  [Elapsed: 0:00:00 ETA: 0:00:00] Portfolio Val: 140,033.55Progress ||  96.32%  [Elapsed: 0:00:00 ETA: 0:00:00] Portfolio Val: 140,033.55Progress ||  96.36%  [Elapsed: 0:00:00 ETA: 0:00:00] Portfolio Val: 140,608.60Progress ||  96.47%  [Elapsed: 0:00:00 ETA: 0:00:00] Portfolio Val: 140,608.60Progress ||  96.62%  [Elapsed: 0:00:00 ETA: 0:00:00] Portfolio Val: 140,560.90Progress ||  96.77%  [Elapsed: 0:00:00 ETA: 0:00:00] Portfolio Val: 140,560.90Progress ||  96.81%  [Elapsed: 0:00:00 ETA: 0:00:00] Portfolio Val: 140,560.90Progress ||  96.92%  [Elapsed: 0:00:00 ETA: 0:00:00] Portfolio Val: 140,560.90Progress ||  96.96%  [Elapsed: 0:00:00 ETA: 0:00:00] Portfolio Val: 140,598.00Progress ||  97.07%  [Elapsed: 0:00:00 ETA: 0:00:00] Portfolio Val: 140,598.00Progress ||  97.11%  [Elapsed: 0:00:00 ETA: 0:00:00] Portfolio Val: 140,870.94Progress ||  97.22%  [Elapsed: 0:00:00 ETA: 0:00:00] Portfolio Val: 140,870.94Progress ||  97.26%  [Elapsed: 0:00:00 ETA: 0:00:00] Portfolio Val: 142,050.20Progress ||  97.37%  [Elapsed: 0:00:00 ETA: 0:00:00] Portfolio Val: 142,050.20Progress ||  97.41%  [Elapsed: 0:00:00 ETA: 0:00:00] Portfolio Val: 140,849.76Progress ||  97.52%  [Elapsed: 0:00:00 ETA: 0:00:00] Portfolio Val: 140,849.76Progress ||  97.67%  [Elapsed: 0:00:00 ETA: 0:00:00] Portfolio Val: 139,946.10Progress ||  97.82%  [Elapsed: 0:00:00 ETA: 0:00:00] Portfolio Val: 139,946.10Progress ||  97.86%  [Elapsed: 0:00:00 ETA: 0:00:00] Portfolio Val: 139,946.10Progress ||  97.97%  [Elapsed: 0:00:00 ETA: 0:00:00] Portfolio Val: 139,946.10Progress ||  98.01%  [Elapsed: 0:00:00 ETA: 0:00:00] Portfolio Val: 140,693.40Progress ||  98.12%  [Elapsed: 0:00:00 ETA: 0:00:00] Portfolio Val: 140,693.40Progress ||  98.16%  [Elapsed: 0:00:00 ETA: 0:00:00] Portfolio Val: 141,014.06Progress ||  98.27%  [Elapsed: 0:00:00 ETA: 0:00:00] Portfolio Val: 141,014.06Progress ||  98.42%  [Elapsed: 0:00:00 ETA: 0:00:00] Portfolio Val: 140,587.39Progress ||  98.46%  [Elapsed: 0:00:00 ETA: 0:00:00] Portfolio Val: 140,587.39Progress ||  98.56%  [Elapsed: 0:00:00 ETA: 0:00:00] Portfolio Val: 140,587.39Progress ||  98.71%  [Elapsed: 0:00:00 ETA: 0:00:00] Portfolio Val: 141,159.80Progress ||  98.86%  [Elapsed: 0:00:00 ETA: 0:00:00] Portfolio Val: 141,159.80Progress ||  98.90%  [Elapsed: 0:00:00 ETA: 0:00:00] Portfolio Val: 141,159.80Progress ||  99.01%  [Elapsed: 0:00:00 ETA: 0:00:00] Portfolio Val: 141,159.80Progress ||  99.05%  [Elapsed: 0:00:00 ETA: 0:00:00] Portfolio Val: 139,715.55Progress ||  99.16%  [Elapsed: 0:00:00 ETA: 0:00:00] Portfolio Val: 139,715.55Progress ||  99.20%  [Elapsed: 0:00:00 ETA: 0:00:00] Portfolio Val: 142,386.75Progress ||  99.31%  [Elapsed: 0:00:00 ETA: 0:00:00] Portfolio Val: 142,386.75Progress ||  99.35%  [Elapsed: 0:00:00 ETA: 0:00:00] Portfolio Val: 143,756.80Progress ||  99.46%  [Elapsed: 0:00:00 ETA: 0:00:00] Portfolio Val: 143,756.80Progress ||  99.50%  [Elapsed: 0:00:00 ETA: 0:00:00] Portfolio Val: 144,098.64Progress ||  99.61%  [Elapsed: 0:00:00 ETA: 0:00:00] Portfolio Val: 144,098.64Progress ||  99.76%  [Elapsed: 0:00:00 ETA: 0:00:00] Portfolio Val: 145,134.80Progress ||  99.91%  [Elapsed: 0:00:00 ETA: 0:00:00] Portfolio Val: 145,134.80Progress ||  99.95%  [Elapsed: 0:00:00 ETA: 0:00:00] Portfolio Val: 145,134.80Progress || 100.00%  [Elapsed: 0:00:00 ETA: 0:00:00] Portfolio Val: 145,134.80Progress || 100.00%  [Elapsed: 0:00:00 ETA: 0:00:00] Progress || 100.00%  [Elapsed: 0:00:00 ETA: 0:00:00] XFAIL
tests/backtest/test_example_strategies.py::TestExampleStrategies::test_stock_diversified_leverage Progress ||   0.05%  [Elapsed: 0:00:00 ETA: 0:15:29] Progress ||   0.06%  [Elapsed: 0:00:00 ETA: 0:16:39] Progress ||   0.10%  [Elapsed: 0:00:00 ETA: 0:10:22] Portfolio Val: 100,000.00Progress ||   0.21%  [Elapsed: 0:00:00 ETA: 0:04:56] Portfolio Val: 100,000.00Progress ||   0.36%  [Elapsed: 0:00:00 ETA: 0:02:53] Portfolio Val: 100,532.79Progress ||   0.51%  [Elapsed: 0:00:00 ETA: 0:02:02] Portfolio Val: 100,532.79Progress ||   0.66%  [Elapsed: 0:00:00 ETA: 0:01:34] Portfolio Val: 100,532.79Progress ||   0.70%  [Elapsed: 0:00:00 ETA: 0:01:29] Portfolio Val: 100,532.79Progress ||   0.81%  [Elapsed: 0:00:00 ETA: 0:01:17] Portfolio Val: 100,532.79Progress ||   0.85%  [Elapsed: 0:00:00 ETA: 0:01:13] Portfolio Val: 98,691.07Progress ||   0.96%  [Elapsed: 0:00:00 ETA: 0:01:05] Portfolio Val: 98,691.07Progress ||   1.00%  [Elapsed: 0:00:00 ETA: 0:01:02] Portfolio Val: 97,846.66Progress ||   1.11%  [Elapsed: 0:00:00 ETA: 0:00:56] Portfolio Val: 97,846.66Progress ||   1.15%  [Elapsed: 0:00:00 ETA: 0:00:56] Portfolio Val: 95,842.21Progress ||   1.25%  [Elapsed: 0:00:00 ETA: 0:00:51] Portfolio Val: 95,842.21Progress ||   1.40%  [Elapsed: 0:00:00 ETA: 0:00:46] Portfolio Val: 96,885.80Progress ||   1.55%  [Elapsed: 0:00:00 ETA: 0:00:41] Portfolio Val: 96,885.80Progress ||   1.59%  [Elapsed: 0:00:00 ETA: 0:00:40] Portfolio Val: 96,885.80Progress ||   1.70%  [Elapsed: 0:00:00 ETA: 0:00:38] Portfolio Val: 96,885.80Progress ||   1.74%  [Elapsed: 0:00:00 ETA: 0:00:37] Portfolio Val: 97,819.45Progress ||   1.85%  [Elapsed: 0:00:00 ETA: 0:00:35] Portfolio Val: 97,819.45Progress ||   1.89%  [Elapsed: 0:00:00 ETA: 0:00:34] Portfolio Val: 97,140.92Progress ||   2.00%  [Elapsed: 0:00:00 ETA: 0:00:32] Portfolio Val: 97,140.92Progress ||   2.04%  [Elapsed: 0:00:00 ETA: 0:00:33] Portfolio Val: 97,207.85Progress ||   2.15%  [Elapsed: 0:00:00 ETA: 0:00:31] Portfolio Val: 97,207.85Progress ||   2.19%  [Elapsed: 0:00:00 ETA: 0:00:31] Portfolio Val: 97,982.76Progress ||   2.30%  [Elapsed: 0:00:00 ETA: 0:00:30] Portfolio Val: 97,982.76Progress ||   2.45%  [Elapsed: 0:00:00 ETA: 0:00:28] Portfolio Val: 97,677.24Progress ||   2.60%  [Elapsed: 0:00:00 ETA: 0:00:26] Portfolio Val: 97,677.24Progress ||   2.64%  [Elapsed: 0:00:00 ETA: 0:00:26] Portfolio Val: 97,677.24Progress ||   2.75%  [Elapsed: 0:00:00 ETA: 0:00:25] Portfolio Val: 97,677.24Progress ||   2.79%  [Elapsed: 0:00:00 ETA: 0:00:24] Portfolio Val: 95,498.75Progress ||   2.90%  [Elapsed: 0:00:00 ETA: 0:00:23] Portfolio Val: 95,498.75Progress ||   2.94%  [Elapsed: 0:00:00 ETA: 0:00:24] Portfolio Val: 95,613.39Progress ||   3.05%  [Elapsed: 0:00:00 ETA: 0:00:23] Portfolio Val: 95,613.39Progress ||   3.09%  [Elapsed: 0:00:00 ETA: 0:00:23] Portfolio Val: 95,472.87Progress ||   3.20%  [Elapsed: 0:00:00 ETA: 0:00:22] Portfolio Val: 95,472.87Progress ||   3.24%  [Elapsed: 0:00:00 ETA: 0:00:22] Portfolio Val: 90,810.41Progress ||   3.35%  [Elapsed: 0:00:00 ETA: 0:00:21] Portfolio Val: 90,810.41Progress ||   3.50%  [Elapsed: 0:00:00 ETA: 0:00:20] Portfolio Val: 89,337.22Progress ||   3.65%  [Elapsed: 0:00:00 ETA: 0:00:19] Portfolio Val: 89,337.22Progress ||   3.69%  [Elapsed: 0:00:00 ETA: 0:00:19] Portfolio Val: 89,337.22Progress ||   3.80%  [Elapsed: 0:00:00 ETA: 0:00:18] Portfolio Val: 89,337.22Progress ||   3.84%  [Elapsed: 0:00:00 ETA: 0:00:19] Portfolio Val: 87,289.57Progress ||   3.95%  [Elapsed: 0:00:00 ETA: 0:00:18] Portfolio Val: 87,289.57Progress ||   3.99%  [Elapsed: 0:00:00 ETA: 0:00:18] Portfolio Val: 87,055.96Progress ||   4.10%  [Elapsed: 0:00:00 ETA: 0:00:18] Portfolio Val: 87,055.96Progress ||   4.14%  [Elapsed: 0:00:00 ETA: 0:00:17] Portfolio Val: 86,749.87Progress ||   4.24%  [Elapsed: 0:00:00 ETA: 0:00:17] Portfolio Val: 86,749.87Progress ||   4.29%  [Elapsed: 0:00:00 ETA: 0:00:17] Portfolio Val: 84,902.54Progress ||   4.39%  [Elapsed: 0:00:00 ETA: 0:00:16] Portfolio Val: 84,902.54Progress ||   4.54%  [Elapsed: 0:00:00 ETA: 0:00:16] Portfolio Val: 88,256.20Progress ||   4.69%  [Elapsed: 0:00:00 ETA: 0:00:15] Portfolio Val: 88,256.20Progress ||   4.73%  [Elapsed: 0:00:00 ETA: 0:00:16] Portfolio Val: 88,256.20Progress ||   4.84%  [Elapsed: 0:00:00 ETA: 0:00:15] Portfolio Val: 88,256.20Progress ||   4.88%  [Elapsed: 0:00:00 ETA: 0:00:15] Portfolio Val: 85,037.60Progress ||   4.99%  [Elapsed: 0:00:00 ETA: 0:00:15] Portfolio Val: 85,037.60Progress ||   5.03%  [Elapsed: 0:00:00 ETA: 0:00:15] Portfolio Val: 82,957.01Progress ||   5.14%  [Elapsed: 0:00:00 ETA: 0:00:14] Portfolio Val: 82,957.01Progress ||   5.18%  [Elapsed: 0:00:00 ETA: 0:00:14] Portfolio Val: 81,341.34Progress ||   5.29%  [Elapsed: 0:00:00 ETA: 0:00:14] Portfolio Val: 81,341.34Progress ||   5.33%  [Elapsed: 0:00:00 ETA: 0:00:14] Portfolio Val: 81,543.72Progress ||   5.44%  [Elapsed: 0:00:00 ETA: 0:00:14] Portfolio Val: 81,543.72Progress ||   5.59%  [Elapsed: 0:00:00 ETA: 0:00:13] Portfolio Val: 79,552.24Progress ||   5.74%  [Elapsed: 0:00:00 ETA: 0:00:13] Portfolio Val: 79,552.24Progress ||   5.78%  [Elapsed: 0:00:00 ETA: 0:00:13] Portfolio Val: 79,552.24Progress ||   5.89%  [Elapsed: 0:00:00 ETA: 0:00:13] Portfolio Val: 79,552.24Progress ||   5.93%  [Elapsed: 0:00:00 ETA: 0:00:13] Portfolio Val: 83,212.92Progress ||   6.04%  [Elapsed: 0:00:00 ETA: 0:00:12] Portfolio Val: 83,212.92Progress ||   6.08%  [Elapsed: 0:00:00 ETA: 0:00:12] Portfolio Val: 85,243.76Progress ||   6.19%  [Elapsed: 0:00:00 ETA: 0:00:12] Portfolio Val: 85,243.76Progress ||   6.23%  [Elapsed: 0:00:00 ETA: 0:00:12] Portfolio Val: 87,264.62Progress ||   6.34%  [Elapsed: 0:00:00 ETA: 0:00:12] Portfolio Val: 87,264.62Progress ||   6.38%  [Elapsed: 0:00:00 ETA: 0:00:12] Portfolio Val: 88,009.01Progress ||   6.49%  [Elapsed: 0:00:00 ETA: 0:00:12] Portfolio Val: 88,009.01Progress ||   6.64%  [Elapsed: 0:00:00 ETA: 0:00:12] Portfolio Val: 87,598.31Progress ||   6.79%  [Elapsed: 0:00:00 ETA: 0:00:11] Portfolio Val: 87,598.31Progress ||   6.83%  [Elapsed: 0:00:00 ETA: 0:00:11] Portfolio Val: 87,598.31Progress ||   6.94%  [Elapsed: 0:00:00 ETA: 0:00:11] Portfolio Val: 87,598.31Progress ||   6.98%  [Elapsed: 0:00:00 ETA: 0:00:11] Portfolio Val: 86,421.33Progress ||   7.08%  [Elapsed: 0:00:00 ETA: 0:00:11] Portfolio Val: 86,421.33Progress ||   7.13%  [Elapsed: 0:00:00 ETA: 0:00:11] Portfolio Val: 85,103.91Progress ||   7.23%  [Elapsed: 0:00:00 ETA: 0:00:11] Portfolio Val: 85,103.91Progress ||   7.27%  [Elapsed: 0:00:00 ETA: 0:00:11] Portfolio Val: 85,653.75Progress ||   7.38%  [Elapsed: 0:00:00 ETA: 0:00:11] Portfolio Val: 85,653.75Progress ||   7.42%  [Elapsed: 0:00:00 ETA: 0:00:11] Portfolio Val: 84,506.77Progress ||   7.53%  [Elapsed: 0:00:00 ETA: 0:00:10] Portfolio Val: 84,506.77Progress ||   7.68%  [Elapsed: 0:00:00 ETA: 0:00:10] Portfolio Val: 82,425.08Progress ||   7.83%  [Elapsed: 0:00:00 ETA: 0:00:10] Portfolio Val: 82,425.08Progress ||   7.87%  [Elapsed: 0:00:00 ETA: 0:00:10] Portfolio Val: 82,425.08Progress ||   7.98%  [Elapsed: 0:00:00 ETA: 0:00:10] Portfolio Val: 82,425.08Progress ||   8.02%  [Elapsed: 0:00:00 ETA: 0:00:10] Portfolio Val: 79,934.20Progress ||   8.13%  [Elapsed: 0:00:00 ETA: 0:00:10] Portfolio Val: 79,934.20Progress ||   8.17%  [Elapsed: 0:00:00 ETA: 0:00:10] Portfolio Val: 81,828.68Progress ||   8.28%  [Elapsed: 0:00:00 ETA: 0:00:10] Portfolio Val: 81,828.68Progress ||   8.32%  [Elapsed: 0:00:00 ETA: 0:00:10] Portfolio Val: 81,134.50Progress ||   8.43%  [Elapsed: 0:00:00 ETA: 0:00:10] Portfolio Val: 81,134.50Progress ||   8.47%  [Elapsed: 0:00:00 ETA: 0:00:09] Portfolio Val: 78,532.61Progress ||   8.58%  [Elapsed: 0:00:00 ETA: 0:00:09] Portfolio Val: 78,532.61Progress ||   8.73%  [Elapsed: 0:00:00 ETA: 0:00:09] Portfolio Val: 78,199.55Progress ||   8.88%  [Elapsed: 0:00:00 ETA: 0:00:09] Portfolio Val: 78,199.55Progress ||   8.92%  [Elapsed: 0:00:00 ETA: 0:00:09] Portfolio Val: 78,199.55Progress ||   9.03%  [Elapsed: 0:00:00 ETA: 0:00:09] Portfolio Val: 78,199.55Progress ||   9.07%  [Elapsed: 0:00:00 ETA: 0:00:09] Portfolio Val: 77,568.77Progress ||   9.18%  [Elapsed: 0:00:00 ETA: 0:00:09] Portfolio Val: 77,568.77Progress ||   9.22%  [Elapsed: 0:00:00 ETA: 0:00:09] Portfolio Val: 78,699.88Progress ||   9.33%  [Elapsed: 0:00:00 ETA: 0:00:09] Portfolio Val: 78,699.88Progress ||   9.37%  [Elapsed: 0:00:00 ETA: 0:00:09] Portfolio Val: 79,506.48Progress ||   9.48%  [Elapsed: 0:00:00 ETA: 0:00:09] Portfolio Val: 79,506.48Progress ||   9.52%  [Elapsed: 0:00:00 ETA: 0:00:09] Portfolio Val: 83,677.76Progress ||   9.63%  [Elapsed: 0:00:00 ETA: 0:00:09] Portfolio Val: 83,677.76Progress ||   9.78%  [Elapsed: 0:00:00 ETA: 0:00:08] Portfolio Val: 87,454.68Progress ||   9.92%  [Elapsed: 0:00:00 ETA: 0:00:08] Portfolio Val: 87,454.68Progress ||   9.97%  [Elapsed: 0:00:00 ETA: 0:00:08] Portfolio Val: 87,454.68Progress ||  10.07%  [Elapsed: 0:00:00 ETA: 0:00:08] Portfolio Val: 87,454.68Progress ||  10.12%  [Elapsed: 0:00:00 ETA: 0:00:08] Portfolio Val: 86,906.34Progress ||  10.22%  [Elapsed: 0:00:00 ETA: 0:00:08] Portfolio Val: 86,906.34Progress ||  10.27%  [Elapsed: 0:00:00 ETA: 0:00:08] Portfolio Val: 86,647.04Progress ||  10.37%  [Elapsed: 0:00:00 ETA: 0:00:08] Portfolio Val: 86,647.04Progress ||  10.42%  [Elapsed: 0:00:00 ETA: 0:00:08] Portfolio Val: 87,683.23Progress ||  10.52%  [Elapsed: 0:00:00 ETA: 0:00:08] Portfolio Val: 87,683.23Progress ||  10.57%  [Elapsed: 0:00:00 ETA: 0:00:08] Portfolio Val: 87,942.17Progress ||  10.67%  [Elapsed: 0:00:00 ETA: 0:00:08] Portfolio Val: 87,942.17Progress ||  10.82%  [Elapsed: 0:00:00 ETA: 0:00:08] Portfolio Val: 86,654.26Progress ||  10.97%  [Elapsed: 0:00:00 ETA: 0:00:08] Portfolio Val: 86,654.26Progress ||  11.02%  [Elapsed: 0:00:01 ETA: 0:00:08] Portfolio Val: 86,654.26Progress ||  11.12%  [Elapsed: 0:00:01 ETA: 0:00:07] Portfolio Val: 86,654.26Progress ||  11.17%  [Elapsed: 0:00:01 ETA: 0:00:07] Portfolio Val: 87,007.86Progress ||  11.27%  [Elapsed: 0:00:01 ETA: 0:00:07] Portfolio Val: 87,007.86Progress ||  11.32%  [Elapsed: 0:00:01 ETA: 0:00:07] Portfolio Val: 91,770.07Progress ||  11.42%  [Elapsed: 0:00:01 ETA: 0:00:07] Portfolio Val: 91,770.07Progress ||  11.47%  [Elapsed: 0:00:01 ETA: 0:00:07] Portfolio Val: 92,252.08Progress ||  11.57%  [Elapsed: 0:00:01 ETA: 0:00:07] Portfolio Val: 92,252.08Progress ||  11.62%  [Elapsed: 0:00:01 ETA: 0:00:07] Portfolio Val: 91,766.20Progress ||  11.72%  [Elapsed: 0:00:01 ETA: 0:00:07] Portfolio Val: 91,766.20Progress ||  11.87%  [Elapsed: 0:00:01 ETA: 0:00:07] Portfolio Val: 92,728.59Progress ||  12.02%  [Elapsed: 0:00:01 ETA: 0:00:07] Portfolio Val: 92,728.59Progress ||  12.06%  [Elapsed: 0:00:01 ETA: 0:00:07] Portfolio Val: 92,728.59Progress ||  12.17%  [Elapsed: 0:00:01 ETA: 0:00:07] Portfolio Val: 92,728.59Progress ||  12.21%  [Elapsed: 0:00:01 ETA: 0:00:07] Portfolio Val: 92,671.74Progress ||  12.32%  [Elapsed: 0:00:01 ETA: 0:00:07] Portfolio Val: 92,671.74Progress ||  12.36%  [Elapsed: 0:00:01 ETA: 0:00:07] Portfolio Val: 94,279.03Progress ||  12.47%  [Elapsed: 0:00:01 ETA: 0:00:07] Portfolio Val: 94,279.03Progress ||  12.62%  [Elapsed: 0:00:01 ETA: 0:00:07] Portfolio Val: 94,832.04Progress ||  12.64%  [Elapsed: 0:00:01 ETA: 0:00:07] Portfolio Val: 94,832.04Progress ||  12.76%  [Elapsed: 0:00:01 ETA: 0:00:06] Portfolio Val: 94,832.04Progress ||  12.91%  [Elapsed: 0:00:01 ETA: 0:00:06] Portfolio Val: 94,362.27Progress ||  13.06%  [Elapsed: 0:00:01 ETA: 0:00:06] Portfolio Val: 94,362.27Progress ||  13.11%  [Elapsed: 0:00:01 ETA: 0:00:06] Portfolio Val: 94,362.27Progress ||  13.21%  [Elapsed: 0:00:01 ETA: 0:00:06] Portfolio Val: 94,362.27Progress ||  13.26%  [Elapsed: 0:00:01 ETA: 0:00:06] Portfolio Val: 94,455.07Progress ||  13.36%  [Elapsed: 0:00:01 ETA: 0:00:06] Portfolio Val: 94,455.07Progress ||  13.41%  [Elapsed: 0:00:01 ETA: 0:00:06] Portfolio Val: 94,955.96Progress ||  13.51%  [Elapsed: 0:00:01 ETA: 0:00:06] Portfolio Val: 94,955.96Progress ||  13.56%  [Elapsed: 0:00:01 ETA: 0:00:06] Portfolio Val: 97,319.83Progress ||  13.66%  [Elapsed: 0:00:01 ETA: 0:00:06] Portfolio Val: 97,319.83Progress ||  13.71%  [Elapsed: 0:00:01 ETA: 0:00:06] Portfolio Val: 96,422.26Progress ||  13.81%  [Elapsed: 0:00:01 ETA: 0:00:06] Portfolio Val: 96,422.26Progress ||  13.96%  [Elapsed: 0:00:01 ETA: 0:00:06] Portfolio Val: 96,003.07Progress ||  14.11%  [Elapsed: 0:00:01 ETA: 0:00:06] Portfolio Val: 96,003.07Progress ||  14.16%  [Elapsed: 0:00:01 ETA: 0:00:06] Portfolio Val: 96,003.07Progress ||  14.26%  [Elapsed: 0:00:01 ETA: 0:00:06] Portfolio Val: 96,003.07Progress ||  14.31%  [Elapsed: 0:00:01 ETA: 0:00:06] Portfolio Val: 96,680.30Progress ||  14.41%  [Elapsed: 0:00:01 ETA: 0:00:06] Portfolio Val: 96,680.30Progress ||  14.46%  [Elapsed: 0:00:01 ETA: 0:00:06] Portfolio Val: 97,187.91Progress ||  14.56%  [Elapsed: 0:00:01 ETA: 0:00:06] Portfolio Val: 97,187.91Progress ||  14.61%  [Elapsed: 0:00:01 ETA: 0:00:06] Portfolio Val: 99,377.11Progress ||  14.71%  [Elapsed: 0:00:01 ETA: 0:00:06] Portfolio Val: 99,377.11Progress ||  14.75%  [Elapsed: 0:00:01 ETA: 0:00:06] Portfolio Val: 98,590.78Progress ||  14.86%  [Elapsed: 0:00:01 ETA: 0:00:06] Portfolio Val: 98,590.78Progress ||  15.01%  [Elapsed: 0:00:01 ETA: 0:00:05] Portfolio Val: 97,725.74Progress ||  15.16%  [Elapsed: 0:00:01 ETA: 0:00:05] Portfolio Val: 97,725.74Progress ||  15.20%  [Elapsed: 0:00:01 ETA: 0:00:05] Portfolio Val: 97,725.74Progress ||  15.31%  [Elapsed: 0:00:01 ETA: 0:00:05] Portfolio Val: 97,725.74Progress ||  15.35%  [Elapsed: 0:00:01 ETA: 0:00:05] Portfolio Val: 98,204.48Progress ||  15.46%  [Elapsed: 0:00:01 ETA: 0:00:05] Portfolio Val: 98,204.48Progress ||  15.50%  [Elapsed: 0:00:01 ETA: 0:00:05] Portfolio Val: 99,099.06Progress ||  15.60%  [Elapsed: 0:00:01 ETA: 0:00:05] Portfolio Val: 99,099.06Progress ||  15.65%  [Elapsed: 0:00:01 ETA: 0:00:05] Portfolio Val: 100,960.41Progress ||  15.75%  [Elapsed: 0:00:01 ETA: 0:00:05] Portfolio Val: 100,960.41Progress ||  15.80%  [Elapsed: 0:00:01 ETA: 0:00:05] Portfolio Val: 106,799.04Progress ||  15.90%  [Elapsed: 0:00:01 ETA: 0:00:05] Portfolio Val: 106,799.04Progress ||  16.05%  [Elapsed: 0:00:01 ETA: 0:00:05] Portfolio Val: 107,589.85Progress ||  16.20%  [Elapsed: 0:00:01 ETA: 0:00:05] Portfolio Val: 107,589.85Progress ||  16.25%  [Elapsed: 0:00:01 ETA: 0:00:05] Portfolio Val: 107,589.85Progress ||  16.35%  [Elapsed: 0:00:01 ETA: 0:00:05] Portfolio Val: 107,589.85Progress ||  16.40%  [Elapsed: 0:00:01 ETA: 0:00:05] Portfolio Val: 108,346.55Progress ||  16.50%  [Elapsed: 0:00:01 ETA: 0:00:05] Portfolio Val: 108,346.55Progress ||  16.55%  [Elapsed: 0:00:01 ETA: 0:00:05] Portfolio Val: 109,236.05Progress ||  16.65%  [Elapsed: 0:00:01 ETA: 0:00:05] Portfolio Val: 109,236.05Progress ||  16.70%  [Elapsed: 0:00:01 ETA: 0:00:05] Portfolio Val: 110,039.06Progress ||  16.80%  [Elapsed: 0:00:01 ETA: 0:00:05] Portfolio Val: 110,039.06Progress ||  16.85%  [Elapsed: 0:00:01 ETA: 0:00:05] Portfolio Val: 109,250.06Progress ||  16.95%  [Elapsed: 0:00:01 ETA: 0:00:05] Portfolio Val: 109,250.06Progress ||  17.10%  [Elapsed: 0:00:01 ETA: 0:00:05] Portfolio Val: 110,078.35Progress ||  17.25%  [Elapsed: 0:00:01 ETA: 0:00:05] Portfolio Val: 110,078.35Progress ||  17.40%  [Elapsed: 0:00:01 ETA: 0:00:05] Portfolio Val: 110,078.35Progress ||  17.45%  [Elapsed: 0:00:01 ETA: 0:00:05] Portfolio Val: 110,078.35Progress ||  17.55%  [Elapsed: 0:00:01 ETA: 0:00:05] Portfolio Val: 110,078.35Progress ||  17.59%  [Elapsed: 0:00:01 ETA: 0:00:05] Portfolio Val: 109,292.00Progress ||  17.70%  [Elapsed: 0:00:01 ETA: 0:00:05] Portfolio Val: 109,292.00Progress ||  17.74%  [Elapsed: 0:00:01 ETA: 0:00:05] Portfolio Val: 111,141.52Progress ||  17.85%  [Elapsed: 0:00:01 ETA: 0:00:04] Portfolio Val: 111,141.52Progress ||  17.89%  [Elapsed: 0:00:01 ETA: 0:00:04] Portfolio Val: 111,741.93Progress ||  18.00%  [Elapsed: 0:00:01 ETA: 0:00:04] Portfolio Val: 111,741.93Progress ||  18.15%  [Elapsed: 0:00:01 ETA: 0:00:04] Portfolio Val: 110,263.79Progress ||  18.30%  [Elapsed: 0:00:01 ETA: 0:00:04] Portfolio Val: 110,263.79Progress ||  18.44%  [Elapsed: 0:00:01 ETA: 0:00:04] Portfolio Val: 110,263.79Progress ||  18.49%  [Elapsed: 0:00:01 ETA: 0:00:04] Portfolio Val: 110,263.79Progress ||  18.59%  [Elapsed: 0:00:01 ETA: 0:00:04] Portfolio Val: 110,263.79Progress ||  18.64%  [Elapsed: 0:00:01 ETA: 0:00:04] Portfolio Val: 107,711.78Progress ||  18.74%  [Elapsed: 0:00:01 ETA: 0:00:04] Portfolio Val: 107,711.78Progress ||  18.79%  [Elapsed: 0:00:01 ETA: 0:00:04] Portfolio Val: 105,596.16Progress ||  18.89%  [Elapsed: 0:00:01 ETA: 0:00:04] Portfolio Val: 105,596.16Progress ||  18.94%  [Elapsed: 0:00:01 ETA: 0:00:04] Portfolio Val: 105,123.04Progress ||  19.04%  [Elapsed: 0:00:01 ETA: 0:00:04] Portfolio Val: 105,123.04Progress ||  19.19%  [Elapsed: 0:00:01 ETA: 0:00:04] Portfolio Val: 103,793.43Progress ||  19.34%  [Elapsed: 0:00:01 ETA: 0:00:04] Portfolio Val: 103,793.43Progress ||  19.39%  [Elapsed: 0:00:01 ETA: 0:00:04] Portfolio Val: 103,793.43Progress ||  19.49%  [Elapsed: 0:00:01 ETA: 0:00:04] Portfolio Val: 103,793.43Progress ||  19.54%  [Elapsed: 0:00:01 ETA: 0:00:04] Portfolio Val: 102,975.87Progress ||  19.64%  [Elapsed: 0:00:01 ETA: 0:00:04] Portfolio Val: 102,975.87Progress ||  19.69%  [Elapsed: 0:00:01 ETA: 0:00:04] Portfolio Val: 104,809.08Progress ||  19.79%  [Elapsed: 0:00:01 ETA: 0:00:04] Portfolio Val: 104,809.08Progress ||  19.84%  [Elapsed: 0:00:01 ETA: 0:00:04] Portfolio Val: 105,657.85Progress ||  19.94%  [Elapsed: 0:00:01 ETA: 0:00:04] Portfolio Val: 105,657.85Progress ||  19.99%  [Elapsed: 0:00:01 ETA: 0:00:04] Portfolio Val: 106,036.16Progress ||  20.09%  [Elapsed: 0:00:01 ETA: 0:00:04] Portfolio Val: 106,036.16Progress ||  20.24%  [Elapsed: 0:00:01 ETA: 0:00:04] Portfolio Val: 107,144.78Progress ||  20.39%  [Elapsed: 0:00:01 ETA: 0:00:04] Portfolio Val: 107,144.78Progress ||  20.54%  [Elapsed: 0:00:01 ETA: 0:00:04] Portfolio Val: 107,144.78Progress ||  20.58%  [Elapsed: 0:00:01 ETA: 0:00:04] Portfolio Val: 107,144.78Progress ||  20.69%  [Elapsed: 0:00:01 ETA: 0:00:04] Portfolio Val: 107,144.78Progress ||  20.73%  [Elapsed: 0:00:01 ETA: 0:00:04] Portfolio Val: 104,876.47Progress ||  20.84%  [Elapsed: 0:00:01 ETA: 0:00:04] Portfolio Val: 104,876.47Progress ||  20.88%  [Elapsed: 0:00:01 ETA: 0:00:04] Portfolio Val: 101,933.42Progress ||  20.99%  [Elapsed: 0:00:01 ETA: 0:00:04] Portfolio Val: 101,933.42Progress ||  21.03%  [Elapsed: 0:00:01 ETA: 0:00:04] Portfolio Val: 102,798.44Progress ||  21.14%  [Elapsed: 0:00:01 ETA: 0:00:04] Portfolio Val: 102,798.44Progress ||  21.28%  [Elapsed: 0:00:01 ETA: 0:00:04] Portfolio Val: 103,847.67Progress ||  21.43%  [Elapsed: 0:00:01 ETA: 0:00:04] Portfolio Val: 103,847.67Progress ||  21.48%  [Elapsed: 0:00:01 ETA: 0:00:04] Portfolio Val: 103,847.67Progress ||  21.58%  [Elapsed: 0:00:01 ETA: 0:00:04] Portfolio Val: 103,847.67Progress ||  21.63%  [Elapsed: 0:00:01 ETA: 0:00:04] Portfolio Val: 107,463.87Progress ||  21.73%  [Elapsed: 0:00:01 ETA: 0:00:04] Portfolio Val: 107,463.87Progress ||  21.78%  [Elapsed: 0:00:01 ETA: 0:00:04] Portfolio Val: 106,549.28Progress ||  21.88%  [Elapsed: 0:00:01 ETA: 0:00:04] Portfolio Val: 106,549.28Progress ||  21.93%  [Elapsed: 0:00:01 ETA: 0:00:04] Portfolio Val: 108,825.60Progress ||  22.03%  [Elapsed: 0:00:01 ETA: 0:00:04] Portfolio Val: 108,825.60Progress ||  22.08%  [Elapsed: 0:00:01 ETA: 0:00:04] Portfolio Val: 108,645.24Progress ||  22.18%  [Elapsed: 0:00:01 ETA: 0:00:03] Portfolio Val: 108,645.24Progress ||  22.33%  [Elapsed: 0:00:01 ETA: 0:00:03] Portfolio Val: 108,211.04Progress ||  22.48%  [Elapsed: 0:00:01 ETA: 0:00:03] Portfolio Val: 108,211.04Progress ||  22.53%  [Elapsed: 0:00:01 ETA: 0:00:03] Portfolio Val: 108,211.04Progress ||  22.63%  [Elapsed: 0:00:01 ETA: 0:00:03] Portfolio Val: 108,211.04Progress ||  22.68%  [Elapsed: 0:00:01 ETA: 0:00:03] Portfolio Val: 108,790.19Progress ||  22.78%  [Elapsed: 0:00:01 ETA: 0:00:03] Portfolio Val: 108,790.19Progress ||  22.83%  [Elapsed: 0:00:01 ETA: 0:00:03] Portfolio Val: 110,754.86Progress ||  22.93%  [Elapsed: 0:00:01 ETA: 0:00:03] Portfolio Val: 110,754.86Progress ||  22.98%  [Elapsed: 0:00:01 ETA: 0:00:03] Portfolio Val: 110,598.07Progress ||  23.08%  [Elapsed: 0:00:01 ETA: 0:00:03] Portfolio Val: 110,598.07Progress ||  23.13%  [Elapsed: 0:00:01 ETA: 0:00:03] Portfolio Val: 110,071.31Progress ||  23.23%  [Elapsed: 0:00:01 ETA: 0:00:03] Portfolio Val: 110,071.31Progress ||  23.38%  [Elapsed: 0:00:01 ETA: 0:00:03] Portfolio Val: 110,700.90Progress ||  23.53%  [Elapsed: 0:00:01 ETA: 0:00:03] Portfolio Val: 110,700.90Progress ||  23.57%  [Elapsed: 0:00:01 ETA: 0:00:03] Portfolio Val: 110,700.90Progress ||  23.68%  [Elapsed: 0:00:01 ETA: 0:00:03] Portfolio Val: 110,700.90Progress ||  23.72%  [Elapsed: 0:00:01 ETA: 0:00:03] Portfolio Val: 110,653.04Progress ||  23.83%  [Elapsed: 0:00:01 ETA: 0:00:03] Portfolio Val: 110,653.04Progress ||  23.87%  [Elapsed: 0:00:01 ETA: 0:00:03] Portfolio Val: 110,359.05Progress ||  23.98%  [Elapsed: 0:00:01 ETA: 0:00:03] Portfolio Val: 110,359.05Progress ||  24.02%  [Elapsed: 0:00:01 ETA: 0:00:03] Portfolio Val: 111,506.75Progress ||  24.12%  [Elapsed: 0:00:01 ETA: 0:00:03] Portfolio Val: 111,506.75Progress ||  24.17%  [Elapsed: 0:00:01 ETA: 0:00:03] Portfolio Val: 111,630.09Progress ||  24.27%  [Elapsed: 0:00:01 ETA: 0:00:03] Portfolio Val: 111,630.09Progress ||  24.42%  [Elapsed: 0:00:01 ETA: 0:00:03] Portfolio Val: 112,030.39Progress ||  24.57%  [Elapsed: 0:00:01 ETA: 0:00:03] Portfolio Val: 112,030.39Progress ||  24.62%  [Elapsed: 0:00:01 ETA: 0:00:03] Portfolio Val: 112,030.39Progress ||  24.72%  [Elapsed: 0:00:01 ETA: 0:00:03] Portfolio Val: 112,030.39Progress ||  24.77%  [Elapsed: 0:00:01 ETA: 0:00:03] Portfolio Val: 112,559.72Progress ||  24.87%  [Elapsed: 0:00:01 ETA: 0:00:03] Portfolio Val: 112,559.72Progress ||  24.92%  [Elapsed: 0:00:01 ETA: 0:00:03] Portfolio Val: 108,750.83Progress ||  25.02%  [Elapsed: 0:00:01 ETA: 0:00:03] Portfolio Val: 108,750.83Progress ||  25.07%  [Elapsed: 0:00:01 ETA: 0:00:03] Portfolio Val: 109,012.68Progress ||  25.17%  [Elapsed: 0:00:01 ETA: 0:00:03] Portfolio Val: 109,012.68Progress ||  25.22%  [Elapsed: 0:00:01 ETA: 0:00:03] Portfolio Val: 110,812.67Progress ||  25.32%  [Elapsed: 0:00:01 ETA: 0:00:03] Portfolio Val: 110,812.67Progress ||  25.47%  [Elapsed: 0:00:01 ETA: 0:00:03] Portfolio Val: 111,376.04Progress ||  25.62%  [Elapsed: 0:00:01 ETA: 0:00:03] Portfolio Val: 111,376.04Progress ||  25.77%  [Elapsed: 0:00:01 ETA: 0:00:03] Portfolio Val: 111,376.04Progress ||  25.82%  [Elapsed: 0:00:01 ETA: 0:00:03] Portfolio Val: 111,376.04Progress ||  25.92%  [Elapsed: 0:00:01 ETA: 0:00:03] Portfolio Val: 111,376.04Progress ||  25.97%  [Elapsed: 0:00:01 ETA: 0:00:03] Portfolio Val: 109,824.35Progress ||  26.07%  [Elapsed: 0:00:01 ETA: 0:00:03] Portfolio Val: 109,824.35Progress ||  26.11%  [Elapsed: 0:00:01 ETA: 0:00:03] Portfolio Val: 108,505.60Progress ||  26.22%  [Elapsed: 0:00:01 ETA: 0:00:03] Portfolio Val: 108,505.60Progress ||  26.26%  [Elapsed: 0:00:01 ETA: 0:00:03] Portfolio Val: 111,633.63Progress ||  26.37%  [Elapsed: 0:00:01 ETA: 0:00:03] Portfolio Val: 111,633.63Progress ||  26.52%  [Elapsed: 0:00:01 ETA: 0:00:03] Portfolio Val: 114,007.94Progress ||  26.67%  [Elapsed: 0:00:01 ETA: 0:00:03] Portfolio Val: 114,007.94Progress ||  26.71%  [Elapsed: 0:00:01 ETA: 0:00:03] Portfolio Val: 114,007.94Progress ||  26.82%  [Elapsed: 0:00:01 ETA: 0:00:03] Portfolio Val: 114,007.94Progress ||  26.86%  [Elapsed: 0:00:01 ETA: 0:00:03] Portfolio Val: 114,423.32Progress ||  26.97%  [Elapsed: 0:00:01 ETA: 0:00:03] Portfolio Val: 114,423.32Progress ||  27.01%  [Elapsed: 0:00:01 ETA: 0:00:03] Portfolio Val: 113,657.91Progress ||  27.11%  [Elapsed: 0:00:01 ETA: 0:00:03] Portfolio Val: 113,657.91Progress ||  27.16%  [Elapsed: 0:00:01 ETA: 0:00:03] Portfolio Val: 112,455.05Progress ||  27.26%  [Elapsed: 0:00:01 ETA: 0:00:03] Portfolio Val: 112,455.05Progress ||  27.31%  [Elapsed: 0:00:01 ETA: 0:00:03] Portfolio Val: 114,242.72Progress ||  27.41%  [Elapsed: 0:00:01 ETA: 0:00:03] Portfolio Val: 114,242.72Progress ||  27.56%  [Elapsed: 0:00:01 ETA: 0:00:03] Portfolio Val: 114,771.84Progress ||  27.71%  [Elapsed: 0:00:01 ETA: 0:00:03] Portfolio Val: 114,771.84Progress ||  27.76%  [Elapsed: 0:00:01 ETA: 0:00:03] Portfolio Val: 114,771.84Progress ||  27.86%  [Elapsed: 0:00:01 ETA: 0:00:03] Portfolio Val: 114,771.84Progress ||  27.91%  [Elapsed: 0:00:01 ETA: 0:00:03] Portfolio Val: 116,975.88Progress ||  28.01%  [Elapsed: 0:00:01 ETA: 0:00:03] Portfolio Val: 116,975.88Progress ||  28.06%  [Elapsed: 0:00:01 ETA: 0:00:03] Portfolio Val: 116,914.86Progress ||  28.16%  [Elapsed: 0:00:01 ETA: 0:00:03] Portfolio Val: 116,914.86Progress ||  28.21%  [Elapsed: 0:00:01 ETA: 0:00:03] Portfolio Val: 117,467.00Progress ||  28.31%  [Elapsed: 0:00:01 ETA: 0:00:03] Portfolio Val: 117,467.00Progress ||  28.36%  [Elapsed: 0:00:01 ETA: 0:00:03] Portfolio Val: 118,964.69Progress ||  28.46%  [Elapsed: 0:00:01 ETA: 0:00:03] Portfolio Val: 118,964.69Progress ||  28.61%  [Elapsed: 0:00:01 ETA: 0:00:03] Portfolio Val: 119,737.98Progress ||  28.76%  [Elapsed: 0:00:01 ETA: 0:00:03] Portfolio Val: 119,737.98Progress ||  28.80%  [Elapsed: 0:00:01 ETA: 0:00:03] Portfolio Val: 119,737.98Progress ||  28.91%  [Elapsed: 0:00:01 ETA: 0:00:02] Portfolio Val: 119,737.98Progress ||  28.95%  [Elapsed: 0:00:01 ETA: 0:00:02] Portfolio Val: 117,344.57Progress ||  29.06%  [Elapsed: 0:00:01 ETA: 0:00:02] Portfolio Val: 117,344.57Progress ||  29.10%  [Elapsed: 0:00:01 ETA: 0:00:02] Portfolio Val: 117,883.27Progress ||  29.21%  [Elapsed: 0:00:01 ETA: 0:00:02] Portfolio Val: 117,883.27Progress ||  29.25%  [Elapsed: 0:00:01 ETA: 0:00:02] Portfolio Val: 119,012.01Progress ||  29.36%  [Elapsed: 0:00:01 ETA: 0:00:02] Portfolio Val: 119,012.01Progress ||  29.40%  [Elapsed: 0:00:01 ETA: 0:00:02] Portfolio Val: 118,327.59Progress ||  29.51%  [Elapsed: 0:00:01 ETA: 0:00:02] Portfolio Val: 118,327.59Progress ||  29.66%  [Elapsed: 0:00:01 ETA: 0:00:02] Portfolio Val: 115,817.07Progress ||  29.81%  [Elapsed: 0:00:01 ETA: 0:00:02] Portfolio Val: 115,817.07Progress ||  29.85%  [Elapsed: 0:00:01 ETA: 0:00:02] Portfolio Val: 115,817.07Progress ||  29.95%  [Elapsed: 0:00:01 ETA: 0:00:02] Portfolio Val: 115,817.07Progress ||  30.00%  [Elapsed: 0:00:01 ETA: 0:00:02] Portfolio Val: 116,918.39Progress ||  30.10%  [Elapsed: 0:00:01 ETA: 0:00:02] Portfolio Val: 116,918.39Progress ||  30.14%  [Elapsed: 0:00:01 ETA: 0:00:02] Portfolio Val: 115,904.25Progress ||  30.25%  [Elapsed: 0:00:01 ETA: 0:00:02] Portfolio Val: 115,904.25Progress ||  30.29%  [Elapsed: 0:00:01 ETA: 0:00:02] Portfolio Val: 117,488.44Progress ||  30.40%  [Elapsed: 0:00:01 ETA: 0:00:02] Portfolio Val: 117,488.44Progress ||  30.44%  [Elapsed: 0:00:01 ETA: 0:00:02] Portfolio Val: 121,299.82Progress ||  30.55%  [Elapsed: 0:00:01 ETA: 0:00:02] Portfolio Val: 121,299.82Progress ||  30.70%  [Elapsed: 0:00:01 ETA: 0:00:02] Portfolio Val: 121,457.98Progress ||  30.85%  [Elapsed: 0:00:01 ETA: 0:00:02] Portfolio Val: 121,457.98Progress ||  30.89%  [Elapsed: 0:00:01 ETA: 0:00:02] Portfolio Val: 121,457.98Progress ||  31.00%  [Elapsed: 0:00:01 ETA: 0:00:02] Portfolio Val: 121,457.98Progress ||  31.04%  [Elapsed: 0:00:01 ETA: 0:00:02] Portfolio Val: 119,986.71Progress ||  31.15%  [Elapsed: 0:00:01 ETA: 0:00:02] Portfolio Val: 119,986.71Progress ||  31.19%  [Elapsed: 0:00:01 ETA: 0:00:02] Portfolio Val: 120,848.56Progress ||  31.30%  [Elapsed: 0:00:01 ETA: 0:00:02] Portfolio Val: 120,848.56Progress ||  31.34%  [Elapsed: 0:00:01 ETA: 0:00:02] Portfolio Val: 120,819.17Progress ||  31.45%  [Elapsed: 0:00:01 ETA: 0:00:02] Portfolio Val: 120,819.17Progress ||  31.60%  [Elapsed: 0:00:01 ETA: 0:00:02] Portfolio Val: 122,326.61Progress ||  31.75%  [Elapsed: 0:00:01 ETA: 0:00:02] Portfolio Val: 122,326.61Progress ||  31.90%  [Elapsed: 0:00:01 ETA: 0:00:02] Portfolio Val: 122,326.61Progress ||  31.94%  [Elapsed: 0:00:01 ETA: 0:00:02] Portfolio Val: 122,326.61Progress ||  32.05%  [Elapsed: 0:00:01 ETA: 0:00:02] Portfolio Val: 122,326.61Progress ||  32.09%  [Elapsed: 0:00:01 ETA: 0:00:02] Portfolio Val: 122,326.19Progress ||  32.20%  [Elapsed: 0:00:01 ETA: 0:00:02] Portfolio Val: 122,326.19Progress ||  32.24%  [Elapsed: 0:00:01 ETA: 0:00:02] Portfolio Val: 118,994.60Progress ||  32.35%  [Elapsed: 0:00:01 ETA: 0:00:02] Portfolio Val: 118,994.60Progress ||  32.39%  [Elapsed: 0:00:01 ETA: 0:00:02] Portfolio Val: 118,958.93Progress ||  32.50%  [Elapsed: 0:00:01 ETA: 0:00:02] Portfolio Val: 118,958.93Progress ||  32.54%  [Elapsed: 0:00:01 ETA: 0:00:02] Portfolio Val: 122,661.28Progress ||  32.65%  [Elapsed: 0:00:01 ETA: 0:00:02] Portfolio Val: 122,661.28Progress ||  32.79%  [Elapsed: 0:00:01 ETA: 0:00:02] Portfolio Val: 118,432.53Progress ||  32.94%  [Elapsed: 0:00:01 ETA: 0:00:02] Portfolio Val: 118,432.53Progress ||  32.98%  [Elapsed: 0:00:01 ETA: 0:00:02] Portfolio Val: 118,432.53Progress ||  33.09%  [Elapsed: 0:00:01 ETA: 0:00:02] Portfolio Val: 118,432.53Progress ||  33.13%  [Elapsed: 0:00:01 ETA: 0:00:02] Portfolio Val: 120,185.62Progress ||  33.24%  [Elapsed: 0:00:01 ETA: 0:00:02] Portfolio Val: 120,185.62Progress ||  33.28%  [Elapsed: 0:00:01 ETA: 0:00:02] Portfolio Val: 121,364.44Progress ||  33.39%  [Elapsed: 0:00:01 ETA: 0:00:02] Portfolio Val: 121,364.44Progress ||  33.43%  [Elapsed: 0:00:01 ETA: 0:00:02] Portfolio Val: 117,660.70Progress ||  33.54%  [Elapsed: 0:00:01 ETA: 0:00:02] Portfolio Val: 117,660.70Progress ||  33.58%  [Elapsed: 0:00:01 ETA: 0:00:02] Portfolio Val: 118,173.18Progress ||  33.69%  [Elapsed: 0:00:01 ETA: 0:00:02] Portfolio Val: 118,173.18Progress ||  33.84%  [Elapsed: 0:00:01 ETA: 0:00:02] Portfolio Val: 118,606.72Progress ||  33.99%  [Elapsed: 0:00:01 ETA: 0:00:02] Portfolio Val: 118,606.72Progress ||  34.03%  [Elapsed: 0:00:01 ETA: 0:00:02] Portfolio Val: 118,606.72Progress ||  34.14%  [Elapsed: 0:00:01 ETA: 0:00:02] Portfolio Val: 118,606.72Progress ||  34.18%  [Elapsed: 0:00:01 ETA: 0:00:02] Portfolio Val: 116,604.59Progress ||  34.29%  [Elapsed: 0:00:01 ETA: 0:00:02] Portfolio Val: 116,604.59Progress ||  34.33%  [Elapsed: 0:00:01 ETA: 0:00:02] Portfolio Val: 111,628.84Progress ||  34.44%  [Elapsed: 0:00:01 ETA: 0:00:02] Portfolio Val: 111,628.84Progress ||  34.48%  [Elapsed: 0:00:01 ETA: 0:00:02] Portfolio Val: 112,588.96Progress ||  34.59%  [Elapsed: 0:00:01 ETA: 0:00:02] Portfolio Val: 112,588.96Progress ||  34.63%  [Elapsed: 0:00:01 ETA: 0:00:02] Portfolio Val: 111,270.27Progress ||  34.74%  [Elapsed: 0:00:01 ETA: 0:00:02] Portfolio Val: 111,270.27Progress ||  34.89%  [Elapsed: 0:00:01 ETA: 0:00:02] Portfolio Val: 110,111.00Progress ||  35.04%  [Elapsed: 0:00:01 ETA: 0:00:02] Portfolio Val: 110,111.00Progress ||  35.08%  [Elapsed: 0:00:01 ETA: 0:00:02] Portfolio Val: 110,111.00Progress ||  35.19%  [Elapsed: 0:00:01 ETA: 0:00:02] Portfolio Val: 110,111.00Progress ||  35.23%  [Elapsed: 0:00:01 ETA: 0:00:02] Portfolio Val: 108,610.55Progress ||  35.34%  [Elapsed: 0:00:01 ETA: 0:00:02] Portfolio Val: 108,610.55Progress ||  35.38%  [Elapsed: 0:00:01 ETA: 0:00:02] Portfolio Val: 109,784.26Progress ||  35.49%  [Elapsed: 0:00:01 ETA: 0:00:02] Portfolio Val: 109,784.26Progress ||  35.53%  [Elapsed: 0:00:01 ETA: 0:00:02] Portfolio Val: 111,763.27Progress ||  35.63%  [Elapsed: 0:00:01 ETA: 0:00:02] Portfolio Val: 111,763.27Progress ||  35.68%  [Elapsed: 0:00:01 ETA: 0:00:02] Portfolio Val: 107,867.04Progress ||  35.78%  [Elapsed: 0:00:01 ETA: 0:00:02] Portfolio Val: 107,867.04Progress ||  35.93%  [Elapsed: 0:00:01 ETA: 0:00:02] Portfolio Val: 111,024.64Progress ||  36.08%  [Elapsed: 0:00:01 ETA: 0:00:02] Portfolio Val: 111,024.64Progress ||  36.12%  [Elapsed: 0:00:01 ETA: 0:00:02] Portfolio Val: 111,024.64Progress ||  36.23%  [Elapsed: 0:00:01 ETA: 0:00:02] Portfolio Val: 111,024.64Progress ||  36.27%  [Elapsed: 0:00:01 ETA: 0:00:02] Portfolio Val: 112,784.03Progress ||  36.38%  [Elapsed: 0:00:01 ETA: 0:00:02] Portfolio Val: 112,784.03Progress ||  36.42%  [Elapsed: 0:00:01 ETA: 0:00:02] Portfolio Val: 111,820.81Progress ||  36.53%  [Elapsed: 0:00:01 ETA: 0:00:02] Portfolio Val: 111,820.81Progress ||  36.57%  [Elapsed: 0:00:01 ETA: 0:00:02] Portfolio Val: 108,649.13Progress ||  36.68%  [Elapsed: 0:00:01 ETA: 0:00:02] Portfolio Val: 108,649.13Progress ||  36.72%  [Elapsed: 0:00:01 ETA: 0:00:02] Portfolio Val: 108,774.96Progress ||  36.83%  [Elapsed: 0:00:01 ETA: 0:00:02] Portfolio Val: 108,774.96Progress ||  36.98%  [Elapsed: 0:00:01 ETA: 0:00:02] Portfolio Val: 113,383.34Progress ||  37.13%  [Elapsed: 0:00:01 ETA: 0:00:02] Portfolio Val: 113,383.34Progress ||  37.17%  [Elapsed: 0:00:01 ETA: 0:00:02] Portfolio Val: 113,383.34Progress ||  37.28%  [Elapsed: 0:00:01 ETA: 0:00:02] Portfolio Val: 113,383.34Progress ||  37.32%  [Elapsed: 0:00:01 ETA: 0:00:02] Portfolio Val: 114,467.80Progress ||  37.43%  [Elapsed: 0:00:01 ETA: 0:00:02] Portfolio Val: 114,467.80Progress ||  37.47%  [Elapsed: 0:00:01 ETA: 0:00:02] Portfolio Val: 116,630.29Progress ||  37.58%  [Elapsed: 0:00:01 ETA: 0:00:02] Portfolio Val: 116,630.29Progress ||  37.62%  [Elapsed: 0:00:01 ETA: 0:00:02] Portfolio Val: 114,782.62Progress ||  37.73%  [Elapsed: 0:00:01 ETA: 0:00:02] Portfolio Val: 114,782.62Progress ||  37.77%  [Elapsed: 0:00:01 ETA: 0:00:02] Portfolio Val: 115,430.78Progress ||  37.88%  [Elapsed: 0:00:01 ETA: 0:00:02] Portfolio Val: 115,430.78Progress ||  38.03%  [Elapsed: 0:00:01 ETA: 0:00:02] Portfolio Val: 118,102.00Progress ||  38.18%  [Elapsed: 0:00:01 ETA: 0:00:02] Portfolio Val: 118,102.00Progress ||  38.22%  [Elapsed: 0:00:01 ETA: 0:00:02] Portfolio Val: 118,102.00Progress ||  38.33%  [Elapsed: 0:00:01 ETA: 0:00:02] Portfolio Val: 118,102.00Progress ||  38.37%  [Elapsed: 0:00:01 ETA: 0:00:02] Portfolio Val: 118,547.89Progress ||  38.47%  [Elapsed: 0:00:01 ETA: 0:00:02] Portfolio Val: 118,547.89Progress ||  38.52%  [Elapsed: 0:00:01 ETA: 0:00:02] Portfolio Val: 117,694.88Progress ||  38.62%  [Elapsed: 0:00:01 ETA: 0:00:02] Portfolio Val: 117,694.88Progress ||  38.66%  [Elapsed: 0:00:01 ETA: 0:00:02] Portfolio Val: 120,878.19Progress ||  38.77%  [Elapsed: 0:00:01 ETA: 0:00:02] Portfolio Val: 120,878.19Progress ||  38.81%  [Elapsed: 0:00:01 ETA: 0:00:02] Portfolio Val: 122,939.89Progress ||  38.92%  [Elapsed: 0:00:01 ETA: 0:00:02] Portfolio Val: 122,939.89Progress ||  39.07%  [Elapsed: 0:00:01 ETA: 0:00:02] Portfolio Val: 122,150.18Progress ||  39.22%  [Elapsed: 0:00:01 ETA: 0:00:02] Portfolio Val: 122,150.18Progress ||  39.26%  [Elapsed: 0:00:01 ETA: 0:00:02] Portfolio Val: 122,150.18Progress ||  39.37%  [Elapsed: 0:00:01 ETA: 0:00:02] Portfolio Val: 122,150.18Progress ||  39.41%  [Elapsed: 0:00:01 ETA: 0:00:02] Portfolio Val: 122,317.65Progress ||  39.52%  [Elapsed: 0:00:01 ETA: 0:00:02] Portfolio Val: 122,317.65Progress ||  39.56%  [Elapsed: 0:00:01 ETA: 0:00:02] Portfolio Val: 122,668.93Progress ||  39.67%  [Elapsed: 0:00:01 ETA: 0:00:02] Portfolio Val: 122,668.93Progress ||  39.71%  [Elapsed: 0:00:01 ETA: 0:00:02] Portfolio Val: 122,460.57Progress ||  39.82%  [Elapsed: 0:00:01 ETA: 0:00:02] Portfolio Val: 122,460.57Progress ||  39.86%  [Elapsed: 0:00:01 ETA: 0:00:02] Portfolio Val: 122,961.44Progress ||  39.97%  [Elapsed: 0:00:01 ETA: 0:00:02] Portfolio Val: 122,961.44Progress ||  40.12%  [Elapsed: 0:00:01 ETA: 0:00:02] Portfolio Val: 119,565.79Progress ||  40.27%  [Elapsed: 0:00:01 ETA: 0:00:02] Portfolio Val: 119,565.79Progress ||  40.42%  [Elapsed: 0:00:01 ETA: 0:00:02] Portfolio Val: 119,565.79Progress ||  40.46%  [Elapsed: 0:00:01 ETA: 0:00:02] Portfolio Val: 119,565.79Progress ||  40.57%  [Elapsed: 0:00:01 ETA: 0:00:02] Portfolio Val: 119,565.79Progress ||  40.61%  [Elapsed: 0:00:01 ETA: 0:00:02] Portfolio Val: 120,784.31Progress ||  40.72%  [Elapsed: 0:00:01 ETA: 0:00:02] Portfolio Val: 120,784.31Progress ||  40.76%  [Elapsed: 0:00:01 ETA: 0:00:02] Portfolio Val: 117,151.31Progress ||  40.87%  [Elapsed: 0:00:01 ETA: 0:00:02] Portfolio Val: 117,151.31Progress ||  40.91%  [Elapsed: 0:00:01 ETA: 0:00:02] Portfolio Val: 116,158.45Progress ||  41.02%  [Elapsed: 0:00:01 ETA: 0:00:02] Portfolio Val: 116,158.45Progress ||  41.17%  [Elapsed: 0:00:01 ETA: 0:00:02] Portfolio Val: 116,597.99Progress ||  41.31%  [Elapsed: 0:00:01 ETA: 0:00:02] Portfolio Val: 116,597.99Progress ||  41.36%  [Elapsed: 0:00:01 ETA: 0:00:02] Portfolio Val: 116,597.99Progress ||  41.46%  [Elapsed: 0:00:01 ETA: 0:00:02] Portfolio Val: 116,597.99Progress ||  41.50%  [Elapsed: 0:00:01 ETA: 0:00:02] Portfolio Val: 119,096.51Progress ||  41.61%  [Elapsed: 0:00:01 ETA: 0:00:02] Portfolio Val: 119,096.51Progress ||  41.65%  [Elapsed: 0:00:01 ETA: 0:00:02] Portfolio Val: 118,700.88Progress ||  41.76%  [Elapsed: 0:00:01 ETA: 0:00:02] Portfolio Val: 118,700.88Progress ||  41.80%  [Elapsed: 0:00:01 ETA: 0:00:02] Portfolio Val: 121,225.89Progress ||  41.91%  [Elapsed: 0:00:01 ETA: 0:00:02] Portfolio Val: 121,225.89Progress ||  41.95%  [Elapsed: 0:00:01 ETA: 0:00:02] Portfolio Val: 122,823.90Progress ||  42.06%  [Elapsed: 0:00:01 ETA: 0:00:02] Portfolio Val: 122,823.90Progress ||  42.21%  [Elapsed: 0:00:01 ETA: 0:00:02] Portfolio Val: 121,044.07Progress ||  42.36%  [Elapsed: 0:00:01 ETA: 0:00:02] Portfolio Val: 121,044.07Progress ||  42.40%  [Elapsed: 0:00:01 ETA: 0:00:02] Portfolio Val: 121,044.07Progress ||  42.51%  [Elapsed: 0:00:01 ETA: 0:00:02] Portfolio Val: 121,044.07Progress ||  42.55%  [Elapsed: 0:00:01 ETA: 0:00:02] Portfolio Val: 119,582.63Progress ||  42.66%  [Elapsed: 0:00:01 ETA: 0:00:02] Portfolio Val: 119,582.63Progress ||  42.70%  [Elapsed: 0:00:01 ETA: 0:00:02] Portfolio Val: 120,068.85Progress ||  42.81%  [Elapsed: 0:00:01 ETA: 0:00:02] Portfolio Val: 120,068.85Progress ||  42.85%  [Elapsed: 0:00:01 ETA: 0:00:02] Portfolio Val: 125,396.89Progress ||  42.96%  [Elapsed: 0:00:01 ETA: 0:00:02] Portfolio Val: 125,396.89Progress ||  43.00%  [Elapsed: 0:00:01 ETA: 0:00:02] Portfolio Val: 125,202.31Progress ||  43.11%  [Elapsed: 0:00:01 ETA: 0:00:02] Portfolio Val: 125,202.31Progress ||  43.26%  [Elapsed: 0:00:01 ETA: 0:00:02] Portfolio Val: 125,547.91Progress ||  43.41%  [Elapsed: 0:00:01 ETA: 0:00:02] Portfolio Val: 125,547.91Progress ||  43.45%  [Elapsed: 0:00:01 ETA: 0:00:02] Portfolio Val: 125,547.91Progress ||  43.56%  [Elapsed: 0:00:01 ETA: 0:00:02] Portfolio Val: 125,547.91Progress ||  43.60%  [Elapsed: 0:00:01 ETA: 0:00:02] Portfolio Val: 124,801.56Progress ||  43.71%  [Elapsed: 0:00:01 ETA: 0:00:02] Portfolio Val: 124,801.56Progress ||  43.86%  [Elapsed: 0:00:01 ETA: 0:00:02] Portfolio Val: 127,299.44Progress ||  43.90%  [Elapsed: 0:00:01 ETA: 0:00:02] Portfolio Val: 127,299.44Progress ||  44.01%  [Elapsed: 0:00:01 ETA: 0:00:02] Portfolio Val: 127,299.44Progress ||  44.05%  [Elapsed: 0:00:01 ETA: 0:00:02] Portfolio Val: 127,550.44Progress ||  44.15%  [Elapsed: 0:00:01 ETA: 0:00:02] Portfolio Val: 127,550.44Progress ||  44.30%  [Elapsed: 0:00:01 ETA: 0:00:02] Portfolio Val: 128,350.95Progress ||  44.45%  [Elapsed: 0:00:01 ETA: 0:00:02] Portfolio Val: 128,350.95Progress ||  44.49%  [Elapsed: 0:00:01 ETA: 0:00:02] Portfolio Val: 128,350.95Progress ||  44.60%  [Elapsed: 0:00:01 ETA: 0:00:02] Portfolio Val: 128,350.95Progress ||  44.64%  [Elapsed: 0:00:01 ETA: 0:00:02] Portfolio Val: 127,365.76Progress ||  44.75%  [Elapsed: 0:00:01 ETA: 0:00:02] Portfolio Val: 127,365.76Progress ||  44.79%  [Elapsed: 0:00:01 ETA: 0:00:02] Portfolio Val: 127,526.18Progress ||  44.90%  [Elapsed: 0:00:01 ETA: 0:00:02] Portfolio Val: 127,526.18Progress ||  44.94%  [Elapsed: 0:00:01 ETA: 0:00:02] Portfolio Val: 126,087.05Progress ||  45.05%  [Elapsed: 0:00:01 ETA: 0:00:02] Portfolio Val: 126,087.05Progress ||  45.09%  [Elapsed: 0:00:01 ETA: 0:00:02] Portfolio Val: 126,824.77Progress ||  45.20%  [Elapsed: 0:00:01 ETA: 0:00:02] Portfolio Val: 126,824.77Progress ||  45.35%  [Elapsed: 0:00:01 ETA: 0:00:02] Portfolio Val: 127,958.13Progress ||  45.50%  [Elapsed: 0:00:01 ETA: 0:00:01] Portfolio Val: 127,958.13Progress ||  45.54%  [Elapsed: 0:00:01 ETA: 0:00:01] Portfolio Val: 127,958.13Progress ||  45.65%  [Elapsed: 0:00:01 ETA: 0:00:01] Portfolio Val: 127,958.13Progress ||  45.69%  [Elapsed: 0:00:01 ETA: 0:00:01] Portfolio Val: 124,438.80Progress ||  45.80%  [Elapsed: 0:00:01 ETA: 0:00:01] Portfolio Val: 124,438.80Progress ||  45.82%  [Elapsed: 0:00:01 ETA: 0:00:01] Portfolio Val: 124,298.38Progress ||  45.95%  [Elapsed: 0:00:01 ETA: 0:00:01] Portfolio Val: 124,298.38Progress ||  46.10%  [Elapsed: 0:00:01 ETA: 0:00:01] Portfolio Val: 126,587.51Progress ||  46.14%  [Elapsed: 0:00:01 ETA: 0:00:01] Portfolio Val: 126,587.51Progress ||  46.25%  [Elapsed: 0:00:01 ETA: 0:00:01] Portfolio Val: 126,587.51Progress ||  46.40%  [Elapsed: 0:00:01 ETA: 0:00:01] Portfolio Val: 129,177.35Progress ||  46.55%  [Elapsed: 0:00:01 ETA: 0:00:01] Portfolio Val: 129,177.35Progress ||  46.59%  [Elapsed: 0:00:01 ETA: 0:00:01] Portfolio Val: 129,177.35Progress ||  46.70%  [Elapsed: 0:00:01 ETA: 0:00:01] Portfolio Val: 129,177.35Progress ||  46.74%  [Elapsed: 0:00:01 ETA: 0:00:01] Portfolio Val: 130,226.69Progress ||  46.85%  [Elapsed: 0:00:01 ETA: 0:00:01] Portfolio Val: 130,226.69Progress ||  46.89%  [Elapsed: 0:00:01 ETA: 0:00:01] Portfolio Val: 130,136.89Progress ||  46.99%  [Elapsed: 0:00:01 ETA: 0:00:01] Portfolio Val: 130,136.89Progress ||  47.04%  [Elapsed: 0:00:01 ETA: 0:00:01] Portfolio Val: 130,290.80Progress ||  47.14%  [Elapsed: 0:00:01 ETA: 0:00:01] Portfolio Val: 130,290.80Progress ||  47.18%  [Elapsed: 0:00:01 ETA: 0:00:01] Portfolio Val: 133,630.90Progress ||  47.29%  [Elapsed: 0:00:01 ETA: 0:00:01] Portfolio Val: 133,630.90Progress ||  47.44%  [Elapsed: 0:00:01 ETA: 0:00:01] Portfolio Val: 131,884.26Progress ||  47.59%  [Elapsed: 0:00:01 ETA: 0:00:01] Portfolio Val: 131,884.26Progress ||  47.63%  [Elapsed: 0:00:01 ETA: 0:00:01] Portfolio Val: 131,884.26Progress ||  47.74%  [Elapsed: 0:00:01 ETA: 0:00:01] Portfolio Val: 131,884.26Progress ||  47.78%  [Elapsed: 0:00:01 ETA: 0:00:01] Portfolio Val: 133,164.47Progress ||  47.89%  [Elapsed: 0:00:01 ETA: 0:00:01] Portfolio Val: 133,164.47Progress ||  47.93%  [Elapsed: 0:00:01 ETA: 0:00:01] Portfolio Val: 134,578.34Progress ||  48.04%  [Elapsed: 0:00:01 ETA: 0:00:01] Portfolio Val: 134,578.34Progress ||  48.08%  [Elapsed: 0:00:01 ETA: 0:00:01] Portfolio Val: 134,154.93Progress ||  48.19%  [Elapsed: 0:00:01 ETA: 0:00:01] Portfolio Val: 134,154.93Progress ||  48.23%  [Elapsed: 0:00:01 ETA: 0:00:01] Portfolio Val: 133,647.01Progress ||  48.34%  [Elapsed: 0:00:01 ETA: 0:00:01] Portfolio Val: 133,647.01Progress ||  48.49%  [Elapsed: 0:00:01 ETA: 0:00:01] Portfolio Val: 129,794.75Progress ||  48.64%  [Elapsed: 0:00:01 ETA: 0:00:01] Portfolio Val: 129,794.75Progress ||  48.68%  [Elapsed: 0:00:01 ETA: 0:00:01] Portfolio Val: 129,794.75Progress ||  48.79%  [Elapsed: 0:00:01 ETA: 0:00:01] Portfolio Val: 129,794.75Progress ||  48.83%  [Elapsed: 0:00:01 ETA: 0:00:01] Portfolio Val: 129,902.81Progress ||  48.94%  [Elapsed: 0:00:01 ETA: 0:00:01] Portfolio Val: 129,902.81Progress ||  48.98%  [Elapsed: 0:00:01 ETA: 0:00:01] Portfolio Val: 129,359.59Progress ||  49.09%  [Elapsed: 0:00:01 ETA: 0:00:01] Portfolio Val: 129,359.59Progress ||  49.13%  [Elapsed: 0:00:01 ETA: 0:00:01] Portfolio Val: 126,529.46Progress ||  49.24%  [Elapsed: 0:00:01 ETA: 0:00:01] Portfolio Val: 126,529.46Progress ||  49.28%  [Elapsed: 0:00:01 ETA: 0:00:01] Portfolio Val: 122,332.15Progress ||  49.39%  [Elapsed: 0:00:01 ETA: 0:00:01] Portfolio Val: 122,332.15Progress ||  49.54%  [Elapsed: 0:00:01 ETA: 0:00:01] Portfolio Val: 123,956.87Progress ||  49.69%  [Elapsed: 0:00:01 ETA: 0:00:01] Portfolio Val: 123,956.87Progress ||  49.73%  [Elapsed: 0:00:01 ETA: 0:00:01] Portfolio Val: 123,956.87Progress ||  49.84%  [Elapsed: 0:00:01 ETA: 0:00:01] Portfolio Val: 123,956.87Progress ||  49.88%  [Elapsed: 0:00:01 ETA: 0:00:01] Portfolio Val: 126,581.13Progress ||  49.98%  [Elapsed: 0:00:01 ETA: 0:00:01] Portfolio Val: 126,581.13Progress ||  50.02%  [Elapsed: 0:00:01 ETA: 0:00:01] Portfolio Val: 126,060.41Progress ||  50.13%  [Elapsed: 0:00:01 ETA: 0:00:01] Portfolio Val: 126,060.41Progress ||  50.17%  [Elapsed: 0:00:01 ETA: 0:00:01] Portfolio Val: 129,010.01Progress ||  50.28%  [Elapsed: 0:00:01 ETA: 0:00:01] Portfolio Val: 129,010.01Progress ||  50.32%  [Elapsed: 0:00:01 ETA: 0:00:01] Portfolio Val: 131,281.64Progress ||  50.43%  [Elapsed: 0:00:01 ETA: 0:00:01] Portfolio Val: 131,281.64Progress ||  50.58%  [Elapsed: 0:00:01 ETA: 0:00:01] Portfolio Val: 125,152.62Progress ||  50.73%  [Elapsed: 0:00:01 ETA: 0:00:01] Portfolio Val: 125,152.62Progress ||  50.77%  [Elapsed: 0:00:01 ETA: 0:00:01] Portfolio Val: 125,152.62Progress ||  50.88%  [Elapsed: 0:00:01 ETA: 0:00:01] Portfolio Val: 125,152.62Progress ||  50.92%  [Elapsed: 0:00:01 ETA: 0:00:01] Portfolio Val: 117,449.88Progress ||  51.03%  [Elapsed: 0:00:01 ETA: 0:00:01] Portfolio Val: 117,449.88Progress ||  51.07%  [Elapsed: 0:00:01 ETA: 0:00:01] Portfolio Val: 119,001.55Progress ||  51.18%  [Elapsed: 0:00:01 ETA: 0:00:01] Portfolio Val: 119,001.55Progress ||  51.22%  [Elapsed: 0:00:01 ETA: 0:00:01] Portfolio Val: 120,756.07Progress ||  51.33%  [Elapsed: 0:00:01 ETA: 0:00:01] Portfolio Val: 120,756.07Progress ||  51.37%  [Elapsed: 0:00:01 ETA: 0:00:01] Portfolio Val: 118,049.11Progress ||  51.48%  [Elapsed: 0:00:01 ETA: 0:00:01] Portfolio Val: 118,049.11Progress ||  51.63%  [Elapsed: 0:00:01 ETA: 0:00:01] Portfolio Val: 122,151.24Progress ||  51.78%  [Elapsed: 0:00:01 ETA: 0:00:01] Portfolio Val: 122,151.24Progress ||  51.82%  [Elapsed: 0:00:01 ETA: 0:00:01] Portfolio Val: 122,151.24Progress ||  51.93%  [Elapsed: 0:00:01 ETA: 0:00:01] Portfolio Val: 122,151.24Progress ||  51.97%  [Elapsed: 0:00:01 ETA: 0:00:01] Portfolio Val: 123,729.97Progress ||  52.08%  [Elapsed: 0:00:01 ETA: 0:00:01] Portfolio Val: 123,729.97Progress ||  52.12%  [Elapsed: 0:00:01 ETA: 0:00:01] Portfolio Val: 125,811.33Progress ||  52.23%  [Elapsed: 0:00:01 ETA: 0:00:01] Portfolio Val: 125,811.33Progress ||  52.27%  [Elapsed: 0:00:01 ETA: 0:00:01] Portfolio Val: 128,219.31Progress ||  52.38%  [Elapsed: 0:00:01 ETA: 0:00:01] Portfolio Val: 128,219.31Progress ||  52.42%  [Elapsed: 0:00:01 ETA: 0:00:01] Portfolio Val: 129,919.65Progress ||  52.53%  [Elapsed: 0:00:01 ETA: 0:00:01] Portfolio Val: 129,919.65Progress ||  52.68%  [Elapsed: 0:00:01 ETA: 0:00:01] Portfolio Val: 132,082.41Progress ||  52.82%  [Elapsed: 0:00:01 ETA: 0:00:01] Portfolio Val: 132,082.41Progress ||  52.87%  [Elapsed: 0:00:01 ETA: 0:00:01] Portfolio Val: 132,082.41Progress ||  52.97%  [Elapsed: 0:00:01 ETA: 0:00:01] Portfolio Val: 132,082.41Progress ||  53.01%  [Elapsed: 0:00:01 ETA: 0:00:01] Portfolio Val: 133,496.77Progress ||  53.12%  [Elapsed: 0:00:01 ETA: 0:00:01] Portfolio Val: 133,496.77Progress ||  53.16%  [Elapsed: 0:00:01 ETA: 0:00:01] Portfolio Val: 136,549.52Progress ||  53.27%  [Elapsed: 0:00:01 ETA: 0:00:01] Portfolio Val: 136,549.52Progress ||  53.31%  [Elapsed: 0:00:01 ETA: 0:00:01] Portfolio Val: 136,116.59Progress ||  53.42%  [Elapsed: 0:00:01 ETA: 0:00:01] Portfolio Val: 136,116.59Progress ||  53.46%  [Elapsed: 0:00:01 ETA: 0:00:01] Portfolio Val: 136,537.33Progress ||  53.57%  [Elapsed: 0:00:01 ETA: 0:00:01] Portfolio Val: 136,537.33Progress ||  53.72%  [Elapsed: 0:00:01 ETA: 0:00:01] Portfolio Val: 135,212.06Progress ||  53.87%  [Elapsed: 0:00:01 ETA: 0:00:01] Portfolio Val: 135,212.06Progress ||  53.91%  [Elapsed: 0:00:01 ETA: 0:00:01] Portfolio Val: 135,212.06Progress ||  54.02%  [Elapsed: 0:00:01 ETA: 0:00:01] Portfolio Val: 135,212.06Progress ||  54.06%  [Elapsed: 0:00:01 ETA: 0:00:01] Portfolio Val: 137,718.38Progress ||  54.17%  [Elapsed: 0:00:01 ETA: 0:00:01] Portfolio Val: 137,718.38Progress ||  54.21%  [Elapsed: 0:00:01 ETA: 0:00:01] Portfolio Val: 134,588.15Progress ||  54.32%  [Elapsed: 0:00:01 ETA: 0:00:01] Portfolio Val: 134,588.15Progress ||  54.36%  [Elapsed: 0:00:01 ETA: 0:00:01] Portfolio Val: 135,307.03Progress ||  54.47%  [Elapsed: 0:00:01 ETA: 0:00:01] Portfolio Val: 135,307.03Progress ||  54.51%  [Elapsed: 0:00:01 ETA: 0:00:01] Portfolio Val: 134,305.40Progress ||  54.62%  [Elapsed: 0:00:01 ETA: 0:00:01] Portfolio Val: 134,305.40Progress ||  54.77%  [Elapsed: 0:00:01 ETA: 0:00:01] Portfolio Val: 134,811.93Progress ||  54.92%  [Elapsed: 0:00:01 ETA: 0:00:01] Portfolio Val: 134,811.93Progress ||  55.07%  [Elapsed: 0:00:01 ETA: 0:00:01] Portfolio Val: 134,811.93Progress ||  55.11%  [Elapsed: 0:00:01 ETA: 0:00:01] Portfolio Val: 134,811.93Progress ||  55.22%  [Elapsed: 0:00:01 ETA: 0:00:01] Portfolio Val: 134,811.93Progress ||  55.26%  [Elapsed: 0:00:01 ETA: 0:00:01] Portfolio Val: 134,064.97Progress ||  55.37%  [Elapsed: 0:00:01 ETA: 0:00:01] Portfolio Val: 134,064.97Progress ||  55.41%  [Elapsed: 0:00:01 ETA: 0:00:01] Portfolio Val: 129,633.95Progress ||  55.52%  [Elapsed: 0:00:01 ETA: 0:00:01] Portfolio Val: 129,633.95Progress ||  55.56%  [Elapsed: 0:00:01 ETA: 0:00:01] Portfolio Val: 131,313.25Progress ||  55.66%  [Elapsed: 0:00:01 ETA: 0:00:01] Portfolio Val: 131,313.25Progress ||  55.81%  [Elapsed: 0:00:01 ETA: 0:00:01] Portfolio Val: 130,717.09Progress ||  55.96%  [Elapsed: 0:00:01 ETA: 0:00:01] Portfolio Val: 130,717.09Progress ||  56.00%  [Elapsed: 0:00:01 ETA: 0:00:01] Portfolio Val: 130,717.09Progress ||  56.11%  [Elapsed: 0:00:01 ETA: 0:00:01] Portfolio Val: 130,717.09Progress ||  56.15%  [Elapsed: 0:00:01 ETA: 0:00:01] Portfolio Val: 127,797.52Progress ||  56.26%  [Elapsed: 0:00:01 ETA: 0:00:01] Portfolio Val: 127,797.52Progress ||  56.30%  [Elapsed: 0:00:01 ETA: 0:00:01] Portfolio Val: 129,829.79Progress ||  56.41%  [Elapsed: 0:00:01 ETA: 0:00:01] Portfolio Val: 129,829.79Progress ||  56.45%  [Elapsed: 0:00:01 ETA: 0:00:01] Portfolio Val: 130,051.44Progress ||  56.56%  [Elapsed: 0:00:01 ETA: 0:00:01] Portfolio Val: 130,051.44Progress ||  56.60%  [Elapsed: 0:00:01 ETA: 0:00:01] Portfolio Val: 132,624.23Progress ||  56.71%  [Elapsed: 0:00:01 ETA: 0:00:01] Portfolio Val: 132,624.23Progress ||  56.86%  [Elapsed: 0:00:01 ETA: 0:00:01] Portfolio Val: 135,044.74Progress ||  57.01%  [Elapsed: 0:00:01 ETA: 0:00:01] Portfolio Val: 135,044.74Progress ||  57.05%  [Elapsed: 0:00:01 ETA: 0:00:01] Portfolio Val: 135,044.74Progress ||  57.16%  [Elapsed: 0:00:01 ETA: 0:00:01] Portfolio Val: 135,044.74Progress ||  57.20%  [Elapsed: 0:00:02 ETA: 0:00:01] Portfolio Val: 136,355.24Progress ||  57.31%  [Elapsed: 0:00:02 ETA: 0:00:01] Portfolio Val: 136,355.24Progress ||  57.35%  [Elapsed: 0:00:02 ETA: 0:00:01] Portfolio Val: 138,405.15Progress ||  57.46%  [Elapsed: 0:00:02 ETA: 0:00:01] Portfolio Val: 138,405.15Progress ||  57.50%  [Elapsed: 0:00:02 ETA: 0:00:01] Portfolio Val: 137,072.46Progress ||  57.61%  [Elapsed: 0:00:02 ETA: 0:00:01] Portfolio Val: 137,072.46Progress ||  57.65%  [Elapsed: 0:00:02 ETA: 0:00:01] Portfolio Val: 139,388.02Progress ||  57.76%  [Elapsed: 0:00:02 ETA: 0:00:01] Portfolio Val: 139,388.02Progress ||  57.91%  [Elapsed: 0:00:02 ETA: 0:00:01] Portfolio Val: 138,881.08Progress ||  58.06%  [Elapsed: 0:00:02 ETA: 0:00:01] Portfolio Val: 138,881.08Progress ||  58.10%  [Elapsed: 0:00:02 ETA: 0:00:01] Portfolio Val: 138,881.08Progress ||  58.21%  [Elapsed: 0:00:02 ETA: 0:00:01] Portfolio Val: 138,881.08Progress ||  58.25%  [Elapsed: 0:00:02 ETA: 0:00:01] Portfolio Val: 139,263.81Progress ||  58.36%  [Elapsed: 0:00:02 ETA: 0:00:01] Portfolio Val: 139,263.81Progress ||  58.40%  [Elapsed: 0:00:02 ETA: 0:00:01] Portfolio Val: 139,973.79Progress ||  58.50%  [Elapsed: 0:00:02 ETA: 0:00:01] Portfolio Val: 139,973.79Progress ||  58.55%  [Elapsed: 0:00:02 ETA: 0:00:01] Portfolio Val: 139,598.84Progress ||  58.65%  [Elapsed: 0:00:02 ETA: 0:00:01] Portfolio Val: 139,598.84Progress ||  58.69%  [Elapsed: 0:00:02 ETA: 0:00:01] Portfolio Val: 139,833.60Progress ||  58.80%  [Elapsed: 0:00:02 ETA: 0:00:01] Portfolio Val: 139,833.60Progress ||  58.95%  [Elapsed: 0:00:02 ETA: 0:00:01] Portfolio Val: 139,881.31Progress ||  59.10%  [Elapsed: 0:00:02 ETA: 0:00:01] Portfolio Val: 139,881.31Progress ||  59.14%  [Elapsed: 0:00:02 ETA: 0:00:01] Portfolio Val: 139,881.31Progress ||  59.25%  [Elapsed: 0:00:02 ETA: 0:00:01] Portfolio Val: 139,881.31Progress ||  59.29%  [Elapsed: 0:00:02 ETA: 0:00:01] Portfolio Val: 139,008.14Progress ||  59.40%  [Elapsed: 0:00:02 ETA: 0:00:01] Portfolio Val: 139,008.14Progress ||  59.44%  [Elapsed: 0:00:02 ETA: 0:00:01] Portfolio Val: 140,522.11Progress ||  59.55%  [Elapsed: 0:00:02 ETA: 0:00:01] Portfolio Val: 140,522.11Progress ||  59.59%  [Elapsed: 0:00:02 ETA: 0:00:01] Portfolio Val: 138,786.93Progress ||  59.70%  [Elapsed: 0:00:02 ETA: 0:00:01] Portfolio Val: 138,786.93Progress ||  59.74%  [Elapsed: 0:00:02 ETA: 0:00:01] Portfolio Val: 138,344.33Progress ||  59.85%  [Elapsed: 0:00:02 ETA: 0:00:01] Portfolio Val: 138,344.33Progress ||  60.00%  [Elapsed: 0:00:02 ETA: 0:00:01] Portfolio Val: 139,317.12Progress ||  60.15%  [Elapsed: 0:00:02 ETA: 0:00:01] Portfolio Val: 139,317.12Progress ||  60.19%  [Elapsed: 0:00:02 ETA: 0:00:01] Portfolio Val: 139,317.12Progress ||  60.30%  [Elapsed: 0:00:02 ETA: 0:00:01] Portfolio Val: 139,317.12Progress ||  60.34%  [Elapsed: 0:00:02 ETA: 0:00:01] Portfolio Val: 138,485.35Progress ||  60.45%  [Elapsed: 0:00:02 ETA: 0:00:01] Portfolio Val: 138,485.35Progress ||  60.49%  [Elapsed: 0:00:02 ETA: 0:00:01] Portfolio Val: 136,823.03Progress ||  60.60%  [Elapsed: 0:00:02 ETA: 0:00:01] Portfolio Val: 136,823.03Progress ||  60.64%  [Elapsed: 0:00:02 ETA: 0:00:01] Portfolio Val: 137,021.71Progress ||  60.75%  [Elapsed: 0:00:02 ETA: 0:00:01] Portfolio Val: 137,021.71Progress ||  60.79%  [Elapsed: 0:00:02 ETA: 0:00:01] Portfolio Val: 138,060.84Progress ||  60.90%  [Elapsed: 0:00:02 ETA: 0:00:01] Portfolio Val: 138,060.84Progress ||  61.05%  [Elapsed: 0:00:02 ETA: 0:00:01] Portfolio Val: 137,900.76Progress ||  61.20%  [Elapsed: 0:00:02 ETA: 0:00:01] Portfolio Val: 137,900.76Progress ||  61.24%  [Elapsed: 0:00:02 ETA: 0:00:01] Portfolio Val: 137,900.76Progress ||  61.34%  [Elapsed: 0:00:02 ETA: 0:00:01] Portfolio Val: 137,900.76Progress ||  61.39%  [Elapsed: 0:00:02 ETA: 0:00:01] Portfolio Val: 139,329.25Progress ||  61.49%  [Elapsed: 0:00:02 ETA: 0:00:01] Portfolio Val: 139,329.25Progress ||  61.53%  [Elapsed: 0:00:02 ETA: 0:00:01] Portfolio Val: 140,966.56Progress ||  61.64%  [Elapsed: 0:00:02 ETA: 0:00:01] Portfolio Val: 140,966.56Progress ||  61.68%  [Elapsed: 0:00:02 ETA: 0:00:01] Portfolio Val: 140,194.38Progress ||  61.79%  [Elapsed: 0:00:02 ETA: 0:00:01] Portfolio Val: 140,194.38Progress ||  61.83%  [Elapsed: 0:00:02 ETA: 0:00:01] Portfolio Val: 141,243.42Progress ||  61.94%  [Elapsed: 0:00:02 ETA: 0:00:01] Portfolio Val: 141,243.42Progress ||  62.09%  [Elapsed: 0:00:02 ETA: 0:00:01] Portfolio Val: 140,499.45Progress ||  62.24%  [Elapsed: 0:00:02 ETA: 0:00:01] Portfolio Val: 140,499.45Progress ||  62.28%  [Elapsed: 0:00:02 ETA: 0:00:01] Portfolio Val: 140,499.45Progress ||  62.39%  [Elapsed: 0:00:02 ETA: 0:00:01] Portfolio Val: 140,499.45Progress ||  62.43%  [Elapsed: 0:00:02 ETA: 0:00:01] Portfolio Val: 139,651.32Progress ||  62.54%  [Elapsed: 0:00:02 ETA: 0:00:01] Portfolio Val: 139,651.32Progress ||  62.58%  [Elapsed: 0:00:02 ETA: 0:00:01] Portfolio Val: 138,021.95Progress ||  62.69%  [Elapsed: 0:00:02 ETA: 0:00:01] Portfolio Val: 138,021.95Progress ||  62.73%  [Elapsed: 0:00:02 ETA: 0:00:01] Portfolio Val: 136,937.91Progress ||  62.84%  [Elapsed: 0:00:02 ETA: 0:00:01] Portfolio Val: 136,937.91Progress ||  62.88%  [Elapsed: 0:00:02 ETA: 0:00:01] Portfolio Val: 136,716.73Progress ||  62.99%  [Elapsed: 0:00:02 ETA: 0:00:01] Portfolio Val: 136,716.73Progress ||  63.14%  [Elapsed: 0:00:02 ETA: 0:00:01] Portfolio Val: 138,188.78Progress ||  63.29%  [Elapsed: 0:00:02 ETA: 0:00:01] Portfolio Val: 138,188.78Progress ||  63.33%  [Elapsed: 0:00:02 ETA: 0:00:01] Portfolio Val: 138,188.78Progress ||  63.44%  [Elapsed: 0:00:02 ETA: 0:00:01] Portfolio Val: 138,188.78Progress ||  63.48%  [Elapsed: 0:00:02 ETA: 0:00:01] Portfolio Val: 136,976.28Progress ||  63.59%  [Elapsed: 0:00:02 ETA: 0:00:01] Portfolio Val: 136,976.28Progress ||  63.63%  [Elapsed: 0:00:02 ETA: 0:00:01] Portfolio Val: 135,385.66Progress ||  63.74%  [Elapsed: 0:00:02 ETA: 0:00:01] Portfolio Val: 135,385.66Progress ||  63.78%  [Elapsed: 0:00:02 ETA: 0:00:01] Portfolio Val: 137,857.50Progress ||  63.89%  [Elapsed: 0:00:02 ETA: 0:00:01] Portfolio Val: 137,857.50Progress ||  63.93%  [Elapsed: 0:00:02 ETA: 0:00:01] Portfolio Val: 134,948.92Progress ||  64.04%  [Elapsed: 0:00:02 ETA: 0:00:01] Portfolio Val: 134,948.92Progress ||  64.18%  [Elapsed: 0:00:02 ETA: 0:00:01] Portfolio Val: 133,920.08Progress ||  64.33%  [Elapsed: 0:00:02 ETA: 0:00:01] Portfolio Val: 133,920.08Progress ||  64.38%  [Elapsed: 0:00:02 ETA: 0:00:01] Portfolio Val: 133,920.08Progress ||  64.48%  [Elapsed: 0:00:02 ETA: 0:00:01] Portfolio Val: 133,920.08Progress ||  64.53%  [Elapsed: 0:00:02 ETA: 0:00:01] Portfolio Val: 133,503.65Progress ||  64.63%  [Elapsed: 0:00:02 ETA: 0:00:01] Portfolio Val: 133,503.65Progress ||  64.68%  [Elapsed: 0:00:02 ETA: 0:00:01] Portfolio Val: 133,790.51Progress ||  64.78%  [Elapsed: 0:00:02 ETA: 0:00:01] Portfolio Val: 133,790.51Progress ||  64.83%  [Elapsed: 0:00:02 ETA: 0:00:01] Portfolio Val: 137,644.54Progress ||  64.93%  [Elapsed: 0:00:02 ETA: 0:00:01] Portfolio Val: 137,644.54Progress ||  64.98%  [Elapsed: 0:00:02 ETA: 0:00:01] Portfolio Val: 141,638.90Progress ||  65.08%  [Elapsed: 0:00:02 ETA: 0:00:01] Portfolio Val: 141,638.90Progress ||  65.23%  [Elapsed: 0:00:02 ETA: 0:00:01] Portfolio Val: 144,042.56Progress ||  65.38%  [Elapsed: 0:00:02 ETA: 0:00:01] Portfolio Val: 144,042.56Progress ||  65.43%  [Elapsed: 0:00:02 ETA: 0:00:01] Portfolio Val: 144,042.56Progress ||  65.53%  [Elapsed: 0:00:02 ETA: 0:00:01] Portfolio Val: 144,042.56Progress ||  65.58%  [Elapsed: 0:00:02 ETA: 0:00:01] Portfolio Val: 145,201.62Progress ||  65.68%  [Elapsed: 0:00:02 ETA: 0:00:01] Portfolio Val: 145,201.62Progress ||  65.73%  [Elapsed: 0:00:02 ETA: 0:00:01] Portfolio Val: 144,189.81Progress ||  65.83%  [Elapsed: 0:00:02 ETA: 0:00:01] Portfolio Val: 144,189.81Progress ||  65.88%  [Elapsed: 0:00:02 ETA: 0:00:01] Portfolio Val: 143,162.64Progress ||  65.98%  [Elapsed: 0:00:02 ETA: 0:00:01] Portfolio Val: 143,162.64Progress ||  66.03%  [Elapsed: 0:00:02 ETA: 0:00:01] Portfolio Val: 142,145.76Progress ||  66.13%  [Elapsed: 0:00:02 ETA: 0:00:01] Portfolio Val: 142,145.76Progress ||  66.28%  [Elapsed: 0:00:02 ETA: 0:00:01] Portfolio Val: 138,113.33Progress ||  66.43%  [Elapsed: 0:00:02 ETA: 0:00:01] Portfolio Val: 138,113.33Progress ||  66.47%  [Elapsed: 0:00:02 ETA: 0:00:01] Portfolio Val: 138,113.33Progress ||  66.58%  [Elapsed: 0:00:02 ETA: 0:00:01] Portfolio Val: 138,113.33Progress ||  66.62%  [Elapsed: 0:00:02 ETA: 0:00:01] Portfolio Val: 136,931.84Progress ||  66.73%  [Elapsed: 0:00:02 ETA: 0:00:01] Portfolio Val: 136,931.84Progress ||  66.77%  [Elapsed: 0:00:02 ETA: 0:00:01] Portfolio Val: 137,684.45Progress ||  66.88%  [Elapsed: 0:00:02 ETA: 0:00:01] Portfolio Val: 137,684.45Progress ||  66.92%  [Elapsed: 0:00:02 ETA: 0:00:01] Portfolio Val: 139,153.92Progress ||  67.02%  [Elapsed: 0:00:02 ETA: 0:00:01] Portfolio Val: 139,153.92Progress ||  67.07%  [Elapsed: 0:00:02 ETA: 0:00:01] Portfolio Val: 141,376.08Progress ||  67.17%  [Elapsed: 0:00:02 ETA: 0:00:01] Portfolio Val: 141,376.08Progress ||  67.32%  [Elapsed: 0:00:02 ETA: 0:00:01] Portfolio Val: 141,881.96Progress ||  67.47%  [Elapsed: 0:00:02 ETA: 0:00:01] Portfolio Val: 141,881.96Progress ||  67.52%  [Elapsed: 0:00:02 ETA: 0:00:01] Portfolio Val: 141,881.96Progress ||  67.62%  [Elapsed: 0:00:02 ETA: 0:00:01] Portfolio Val: 141,881.96Progress ||  67.67%  [Elapsed: 0:00:02 ETA: 0:00:01] Portfolio Val: 145,719.19Progress ||  67.77%  [Elapsed: 0:00:02 ETA: 0:00:01] Portfolio Val: 145,719.19Progress ||  67.82%  [Elapsed: 0:00:02 ETA: 0:00:01] Portfolio Val: 144,191.11Progress ||  67.92%  [Elapsed: 0:00:02 ETA: 0:00:01] Portfolio Val: 144,191.11Progress ||  68.07%  [Elapsed: 0:00:02 ETA: 0:00:01] Portfolio Val: 145,735.79Progress ||  68.10%  [Elapsed: 0:00:02 ETA: 0:00:01] Portfolio Val: 145,735.79Progress ||  68.22%  [Elapsed: 0:00:02 ETA: 0:00:01] Portfolio Val: 145,735.79Progress ||  68.37%  [Elapsed: 0:00:02 ETA: 0:00:01] Portfolio Val: 145,826.98Progress ||  68.52%  [Elapsed: 0:00:02 ETA: 0:00:01] Portfolio Val: 145,826.98Progress ||  68.57%  [Elapsed: 0:00:02 ETA: 0:00:01] Portfolio Val: 145,826.98Progress ||  68.67%  [Elapsed: 0:00:02 ETA: 0:00:01] Portfolio Val: 145,826.98Progress ||  68.72%  [Elapsed: 0:00:02 ETA: 0:00:01] Portfolio Val: 147,224.18Progress ||  68.82%  [Elapsed: 0:00:02 ETA: 0:00:01] Portfolio Val: 147,224.18Progress ||  68.87%  [Elapsed: 0:00:02 ETA: 0:00:01] Portfolio Val: 148,175.23Progress ||  68.97%  [Elapsed: 0:00:02 ETA: 0:00:01] Portfolio Val: 148,175.23Progress ||  69.01%  [Elapsed: 0:00:02 ETA: 0:00:01] Portfolio Val: 147,836.65Progress ||  69.12%  [Elapsed: 0:00:02 ETA: 0:00:01] Portfolio Val: 147,836.65Progress ||  69.16%  [Elapsed: 0:00:02 ETA: 0:00:01] Portfolio Val: 148,928.70Progress ||  69.27%  [Elapsed: 0:00:02 ETA: 0:00:01] Portfolio Val: 148,928.70Progress ||  69.42%  [Elapsed: 0:00:02 ETA: 0:00:00] Portfolio Val: 149,384.51Progress ||  69.57%  [Elapsed: 0:00:02 ETA: 0:00:00] Portfolio Val: 149,384.51Progress ||  69.61%  [Elapsed: 0:00:02 ETA: 0:00:00] Portfolio Val: 149,384.51Progress ||  69.72%  [Elapsed: 0:00:02 ETA: 0:00:00] Portfolio Val: 149,384.51Progress ||  69.76%  [Elapsed: 0:00:02 ETA: 0:00:00] Portfolio Val: 149,000.60Progress ||  69.86%  [Elapsed: 0:00:02 ETA: 0:00:00] Portfolio Val: 149,000.60Progress ||  69.91%  [Elapsed: 0:00:02 ETA: 0:00:00] Portfolio Val: 146,765.22Progress ||  70.01%  [Elapsed: 0:00:02 ETA: 0:00:00] Portfolio Val: 146,765.22Progress ||  70.06%  [Elapsed: 0:00:02 ETA: 0:00:00] Portfolio Val: 146,792.87Progress ||  70.16%  [Elapsed: 0:00:02 ETA: 0:00:00] Portfolio Val: 146,792.87Progress ||  70.21%  [Elapsed: 0:00:02 ETA: 0:00:00] Portfolio Val: 145,303.93Progress ||  70.31%  [Elapsed: 0:00:02 ETA: 0:00:00] Portfolio Val: 145,303.93Progress ||  70.46%  [Elapsed: 0:00:02 ETA: 0:00:00] Portfolio Val: 144,053.74Progress ||  70.61%  [Elapsed: 0:00:02 ETA: 0:00:00] Portfolio Val: 144,053.74Progress ||  70.66%  [Elapsed: 0:00:02 ETA: 0:00:00] Portfolio Val: 144,053.74Progress ||  70.76%  [Elapsed: 0:00:02 ETA: 0:00:00] Portfolio Val: 144,053.74Progress ||  70.81%  [Elapsed: 0:00:02 ETA: 0:00:00] Portfolio Val: 143,560.44Progress ||  70.91%  [Elapsed: 0:00:02 ETA: 0:00:00] Portfolio Val: 143,560.44Progress ||  70.96%  [Elapsed: 0:00:02 ETA: 0:00:00] Portfolio Val: 142,224.68Progress ||  71.06%  [Elapsed: 0:00:02 ETA: 0:00:00] Portfolio Val: 142,224.68Progress ||  71.11%  [Elapsed: 0:00:02 ETA: 0:00:00] Portfolio Val: 141,600.83Progress ||  71.21%  [Elapsed: 0:00:02 ETA: 0:00:00] Portfolio Val: 141,600.83Progress ||  71.26%  [Elapsed: 0:00:02 ETA: 0:00:00] Portfolio Val: 132,915.85Progress ||  71.36%  [Elapsed: 0:00:02 ETA: 0:00:00] Portfolio Val: 132,915.85Progress ||  71.51%  [Elapsed: 0:00:02 ETA: 0:00:00] Portfolio Val: 129,512.91Progress ||  71.66%  [Elapsed: 0:00:02 ETA: 0:00:00] Portfolio Val: 129,512.91Progress ||  71.71%  [Elapsed: 0:00:02 ETA: 0:00:00] Portfolio Val: 129,512.91Progress ||  71.81%  [Elapsed: 0:00:02 ETA: 0:00:00] Portfolio Val: 129,512.91Progress ||  71.84%  [Elapsed: 0:00:02 ETA: 0:00:00] Portfolio Val: 132,164.97Progress ||  71.96%  [Elapsed: 0:00:02 ETA: 0:00:00] Portfolio Val: 132,164.97Progress ||  72.11%  [Elapsed: 0:00:02 ETA: 0:00:00] Portfolio Val: 133,102.22Progress ||  72.15%  [Elapsed: 0:00:02 ETA: 0:00:00] Portfolio Val: 133,102.22Progress ||  72.26%  [Elapsed: 0:00:02 ETA: 0:00:00] Portfolio Val: 133,102.22Progress ||  72.30%  [Elapsed: 0:00:02 ETA: 0:00:00] Portfolio Val: 134,911.78Progress ||  72.41%  [Elapsed: 0:00:02 ETA: 0:00:00] Portfolio Val: 134,911.78Progress ||  72.56%  [Elapsed: 0:00:02 ETA: 0:00:00] Portfolio Val: 133,989.53Progress ||  72.70%  [Elapsed: 0:00:02 ETA: 0:00:00] Portfolio Val: 133,989.53Progress ||  72.75%  [Elapsed: 0:00:02 ETA: 0:00:00] Portfolio Val: 133,989.53Progress ||  72.85%  [Elapsed: 0:00:02 ETA: 0:00:00] Portfolio Val: 133,989.53Progress ||  72.90%  [Elapsed: 0:00:02 ETA: 0:00:00] Portfolio Val: 130,623.88Progress ||  73.00%  [Elapsed: 0:00:02 ETA: 0:00:00] Portfolio Val: 130,623.88Progress ||  73.15%  [Elapsed: 0:00:02 ETA: 0:00:00] Portfolio Val: 131,609.58Progress ||  73.20%  [Elapsed: 0:00:02 ETA: 0:00:00] Portfolio Val: 131,609.58Progress ||  73.30%  [Elapsed: 0:00:02 ETA: 0:00:00] Portfolio Val: 131,609.58Progress ||  73.35%  [Elapsed: 0:00:02 ETA: 0:00:00] Portfolio Val: 131,811.07Progress ||  73.45%  [Elapsed: 0:00:02 ETA: 0:00:00] Portfolio Val: 131,811.07Progress ||  73.60%  [Elapsed: 0:00:02 ETA: 0:00:00] Portfolio Val: 131,558.50Progress ||  73.75%  [Elapsed: 0:00:02 ETA: 0:00:00] Portfolio Val: 131,558.50Progress ||  73.80%  [Elapsed: 0:00:02 ETA: 0:00:00] Portfolio Val: 131,558.50Progress ||  73.90%  [Elapsed: 0:00:02 ETA: 0:00:00] Portfolio Val: 131,558.50Progress ||  73.95%  [Elapsed: 0:00:02 ETA: 0:00:00] Portfolio Val: 134,166.56Progress ||  74.05%  [Elapsed: 0:00:02 ETA: 0:00:00] Portfolio Val: 134,166.56Progress ||  74.10%  [Elapsed: 0:00:02 ETA: 0:00:00] Portfolio Val: 134,374.91Progress ||  74.20%  [Elapsed: 0:00:02 ETA: 0:00:00] Portfolio Val: 134,374.91Progress ||  74.35%  [Elapsed: 0:00:02 ETA: 0:00:00] Portfolio Val: 129,681.66Progress ||  74.40%  [Elapsed: 0:00:02 ETA: 0:00:00] Portfolio Val: 129,681.66Progress ||  74.50%  [Elapsed: 0:00:02 ETA: 0:00:00] Portfolio Val: 129,681.66Progress ||  74.65%  [Elapsed: 0:00:02 ETA: 0:00:00] Portfolio Val: 129,575.38Progress ||  74.80%  [Elapsed: 0:00:02 ETA: 0:00:00] Portfolio Val: 129,575.38Progress ||  74.84%  [Elapsed: 0:00:02 ETA: 0:00:00] Portfolio Val: 129,575.38Progress ||  74.95%  [Elapsed: 0:00:02 ETA: 0:00:00] Portfolio Val: 129,575.38Progress ||  74.99%  [Elapsed: 0:00:02 ETA: 0:00:00] Portfolio Val: 125,618.06Progress ||  75.10%  [Elapsed: 0:00:02 ETA: 0:00:00] Portfolio Val: 125,618.06Progress ||  75.14%  [Elapsed: 0:00:02 ETA: 0:00:00] Portfolio Val: 128,813.69Progress ||  75.25%  [Elapsed: 0:00:02 ETA: 0:00:00] Portfolio Val: 128,813.69Progress ||  75.29%  [Elapsed: 0:00:02 ETA: 0:00:00] Portfolio Val: 133,408.37Progress ||  75.40%  [Elapsed: 0:00:02 ETA: 0:00:00] Portfolio Val: 133,408.37Progress ||  75.44%  [Elapsed: 0:00:02 ETA: 0:00:00] Portfolio Val: 135,343.29Progress ||  75.55%  [Elapsed: 0:00:02 ETA: 0:00:00] Portfolio Val: 135,343.29Progress ||  75.69%  [Elapsed: 0:00:02 ETA: 0:00:00] Portfolio Val: 137,717.55Progress ||  75.84%  [Elapsed: 0:00:02 ETA: 0:00:00] Portfolio Val: 137,717.55Progress ||  75.99%  [Elapsed: 0:00:02 ETA: 0:00:00] Portfolio Val: 137,717.55Progress ||  76.04%  [Elapsed: 0:00:02 ETA: 0:00:00] Portfolio Val: 137,717.55Progress ||  76.14%  [Elapsed: 0:00:02 ETA: 0:00:00] Portfolio Val: 137,717.55Progress ||  76.19%  [Elapsed: 0:00:02 ETA: 0:00:00] Portfolio Val: 139,474.50Progress ||  76.29%  [Elapsed: 0:00:02 ETA: 0:00:00] Portfolio Val: 139,474.50Progress ||  76.34%  [Elapsed: 0:00:02 ETA: 0:00:00] Portfolio Val: 141,540.90Progress ||  76.44%  [Elapsed: 0:00:02 ETA: 0:00:00] Portfolio Val: 141,540.90Progress ||  76.49%  [Elapsed: 0:00:02 ETA: 0:00:00] Portfolio Val: 139,653.99Progress ||  76.59%  [Elapsed: 0:00:02 ETA: 0:00:00] Portfolio Val: 139,653.99Progress ||  76.74%  [Elapsed: 0:00:02 ETA: 0:00:00] Portfolio Val: 141,507.20Progress ||  76.89%  [Elapsed: 0:00:02 ETA: 0:00:00] Portfolio Val: 141,507.20Progress ||  76.94%  [Elapsed: 0:00:02 ETA: 0:00:00] Portfolio Val: 141,507.20Progress ||  77.04%  [Elapsed: 0:00:02 ETA: 0:00:00] Portfolio Val: 141,507.20Progress ||  77.09%  [Elapsed: 0:00:02 ETA: 0:00:00] Portfolio Val: 135,217.52Progress ||  77.19%  [Elapsed: 0:00:02 ETA: 0:00:00] Portfolio Val: 135,217.52Progress ||  77.24%  [Elapsed: 0:00:02 ETA: 0:00:00] Portfolio Val: 137,121.91Progress ||  77.34%  [Elapsed: 0:00:02 ETA: 0:00:00] Portfolio Val: 137,121.91Progress ||  77.39%  [Elapsed: 0:00:02 ETA: 0:00:00] Portfolio Val: 138,855.51Progress ||  77.49%  [Elapsed: 0:00:02 ETA: 0:00:00] Portfolio Val: 138,855.51Progress ||  77.53%  [Elapsed: 0:00:02 ETA: 0:00:00] Portfolio Val: 139,806.45Progress ||  77.64%  [Elapsed: 0:00:02 ETA: 0:00:00] Portfolio Val: 139,806.45Progress ||  77.79%  [Elapsed: 0:00:02 ETA: 0:00:00] Portfolio Val: 141,074.29Progress ||  77.94%  [Elapsed: 0:00:02 ETA: 0:00:00] Portfolio Val: 141,074.29Progress ||  77.98%  [Elapsed: 0:00:02 ETA: 0:00:00] Portfolio Val: 141,074.29Progress ||  78.09%  [Elapsed: 0:00:02 ETA: 0:00:00] Portfolio Val: 141,074.29Progress ||  78.13%  [Elapsed: 0:00:02 ETA: 0:00:00] Portfolio Val: 134,806.79Progress ||  78.24%  [Elapsed: 0:00:02 ETA: 0:00:00] Portfolio Val: 134,806.79Progress ||  78.28%  [Elapsed: 0:00:02 ETA: 0:00:00] Portfolio Val: 136,106.59Progress ||  78.39%  [Elapsed: 0:00:02 ETA: 0:00:00] Portfolio Val: 136,106.59Progress ||  78.43%  [Elapsed: 0:00:02 ETA: 0:00:00] Portfolio Val: 140,314.70Progress ||  78.53%  [Elapsed: 0:00:02 ETA: 0:00:00] Portfolio Val: 140,314.70Progress ||  78.58%  [Elapsed: 0:00:02 ETA: 0:00:00] Portfolio Val: 143,026.90Progress ||  78.68%  [Elapsed: 0:00:02 ETA: 0:00:00] Portfolio Val: 143,026.90Progress ||  78.83%  [Elapsed: 0:00:02 ETA: 0:00:00] Portfolio Val: 141,907.15Progress ||  78.98%  [Elapsed: 0:00:02 ETA: 0:00:00] Portfolio Val: 141,907.15Progress ||  79.03%  [Elapsed: 0:00:02 ETA: 0:00:00] Portfolio Val: 141,907.15Progress ||  79.13%  [Elapsed: 0:00:02 ETA: 0:00:00] Portfolio Val: 141,907.15Progress ||  79.18%  [Elapsed: 0:00:02 ETA: 0:00:00] Portfolio Val: 141,311.16Progress ||  79.28%  [Elapsed: 0:00:02 ETA: 0:00:00] Portfolio Val: 141,311.16Progress ||  79.33%  [Elapsed: 0:00:02 ETA: 0:00:00] Portfolio Val: 140,620.36Progress ||  79.43%  [Elapsed: 0:00:02 ETA: 0:00:00] Portfolio Val: 140,620.36Progress ||  79.48%  [Elapsed: 0:00:02 ETA: 0:00:00] Portfolio Val: 137,919.18Progress ||  79.58%  [Elapsed: 0:00:02 ETA: 0:00:00] Portfolio Val: 137,919.18Progress ||  79.63%  [Elapsed: 0:00:02 ETA: 0:00:00] Portfolio Val: 140,367.41Progress ||  79.73%  [Elapsed: 0:00:02 ETA: 0:00:00] Portfolio Val: 140,367.41Progress ||  79.88%  [Elapsed: 0:00:02 ETA: 0:00:00] Portfolio Val: 144,232.10Progress ||  80.03%  [Elapsed: 0:00:02 ETA: 0:00:00] Portfolio Val: 144,232.10Progress ||  80.18%  [Elapsed: 0:00:02 ETA: 0:00:00] Portfolio Val: 144,232.10Progress ||  80.23%  [Elapsed: 0:00:02 ETA: 0:00:00] Portfolio Val: 144,232.10Progress ||  80.33%  [Elapsed: 0:00:02 ETA: 0:00:00] Portfolio Val: 144,232.10Progress ||  80.38%  [Elapsed: 0:00:02 ETA: 0:00:00] Portfolio Val: 144,023.63Progress ||  80.48%  [Elapsed: 0:00:02 ETA: 0:00:00] Portfolio Val: 144,023.63Progress ||  80.52%  [Elapsed: 0:00:02 ETA: 0:00:00] Portfolio Val: 143,708.24Progress ||  80.63%  [Elapsed: 0:00:02 ETA: 0:00:00] Portfolio Val: 143,708.24Progress ||  80.67%  [Elapsed: 0:00:02 ETA: 0:00:00] Portfolio Val: 144,573.38Progress ||  80.78%  [Elapsed: 0:00:02 ETA: 0:00:00] Portfolio Val: 144,573.38Progress ||  80.93%  [Elapsed: 0:00:02 ETA: 0:00:00] Portfolio Val: 144,292.43Progress ||  81.08%  [Elapsed: 0:00:02 ETA: 0:00:00] Portfolio Val: 144,292.43Progress ||  81.12%  [Elapsed: 0:00:02 ETA: 0:00:00] Portfolio Val: 144,292.43Progress ||  81.23%  [Elapsed: 0:00:02 ETA: 0:00:00] Portfolio Val: 144,292.43Progress ||  81.27%  [Elapsed: 0:00:02 ETA: 0:00:00] Portfolio Val: 140,540.59Progress ||  81.37%  [Elapsed: 0:00:02 ETA: 0:00:00] Portfolio Val: 140,540.59Progress ||  81.42%  [Elapsed: 0:00:02 ETA: 0:00:00] Portfolio Val: 139,968.40Progress ||  81.52%  [Elapsed: 0:00:02 ETA: 0:00:00] Portfolio Val: 139,968.40Progress ||  81.57%  [Elapsed: 0:00:02 ETA: 0:00:00] Portfolio Val: 138,621.94Progress ||  81.67%  [Elapsed: 0:00:02 ETA: 0:00:00] Portfolio Val: 138,621.94Progress ||  81.72%  [Elapsed: 0:00:02 ETA: 0:00:00] Portfolio Val: 138,668.27Progress ||  81.82%  [Elapsed: 0:00:02 ETA: 0:00:00] Portfolio Val: 138,668.27Progress ||  81.97%  [Elapsed: 0:00:02 ETA: 0:00:00] Portfolio Val: 133,941.11Progress ||  82.12%  [Elapsed: 0:00:02 ETA: 0:00:00] Portfolio Val: 133,941.11Progress ||  82.17%  [Elapsed: 0:00:02 ETA: 0:00:00] Portfolio Val: 133,941.11Progress ||  82.27%  [Elapsed: 0:00:02 ETA: 0:00:00] Portfolio Val: 133,941.11Progress ||  82.32%  [Elapsed: 0:00:02 ETA: 0:00:00] Portfolio Val: 138,865.63Progress ||  82.42%  [Elapsed: 0:00:02 ETA: 0:00:00] Portfolio Val: 138,865.63Progress ||  82.47%  [Elapsed: 0:00:02 ETA: 0:00:00] Portfolio Val: 132,079.30Progress ||  82.57%  [Elapsed: 0:00:02 ETA: 0:00:00] Portfolio Val: 132,079.30Progress ||  82.62%  [Elapsed: 0:00:02 ETA: 0:00:00] Portfolio Val: 130,138.47Progress ||  82.72%  [Elapsed: 0:00:02 ETA: 0:00:00] Portfolio Val: 130,138.47Progress ||  82.77%  [Elapsed: 0:00:02 ETA: 0:00:00] Portfolio Val: 128,087.69Progress ||  82.87%  [Elapsed: 0:00:02 ETA: 0:00:00] Portfolio Val: 128,087.69Progress ||  83.02%  [Elapsed: 0:00:02 ETA: 0:00:00] Portfolio Val: 127,426.31Progress ||  83.17%  [Elapsed: 0:00:02 ETA: 0:00:00] Portfolio Val: 127,426.31Progress ||  83.21%  [Elapsed: 0:00:02 ETA: 0:00:00] Portfolio Val: 127,426.31Progress ||  83.32%  [Elapsed: 0:00:02 ETA: 0:00:00] Portfolio Val: 127,426.31Progress ||  83.36%  [Elapsed: 0:00:02 ETA: 0:00:00] Portfolio Val: 126,685.70Progress ||  83.47%  [Elapsed: 0:00:02 ETA: 0:00:00] Portfolio Val: 126,685.70Progress ||  83.51%  [Elapsed: 0:00:02 ETA: 0:00:00] Portfolio Val: 123,713.08Progress ||  83.62%  [Elapsed: 0:00:02 ETA: 0:00:00] Portfolio Val: 123,713.08Progress ||  83.66%  [Elapsed: 0:00:02 ETA: 0:00:00] Portfolio Val: 123,777.76Progress ||  83.77%  [Elapsed: 0:00:02 ETA: 0:00:00] Portfolio Val: 123,777.76Progress ||  83.81%  [Elapsed: 0:00:02 ETA: 0:00:00] Portfolio Val: 122,217.06Progress ||  83.92%  [Elapsed: 0:00:02 ETA: 0:00:00] Portfolio Val: 122,217.06Progress ||  84.07%  [Elapsed: 0:00:02 ETA: 0:00:00] Portfolio Val: 122,155.44Progress ||  84.21%  [Elapsed: 0:00:02 ETA: 0:00:00] Portfolio Val: 122,155.44Progress ||  84.26%  [Elapsed: 0:00:02 ETA: 0:00:00] Portfolio Val: 122,155.44Progress ||  84.36%  [Elapsed: 0:00:02 ETA: 0:00:00] Portfolio Val: 122,155.44Progress ||  84.40%  [Elapsed: 0:00:02 ETA: 0:00:00] Portfolio Val: 125,722.39Progress ||  84.51%  [Elapsed: 0:00:02 ETA: 0:00:00] Portfolio Val: 125,722.39Progress ||  84.55%  [Elapsed: 0:00:02 ETA: 0:00:00] Portfolio Val: 126,792.13Progress ||  84.66%  [Elapsed: 0:00:02 ETA: 0:00:00] Portfolio Val: 126,792.13Progress ||  84.70%  [Elapsed: 0:00:02 ETA: 0:00:00] Portfolio Val: 126,424.88Progress ||  84.81%  [Elapsed: 0:00:02 ETA: 0:00:00] Portfolio Val: 126,424.88Progress ||  84.85%  [Elapsed: 0:00:02 ETA: 0:00:00] Portfolio Val: 128,367.63Progress ||  84.96%  [Elapsed: 0:00:02 ETA: 0:00:00] Portfolio Val: 128,367.63Progress ||  85.11%  [Elapsed: 0:00:02 ETA: 0:00:00] Portfolio Val: 126,743.56Progress ||  85.26%  [Elapsed: 0:00:02 ETA: 0:00:00] Portfolio Val: 126,743.56Progress ||  85.30%  [Elapsed: 0:00:02 ETA: 0:00:00] Portfolio Val: 126,743.56Progress ||  85.41%  [Elapsed: 0:00:02 ETA: 0:00:00] Portfolio Val: 126,743.56Progress ||  85.45%  [Elapsed: 0:00:02 ETA: 0:00:00] Portfolio Val: 130,293.54Progress ||  85.56%  [Elapsed: 0:00:02 ETA: 0:00:00] Portfolio Val: 130,293.54Progress ||  85.60%  [Elapsed: 0:00:02 ETA: 0:00:00] Portfolio Val: 131,288.50Progress ||  85.71%  [Elapsed: 0:00:02 ETA: 0:00:00] Portfolio Val: 131,288.50Progress ||  85.75%  [Elapsed: 0:00:02 ETA: 0:00:00] Portfolio Val: 131,142.05Progress ||  85.86%  [Elapsed: 0:00:02 ETA: 0:00:00] Portfolio Val: 131,142.05Progress ||  85.90%  [Elapsed: 0:00:02 ETA: 0:00:00] Portfolio Val: 127,470.60Progress ||  86.01%  [Elapsed: 0:00:02 ETA: 0:00:00] Portfolio Val: 127,470.60Progress ||  86.16%  [Elapsed: 0:00:02 ETA: 0:00:00] Portfolio Val: 127,617.80Progress ||  86.31%  [Elapsed: 0:00:02 ETA: 0:00:00] Portfolio Val: 127,617.80Progress ||  86.35%  [Elapsed: 0:00:02 ETA: 0:00:00] Portfolio Val: 127,617.80Progress ||  86.46%  [Elapsed: 0:00:02 ETA: 0:00:00] Portfolio Val: 127,617.80Progress ||  86.50%  [Elapsed: 0:00:02 ETA: 0:00:00] Portfolio Val: 123,398.62Progress ||  86.61%  [Elapsed: 0:00:02 ETA: 0:00:00] Portfolio Val: 123,398.62Progress ||  86.65%  [Elapsed: 0:00:02 ETA: 0:00:00] Portfolio Val: 126,579.88Progress ||  86.76%  [Elapsed: 0:00:02 ETA: 0:00:00] Portfolio Val: 126,579.88Progress ||  86.80%  [Elapsed: 0:00:02 ETA: 0:00:00] Portfolio Val: 127,211.93Progress ||  86.91%  [Elapsed: 0:00:02 ETA: 0:00:00] Portfolio Val: 127,211.93Progress ||  86.95%  [Elapsed: 0:00:02 ETA: 0:00:00] Portfolio Val: 121,760.48Progress ||  87.05%  [Elapsed: 0:00:02 ETA: 0:00:00] Portfolio Val: 121,760.48Progress ||  87.20%  [Elapsed: 0:00:02 ETA: 0:00:00] Portfolio Val: 113,365.87Progress ||  87.35%  [Elapsed: 0:00:02 ETA: 0:00:00] Portfolio Val: 113,365.87Progress ||  87.39%  [Elapsed: 0:00:02 ETA: 0:00:00] Portfolio Val: 113,365.87Progress ||  87.50%  [Elapsed: 0:00:02 ETA: 0:00:00] Portfolio Val: 113,365.87Progress ||  87.54%  [Elapsed: 0:00:02 ETA: 0:00:00] Portfolio Val: 98,001.35Progress ||  87.65%  [Elapsed: 0:00:02 ETA: 0:00:00] Portfolio Val: 98,001.35Progress ||  87.69%  [Elapsed: 0:00:02 ETA: 0:00:00] Portfolio Val: 106,013.72Progress ||  87.80%  [Elapsed: 0:00:02 ETA: 0:00:00] Portfolio Val: 106,013.72Progress ||  87.84%  [Elapsed: 0:00:02 ETA: 0:00:00] Portfolio Val: 94,417.79Progress ||  87.95%  [Elapsed: 0:00:02 ETA: 0:00:00] Portfolio Val: 94,417.79Progress ||  87.99%  [Elapsed: 0:00:02 ETA: 0:00:00] Portfolio Val: 107,778.20Progress ||  88.10%  [Elapsed: 0:00:02 ETA: 0:00:00] Portfolio Val: 107,778.20Progress ||  88.25%  [Elapsed: 0:00:02 ETA: 0:00:00] Portfolio Val: 102,775.99Progress ||  88.40%  [Elapsed: 0:00:02 ETA: 0:00:00] Portfolio Val: 102,775.99Progress ||  88.44%  [Elapsed: 0:00:02 ETA: 0:00:00] Portfolio Val: 102,775.99Progress ||  88.55%  [Elapsed: 0:00:02 ETA: 0:00:00] Portfolio Val: 102,775.99Progress ||  88.59%  [Elapsed: 0:00:02 ETA: 0:00:00] Portfolio Val: 111,516.84Progress ||  88.70%  [Elapsed: 0:00:02 ETA: 0:00:00] Portfolio Val: 111,516.84Progress ||  88.74%  [Elapsed: 0:00:02 ETA: 0:00:00] Portfolio Val: 109,399.10Progress ||  88.85%  [Elapsed: 0:00:02 ETA: 0:00:00] Portfolio Val: 109,399.10Progress ||  88.89%  [Elapsed: 0:00:02 ETA: 0:00:00] Portfolio Val: 108,154.87Progress ||  89.00%  [Elapsed: 0:00:02 ETA: 0:00:00] Portfolio Val: 108,154.87Progress ||  89.15%  [Elapsed: 0:00:02 ETA: 0:00:00] Portfolio Val: 107,109.46Progress ||  89.30%  [Elapsed: 0:00:02 ETA: 0:00:00] Portfolio Val: 107,109.46Progress ||  89.45%  [Elapsed: 0:00:02 ETA: 0:00:00] Portfolio Val: 107,109.46Progress ||  89.49%  [Elapsed: 0:00:02 ETA: 0:00:00] Portfolio Val: 107,109.46Progress ||  89.60%  [Elapsed: 0:00:02 ETA: 0:00:00] Portfolio Val: 107,109.46Progress ||  89.64%  [Elapsed: 0:00:02 ETA: 0:00:00] Portfolio Val: 104,107.71Progress ||  89.75%  [Elapsed: 0:00:02 ETA: 0:00:00] Portfolio Val: 104,107.71Progress ||  89.79%  [Elapsed: 0:00:02 ETA: 0:00:00] Portfolio Val: 104,126.10Progress ||  89.89%  [Elapsed: 0:00:02 ETA: 0:00:00] Portfolio Val: 104,126.10Progress ||  89.94%  [Elapsed: 0:00:02 ETA: 0:00:00] Portfolio Val: 111,987.40Progress ||  90.04%  [Elapsed: 0:00:02 ETA: 0:00:00] Portfolio Val: 111,987.40Progress ||  90.08%  [Elapsed: 0:00:02 ETA: 0:00:00] Portfolio Val: 110,232.07Progress ||  90.19%  [Elapsed: 0:00:02 ETA: 0:00:00] Portfolio Val: 110,232.07Progress ||  90.34%  [Elapsed: 0:00:02 ETA: 0:00:00] Portfolio Val: 113,865.51Progress ||  90.49%  [Elapsed: 0:00:02 ETA: 0:00:00] Portfolio Val: 113,865.51Progress ||  90.53%  [Elapsed: 0:00:02 ETA: 0:00:00] Portfolio Val: 113,865.51Progress ||  90.64%  [Elapsed: 0:00:02 ETA: 0:00:00] Portfolio Val: 113,865.51Progress ||  90.68%  [Elapsed: 0:00:02 ETA: 0:00:00] Portfolio Val: 115,597.39Progress ||  90.79%  [Elapsed: 0:00:02 ETA: 0:00:00] Portfolio Val: 115,597.39Progress ||  90.83%  [Elapsed: 0:00:02 ETA: 0:00:00] Portfolio Val: 115,649.33Progress ||  90.94%  [Elapsed: 0:00:02 ETA: 0:00:00] Portfolio Val: 115,649.33Progress ||  90.98%  [Elapsed: 0:00:02 ETA: 0:00:00] Portfolio Val: 114,943.60Progress ||  91.09%  [Elapsed: 0:00:02 ETA: 0:00:00] Portfolio Val: 114,943.60Progress ||  91.13%  [Elapsed: 0:00:02 ETA: 0:00:00] Portfolio Val: 118,222.42Progress ||  91.24%  [Elapsed: 0:00:02 ETA: 0:00:00] Portfolio Val: 118,222.42Progress ||  91.39%  [Elapsed: 0:00:02 ETA: 0:00:00] Portfolio Val: 119,100.64Progress ||  91.54%  [Elapsed: 0:00:02 ETA: 0:00:00] Portfolio Val: 119,100.64Progress ||  91.58%  [Elapsed: 0:00:02 ETA: 0:00:00] Portfolio Val: 119,100.64Progress ||  91.69%  [Elapsed: 0:00:02 ETA: 0:00:00] Portfolio Val: 119,100.64Progress ||  91.73%  [Elapsed: 0:00:02 ETA: 0:00:00] Portfolio Val: 117,941.67Progress ||  91.84%  [Elapsed: 0:00:02 ETA: 0:00:00] Portfolio Val: 117,941.67Progress ||  91.88%  [Elapsed: 0:00:02 ETA: 0:00:00] Portfolio Val: 116,389.25Progress ||  91.99%  [Elapsed: 0:00:02 ETA: 0:00:00] Portfolio Val: 116,389.25Progress ||  92.03%  [Elapsed: 0:00:02 ETA: 0:00:00] Portfolio Val: 118,164.60Progress ||  92.14%  [Elapsed: 0:00:02 ETA: 0:00:00] Portfolio Val: 118,164.60Progress ||  92.18%  [Elapsed: 0:00:02 ETA: 0:00:00] Portfolio Val: 119,934.85Progress ||  92.29%  [Elapsed: 0:00:02 ETA: 0:00:00] Portfolio Val: 119,934.85Progress ||  92.44%  [Elapsed: 0:00:02 ETA: 0:00:00] Portfolio Val: 119,860.43Progress ||  92.59%  [Elapsed: 0:00:02 ETA: 0:00:00] Portfolio Val: 119,860.43Progress ||  92.63%  [Elapsed: 0:00:02 ETA: 0:00:00] Portfolio Val: 119,860.43Progress ||  92.73%  [Elapsed: 0:00:02 ETA: 0:00:00] Portfolio Val: 119,860.43Progress ||  92.78%  [Elapsed: 0:00:02 ETA: 0:00:00] Portfolio Val: 125,041.92Progress ||  92.88%  [Elapsed: 0:00:02 ETA: 0:00:00] Portfolio Val: 125,041.92Progress ||  92.92%  [Elapsed: 0:00:02 ETA: 0:00:00] Portfolio Val: 125,057.20Progress ||  93.03%  [Elapsed: 0:00:02 ETA: 0:00:00] Portfolio Val: 125,057.20Progress ||  93.07%  [Elapsed: 0:00:02 ETA: 0:00:00] Portfolio Val: 126,011.47Progress ||  93.18%  [Elapsed: 0:00:02 ETA: 0:00:00] Portfolio Val: 126,011.47Progress ||  93.22%  [Elapsed: 0:00:02 ETA: 0:00:00] Portfolio Val: 124,792.20Progress ||  93.33%  [Elapsed: 0:00:02 ETA: 0:00:00] Portfolio Val: 124,792.20Progress ||  93.48%  [Elapsed: 0:00:02 ETA: 0:00:00] Portfolio Val: 128,321.65Progress ||  93.63%  [Elapsed: 0:00:02 ETA: 0:00:00] Portfolio Val: 128,321.65Progress ||  93.67%  [Elapsed: 0:00:02 ETA: 0:00:00] Portfolio Val: 128,321.65Progress ||  93.78%  [Elapsed: 0:00:02 ETA: 0:00:00] Portfolio Val: 128,321.65Progress ||  93.82%  [Elapsed: 0:00:02 ETA: 0:00:00] Portfolio Val: 124,804.60Progress ||  93.93%  [Elapsed: 0:00:02 ETA: 0:00:00] Portfolio Val: 124,804.60Progress ||  93.97%  [Elapsed: 0:00:02 ETA: 0:00:00] Portfolio Val: 126,969.96Progress ||  94.08%  [Elapsed: 0:00:02 ETA: 0:00:00] Portfolio Val: 126,969.96Progress ||  94.12%  [Elapsed: 0:00:02 ETA: 0:00:00] Portfolio Val: 124,648.39Progress ||  94.23%  [Elapsed: 0:00:02 ETA: 0:00:00] Portfolio Val: 124,648.39Progress ||  94.27%  [Elapsed: 0:00:02 ETA: 0:00:00] Portfolio Val: 121,165.85Progress ||  94.38%  [Elapsed: 0:00:02 ETA: 0:00:00] Portfolio Val: 121,165.85Progress ||  94.53%  [Elapsed: 0:00:02 ETA: 0:00:00] Portfolio Val: 120,208.90Progress ||  94.68%  [Elapsed: 0:00:02 ETA: 0:00:00] Portfolio Val: 120,208.90Progress ||  94.83%  [Elapsed: 0:00:02 ETA: 0:00:00] Portfolio Val: 120,208.90Progress ||  94.87%  [Elapsed: 0:00:02 ETA: 0:00:00] Portfolio Val: 120,208.90Progress ||  94.98%  [Elapsed: 0:00:02 ETA: 0:00:00] Portfolio Val: 120,208.90Progress ||  95.02%  [Elapsed: 0:00:02 ETA: 0:00:00] Portfolio Val: 124,189.80Progress ||  95.13%  [Elapsed: 0:00:02 ETA: 0:00:00] Portfolio Val: 124,189.80Progress ||  95.17%  [Elapsed: 0:00:02 ETA: 0:00:00] Portfolio Val: 126,477.39Progress ||  95.28%  [Elapsed: 0:00:02 ETA: 0:00:00] Portfolio Val: 126,477.39Progress ||  95.32%  [Elapsed: 0:00:02 ETA: 0:00:00] Portfolio Val: 126,962.04Progress ||  95.43%  [Elapsed: 0:00:02 ETA: 0:00:00] Portfolio Val: 126,962.04Progress ||  95.57%  [Elapsed: 0:00:02 ETA: 0:00:00] Portfolio Val: 125,477.43Progress ||  95.72%  [Elapsed: 0:00:02 ETA: 0:00:00] Portfolio Val: 125,477.43Progress ||  95.76%  [Elapsed: 0:00:02 ETA: 0:00:00] Portfolio Val: 125,477.43Progress ||  95.87%  [Elapsed: 0:00:02 ETA: 0:00:00] Portfolio Val: 125,477.43Progress ||  95.91%  [Elapsed: 0:00:02 ETA: 0:00:00] Portfolio Val: 125,387.00Progress ||  96.02%  [Elapsed: 0:00:02 ETA: 0:00:00] Portfolio Val: 125,387.00Progress ||  96.06%  [Elapsed: 0:00:02 ETA: 0:00:00] Portfolio Val: 127,060.14Progress ||  96.17%  [Elapsed: 0:00:02 ETA: 0:00:00] Portfolio Val: 127,060.14Progress ||  96.21%  [Elapsed: 0:00:02 ETA: 0:00:00] Portfolio Val: 129,297.88Progress ||  96.32%  [Elapsed: 0:00:02 ETA: 0:00:00] Portfolio Val: 129,297.88Progress ||  96.36%  [Elapsed: 0:00:02 ETA: 0:00:00] Portfolio Val: 130,275.17Progress ||  96.47%  [Elapsed: 0:00:02 ETA: 0:00:00] Portfolio Val: 130,275.17Progress ||  96.62%  [Elapsed: 0:00:02 ETA: 0:00:00] Portfolio Val: 129,240.34Progress ||  96.77%  [Elapsed: 0:00:02 ETA: 0:00:00] Portfolio Val: 129,240.34Progress ||  96.81%  [Elapsed: 0:00:02 ETA: 0:00:00] Portfolio Val: 129,240.34Progress ||  96.92%  [Elapsed: 0:00:02 ETA: 0:00:00] Portfolio Val: 129,240.34Progress ||  96.96%  [Elapsed: 0:00:02 ETA: 0:00:00] Portfolio Val: 128,918.01Progress ||  97.07%  [Elapsed: 0:00:02 ETA: 0:00:00] Portfolio Val: 128,918.01Progress ||  97.11%  [Elapsed: 0:00:02 ETA: 0:00:00] Portfolio Val: 130,883.06Progress ||  97.22%  [Elapsed: 0:00:02 ETA: 0:00:00] Portfolio Val: 130,883.06Progress ||  97.26%  [Elapsed: 0:00:02 ETA: 0:00:00] Portfolio Val: 132,279.55Progress ||  97.37%  [Elapsed: 0:00:02 ETA: 0:00:00] Portfolio Val: 132,279.55Progress ||  97.41%  [Elapsed: 0:00:02 ETA: 0:00:00] Portfolio Val: 132,681.31Progress ||  97.52%  [Elapsed: 0:00:02 ETA: 0:00:00] Portfolio Val: 132,681.31Progress ||  97.67%  [Elapsed: 0:00:02 ETA: 0:00:00] Portfolio Val: 133,072.23Progress ||  97.82%  [Elapsed: 0:00:02 ETA: 0:00:00] Portfolio Val: 133,072.23Progress ||  97.86%  [Elapsed: 0:00:02 ETA: 0:00:00] Portfolio Val: 133,072.23Progress ||  97.97%  [Elapsed: 0:00:02 ETA: 0:00:00] Portfolio Val: 133,072.23Progress ||  98.01%  [Elapsed: 0:00:02 ETA: 0:00:00] Portfolio Val: 132,441.49Progress ||  98.12%  [Elapsed: 0:00:02 ETA: 0:00:00] Portfolio Val: 132,441.49Progress ||  98.16%  [Elapsed: 0:00:02 ETA: 0:00:00] Portfolio Val: 132,422.40Progress ||  98.27%  [Elapsed: 0:00:02 ETA: 0:00:00] Portfolio Val: 132,422.40Progress ||  98.42%  [Elapsed: 0:00:02 ETA: 0:00:00] Portfolio Val: 132,934.73Progress ||  98.46%  [Elapsed: 0:00:02 ETA: 0:00:00] Portfolio Val: 132,934.73Progress ||  98.56%  [Elapsed: 0:00:02 ETA: 0:00:00] Portfolio Val: 132,934.73Progress ||  98.71%  [Elapsed: 0:00:02 ETA: 0:00:00] Portfolio Val: 132,107.21Progress ||  98.86%  [Elapsed: 0:00:02 ETA: 0:00:00] Portfolio Val: 132,107.21Progress ||  98.90%  [Elapsed: 0:00:02 ETA: 0:00:00] Portfolio Val: 132,107.21Progress ||  99.01%  [Elapsed: 0:00:02 ETA: 0:00:00] Portfolio Val: 132,107.21Progress ||  99.05%  [Elapsed: 0:00:02 ETA: 0:00:00] Portfolio Val: 132,547.35Progress ||  99.16%  [Elapsed: 0:00:02 ETA: 0:00:00] Portfolio Val: 132,547.35Progress ||  99.20%  [Elapsed: 0:00:02 ETA: 0:00:00] Portfolio Val: 132,304.99Progress ||  99.31%  [Elapsed: 0:00:02 ETA: 0:00:00] Portfolio Val: 132,304.99Progress ||  99.35%  [Elapsed: 0:00:02 ETA: 0:00:00] Portfolio Val: 134,321.89Progress ||  99.46%  [Elapsed: 0:00:02 ETA: 0:00:00] Portfolio Val: 134,321.89Progress ||  99.50%  [Elapsed: 0:00:02 ETA: 0:00:00] Portfolio Val: 135,129.74Progress ||  99.61%  [Elapsed: 0:00:02 ETA: 0:00:00] Portfolio Val: 135,129.74Progress ||  99.76%  [Elapsed: 0:00:02 ETA: 0:00:00] Portfolio Val: 136,325.33Progress ||  99.91%  [Elapsed: 0:00:02 ETA: 0:00:00] Portfolio Val: 136,325.33Progress ||  99.95%  [Elapsed: 0:00:02 ETA: 0:00:00] Portfolio Val: 136,325.33Progress || 100.00%  [Elapsed: 0:00:02 ETA: 0:00:00] Portfolio Val: 136,325.33Progress || 100.00%  [Elapsed: 0:00:02 ETA: 0:00:00] Progress || 100.00%  [Elapsed: 0:00:02 ETA: 0:00:00] XFAIL
tests/backtest/test_example_strategies.py::TestExampleStrategies::test_limit_and_trailing_stops Progress ||   0.05%  [Elapsed: 0:00:00 ETA: 0:15:15] Progress ||   0.06%  [Elapsed: 0:00:00 ETA: 0:19:07] Progress ||   0.10%  [Elapsed: 0:00:00 ETA: 0:11:31] Portfolio Val: 100,000.00Progress ||   0.21%  [Elapsed: 0:00:00 ETA: 0:05:30] Portfolio Val: 100,000.00Progress ||   0.36%  [Elapsed: 0:00:00 ETA: 0:03:12] Portfolio Val: 99,848.00Progress ||   0.51%  [Elapsed: 0:00:00 ETA: 0:02:16] Portfolio Val: 99,848.00Progress ||   0.66%  [Elapsed: 0:00:00 ETA: 0:01:45] Portfolio Val: 99,848.00Progress ||   0.70%  [Elapsed: 0:00:00 ETA: 0:01:39] Portfolio Val: 99,848.00Progress ||   0.81%  [Elapsed: 0:00:00 ETA: 0:01:26] Portfolio Val: 99,848.00Progress ||   0.85%  [Elapsed: 0:00:00 ETA: 0:01:22] Portfolio Val: 100,092.00Progress ||   0.96%  [Elapsed: 0:00:00 ETA: 0:01:12] Portfolio Val: 100,092.00Progress ||   1.00%  [Elapsed: 0:00:00 ETA: 0:01:10] Portfolio Val: 100,325.00Progress ||   1.11%  [Elapsed: 0:00:00 ETA: 0:01:03] Portfolio Val: 100,325.00Progress ||   1.15%  [Elapsed: 0:00:00 ETA: 0:01:01] Portfolio Val: 101,032.00Progress ||   1.25%  [Elapsed: 0:00:00 ETA: 0:00:55] Portfolio Val: 101,032.00Progress ||   1.40%  [Elapsed: 0:00:00 ETA: 0:00:49] Portfolio Val: 100,763.50Progress ||   1.55%  [Elapsed: 0:00:00 ETA: 0:00:45] Portfolio Val: 100,763.50Progress ||   1.59%  [Elapsed: 0:00:00 ETA: 0:00:44] Portfolio Val: 100,763.50Progress ||   1.70%  [Elapsed: 0:00:00 ETA: 0:00:41] Portfolio Val: 100,763.50Progress ||   1.74%  [Elapsed: 0:00:00 ETA: 0:00:40] Portfolio Val: 100,262.50Progress ||   1.85%  [Elapsed: 0:00:00 ETA: 0:00:38] Portfolio Val: 100,262.50Progress ||   1.89%  [Elapsed: 0:00:00 ETA: 0:00:37] Portfolio Val: 100,456.00Progress ||   2.00%  [Elapsed: 0:00:00 ETA: 0:00:35] Portfolio Val: 100,456.00Progress ||   2.04%  [Elapsed: 0:00:00 ETA: 0:00:34] Portfolio Val: 100,565.50Progress ||   2.15%  [Elapsed: 0:00:00 ETA: 0:00:32] Portfolio Val: 100,565.50Progress ||   2.19%  [Elapsed: 0:00:00 ETA: 0:00:32] Portfolio Val: 100,138.00Progress ||   2.30%  [Elapsed: 0:00:00 ETA: 0:00:30] Portfolio Val: 100,138.00Progress ||   2.45%  [Elapsed: 0:00:00 ETA: 0:00:28] Portfolio Val: 100,427.50Progress ||   2.60%  [Elapsed: 0:00:00 ETA: 0:00:27] Portfolio Val: 100,427.50Progress ||   2.64%  [Elapsed: 0:00:00 ETA: 0:00:26] Portfolio Val: 100,427.50Progress ||   2.75%  [Elapsed: 0:00:00 ETA: 0:00:25] Portfolio Val: 100,427.50Progress ||   2.79%  [Elapsed: 0:00:00 ETA: 0:00:25] Portfolio Val: 101,041.00Progress ||   2.90%  [Elapsed: 0:00:00 ETA: 0:00:24] Portfolio Val: 101,041.00Progress ||   2.94%  [Elapsed: 0:00:00 ETA: 0:00:24] Portfolio Val: 101,096.50Progress ||   3.05%  [Elapsed: 0:00:00 ETA: 0:00:23] Portfolio Val: 101,096.50Progress ||   3.09%  [Elapsed: 0:00:00 ETA: 0:00:23] Portfolio Val: 100,897.00Progress ||   3.20%  [Elapsed: 0:00:00 ETA: 0:00:22] Portfolio Val: 100,897.00Progress ||   3.24%  [Elapsed: 0:00:00 ETA: 0:00:22] Portfolio Val: 102,143.50Progress ||   3.35%  [Elapsed: 0:00:00 ETA: 0:00:21] Portfolio Val: 102,143.50Progress ||   3.50%  [Elapsed: 0:00:00 ETA: 0:00:20] Portfolio Val: 102,941.12Progress ||   3.65%  [Elapsed: 0:00:00 ETA: 0:00:19] Portfolio Val: 102,941.12Progress ||   3.69%  [Elapsed: 0:00:00 ETA: 0:00:19] Portfolio Val: 102,941.12Progress ||   3.80%  [Elapsed: 0:00:00 ETA: 0:00:18] Portfolio Val: 102,941.12Progress ||   3.84%  [Elapsed: 0:00:00 ETA: 0:00:18] Portfolio Val: 103,761.12Progress ||   3.95%  [Elapsed: 0:00:00 ETA: 0:00:18] Portfolio Val: 103,761.12Progress ||   3.99%  [Elapsed: 0:00:00 ETA: 0:00:17] Portfolio Val: 103,781.12Progress ||   4.10%  [Elapsed: 0:00:00 ETA: 0:00:17] Portfolio Val: 103,781.12Progress ||   4.14%  [Elapsed: 0:00:00 ETA: 0:00:17] Portfolio Val: 104,281.12Progress ||   4.24%  [Elapsed: 0:00:00 ETA: 0:00:16] Portfolio Val: 104,281.12Progress ||   4.29%  [Elapsed: 0:00:00 ETA: 0:00:16] Portfolio Val: 104,683.62Progress ||   4.39%  [Elapsed: 0:00:00 ETA: 0:00:16] Portfolio Val: 104,683.62Progress ||   4.54%  [Elapsed: 0:00:00 ETA: 0:00:15] Portfolio Val: 103,136.12Progress ||   4.69%  [Elapsed: 0:00:00 ETA: 0:00:15] Portfolio Val: 103,136.12Progress ||   4.73%  [Elapsed: 0:00:00 ETA: 0:00:15] Portfolio Val: 103,136.12Progress ||   4.84%  [Elapsed: 0:00:00 ETA: 0:00:14] Portfolio Val: 103,136.12Progress ||   4.88%  [Elapsed: 0:00:00 ETA: 0:00:14] Portfolio Val: 104,398.62Progress ||   4.99%  [Elapsed: 0:00:00 ETA: 0:00:14] Portfolio Val: 104,398.62Progress ||   5.03%  [Elapsed: 0:00:00 ETA: 0:00:14] Portfolio Val: 104,788.62Progress ||   5.14%  [Elapsed: 0:00:00 ETA: 0:00:13] Portfolio Val: 104,788.62Progress ||   5.18%  [Elapsed: 0:00:00 ETA: 0:00:13] Portfolio Val: 105,536.12Progress ||   5.29%  [Elapsed: 0:00:00 ETA: 0:00:13] Portfolio Val: 105,536.12Progress ||   5.33%  [Elapsed: 0:00:00 ETA: 0:00:13] Portfolio Val: 104,963.62Progress ||   5.44%  [Elapsed: 0:00:00 ETA: 0:00:13] Portfolio Val: 104,963.62Progress ||   5.59%  [Elapsed: 0:00:00 ETA: 0:00:12] Portfolio Val: 105,561.12Progress ||   5.74%  [Elapsed: 0:00:00 ETA: 0:00:12] Portfolio Val: 105,561.12Progress ||   5.78%  [Elapsed: 0:00:00 ETA: 0:00:12] Portfolio Val: 105,561.12Progress ||   5.89%  [Elapsed: 0:00:00 ETA: 0:00:12] Portfolio Val: 105,561.12Progress ||   5.93%  [Elapsed: 0:00:00 ETA: 0:00:12] Portfolio Val: 104,158.62Progress ||   6.04%  [Elapsed: 0:00:00 ETA: 0:00:11] Portfolio Val: 104,158.62Progress ||   6.08%  [Elapsed: 0:00:00 ETA: 0:00:11] Portfolio Val: 102,818.62Progress ||   6.19%  [Elapsed: 0:00:00 ETA: 0:00:11] Portfolio Val: 102,818.62Progress ||   6.23%  [Elapsed: 0:00:00 ETA: 0:00:11] Portfolio Val: 102,143.62Progress ||   6.34%  [Elapsed: 0:00:00 ETA: 0:00:11] Portfolio Val: 102,143.62Progress ||   6.38%  [Elapsed: 0:00:00 ETA: 0:00:11] Portfolio Val: 101,816.12Progress ||   6.49%  [Elapsed: 0:00:00 ETA: 0:00:11] Portfolio Val: 101,816.12Progress ||   6.64%  [Elapsed: 0:00:00 ETA: 0:00:10] Portfolio Val: 102,251.12Progress ||   6.79%  [Elapsed: 0:00:00 ETA: 0:00:10] Portfolio Val: 102,251.12Progress ||   6.83%  [Elapsed: 0:00:00 ETA: 0:00:10] Portfolio Val: 102,251.12Progress ||   6.94%  [Elapsed: 0:00:00 ETA: 0:00:10] Portfolio Val: 102,251.12Progress ||   6.98%  [Elapsed: 0:00:00 ETA: 0:00:10] Portfolio Val: 102,598.62Progress ||   7.08%  [Elapsed: 0:00:00 ETA: 0:00:10] Portfolio Val: 102,598.62Progress ||   7.13%  [Elapsed: 0:00:00 ETA: 0:00:10] Portfolio Val: 102,851.12Progress ||   7.23%  [Elapsed: 0:00:00 ETA: 0:00:09] Portfolio Val: 102,851.12Progress ||   7.27%  [Elapsed: 0:00:00 ETA: 0:00:09] Portfolio Val: 102,506.12Progress ||   7.38%  [Elapsed: 0:00:00 ETA: 0:00:09] Portfolio Val: 102,506.12Progress ||   7.42%  [Elapsed: 0:00:00 ETA: 0:00:09] Portfolio Val: 103,316.12Progress ||   7.53%  [Elapsed: 0:00:00 ETA: 0:00:09] Portfolio Val: 103,316.12Progress ||   7.68%  [Elapsed: 0:00:00 ETA: 0:00:09] Portfolio Val: 104,558.62Progress ||   7.83%  [Elapsed: 0:00:00 ETA: 0:00:09] Portfolio Val: 104,558.62Progress ||   7.87%  [Elapsed: 0:00:00 ETA: 0:00:09] Portfolio Val: 104,558.62Progress ||   7.98%  [Elapsed: 0:00:00 ETA: 0:00:08] Portfolio Val: 104,558.62Progress ||   8.02%  [Elapsed: 0:00:00 ETA: 0:00:08] Portfolio Val: 106,151.12Progress ||   8.13%  [Elapsed: 0:00:00 ETA: 0:00:08] Portfolio Val: 106,151.12Progress ||   8.17%  [Elapsed: 0:00:00 ETA: 0:00:08] Portfolio Val: 105,391.12Progress ||   8.28%  [Elapsed: 0:00:00 ETA: 0:00:08] Portfolio Val: 105,391.12Progress ||   8.32%  [Elapsed: 0:00:00 ETA: 0:00:08] Portfolio Val: 105,581.12Progress ||   8.43%  [Elapsed: 0:00:00 ETA: 0:00:08] Portfolio Val: 105,581.12Progress ||   8.47%  [Elapsed: 0:00:00 ETA: 0:00:08] Portfolio Val: 106,941.12Progress ||   8.58%  [Elapsed: 0:00:00 ETA: 0:00:08] Portfolio Val: 106,941.12Progress ||   8.73%  [Elapsed: 0:00:00 ETA: 0:00:08] Portfolio Val: 107,506.12Progress ||   8.88%  [Elapsed: 0:00:00 ETA: 0:00:08] Portfolio Val: 107,506.12Progress ||   8.92%  [Elapsed: 0:00:00 ETA: 0:00:07] Portfolio Val: 107,506.12Progress ||   9.03%  [Elapsed: 0:00:00 ETA: 0:00:07] Portfolio Val: 107,506.12Progress ||   9.07%  [Elapsed: 0:00:00 ETA: 0:00:07] Portfolio Val: 107,663.62Progress ||   9.18%  [Elapsed: 0:00:00 ETA: 0:00:07] Portfolio Val: 107,663.62Progress ||   9.22%  [Elapsed: 0:00:00 ETA: 0:00:07] Portfolio Val: 107,008.62Progress ||   9.33%  [Elapsed: 0:00:00 ETA: 0:00:07] Portfolio Val: 107,008.62Progress ||   9.37%  [Elapsed: 0:00:00 ETA: 0:00:07] Portfolio Val: 106,253.62Progress ||   9.48%  [Elapsed: 0:00:00 ETA: 0:00:07] Portfolio Val: 106,253.62Progress ||   9.52%  [Elapsed: 0:00:00 ETA: 0:00:07] Portfolio Val: 104,408.62Progress ||   9.63%  [Elapsed: 0:00:00 ETA: 0:00:07] Portfolio Val: 104,408.62Progress ||   9.78%  [Elapsed: 0:00:00 ETA: 0:00:07] Portfolio Val: 102,768.62Progress ||   9.92%  [Elapsed: 0:00:00 ETA: 0:00:07] Portfolio Val: 102,768.62Progress ||   9.97%  [Elapsed: 0:00:00 ETA: 0:00:07] Portfolio Val: 102,768.62Progress ||  10.07%  [Elapsed: 0:00:00 ETA: 0:00:07] Portfolio Val: 102,768.62Progress ||  10.12%  [Elapsed: 0:00:00 ETA: 0:00:07] Portfolio Val: 102,186.12Progress ||  10.22%  [Elapsed: 0:00:00 ETA: 0:00:06] Portfolio Val: 102,186.12Progress ||  10.27%  [Elapsed: 0:00:00 ETA: 0:00:06] Portfolio Val: 102,131.12Progress ||  10.37%  [Elapsed: 0:00:00 ETA: 0:00:06] Portfolio Val: 102,131.12Progress ||  10.42%  [Elapsed: 0:00:00 ETA: 0:00:06] Portfolio Val: 101,666.12Progress ||  10.52%  [Elapsed: 0:00:00 ETA: 0:00:06] Portfolio Val: 101,666.12Progress ||  10.57%  [Elapsed: 0:00:00 ETA: 0:00:06] Portfolio Val: 101,446.12Progress ||  10.67%  [Elapsed: 0:00:00 ETA: 0:00:06] Portfolio Val: 101,446.12Progress ||  10.82%  [Elapsed: 0:00:00 ETA: 0:00:06] Portfolio Val: 102,058.62Progress ||  10.97%  [Elapsed: 0:00:00 ETA: 0:00:06] Portfolio Val: 102,058.62Progress ||  11.02%  [Elapsed: 0:00:00 ETA: 0:00:06] Portfolio Val: 102,058.62Progress ||  11.12%  [Elapsed: 0:00:00 ETA: 0:00:06] Portfolio Val: 102,058.62Progress ||  11.17%  [Elapsed: 0:00:00 ETA: 0:00:06] Portfolio Val: 101,246.12Progress ||  11.27%  [Elapsed: 0:00:00 ETA: 0:00:06] Portfolio Val: 101,246.12Progress ||  11.32%  [Elapsed: 0:00:00 ETA: 0:00:06] Portfolio Val: 99,473.62Progress ||  11.42%  [Elapsed: 0:00:00 ETA: 0:00:06] Portfolio Val: 99,473.62Progress ||  11.47%  [Elapsed: 0:00:00 ETA: 0:00:06] Portfolio Val: 98,526.12Progress ||  11.57%  [Elapsed: 0:00:00 ETA: 0:00:06] Portfolio Val: 98,526.12Progress ||  11.62%  [Elapsed: 0:00:00 ETA: 0:00:06] Portfolio Val: 98,748.62Progress ||  11.72%  [Elapsed: 0:00:00 ETA: 0:00:06] Portfolio Val: 98,748.62Progress ||  11.87%  [Elapsed: 0:00:00 ETA: 0:00:05] Portfolio Val: 98,493.62Progress ||  12.02%  [Elapsed: 0:00:00 ETA: 0:00:05] Portfolio Val: 98,493.62Progress ||  12.06%  [Elapsed: 0:00:00 ETA: 0:00:05] Portfolio Val: 98,493.62Progress ||  12.17%  [Elapsed: 0:00:00 ETA: 0:00:05] Portfolio Val: 98,493.62Progress ||  12.21%  [Elapsed: 0:00:00 ETA: 0:00:05] Portfolio Val: 98,421.12Progress ||  12.32%  [Elapsed: 0:00:00 ETA: 0:00:05] Portfolio Val: 98,421.12Progress ||  12.36%  [Elapsed: 0:00:00 ETA: 0:00:05] Portfolio Val: 97,758.62Progress ||  12.47%  [Elapsed: 0:00:00 ETA: 0:00:05] Portfolio Val: 97,758.62Progress ||  12.62%  [Elapsed: 0:00:00 ETA: 0:00:05] Portfolio Val: 97,308.62Progress ||  12.64%  [Elapsed: 0:00:00 ETA: 0:00:05] Portfolio Val: 97,308.62Progress ||  12.76%  [Elapsed: 0:00:00 ETA: 0:00:05] Portfolio Val: 97,308.62Progress ||  12.91%  [Elapsed: 0:00:00 ETA: 0:00:05] Portfolio Val: 97,286.12Progress ||  13.06%  [Elapsed: 0:00:00 ETA: 0:00:05] Portfolio Val: 97,286.12Progress ||  13.11%  [Elapsed: 0:00:00 ETA: 0:00:05] Portfolio Val: 97,286.12Progress ||  13.21%  [Elapsed: 0:00:00 ETA: 0:00:05] Portfolio Val: 97,286.12Progress ||  13.26%  [Elapsed: 0:00:00 ETA: 0:00:05] Portfolio Val: 97,391.12Progress ||  13.36%  [Elapsed: 0:00:00 ETA: 0:00:05] Portfolio Val: 97,391.12Progress ||  13.41%  [Elapsed: 0:00:00 ETA: 0:00:05] Portfolio Val: 97,533.62Progress ||  13.51%  [Elapsed: 0:00:00 ETA: 0:00:05] Portfolio Val: 97,533.62Progress ||  13.56%  [Elapsed: 0:00:00 ETA: 0:00:05] Portfolio Val: 96,766.12Progress ||  13.66%  [Elapsed: 0:00:00 ETA: 0:00:05] Portfolio Val: 96,766.12Progress ||  13.71%  [Elapsed: 0:00:00 ETA: 0:00:05] Portfolio Val: 97,183.62Progress ||  13.81%  [Elapsed: 0:00:00 ETA: 0:00:05] Portfolio Val: 97,183.62Progress ||  13.96%  [Elapsed: 0:00:00 ETA: 0:00:05] Portfolio Val: 97,111.12Progress ||  14.11%  [Elapsed: 0:00:00 ETA: 0:00:04] Portfolio Val: 97,111.12Progress ||  14.16%  [Elapsed: 0:00:00 ETA: 0:00:04] Portfolio Val: 97,111.12Progress ||  14.26%  [Elapsed: 0:00:00 ETA: 0:00:04] Portfolio Val: 97,111.12Progress ||  14.31%  [Elapsed: 0:00:00 ETA: 0:00:04] Portfolio Val: 97,153.62Progress ||  14.41%  [Elapsed: 0:00:00 ETA: 0:00:04] Portfolio Val: 97,153.62Progress ||  14.46%  [Elapsed: 0:00:00 ETA: 0:00:04] Portfolio Val: 97,238.62Progress ||  14.56%  [Elapsed: 0:00:00 ETA: 0:00:04] Portfolio Val: 97,238.62Progress ||  14.61%  [Elapsed: 0:00:00 ETA: 0:00:04] Portfolio Val: 96,351.12Progress ||  14.71%  [Elapsed: 0:00:00 ETA: 0:00:04] Portfolio Val: 96,351.12Progress ||  14.75%  [Elapsed: 0:00:00 ETA: 0:00:04] Portfolio Val: 96,826.12Progress ||  14.86%  [Elapsed: 0:00:00 ETA: 0:00:04] Portfolio Val: 96,826.12Progress ||  15.01%  [Elapsed: 0:00:00 ETA: 0:00:04] Portfolio Val: 96,688.62Progress ||  15.16%  [Elapsed: 0:00:00 ETA: 0:00:04] Portfolio Val: 96,688.62Progress ||  15.20%  [Elapsed: 0:00:00 ETA: 0:00:04] Portfolio Val: 96,688.62Progress ||  15.31%  [Elapsed: 0:00:00 ETA: 0:00:04] Portfolio Val: 96,688.62Progress ||  15.35%  [Elapsed: 0:00:00 ETA: 0:00:04] Portfolio Val: 96,131.12Progress ||  15.46%  [Elapsed: 0:00:00 ETA: 0:00:04] Portfolio Val: 96,131.12Progress ||  15.50%  [Elapsed: 0:00:00 ETA: 0:00:04] Portfolio Val: 95,646.12Progress ||  15.60%  [Elapsed: 0:00:00 ETA: 0:00:04] Portfolio Val: 95,646.12Progress ||  15.65%  [Elapsed: 0:00:00 ETA: 0:00:04] Portfolio Val: 94,931.12Progress ||  15.75%  [Elapsed: 0:00:00 ETA: 0:00:04] Portfolio Val: 94,931.12Progress ||  15.80%  [Elapsed: 0:00:00 ETA: 0:00:04] Portfolio Val: 92,928.62Progress ||  15.90%  [Elapsed: 0:00:00 ETA: 0:00:04] Portfolio Val: 92,928.62Progress ||  16.05%  [Elapsed: 0:00:00 ETA: 0:00:04] Portfolio Val: 93,681.12Progress ||  16.20%  [Elapsed: 0:00:00 ETA: 0:00:04] Portfolio Val: 93,681.12Progress ||  16.25%  [Elapsed: 0:00:00 ETA: 0:00:04] Portfolio Val: 93,681.12Progress ||  16.35%  [Elapsed: 0:00:00 ETA: 0:00:04] Portfolio Val: 93,681.12Progress ||  16.40%  [Elapsed: 0:00:00 ETA: 0:00:04] Portfolio Val: 93,308.62Progress ||  16.50%  [Elapsed: 0:00:00 ETA: 0:00:04] Portfolio Val: 93,308.62Progress ||  16.55%  [Elapsed: 0:00:00 ETA: 0:00:04] Portfolio Val: 92,921.12Progress ||  16.65%  [Elapsed: 0:00:00 ETA: 0:00:04] Portfolio Val: 92,921.12Progress ||  16.70%  [Elapsed: 0:00:00 ETA: 0:00:04] Portfolio Val: 92,563.62Progress ||  16.80%  [Elapsed: 0:00:00 ETA: 0:00:04] Portfolio Val: 92,563.62Progress ||  16.85%  [Elapsed: 0:00:00 ETA: 0:00:04] Portfolio Val: 93,221.12Progress ||  16.95%  [Elapsed: 0:00:00 ETA: 0:00:04] Portfolio Val: 93,221.12Progress ||  17.10%  [Elapsed: 0:00:00 ETA: 0:00:04] Portfolio Val: 92,588.62Progress ||  17.25%  [Elapsed: 0:00:00 ETA: 0:00:04] Portfolio Val: 92,588.62Progress ||  17.40%  [Elapsed: 0:00:00 ETA: 0:00:03] Portfolio Val: 92,588.62Progress ||  17.45%  [Elapsed: 0:00:00 ETA: 0:00:03] Portfolio Val: 92,588.62Progress ||  17.55%  [Elapsed: 0:00:00 ETA: 0:00:03] Portfolio Val: 92,588.62Progress ||  17.59%  [Elapsed: 0:00:00 ETA: 0:00:03] Portfolio Val: 92,536.12Progress ||  17.70%  [Elapsed: 0:00:00 ETA: 0:00:03] Portfolio Val: 92,536.12Progress ||  17.74%  [Elapsed: 0:00:00 ETA: 0:00:03] Portfolio Val: 92,193.62Progress ||  17.85%  [Elapsed: 0:00:00 ETA: 0:00:03] Portfolio Val: 92,193.62Progress ||  17.89%  [Elapsed: 0:00:00 ETA: 0:00:03] Portfolio Val: 91,833.62Progress ||  18.00%  [Elapsed: 0:00:00 ETA: 0:00:03] Portfolio Val: 91,833.62Progress ||  18.15%  [Elapsed: 0:00:00 ETA: 0:00:03] Portfolio Val: 91,931.12Progress ||  18.30%  [Elapsed: 0:00:00 ETA: 0:00:03] Portfolio Val: 91,931.12Progress ||  18.44%  [Elapsed: 0:00:00 ETA: 0:00:03] Portfolio Val: 91,931.12Progress ||  18.49%  [Elapsed: 0:00:00 ETA: 0:00:03] Portfolio Val: 91,931.12Progress ||  18.59%  [Elapsed: 0:00:00 ETA: 0:00:03] Portfolio Val: 91,931.12Progress ||  18.64%  [Elapsed: 0:00:00 ETA: 0:00:03] Portfolio Val: 93,013.62Progress ||  18.74%  [Elapsed: 0:00:00 ETA: 0:00:03] Portfolio Val: 93,013.62Progress ||  18.79%  [Elapsed: 0:00:00 ETA: 0:00:03] Portfolio Val: 93,446.12Progress ||  18.89%  [Elapsed: 0:00:00 ETA: 0:00:03] Portfolio Val: 93,446.12Progress ||  18.94%  [Elapsed: 0:00:00 ETA: 0:00:03] Portfolio Val: 93,978.62Progress ||  19.04%  [Elapsed: 0:00:00 ETA: 0:00:03] Portfolio Val: 93,978.62Progress ||  19.19%  [Elapsed: 0:00:00 ETA: 0:00:03] Portfolio Val: 94,181.12Progress ||  19.34%  [Elapsed: 0:00:00 ETA: 0:00:03] Portfolio Val: 94,181.12Progress ||  19.39%  [Elapsed: 0:00:00 ETA: 0:00:03] Portfolio Val: 94,181.12Progress ||  19.49%  [Elapsed: 0:00:00 ETA: 0:00:03] Portfolio Val: 94,181.12Progress ||  19.54%  [Elapsed: 0:00:00 ETA: 0:00:03] Portfolio Val: 93,946.12Progress ||  19.64%  [Elapsed: 0:00:00 ETA: 0:00:03] Portfolio Val: 93,946.12Progress ||  19.69%  [Elapsed: 0:00:00 ETA: 0:00:03] Portfolio Val: 93,086.12Progress ||  19.79%  [Elapsed: 0:00:00 ETA: 0:00:03] Portfolio Val: 93,086.12Progress ||  19.84%  [Elapsed: 0:00:00 ETA: 0:00:03] Portfolio Val: 92,513.62Progress ||  19.94%  [Elapsed: 0:00:00 ETA: 0:00:03] Portfolio Val: 92,513.62Progress ||  19.99%  [Elapsed: 0:00:00 ETA: 0:00:03] Portfolio Val: 91,656.12Progress ||  20.09%  [Elapsed: 0:00:00 ETA: 0:00:03] Portfolio Val: 91,656.12Progress ||  20.24%  [Elapsed: 0:00:00 ETA: 0:00:03] Portfolio Val: 91,593.62Progress ||  20.39%  [Elapsed: 0:00:00 ETA: 0:00:03] Portfolio Val: 91,593.62Progress ||  20.54%  [Elapsed: 0:00:00 ETA: 0:00:03] Portfolio Val: 91,593.62Progress ||  20.58%  [Elapsed: 0:00:00 ETA: 0:00:03] Portfolio Val: 91,593.62Progress ||  20.69%  [Elapsed: 0:00:00 ETA: 0:00:03] Portfolio Val: 91,593.62Progress ||  20.73%  [Elapsed: 0:00:00 ETA: 0:00:03] Portfolio Val: 92,238.62Progress ||  20.84%  [Elapsed: 0:00:00 ETA: 0:00:03] Portfolio Val: 92,238.62Progress ||  20.88%  [Elapsed: 0:00:00 ETA: 0:00:03] Portfolio Val: 93,098.62Progress ||  20.99%  [Elapsed: 0:00:00 ETA: 0:00:03] Portfolio Val: 93,098.62Progress ||  21.03%  [Elapsed: 0:00:00 ETA: 0:00:03] Portfolio Val: 92,551.12Progress ||  21.14%  [Elapsed: 0:00:00 ETA: 0:00:03] Portfolio Val: 92,551.12Progress ||  21.28%  [Elapsed: 0:00:00 ETA: 0:00:03] Portfolio Val: 91,641.12Progress ||  21.43%  [Elapsed: 0:00:00 ETA: 0:00:03] Portfolio Val: 91,641.12Progress ||  21.48%  [Elapsed: 0:00:00 ETA: 0:00:03] Portfolio Val: 91,641.12Progress ||  21.58%  [Elapsed: 0:00:00 ETA: 0:00:03] Portfolio Val: 91,641.12Progress ||  21.63%  [Elapsed: 0:00:00 ETA: 0:00:03] Portfolio Val: 90,051.12Progress ||  21.73%  [Elapsed: 0:00:00 ETA: 0:00:03] Portfolio Val: 90,051.12Progress ||  21.78%  [Elapsed: 0:00:00 ETA: 0:00:03] Portfolio Val: 90,051.12Progress ||  21.88%  [Elapsed: 0:00:00 ETA: 0:00:03] Portfolio Val: 90,051.12Progress ||  21.93%  [Elapsed: 0:00:00 ETA: 0:00:03] Portfolio Val: 89,101.12Progress ||  22.03%  [Elapsed: 0:00:00 ETA: 0:00:03] Portfolio Val: 89,101.12Progress ||  22.08%  [Elapsed: 0:00:00 ETA: 0:00:03] Portfolio Val: 89,158.62Progress ||  22.18%  [Elapsed: 0:00:00 ETA: 0:00:03] Portfolio Val: 89,158.62Progress ||  22.33%  [Elapsed: 0:00:00 ETA: 0:00:03] Portfolio Val: 89,156.12Progress ||  22.48%  [Elapsed: 0:00:00 ETA: 0:00:02] Portfolio Val: 89,156.12Progress ||  22.53%  [Elapsed: 0:00:00 ETA: 0:00:02] Portfolio Val: 89,156.12Progress ||  22.63%  [Elapsed: 0:00:00 ETA: 0:00:02] Portfolio Val: 89,156.12Progress ||  22.68%  [Elapsed: 0:00:00 ETA: 0:00:02] Portfolio Val: 89,121.12Progress ||  22.78%  [Elapsed: 0:00:00 ETA: 0:00:02] Portfolio Val: 89,121.12Progress ||  22.83%  [Elapsed: 0:00:00 ETA: 0:00:02] Portfolio Val: 88,413.62Progress ||  22.93%  [Elapsed: 0:00:00 ETA: 0:00:02] Portfolio Val: 88,413.62Progress ||  22.98%  [Elapsed: 0:00:00 ETA: 0:00:02] Portfolio Val: 88,898.62Progress ||  23.08%  [Elapsed: 0:00:00 ETA: 0:00:02] Portfolio Val: 88,898.62Progress ||  23.13%  [Elapsed: 0:00:00 ETA: 0:00:02] Portfolio Val: 89,896.12Progress ||  23.23%  [Elapsed: 0:00:00 ETA: 0:00:02] Portfolio Val: 89,896.12Progress ||  23.38%  [Elapsed: 0:00:00 ETA: 0:00:02] Portfolio Val: 88,641.12Progress ||  23.53%  [Elapsed: 0:00:00 ETA: 0:00:02] Portfolio Val: 88,641.12Progress ||  23.57%  [Elapsed: 0:00:00 ETA: 0:00:02] Portfolio Val: 88,641.12Progress ||  23.68%  [Elapsed: 0:00:00 ETA: 0:00:02] Portfolio Val: 88,641.12Progress ||  23.72%  [Elapsed: 0:00:00 ETA: 0:00:02] Portfolio Val: 87,628.62Progress ||  23.83%  [Elapsed: 0:00:00 ETA: 0:00:02] Portfolio Val: 87,628.62Progress ||  23.87%  [Elapsed: 0:00:00 ETA: 0:00:02] Portfolio Val: 87,673.62Progress ||  23.98%  [Elapsed: 0:00:00 ETA: 0:00:02] Portfolio Val: 87,673.62Progress ||  24.02%  [Elapsed: 0:00:00 ETA: 0:00:02] Portfolio Val: 86,981.12Progress ||  24.12%  [Elapsed: 0:00:00 ETA: 0:00:02] Portfolio Val: 86,981.12Progress ||  24.17%  [Elapsed: 0:00:00 ETA: 0:00:02] Portfolio Val: 86,528.62Progress ||  24.27%  [Elapsed: 0:00:00 ETA: 0:00:02] Portfolio Val: 86,528.62Progress ||  24.42%  [Elapsed: 0:00:00 ETA: 0:00:02] Portfolio Val: 86,343.62Progress ||  24.57%  [Elapsed: 0:00:00 ETA: 0:00:02] Portfolio Val: 86,343.62Progress ||  24.62%  [Elapsed: 0:00:00 ETA: 0:00:02] Portfolio Val: 86,343.62Progress ||  24.72%  [Elapsed: 0:00:00 ETA: 0:00:02] Portfolio Val: 86,343.62Progress ||  24.77%  [Elapsed: 0:00:00 ETA: 0:00:02] Portfolio Val: 85,761.12Progress ||  24.87%  [Elapsed: 0:00:00 ETA: 0:00:02] Portfolio Val: 85,761.12Progress ||  24.92%  [Elapsed: 0:00:00 ETA: 0:00:02] Portfolio Val: 87,421.12Progress ||  25.02%  [Elapsed: 0:00:00 ETA: 0:00:02] Portfolio Val: 87,421.12Progress ||  25.07%  [Elapsed: 0:00:00 ETA: 0:00:02] Portfolio Val: 86,856.12Progress ||  25.17%  [Elapsed: 0:00:00 ETA: 0:00:02] Portfolio Val: 86,856.12Progress ||  25.22%  [Elapsed: 0:00:00 ETA: 0:00:02] Portfolio Val: 86,231.12Progress ||  25.32%  [Elapsed: 0:00:00 ETA: 0:00:02] Portfolio Val: 86,231.12Progress ||  25.47%  [Elapsed: 0:00:00 ETA: 0:00:02] Portfolio Val: 85,628.62Progress ||  25.62%  [Elapsed: 0:00:00 ETA: 0:00:02] Portfolio Val: 85,628.62Progress ||  25.77%  [Elapsed: 0:00:00 ETA: 0:00:02] Portfolio Val: 85,628.62Progress ||  25.82%  [Elapsed: 0:00:00 ETA: 0:00:02] Portfolio Val: 85,628.62Progress ||  25.92%  [Elapsed: 0:00:00 ETA: 0:00:02] Portfolio Val: 85,628.62Progress ||  25.97%  [Elapsed: 0:00:00 ETA: 0:00:02] Portfolio Val: 86,623.62Progress ||  26.07%  [Elapsed: 0:00:00 ETA: 0:00:02] Portfolio Val: 86,623.62Progress ||  26.11%  [Elapsed: 0:00:00 ETA: 0:00:02] Portfolio Val: 87,198.62Progress ||  26.22%  [Elapsed: 0:00:00 ETA: 0:00:02] Portfolio Val: 87,198.62Progress ||  26.26%  [Elapsed: 0:00:00 ETA: 0:00:02] Portfolio Val: 85,051.12Progress ||  26.37%  [Elapsed: 0:00:00 ETA: 0:00:02] Portfolio Val: 85,051.12Progress ||  26.52%  [Elapsed: 0:00:00 ETA: 0:00:02] Portfolio Val: 83,736.12Progress ||  26.67%  [Elapsed: 0:00:00 ETA: 0:00:02] Portfolio Val: 83,736.12Progress ||  26.71%  [Elapsed: 0:00:00 ETA: 0:00:02] Portfolio Val: 83,736.12Progress ||  26.82%  [Elapsed: 0:00:00 ETA: 0:00:02] Portfolio Val: 83,736.12Progress ||  26.86%  [Elapsed: 0:00:00 ETA: 0:00:02] Portfolio Val: 83,978.62Progress ||  26.97%  [Elapsed: 0:00:00 ETA: 0:00:02] Portfolio Val: 83,978.62Progress ||  27.01%  [Elapsed: 0:00:00 ETA: 0:00:02] Portfolio Val: 84,378.62Progress ||  27.11%  [Elapsed: 0:00:00 ETA: 0:00:02] Portfolio Val: 84,378.62Progress ||  27.16%  [Elapsed: 0:00:00 ETA: 0:00:02] Portfolio Val: 84,721.12Progress ||  27.26%  [Elapsed: 0:00:00 ETA: 0:00:02] Portfolio Val: 84,721.12Progress ||  27.31%  [Elapsed: 0:00:00 ETA: 0:00:02] Portfolio Val: 84,036.12Progress ||  27.41%  [Elapsed: 0:00:00 ETA: 0:00:02] Portfolio Val: 84,036.12Progress ||  27.56%  [Elapsed: 0:00:00 ETA: 0:00:02] Portfolio Val: 83,808.62Progress ||  27.71%  [Elapsed: 0:00:00 ETA: 0:00:02] Portfolio Val: 83,808.62Progress ||  27.76%  [Elapsed: 0:00:00 ETA: 0:00:02] Portfolio Val: 83,808.62Progress ||  27.86%  [Elapsed: 0:00:00 ETA: 0:00:02] Portfolio Val: 83,808.62Progress ||  27.91%  [Elapsed: 0:00:00 ETA: 0:00:02] Portfolio Val: 83,046.11Progress ||  28.01%  [Elapsed: 0:00:00 ETA: 0:00:02] Portfolio Val: 83,046.11Progress ||  28.06%  [Elapsed: 0:00:00 ETA: 0:00:02] Portfolio Val: 83,493.62Progress ||  28.16%  [Elapsed: 0:00:00 ETA: 0:00:02] Portfolio Val: 83,493.62Progress ||  28.21%  [Elapsed: 0:00:00 ETA: 0:00:02] Portfolio Val: 83,416.12Progress ||  28.31%  [Elapsed: 0:00:00 ETA: 0:00:02] Portfolio Val: 83,416.12Progress ||  28.36%  [Elapsed: 0:00:00 ETA: 0:00:02] Portfolio Val: 82,768.62Progress ||  28.46%  [Elapsed: 0:00:00 ETA: 0:00:02] Portfolio Val: 82,768.62Progress ||  28.61%  [Elapsed: 0:00:00 ETA: 0:00:02] Portfolio Val: 82,188.61Progress ||  28.76%  [Elapsed: 0:00:00 ETA: 0:00:02] Portfolio Val: 82,188.61Progress ||  28.80%  [Elapsed: 0:00:00 ETA: 0:00:02] Portfolio Val: 82,188.61Progress ||  28.91%  [Elapsed: 0:00:00 ETA: 0:00:02] Portfolio Val: 82,188.61Progress ||  28.95%  [Elapsed: 0:00:00 ETA: 0:00:02] Portfolio Val: 83,433.62Progress ||  29.06%  [Elapsed: 0:00:00 ETA: 0:00:02] Portfolio Val: 83,433.62Progress ||  29.10%  [Elapsed: 0:00:00 ETA: 0:00:02] Portfolio Val: 82,691.12Progress ||  29.21%  [Elapsed: 0:00:00 ETA: 0:00:02] Portfolio Val: 82,691.12Progress ||  29.25%  [Elapsed: 0:00:00 ETA: 0:00:02] Portfolio Val: 81,776.12Progress ||  29.36%  [Elapsed: 0:00:00 ETA: 0:00:02] Portfolio Val: 81,776.12Progress ||  29.40%  [Elapsed: 0:00:00 ETA: 0:00:02] Portfolio Val: 81,811.13Progress ||  29.51%  [Elapsed: 0:00:00 ETA: 0:00:02] Portfolio Val: 81,811.13Progress ||  29.66%  [Elapsed: 0:00:00 ETA: 0:00:02] Portfolio Val: 83,501.12Progress ||  29.81%  [Elapsed: 0:00:00 ETA: 0:00:02] Portfolio Val: 83,501.12Progress ||  29.85%  [Elapsed: 0:00:00 ETA: 0:00:02] Portfolio Val: 83,501.12Progress ||  29.95%  [Elapsed: 0:00:00 ETA: 0:00:02] Portfolio Val: 83,501.12Progress ||  30.00%  [Elapsed: 0:00:00 ETA: 0:00:02] Portfolio Val: 82,553.62Progress ||  30.10%  [Elapsed: 0:00:00 ETA: 0:00:02] Portfolio Val: 82,553.62Progress ||  30.14%  [Elapsed: 0:00:00 ETA: 0:00:02] Portfolio Val: 83,016.11Progress ||  30.25%  [Elapsed: 0:00:00 ETA: 0:00:02] Portfolio Val: 83,016.11Progress ||  30.29%  [Elapsed: 0:00:00 ETA: 0:00:02] Portfolio Val: 82,111.12Progress ||  30.40%  [Elapsed: 0:00:00 ETA: 0:00:02] Portfolio Val: 82,111.12Progress ||  30.44%  [Elapsed: 0:00:00 ETA: 0:00:02] Portfolio Val: 80,206.12Progress ||  30.55%  [Elapsed: 0:00:00 ETA: 0:00:02] Portfolio Val: 80,206.12Progress ||  30.70%  [Elapsed: 0:00:00 ETA: 0:00:02] Portfolio Val: 80,526.12Progress ||  30.85%  [Elapsed: 0:00:00 ETA: 0:00:02] Portfolio Val: 80,526.12Progress ||  30.89%  [Elapsed: 0:00:00 ETA: 0:00:02] Portfolio Val: 80,526.12Progress ||  31.00%  [Elapsed: 0:00:00 ETA: 0:00:02] Portfolio Val: 80,526.12Progress ||  31.04%  [Elapsed: 0:00:00 ETA: 0:00:02] Portfolio Val: 81,103.62Progress ||  31.15%  [Elapsed: 0:00:00 ETA: 0:00:02] Portfolio Val: 81,103.62Progress ||  31.19%  [Elapsed: 0:00:00 ETA: 0:00:02] Portfolio Val: 80,746.13Progress ||  31.30%  [Elapsed: 0:00:00 ETA: 0:00:02] Portfolio Val: 80,746.13Progress ||  31.34%  [Elapsed: 0:00:00 ETA: 0:00:02] Portfolio Val: 80,626.11Progress ||  31.45%  [Elapsed: 0:00:00 ETA: 0:00:02] Portfolio Val: 80,626.11Progress ||  31.60%  [Elapsed: 0:00:00 ETA: 0:00:02] Portfolio Val: 80,251.11Progress ||  31.75%  [Elapsed: 0:00:00 ETA: 0:00:01] Portfolio Val: 80,251.11Progress ||  31.90%  [Elapsed: 0:00:00 ETA: 0:00:01] Portfolio Val: 80,251.11Progress ||  31.94%  [Elapsed: 0:00:00 ETA: 0:00:01] Portfolio Val: 80,251.11Progress ||  32.05%  [Elapsed: 0:00:00 ETA: 0:00:01] Portfolio Val: 80,251.11Progress ||  32.09%  [Elapsed: 0:00:00 ETA: 0:00:01] Portfolio Val: 80,096.12Progress ||  32.20%  [Elapsed: 0:00:00 ETA: 0:00:01] Portfolio Val: 80,096.12Progress ||  32.24%  [Elapsed: 0:00:00 ETA: 0:00:01] Portfolio Val: 81,493.62Progress ||  32.35%  [Elapsed: 0:00:00 ETA: 0:00:01] Portfolio Val: 81,493.62Progress ||  32.39%  [Elapsed: 0:00:00 ETA: 0:00:01] Portfolio Val: 81,623.63Progress ||  32.50%  [Elapsed: 0:00:00 ETA: 0:00:01] Portfolio Val: 81,623.63Progress ||  32.54%  [Elapsed: 0:00:00 ETA: 0:00:01] Portfolio Val: 80,173.62Progress ||  32.65%  [Elapsed: 0:00:00 ETA: 0:00:01] Portfolio Val: 80,173.62Progress ||  32.79%  [Elapsed: 0:00:00 ETA: 0:00:01] Portfolio Val: 82,438.61Progress ||  32.94%  [Elapsed: 0:00:00 ETA: 0:00:01] Portfolio Val: 82,438.61Progress ||  32.98%  [Elapsed: 0:00:00 ETA: 0:00:01] Portfolio Val: 82,438.61Progress ||  33.09%  [Elapsed: 0:00:00 ETA: 0:00:01] Portfolio Val: 82,438.61Progress ||  33.13%  [Elapsed: 0:00:00 ETA: 0:00:01] Portfolio Val: 81,266.11Progress ||  33.24%  [Elapsed: 0:00:00 ETA: 0:00:01] Portfolio Val: 81,266.11Progress ||  33.28%  [Elapsed: 0:00:00 ETA: 0:00:01] Portfolio Val: 80,928.62Progress ||  33.39%  [Elapsed: 0:00:00 ETA: 0:00:01] Portfolio Val: 80,928.62Progress ||  33.43%  [Elapsed: 0:00:00 ETA: 0:00:01] Portfolio Val: 82,683.63Progress ||  33.54%  [Elapsed: 0:00:00 ETA: 0:00:01] Portfolio Val: 82,683.63Progress ||  33.58%  [Elapsed: 0:00:00 ETA: 0:00:01] Portfolio Val: 82,133.62Progress ||  33.69%  [Elapsed: 0:00:00 ETA: 0:00:01] Portfolio Val: 82,133.62Progress ||  33.84%  [Elapsed: 0:00:00 ETA: 0:00:01] Portfolio Val: 82,461.12Progress ||  33.99%  [Elapsed: 0:00:00 ETA: 0:00:01] Portfolio Val: 82,461.12Progress ||  34.03%  [Elapsed: 0:00:00 ETA: 0:00:01] Portfolio Val: 82,461.12Progress ||  34.14%  [Elapsed: 0:00:00 ETA: 0:00:01] Portfolio Val: 82,461.12Progress ||  34.18%  [Elapsed: 0:00:00 ETA: 0:00:01] Portfolio Val: 82,271.12Progress ||  34.29%  [Elapsed: 0:00:00 ETA: 0:00:01] Portfolio Val: 82,271.12Progress ||  34.33%  [Elapsed: 0:00:00 ETA: 0:00:01] Portfolio Val: 84,818.62Progress ||  34.44%  [Elapsed: 0:00:00 ETA: 0:00:01] Portfolio Val: 84,818.62Progress ||  34.48%  [Elapsed: 0:00:00 ETA: 0:00:01] Portfolio Val: 84,541.12Progress ||  34.59%  [Elapsed: 0:00:00 ETA: 0:00:01] Portfolio Val: 84,541.12Progress ||  34.63%  [Elapsed: 0:00:00 ETA: 0:00:01] Portfolio Val: 85,558.62Progress ||  34.74%  [Elapsed: 0:00:00 ETA: 0:00:01] Portfolio Val: 85,558.62Progress ||  34.89%  [Elapsed: 0:00:00 ETA: 0:00:01] Portfolio Val: 86,193.62Progress ||  35.04%  [Elapsed: 0:00:00 ETA: 0:00:01] Portfolio Val: 86,193.62Progress ||  35.08%  [Elapsed: 0:00:00 ETA: 0:00:01] Portfolio Val: 86,193.62Progress ||  35.19%  [Elapsed: 0:00:00 ETA: 0:00:01] Portfolio Val: 86,193.62Progress ||  35.23%  [Elapsed: 0:00:00 ETA: 0:00:01] Portfolio Val: 86,596.12Progress ||  35.34%  [Elapsed: 0:00:00 ETA: 0:00:01] Portfolio Val: 86,596.12Progress ||  35.38%  [Elapsed: 0:00:00 ETA: 0:00:01] Portfolio Val: 85,608.62Progress ||  35.49%  [Elapsed: 0:00:00 ETA: 0:00:01] Portfolio Val: 85,608.62Progress ||  35.53%  [Elapsed: 0:00:00 ETA: 0:00:01] Portfolio Val: 84,413.62Progress ||  35.63%  [Elapsed: 0:00:00 ETA: 0:00:01] Portfolio Val: 84,413.62Progress ||  35.68%  [Elapsed: 0:00:00 ETA: 0:00:01] Portfolio Val: 86,258.62Progress ||  35.78%  [Elapsed: 0:00:00 ETA: 0:00:01] Portfolio Val: 86,258.62Progress ||  35.93%  [Elapsed: 0:00:00 ETA: 0:00:01] Portfolio Val: 84,466.12Progress ||  36.08%  [Elapsed: 0:00:00 ETA: 0:00:01] Portfolio Val: 84,466.12Progress ||  36.12%  [Elapsed: 0:00:00 ETA: 0:00:01] Portfolio Val: 84,466.12Progress ||  36.23%  [Elapsed: 0:00:00 ETA: 0:00:01] Portfolio Val: 84,466.12Progress ||  36.27%  [Elapsed: 0:00:00 ETA: 0:00:01] Portfolio Val: 83,531.12Progress ||  36.38%  [Elapsed: 0:00:00 ETA: 0:00:01] Portfolio Val: 83,531.12Progress ||  36.42%  [Elapsed: 0:00:00 ETA: 0:00:01] Portfolio Val: 83,913.62Progress ||  36.53%  [Elapsed: 0:00:00 ETA: 0:00:01] Portfolio Val: 83,913.62Progress ||  36.57%  [Elapsed: 0:00:00 ETA: 0:00:01] Portfolio Val: 85,708.62Progress ||  36.68%  [Elapsed: 0:00:00 ETA: 0:00:01] Portfolio Val: 85,708.62Progress ||  36.72%  [Elapsed: 0:00:00 ETA: 0:00:01] Portfolio Val: 85,016.12Progress ||  36.83%  [Elapsed: 0:00:00 ETA: 0:00:01] Portfolio Val: 85,016.12Progress ||  36.98%  [Elapsed: 0:00:00 ETA: 0:00:01] Portfolio Val: 83,263.62Progress ||  37.13%  [Elapsed: 0:00:00 ETA: 0:00:01] Portfolio Val: 83,263.62Progress ||  37.17%  [Elapsed: 0:00:00 ETA: 0:00:01] Portfolio Val: 83,263.62Progress ||  37.28%  [Elapsed: 0:00:00 ETA: 0:00:01] Portfolio Val: 83,263.62Progress ||  37.32%  [Elapsed: 0:00:00 ETA: 0:00:01] Portfolio Val: 82,616.12Progress ||  37.43%  [Elapsed: 0:00:00 ETA: 0:00:01] Portfolio Val: 82,616.12Progress ||  37.47%  [Elapsed: 0:00:00 ETA: 0:00:01] Portfolio Val: 81,663.62Progress ||  37.58%  [Elapsed: 0:00:00 ETA: 0:00:01] Portfolio Val: 81,663.62Progress ||  37.62%  [Elapsed: 0:00:00 ETA: 0:00:01] Portfolio Val: 82,238.62Progress ||  37.73%  [Elapsed: 0:00:00 ETA: 0:00:01] Portfolio Val: 82,238.62Progress ||  37.77%  [Elapsed: 0:00:00 ETA: 0:00:01] Portfolio Val: 81,708.62Progress ||  37.88%  [Elapsed: 0:00:00 ETA: 0:00:01] Portfolio Val: 81,708.62Progress ||  38.03%  [Elapsed: 0:00:00 ETA: 0:00:01] Portfolio Val: 80,601.12Progress ||  38.18%  [Elapsed: 0:00:00 ETA: 0:00:01] Portfolio Val: 80,601.12Progress ||  38.22%  [Elapsed: 0:00:00 ETA: 0:00:01] Portfolio Val: 80,601.12Progress ||  38.33%  [Elapsed: 0:00:00 ETA: 0:00:01] Portfolio Val: 80,601.12Progress ||  38.37%  [Elapsed: 0:00:00 ETA: 0:00:01] Portfolio Val: 80,413.62Progress ||  38.47%  [Elapsed: 0:00:00 ETA: 0:00:01] Portfolio Val: 80,413.62Progress ||  38.52%  [Elapsed: 0:00:00 ETA: 0:00:01] Portfolio Val: 80,776.12Progress ||  38.62%  [Elapsed: 0:00:00 ETA: 0:00:01] Portfolio Val: 80,776.12Progress ||  38.66%  [Elapsed: 0:00:00 ETA: 0:00:01] Portfolio Val: 79,596.12Progress ||  38.77%  [Elapsed: 0:00:00 ETA: 0:00:01] Portfolio Val: 79,596.12Progress ||  38.81%  [Elapsed: 0:00:00 ETA: 0:00:01] Portfolio Val: 78,583.62Progress ||  38.92%  [Elapsed: 0:00:00 ETA: 0:00:01] Portfolio Val: 78,583.62Progress ||  39.07%  [Elapsed: 0:00:00 ETA: 0:00:01] Portfolio Val: 78,851.12Progress ||  39.22%  [Elapsed: 0:00:00 ETA: 0:00:01] Portfolio Val: 78,851.12Progress ||  39.26%  [Elapsed: 0:00:00 ETA: 0:00:01] Portfolio Val: 78,851.12Progress ||  39.37%  [Elapsed: 0:00:00 ETA: 0:00:01] Portfolio Val: 78,851.12Progress ||  39.41%  [Elapsed: 0:00:00 ETA: 0:00:01] Portfolio Val: 78,661.12Progress ||  39.52%  [Elapsed: 0:00:00 ETA: 0:00:01] Portfolio Val: 78,661.12Progress ||  39.56%  [Elapsed: 0:00:00 ETA: 0:00:01] Portfolio Val: 78,733.61Progress ||  39.67%  [Elapsed: 0:00:00 ETA: 0:00:01] Portfolio Val: 78,733.61Progress ||  39.71%  [Elapsed: 0:00:00 ETA: 0:00:01] Portfolio Val: 78,391.11Progress ||  39.82%  [Elapsed: 0:00:00 ETA: 0:00:01] Portfolio Val: 78,391.11Progress ||  39.86%  [Elapsed: 0:00:00 ETA: 0:00:01] Portfolio Val: 77,813.61Progress ||  39.97%  [Elapsed: 0:00:00 ETA: 0:00:01] Portfolio Val: 77,813.61Progress ||  40.12%  [Elapsed: 0:00:00 ETA: 0:00:01] Portfolio Val: 79,091.13Progress ||  40.27%  [Elapsed: 0:00:00 ETA: 0:00:01] Portfolio Val: 79,091.13Progress ||  40.42%  [Elapsed: 0:00:00 ETA: 0:00:01] Portfolio Val: 79,091.13Progress ||  40.46%  [Elapsed: 0:00:00 ETA: 0:00:01] Portfolio Val: 79,091.13Progress ||  40.57%  [Elapsed: 0:00:00 ETA: 0:00:01] Portfolio Val: 79,091.13Progress ||  40.61%  [Elapsed: 0:00:00 ETA: 0:00:01] Portfolio Val: 78,486.12Progress ||  40.72%  [Elapsed: 0:00:00 ETA: 0:00:01] Portfolio Val: 78,486.12Progress ||  40.76%  [Elapsed: 0:00:00 ETA: 0:00:01] Portfolio Val: 79,633.62Progress ||  40.87%  [Elapsed: 0:00:00 ETA: 0:00:01] Portfolio Val: 79,633.62Progress ||  40.91%  [Elapsed: 0:00:00 ETA: 0:00:01] Portfolio Val: 79,923.62Progress ||  41.02%  [Elapsed: 0:00:00 ETA: 0:00:01] Portfolio Val: 79,923.62Progress ||  41.17%  [Elapsed: 0:00:00 ETA: 0:00:01] Portfolio Val: 80,156.11Progress ||  41.31%  [Elapsed: 0:00:00 ETA: 0:00:01] Portfolio Val: 80,156.11Progress ||  41.36%  [Elapsed: 0:00:00 ETA: 0:00:01] Portfolio Val: 80,156.11Progress ||  41.46%  [Elapsed: 0:00:00 ETA: 0:00:01] Portfolio Val: 80,156.11Progress ||  41.50%  [Elapsed: 0:00:00 ETA: 0:00:01] Portfolio Val: 78,798.62Progress ||  41.61%  [Elapsed: 0:00:00 ETA: 0:00:01] Portfolio Val: 78,798.62Progress ||  41.65%  [Elapsed: 0:00:00 ETA: 0:00:01] Portfolio Val: 79,438.61Progress ||  41.76%  [Elapsed: 0:00:00 ETA: 0:00:01] Portfolio Val: 79,438.61Progress ||  41.80%  [Elapsed: 0:00:00 ETA: 0:00:01] Portfolio Val: 78,361.12Progress ||  41.91%  [Elapsed: 0:00:00 ETA: 0:00:01] Portfolio Val: 78,361.12Progress ||  41.95%  [Elapsed: 0:00:01 ETA: 0:00:01] Portfolio Val: 77,308.63Progress ||  42.06%  [Elapsed: 0:00:01 ETA: 0:00:01] Portfolio Val: 77,308.63Progress ||  42.21%  [Elapsed: 0:00:01 ETA: 0:00:01] Portfolio Val: 77,638.63Progress ||  42.36%  [Elapsed: 0:00:01 ETA: 0:00:01] Portfolio Val: 77,638.63Progress ||  42.40%  [Elapsed: 0:00:01 ETA: 0:00:01] Portfolio Val: 77,638.63Progress ||  42.51%  [Elapsed: 0:00:01 ETA: 0:00:01] Portfolio Val: 77,638.63Progress ||  42.55%  [Elapsed: 0:00:01 ETA: 0:00:01] Portfolio Val: 77,758.62Progress ||  42.66%  [Elapsed: 0:00:01 ETA: 0:00:01] Portfolio Val: 77,758.62Progress ||  42.70%  [Elapsed: 0:00:01 ETA: 0:00:01] Portfolio Val: 77,536.12Progress ||  42.81%  [Elapsed: 0:00:01 ETA: 0:00:01] Portfolio Val: 77,536.12Progress ||  42.85%  [Elapsed: 0:00:01 ETA: 0:00:01] Portfolio Val: 75,646.12Progress ||  42.96%  [Elapsed: 0:00:01 ETA: 0:00:01] Portfolio Val: 75,646.12Progress ||  43.00%  [Elapsed: 0:00:01 ETA: 0:00:01] Portfolio Val: 75,266.11Progress ||  43.11%  [Elapsed: 0:00:01 ETA: 0:00:01] Portfolio Val: 75,266.11Progress ||  43.26%  [Elapsed: 0:00:01 ETA: 0:00:01] Portfolio Val: 75,833.62Progress ||  43.41%  [Elapsed: 0:00:01 ETA: 0:00:01] Portfolio Val: 75,833.62Progress ||  43.45%  [Elapsed: 0:00:01 ETA: 0:00:01] Portfolio Val: 75,833.62Progress ||  43.56%  [Elapsed: 0:00:01 ETA: 0:00:01] Portfolio Val: 75,833.62Progress ||  43.60%  [Elapsed: 0:00:01 ETA: 0:00:01] Portfolio Val: 75,533.62Progress ||  43.71%  [Elapsed: 0:00:01 ETA: 0:00:01] Portfolio Val: 75,533.62Progress ||  43.86%  [Elapsed: 0:00:01 ETA: 0:00:01] Portfolio Val: 74,263.63Progress ||  43.90%  [Elapsed: 0:00:01 ETA: 0:00:01] Portfolio Val: 74,263.63Progress ||  44.01%  [Elapsed: 0:00:01 ETA: 0:00:01] Portfolio Val: 74,263.63Progress ||  44.05%  [Elapsed: 0:00:01 ETA: 0:00:01] Portfolio Val: 73,693.62Progress ||  44.15%  [Elapsed: 0:00:01 ETA: 0:00:01] Portfolio Val: 73,693.62Progress ||  44.30%  [Elapsed: 0:00:01 ETA: 0:00:01] Portfolio Val: 74,953.61Progress ||  44.45%  [Elapsed: 0:00:01 ETA: 0:00:01] Portfolio Val: 74,953.61Progress ||  44.49%  [Elapsed: 0:00:01 ETA: 0:00:01] Portfolio Val: 74,953.61Progress ||  44.60%  [Elapsed: 0:00:01 ETA: 0:00:01] Portfolio Val: 74,953.61Progress ||  44.64%  [Elapsed: 0:00:01 ETA: 0:00:01] Portfolio Val: 74,971.12Progress ||  44.75%  [Elapsed: 0:00:01 ETA: 0:00:01] Portfolio Val: 74,971.12Progress ||  44.79%  [Elapsed: 0:00:01 ETA: 0:00:01] Portfolio Val: 75,056.12Progress ||  44.90%  [Elapsed: 0:00:01 ETA: 0:00:01] Portfolio Val: 75,056.12Progress ||  44.94%  [Elapsed: 0:00:01 ETA: 0:00:01] Portfolio Val: 75,131.12Progress ||  45.05%  [Elapsed: 0:00:01 ETA: 0:00:01] Portfolio Val: 75,131.12Progress ||  45.09%  [Elapsed: 0:00:01 ETA: 0:00:01] Portfolio Val: 74,711.12Progress ||  45.20%  [Elapsed: 0:00:01 ETA: 0:00:01] Portfolio Val: 74,711.12Progress ||  45.35%  [Elapsed: 0:00:01 ETA: 0:00:01] Portfolio Val: 74,263.63Progress ||  45.50%  [Elapsed: 0:00:01 ETA: 0:00:01] Portfolio Val: 74,263.63Progress ||  45.54%  [Elapsed: 0:00:01 ETA: 0:00:01] Portfolio Val: 74,263.63Progress ||  45.65%  [Elapsed: 0:00:01 ETA: 0:00:01] Portfolio Val: 74,263.63Progress ||  45.69%  [Elapsed: 0:00:01 ETA: 0:00:01] Portfolio Val: 74,646.12Progress ||  45.80%  [Elapsed: 0:00:01 ETA: 0:00:01] Portfolio Val: 74,646.12Progress ||  45.82%  [Elapsed: 0:00:01 ETA: 0:00:01] Portfolio Val: 75,128.62Progress ||  45.95%  [Elapsed: 0:00:01 ETA: 0:00:01] Portfolio Val: 75,128.62Progress ||  46.10%  [Elapsed: 0:00:01 ETA: 0:00:01] Portfolio Val: 73,881.12Progress ||  46.14%  [Elapsed: 0:00:01 ETA: 0:00:01] Portfolio Val: 73,881.12Progress ||  46.25%  [Elapsed: 0:00:01 ETA: 0:00:01] Portfolio Val: 73,881.12Progress ||  46.40%  [Elapsed: 0:00:01 ETA: 0:00:01] Portfolio Val: 73,111.12Progress ||  46.55%  [Elapsed: 0:00:01 ETA: 0:00:01] Portfolio Val: 73,111.12Progress ||  46.59%  [Elapsed: 0:00:01 ETA: 0:00:01] Portfolio Val: 73,111.12Progress ||  46.70%  [Elapsed: 0:00:01 ETA: 0:00:01] Portfolio Val: 73,111.12Progress ||  46.74%  [Elapsed: 0:00:01 ETA: 0:00:01] Portfolio Val: 72,193.62Progress ||  46.85%  [Elapsed: 0:00:01 ETA: 0:00:01] Portfolio Val: 72,193.62Progress ||  46.89%  [Elapsed: 0:00:01 ETA: 0:00:01] Portfolio Val: 71,988.62Progress ||  46.99%  [Elapsed: 0:00:01 ETA: 0:00:01] Portfolio Val: 71,988.62Progress ||  47.04%  [Elapsed: 0:00:01 ETA: 0:00:01] Portfolio Val: 71,786.12Progress ||  47.14%  [Elapsed: 0:00:01 ETA: 0:00:01] Portfolio Val: 71,786.12Progress ||  47.18%  [Elapsed: 0:00:01 ETA: 0:00:01] Portfolio Val: 70,693.62Progress ||  47.29%  [Elapsed: 0:00:01 ETA: 0:00:01] Portfolio Val: 70,693.62Progress ||  47.44%  [Elapsed: 0:00:01 ETA: 0:00:01] Portfolio Val: 71,646.12Progress ||  47.59%  [Elapsed: 0:00:01 ETA: 0:00:01] Portfolio Val: 71,646.12Progress ||  47.63%  [Elapsed: 0:00:01 ETA: 0:00:01] Portfolio Val: 71,646.12Progress ||  47.74%  [Elapsed: 0:00:01 ETA: 0:00:01] Portfolio Val: 71,646.12Progress ||  47.78%  [Elapsed: 0:00:01 ETA: 0:00:01] Portfolio Val: 70,546.11Progress ||  47.89%  [Elapsed: 0:00:01 ETA: 0:00:01] Portfolio Val: 70,546.11Progress ||  47.93%  [Elapsed: 0:00:01 ETA: 0:00:01] Portfolio Val: 70,336.12Progress ||  48.04%  [Elapsed: 0:00:01 ETA: 0:00:01] Portfolio Val: 70,336.12Progress ||  48.08%  [Elapsed: 0:00:01 ETA: 0:00:01] Portfolio Val: 71,353.62Progress ||  48.19%  [Elapsed: 0:00:01 ETA: 0:00:01] Portfolio Val: 71,353.62Progress ||  48.23%  [Elapsed: 0:00:01 ETA: 0:00:01] Portfolio Val: 71,426.12Progress ||  48.34%  [Elapsed: 0:00:01 ETA: 0:00:01] Portfolio Val: 71,426.12Progress ||  48.49%  [Elapsed: 0:00:01 ETA: 0:00:01] Portfolio Val: 72,948.62Progress ||  48.64%  [Elapsed: 0:00:01 ETA: 0:00:01] Portfolio Val: 72,948.62Progress ||  48.68%  [Elapsed: 0:00:01 ETA: 0:00:01] Portfolio Val: 72,948.62Progress ||  48.79%  [Elapsed: 0:00:01 ETA: 0:00:01] Portfolio Val: 72,948.62Progress ||  48.83%  [Elapsed: 0:00:01 ETA: 0:00:01] Portfolio Val: 72,803.62Progress ||  48.94%  [Elapsed: 0:00:01 ETA: 0:00:01] Portfolio Val: 72,803.62Progress ||  48.98%  [Elapsed: 0:00:01 ETA: 0:00:01] Portfolio Val: 72,418.63Progress ||  49.09%  [Elapsed: 0:00:01 ETA: 0:00:01] Portfolio Val: 72,418.63Progress ||  49.13%  [Elapsed: 0:00:01 ETA: 0:00:01] Portfolio Val: 73,838.62Progress ||  49.24%  [Elapsed: 0:00:01 ETA: 0:00:01] Portfolio Val: 73,838.62Progress ||  49.28%  [Elapsed: 0:00:01 ETA: 0:00:01] Portfolio Val: 75,716.13Progress ||  49.39%  [Elapsed: 0:00:01 ETA: 0:00:01] Portfolio Val: 75,716.13Progress ||  49.54%  [Elapsed: 0:00:01 ETA: 0:00:01] Portfolio Val: 75,483.61Progress ||  49.69%  [Elapsed: 0:00:01 ETA: 0:00:01] Portfolio Val: 75,483.61Progress ||  49.73%  [Elapsed: 0:00:01 ETA: 0:00:01] Portfolio Val: 75,483.61Progress ||  49.84%  [Elapsed: 0:00:01 ETA: 0:00:01] Portfolio Val: 75,483.61Progress ||  49.88%  [Elapsed: 0:00:01 ETA: 0:00:01] Portfolio Val: 74,548.62Progress ||  49.98%  [Elapsed: 0:00:01 ETA: 0:00:01] Portfolio Val: 74,548.62Progress ||  50.02%  [Elapsed: 0:00:01 ETA: 0:00:01] Portfolio Val: 74,488.62Progress ||  50.13%  [Elapsed: 0:00:01 ETA: 0:00:01] Portfolio Val: 74,488.62Progress ||  50.17%  [Elapsed: 0:00:01 ETA: 0:00:01] Portfolio Val: 73,808.63Progress ||  50.28%  [Elapsed: 0:00:01 ETA: 0:00:01] Portfolio Val: 73,808.63Progress ||  50.32%  [Elapsed: 0:00:01 ETA: 0:00:01] Portfolio Val: 72,911.12Progress ||  50.43%  [Elapsed: 0:00:01 ETA: 0:00:01] Portfolio Val: 72,911.12Progress ||  50.58%  [Elapsed: 0:00:01 ETA: 0:00:01] Portfolio Val: 77,116.12Progress ||  50.73%  [Elapsed: 0:00:01 ETA: 0:00:01] Portfolio Val: 77,116.12Progress ||  50.77%  [Elapsed: 0:00:01 ETA: 0:00:01] Portfolio Val: 77,116.12Progress ||  50.88%  [Elapsed: 0:00:01 ETA: 0:00:01] Portfolio Val: 77,116.12Progress ||  50.92%  [Elapsed: 0:00:01 ETA: 0:00:01] Portfolio Val: 83,143.62Progress ||  51.03%  [Elapsed: 0:00:01 ETA: 0:00:01] Portfolio Val: 83,143.62Progress ||  51.07%  [Elapsed: 0:00:01 ETA: 0:00:01] Portfolio Val: 81,248.63Progress ||  51.18%  [Elapsed: 0:00:01 ETA: 0:00:01] Portfolio Val: 81,248.63Progress ||  51.22%  [Elapsed: 0:00:01 ETA: 0:00:01] Portfolio Val: 78,936.13Progress ||  51.33%  [Elapsed: 0:00:01 ETA: 0:00:01] Portfolio Val: 78,936.13Progress ||  51.37%  [Elapsed: 0:00:01 ETA: 0:00:01] Portfolio Val: 80,076.13Progress ||  51.48%  [Elapsed: 0:00:01 ETA: 0:00:01] Portfolio Val: 80,076.13Progress ||  51.63%  [Elapsed: 0:00:01 ETA: 0:00:00] Portfolio Val: 78,601.12Progress ||  51.78%  [Elapsed: 0:00:01 ETA: 0:00:00] Portfolio Val: 78,601.12Progress ||  51.82%  [Elapsed: 0:00:01 ETA: 0:00:00] Portfolio Val: 78,601.12Progress ||  51.93%  [Elapsed: 0:00:01 ETA: 0:00:00] Portfolio Val: 78,601.12Progress ||  51.97%  [Elapsed: 0:00:01 ETA: 0:00:00] Portfolio Val: 77,501.11Progress ||  52.08%  [Elapsed: 0:00:01 ETA: 0:00:00] Portfolio Val: 77,501.11Progress ||  52.12%  [Elapsed: 0:00:01 ETA: 0:00:00] Portfolio Val: 76,921.11Progress ||  52.23%  [Elapsed: 0:00:01 ETA: 0:00:00] Portfolio Val: 76,921.11Progress ||  52.27%  [Elapsed: 0:00:01 ETA: 0:00:00] Portfolio Val: 75,341.13Progress ||  52.38%  [Elapsed: 0:00:01 ETA: 0:00:00] Portfolio Val: 75,341.13Progress ||  52.42%  [Elapsed: 0:00:01 ETA: 0:00:00] Portfolio Val: 73,678.62Progress ||  52.53%  [Elapsed: 0:00:01 ETA: 0:00:00] Portfolio Val: 73,678.62Progress ||  52.68%  [Elapsed: 0:00:01 ETA: 0:00:00] Portfolio Val: 73,198.62Progress ||  52.82%  [Elapsed: 0:00:01 ETA: 0:00:00] Portfolio Val: 73,198.62Progress ||  52.87%  [Elapsed: 0:00:01 ETA: 0:00:00] Portfolio Val: 73,198.62Progress ||  52.97%  [Elapsed: 0:00:01 ETA: 0:00:00] Portfolio Val: 73,198.62Progress ||  53.01%  [Elapsed: 0:00:01 ETA: 0:00:00] Portfolio Val: 72,371.13Progress ||  53.12%  [Elapsed: 0:00:01 ETA: 0:00:00] Portfolio Val: 72,371.13Progress ||  53.16%  [Elapsed: 0:00:01 ETA: 0:00:00] Portfolio Val: 71,266.11Progress ||  53.27%  [Elapsed: 0:00:01 ETA: 0:00:00] Portfolio Val: 71,266.11Progress ||  53.31%  [Elapsed: 0:00:01 ETA: 0:00:00] Portfolio Val: 71,111.12Progress ||  53.42%  [Elapsed: 0:00:01 ETA: 0:00:00] Portfolio Val: 71,111.12Progress ||  53.46%  [Elapsed: 0:00:01 ETA: 0:00:00] Portfolio Val: 70,413.62Progress ||  53.57%  [Elapsed: 0:00:01 ETA: 0:00:00] Portfolio Val: 70,413.62Progress ||  53.72%  [Elapsed: 0:00:01 ETA: 0:00:00] Portfolio Val: 71,171.11Progress ||  53.87%  [Elapsed: 0:00:01 ETA: 0:00:00] Portfolio Val: 71,171.11Progress ||  53.91%  [Elapsed: 0:00:01 ETA: 0:00:00] Portfolio Val: 71,171.11Progress ||  54.02%  [Elapsed: 0:00:01 ETA: 0:00:00] Portfolio Val: 71,171.11Progress ||  54.06%  [Elapsed: 0:00:01 ETA: 0:00:00] Portfolio Val: 70,258.62Progress ||  54.17%  [Elapsed: 0:00:01 ETA: 0:00:00] Portfolio Val: 70,258.62Progress ||  54.21%  [Elapsed: 0:00:01 ETA: 0:00:00] Portfolio Val: 71,181.12Progress ||  54.32%  [Elapsed: 0:00:01 ETA: 0:00:00] Portfolio Val: 71,181.12Progress ||  54.36%  [Elapsed: 0:00:01 ETA: 0:00:00] Portfolio Val: 70,751.11Progress ||  54.47%  [Elapsed: 0:00:01 ETA: 0:00:00] Portfolio Val: 70,751.11Progress ||  54.51%  [Elapsed: 0:00:01 ETA: 0:00:00] Portfolio Val: 70,976.12Progress ||  54.62%  [Elapsed: 0:00:01 ETA: 0:00:00] Portfolio Val: 70,976.12Progress ||  54.77%  [Elapsed: 0:00:01 ETA: 0:00:00] Portfolio Val: 70,861.12Progress ||  54.92%  [Elapsed: 0:00:01 ETA: 0:00:00] Portfolio Val: 70,861.12Progress ||  55.07%  [Elapsed: 0:00:01 ETA: 0:00:00] Portfolio Val: 70,861.12Progress ||  55.11%  [Elapsed: 0:00:01 ETA: 0:00:00] Portfolio Val: 70,861.12Progress ||  55.22%  [Elapsed: 0:00:01 ETA: 0:00:00] Portfolio Val: 70,861.12Progress ||  55.26%  [Elapsed: 0:00:01 ETA: 0:00:00] Portfolio Val: 70,936.13Progress ||  55.37%  [Elapsed: 0:00:01 ETA: 0:00:00] Portfolio Val: 70,936.13Progress ||  55.41%  [Elapsed: 0:00:01 ETA: 0:00:00] Portfolio Val: 73,503.62Progress ||  55.52%  [Elapsed: 0:00:01 ETA: 0:00:00] Portfolio Val: 73,503.62Progress ||  55.56%  [Elapsed: 0:00:01 ETA: 0:00:00] Portfolio Val: 73,331.12Progress ||  55.66%  [Elapsed: 0:00:01 ETA: 0:00:00] Portfolio Val: 73,331.12Progress ||  55.81%  [Elapsed: 0:00:01 ETA: 0:00:00] Portfolio Val: 73,568.62Progress ||  55.96%  [Elapsed: 0:00:01 ETA: 0:00:00] Portfolio Val: 73,568.62Progress ||  56.00%  [Elapsed: 0:00:01 ETA: 0:00:00] Portfolio Val: 73,568.62Progress ||  56.11%  [Elapsed: 0:00:01 ETA: 0:00:00] Portfolio Val: 73,568.62Progress ||  56.15%  [Elapsed: 0:00:01 ETA: 0:00:00] Portfolio Val: 74,891.11Progress ||  56.26%  [Elapsed: 0:00:01 ETA: 0:00:00] Portfolio Val: 74,891.11Progress ||  56.30%  [Elapsed: 0:00:01 ETA: 0:00:00] Portfolio Val: 73,963.62Progress ||  56.41%  [Elapsed: 0:00:01 ETA: 0:00:00] Portfolio Val: 73,963.62Progress ||  56.45%  [Elapsed: 0:00:01 ETA: 0:00:00] Portfolio Val: 73,878.62Progress ||  56.56%  [Elapsed: 0:00:01 ETA: 0:00:00] Portfolio Val: 73,878.62Progress ||  56.60%  [Elapsed: 0:00:01 ETA: 0:00:00] Portfolio Val: 72,301.12Progress ||  56.71%  [Elapsed: 0:00:01 ETA: 0:00:00] Portfolio Val: 72,301.12Progress ||  56.86%  [Elapsed: 0:00:01 ETA: 0:00:00] Portfolio Val: 71,126.11Progress ||  57.01%  [Elapsed: 0:00:01 ETA: 0:00:00] Portfolio Val: 71,126.11Progress ||  57.05%  [Elapsed: 0:00:01 ETA: 0:00:00] Portfolio Val: 71,126.11Progress ||  57.16%  [Elapsed: 0:00:01 ETA: 0:00:00] Portfolio Val: 71,126.11Progress ||  57.20%  [Elapsed: 0:00:01 ETA: 0:00:00] Portfolio Val: 70,618.62Progress ||  57.31%  [Elapsed: 0:00:01 ETA: 0:00:00] Portfolio Val: 70,618.62Progress ||  57.35%  [Elapsed: 0:00:01 ETA: 0:00:00] Portfolio Val: 69,778.63Progress ||  57.46%  [Elapsed: 0:00:01 ETA: 0:00:00] Portfolio Val: 69,778.63Progress ||  57.50%  [Elapsed: 0:00:01 ETA: 0:00:00] Portfolio Val: 70,118.62Progress ||  57.61%  [Elapsed: 0:00:01 ETA: 0:00:00] Portfolio Val: 70,118.62Progress ||  57.65%  [Elapsed: 0:00:01 ETA: 0:00:00] Portfolio Val: 68,301.12Progress ||  57.76%  [Elapsed: 0:00:01 ETA: 0:00:00] Portfolio Val: 68,301.12Progress ||  57.91%  [Elapsed: 0:00:01 ETA: 0:00:00] Portfolio Val: 69,093.61Progress ||  58.06%  [Elapsed: 0:00:01 ETA: 0:00:00] Portfolio Val: 69,093.61Progress ||  58.10%  [Elapsed: 0:00:01 ETA: 0:00:00] Portfolio Val: 69,093.61Progress ||  58.21%  [Elapsed: 0:00:01 ETA: 0:00:00] Portfolio Val: 69,093.61Progress ||  58.25%  [Elapsed: 0:00:01 ETA: 0:00:00] Portfolio Val: 68,718.61Progress ||  58.36%  [Elapsed: 0:00:01 ETA: 0:00:00] Portfolio Val: 68,718.61Progress ||  58.40%  [Elapsed: 0:00:01 ETA: 0:00:00] Portfolio Val: 68,433.63Progress ||  58.50%  [Elapsed: 0:00:01 ETA: 0:00:00] Portfolio Val: 68,433.63Progress ||  58.55%  [Elapsed: 0:00:01 ETA: 0:00:00] Portfolio Val: 68,268.62Progress ||  58.65%  [Elapsed: 0:00:01 ETA: 0:00:00] Portfolio Val: 68,268.62Progress ||  58.69%  [Elapsed: 0:00:01 ETA: 0:00:00] Portfolio Val: 67,458.62Progress ||  58.80%  [Elapsed: 0:00:01 ETA: 0:00:00] Portfolio Val: 67,458.62Progress ||  58.95%  [Elapsed: 0:00:01 ETA: 0:00:00] Portfolio Val: 67,706.12Progress ||  59.10%  [Elapsed: 0:00:01 ETA: 0:00:00] Portfolio Val: 67,706.12Progress ||  59.14%  [Elapsed: 0:00:01 ETA: 0:00:00] Portfolio Val: 67,706.12Progress ||  59.25%  [Elapsed: 0:00:01 ETA: 0:00:00] Portfolio Val: 67,706.12Progress ||  59.29%  [Elapsed: 0:00:01 ETA: 0:00:00] Portfolio Val: 68,448.62Progress ||  59.40%  [Elapsed: 0:00:01 ETA: 0:00:00] Portfolio Val: 68,448.62Progress ||  59.44%  [Elapsed: 0:00:01 ETA: 0:00:00] Portfolio Val: 67,703.61Progress ||  59.55%  [Elapsed: 0:00:01 ETA: 0:00:00] Portfolio Val: 67,703.61Progress ||  59.59%  [Elapsed: 0:00:01 ETA: 0:00:00] Portfolio Val: 69,126.11Progress ||  59.70%  [Elapsed: 0:00:01 ETA: 0:00:00] Portfolio Val: 69,126.11Progress ||  59.74%  [Elapsed: 0:00:01 ETA: 0:00:00] Portfolio Val: 69,213.62Progress ||  59.85%  [Elapsed: 0:00:01 ETA: 0:00:00] Portfolio Val: 69,213.62Progress ||  60.00%  [Elapsed: 0:00:01 ETA: 0:00:00] Portfolio Val: 67,966.13Progress ||  60.15%  [Elapsed: 0:00:01 ETA: 0:00:00] Portfolio Val: 67,966.13Progress ||  60.19%  [Elapsed: 0:00:01 ETA: 0:00:00] Portfolio Val: 67,966.13Progress ||  60.30%  [Elapsed: 0:00:01 ETA: 0:00:00] Portfolio Val: 67,966.13Progress ||  60.34%  [Elapsed: 0:00:01 ETA: 0:00:00] Portfolio Val: 68,228.62Progress ||  60.45%  [Elapsed: 0:00:01 ETA: 0:00:00] Portfolio Val: 68,228.62Progress ||  60.49%  [Elapsed: 0:00:01 ETA: 0:00:00] Portfolio Val: 68,448.62Progress ||  60.60%  [Elapsed: 0:00:01 ETA: 0:00:00] Portfolio Val: 68,448.62Progress ||  60.64%  [Elapsed: 0:00:01 ETA: 0:00:00] Portfolio Val: 67,763.63Progress ||  60.75%  [Elapsed: 0:00:01 ETA: 0:00:00] Portfolio Val: 67,763.63Progress ||  60.79%  [Elapsed: 0:00:01 ETA: 0:00:00] Portfolio Val: 67,111.12Progress ||  60.90%  [Elapsed: 0:00:01 ETA: 0:00:00] Portfolio Val: 67,111.12Progress ||  61.05%  [Elapsed: 0:00:01 ETA: 0:00:00] Portfolio Val: 67,041.12Progress ||  61.20%  [Elapsed: 0:00:01 ETA: 0:00:00] Portfolio Val: 67,041.12Progress ||  61.24%  [Elapsed: 0:00:01 ETA: 0:00:00] Portfolio Val: 67,041.12Progress ||  61.34%  [Elapsed: 0:00:01 ETA: 0:00:00] Portfolio Val: 67,041.12Progress ||  61.39%  [Elapsed: 0:00:01 ETA: 0:00:00] Portfolio Val: 65,748.63Progress ||  61.49%  [Elapsed: 0:00:01 ETA: 0:00:00] Portfolio Val: 65,748.63Progress ||  61.53%  [Elapsed: 0:00:01 ETA: 0:00:00] Portfolio Val: 64,906.11Progress ||  61.64%  [Elapsed: 0:00:01 ETA: 0:00:00] Portfolio Val: 64,906.11Progress ||  61.68%  [Elapsed: 0:00:01 ETA: 0:00:00] Portfolio Val: 66,108.61Progress ||  61.79%  [Elapsed: 0:00:01 ETA: 0:00:00] Portfolio Val: 66,108.61Progress ||  61.83%  [Elapsed: 0:00:01 ETA: 0:00:00] Portfolio Val: 64,576.13Progress ||  61.94%  [Elapsed: 0:00:01 ETA: 0:00:00] Portfolio Val: 64,576.13Progress ||  62.09%  [Elapsed: 0:00:01 ETA: 0:00:00] Portfolio Val: 65,036.12Progress ||  62.24%  [Elapsed: 0:00:01 ETA: 0:00:00] Portfolio Val: 65,036.12Progress ||  62.28%  [Elapsed: 0:00:01 ETA: 0:00:00] Portfolio Val: 65,036.12Progress ||  62.39%  [Elapsed: 0:00:01 ETA: 0:00:00] Portfolio Val: 65,036.12Progress ||  62.43%  [Elapsed: 0:00:01 ETA: 0:00:00] Portfolio Val: 65,091.13Progress ||  62.54%  [Elapsed: 0:00:01 ETA: 0:00:00] Portfolio Val: 65,091.13Progress ||  62.58%  [Elapsed: 0:00:01 ETA: 0:00:00] Portfolio Val: 65,791.12Progress ||  62.69%  [Elapsed: 0:00:01 ETA: 0:00:00] Portfolio Val: 65,791.12Progress ||  62.73%  [Elapsed: 0:00:01 ETA: 0:00:00] Portfolio Val: 65,738.62Progress ||  62.84%  [Elapsed: 0:00:01 ETA: 0:00:00] Portfolio Val: 65,738.62Progress ||  62.88%  [Elapsed: 0:00:01 ETA: 0:00:00] Portfolio Val: 66,058.63Progress ||  62.99%  [Elapsed: 0:00:01 ETA: 0:00:00] Portfolio Val: 66,058.63Progress ||  63.14%  [Elapsed: 0:00:01 ETA: 0:00:00] Portfolio Val: 65,676.12Progress ||  63.29%  [Elapsed: 0:00:01 ETA: 0:00:00] Portfolio Val: 65,676.12Progress ||  63.33%  [Elapsed: 0:00:01 ETA: 0:00:00] Portfolio Val: 65,676.12Progress ||  63.44%  [Elapsed: 0:00:01 ETA: 0:00:00] Portfolio Val: 65,676.12Progress ||  63.48%  [Elapsed: 0:00:01 ETA: 0:00:00] Portfolio Val: 65,408.62Progress ||  63.59%  [Elapsed: 0:00:01 ETA: 0:00:00] Portfolio Val: 65,408.62Progress ||  63.63%  [Elapsed: 0:00:01 ETA: 0:00:00] Portfolio Val: 66,091.13Progress ||  63.74%  [Elapsed: 0:00:01 ETA: 0:00:00] Portfolio Val: 66,091.13Progress ||  63.78%  [Elapsed: 0:00:01 ETA: 0:00:00] Portfolio Val: 65,731.13Progress ||  63.89%  [Elapsed: 0:00:01 ETA: 0:00:00] Portfolio Val: 65,731.13Progress ||  63.93%  [Elapsed: 0:00:01 ETA: 0:00:00] Portfolio Val: 67,163.62Progress ||  64.04%  [Elapsed: 0:00:01 ETA: 0:00:00] Portfolio Val: 67,163.62Progress ||  64.18%  [Elapsed: 0:00:01 ETA: 0:00:00] Portfolio Val: 68,223.62Progress ||  64.33%  [Elapsed: 0:00:01 ETA: 0:00:00] Portfolio Val: 68,223.62Progress ||  64.38%  [Elapsed: 0:00:01 ETA: 0:00:00] Portfolio Val: 68,223.62Progress ||  64.48%  [Elapsed: 0:00:01 ETA: 0:00:00] Portfolio Val: 68,223.62Progress ||  64.53%  [Elapsed: 0:00:01 ETA: 0:00:00] Portfolio Val: 68,258.62Progress ||  64.63%  [Elapsed: 0:00:01 ETA: 0:00:00] Portfolio Val: 68,258.62Progress ||  64.68%  [Elapsed: 0:00:01 ETA: 0:00:00] Portfolio Val: 68,368.62Progress ||  64.78%  [Elapsed: 0:00:01 ETA: 0:00:00] Portfolio Val: 68,368.62Progress ||  64.83%  [Elapsed: 0:00:01 ETA: 0:00:00] Portfolio Val: 63,753.62Progress ||  64.93%  [Elapsed: 0:00:01 ETA: 0:00:00] Portfolio Val: 63,753.62Progress ||  64.98%  [Elapsed: 0:00:01 ETA: 0:00:00] Portfolio Val: 62,783.62Progress ||  65.08%  [Elapsed: 0:00:01 ETA: 0:00:00] Portfolio Val: 62,783.62Progress ||  65.23%  [Elapsed: 0:00:01 ETA: 0:00:00] Portfolio Val: 62,011.12Progress ||  65.38%  [Elapsed: 0:00:01 ETA: 0:00:00] Portfolio Val: 62,011.12Progress ||  65.43%  [Elapsed: 0:00:01 ETA: 0:00:00] Portfolio Val: 62,011.12Progress ||  65.53%  [Elapsed: 0:00:01 ETA: 0:00:00] Portfolio Val: 62,011.12Progress ||  65.58%  [Elapsed: 0:00:01 ETA: 0:00:00] Portfolio Val: 61,101.12Progress ||  65.68%  [Elapsed: 0:00:01 ETA: 0:00:00] Portfolio Val: 61,101.12Progress ||  65.73%  [Elapsed: 0:00:01 ETA: 0:00:00] Portfolio Val: 61,383.62Progress ||  65.83%  [Elapsed: 0:00:01 ETA: 0:00:00] Portfolio Val: 61,383.62Progress ||  65.88%  [Elapsed: 0:00:01 ETA: 0:00:00] Portfolio Val: 61,711.12Progress ||  65.98%  [Elapsed: 0:00:01 ETA: 0:00:00] Portfolio Val: 61,711.12Progress ||  66.03%  [Elapsed: 0:00:01 ETA: 0:00:00] Portfolio Val: 61,723.62Progress ||  66.13%  [Elapsed: 0:00:01 ETA: 0:00:00] Portfolio Val: 61,723.62Progress ||  66.28%  [Elapsed: 0:00:01 ETA: 0:00:00] Portfolio Val: 63,623.63Progress ||  66.43%  [Elapsed: 0:00:01 ETA: 0:00:00] Portfolio Val: 63,623.63Progress ||  66.47%  [Elapsed: 0:00:01 ETA: 0:00:00] Portfolio Val: 63,623.63Progress ||  66.58%  [Elapsed: 0:00:01 ETA: 0:00:00] Portfolio Val: 63,623.63Progress ||  66.62%  [Elapsed: 0:00:01 ETA: 0:00:00] Portfolio Val: 64,498.63Progress ||  66.73%  [Elapsed: 0:00:01 ETA: 0:00:00] Portfolio Val: 64,498.63Progress ||  66.77%  [Elapsed: 0:00:01 ETA: 0:00:00] Portfolio Val: 64,876.11Progress ||  66.88%  [Elapsed: 0:00:01 ETA: 0:00:00] Portfolio Val: 64,876.11Progress ||  66.92%  [Elapsed: 0:00:01 ETA: 0:00:00] Portfolio Val: 63,458.62Progress ||  67.02%  [Elapsed: 0:00:01 ETA: 0:00:00] Portfolio Val: 63,458.62Progress ||  67.07%  [Elapsed: 0:00:01 ETA: 0:00:00] Portfolio Val: 62,703.61Progress ||  67.17%  [Elapsed: 0:00:01 ETA: 0:00:00] Portfolio Val: 62,703.61Progress ||  67.32%  [Elapsed: 0:00:01 ETA: 0:00:00] Portfolio Val: 62,638.63Progress ||  67.47%  [Elapsed: 0:00:01 ETA: 0:00:00] Portfolio Val: 62,638.63Progress ||  67.52%  [Elapsed: 0:00:01 ETA: 0:00:00] Portfolio Val: 62,638.63Progress ||  67.62%  [Elapsed: 0:00:01 ETA: 0:00:00] Portfolio Val: 62,638.63Progress ||  67.67%  [Elapsed: 0:00:01 ETA: 0:00:00] Portfolio Val: 61,173.62Progress ||  67.77%  [Elapsed: 0:00:01 ETA: 0:00:00] Portfolio Val: 61,173.62Progress ||  67.82%  [Elapsed: 0:00:01 ETA: 0:00:00] Portfolio Val: 61,353.62Progress ||  67.92%  [Elapsed: 0:00:01 ETA: 0:00:00] Portfolio Val: 61,353.62Progress ||  68.07%  [Elapsed: 0:00:01 ETA: 0:00:00] Portfolio Val: 60,938.61Progress ||  68.10%  [Elapsed: 0:00:01 ETA: 0:00:00] Portfolio Val: 60,938.61Progress ||  68.22%  [Elapsed: 0:00:01 ETA: 0:00:00] Portfolio Val: 60,938.61Progress ||  68.37%  [Elapsed: 0:00:01 ETA: 0:00:00] Portfolio Val: 61,138.63Progress ||  68.52%  [Elapsed: 0:00:01 ETA: 0:00:00] Portfolio Val: 61,138.63Progress ||  68.57%  [Elapsed: 0:00:01 ETA: 0:00:00] Portfolio Val: 61,138.63Progress ||  68.67%  [Elapsed: 0:00:01 ETA: 0:00:00] Portfolio Val: 61,138.63Progress ||  68.72%  [Elapsed: 0:00:01 ETA: 0:00:00] Portfolio Val: 60,311.13Progress ||  68.82%  [Elapsed: 0:00:01 ETA: 0:00:00] Portfolio Val: 60,311.13Progress ||  68.87%  [Elapsed: 0:00:01 ETA: 0:00:00] Portfolio Val: 60,206.12Progress ||  68.97%  [Elapsed: 0:00:01 ETA: 0:00:00] Portfolio Val: 60,206.12Progress ||  69.01%  [Elapsed: 0:00:01 ETA: 0:00:00] Portfolio Val: 59,646.12Progress ||  69.12%  [Elapsed: 0:00:01 ETA: 0:00:00] Portfolio Val: 59,646.12Progress ||  69.16%  [Elapsed: 0:00:01 ETA: 0:00:00] Portfolio Val: 59,138.63Progress ||  69.27%  [Elapsed: 0:00:01 ETA: 0:00:00] Portfolio Val: 59,138.63Progress ||  69.42%  [Elapsed: 0:00:01 ETA: 0:00:00] Portfolio Val: 59,193.62Progress ||  69.57%  [Elapsed: 0:00:01 ETA: 0:00:00] Portfolio Val: 59,193.62Progress ||  69.61%  [Elapsed: 0:00:01 ETA: 0:00:00] Portfolio Val: 59,193.62Progress ||  69.72%  [Elapsed: 0:00:01 ETA: 0:00:00] Portfolio Val: 59,193.62Progress ||  69.76%  [Elapsed: 0:00:01 ETA: 0:00:00] Portfolio Val: 59,131.12Progress ||  69.86%  [Elapsed: 0:00:01 ETA: 0:00:00] Portfolio Val: 59,131.12Progress ||  69.91%  [Elapsed: 0:00:01 ETA: 0:00:00] Portfolio Val: 59,711.12Progress ||  70.01%  [Elapsed: 0:00:01 ETA: 0:00:00] Portfolio Val: 59,711.12Progress ||  70.06%  [Elapsed: 0:00:01 ETA: 0:00:00] Portfolio Val: 59,608.61Progress ||  70.16%  [Elapsed: 0:00:01 ETA: 0:00:00] Portfolio Val: 59,608.61Progress ||  70.21%  [Elapsed: 0:00:01 ETA: 0:00:00] Portfolio Val: 59,408.62Progress ||  70.31%  [Elapsed: 0:00:01 ETA: 0:00:00] Portfolio Val: 59,408.62Progress ||  70.46%  [Elapsed: 0:00:01 ETA: 0:00:00] Portfolio Val: 59,453.61Progress ||  70.61%  [Elapsed: 0:00:01 ETA: 0:00:00] Portfolio Val: 59,453.61Progress ||  70.66%  [Elapsed: 0:00:01 ETA: 0:00:00] Portfolio Val: 59,453.61Progress ||  70.76%  [Elapsed: 0:00:01 ETA: 0:00:00] Portfolio Val: 59,453.61Progress ||  70.81%  [Elapsed: 0:00:01 ETA: 0:00:00] Portfolio Val: 59,553.62Progress ||  70.91%  [Elapsed: 0:00:01 ETA: 0:00:00] Portfolio Val: 59,553.62Progress ||  70.96%  [Elapsed: 0:00:01 ETA: 0:00:00] Portfolio Val: 60,006.12Progress ||  71.06%  [Elapsed: 0:00:01 ETA: 0:00:00] Portfolio Val: 60,006.12Progress ||  71.11%  [Elapsed: 0:00:01 ETA: 0:00:00] Portfolio Val: 60,058.63Progress ||  71.21%  [Elapsed: 0:00:01 ETA: 0:00:00] Portfolio Val: 60,058.63Progress ||  71.26%  [Elapsed: 0:00:01 ETA: 0:00:00] Portfolio Val: 63,213.62Progress ||  71.36%  [Elapsed: 0:00:01 ETA: 0:00:00] Portfolio Val: 63,213.62Progress ||  71.51%  [Elapsed: 0:00:01 ETA: 0:00:00] Portfolio Val: 65,611.12Progress ||  71.66%  [Elapsed: 0:00:01 ETA: 0:00:00] Portfolio Val: 65,611.12Progress ||  71.71%  [Elapsed: 0:00:01 ETA: 0:00:00] Portfolio Val: 65,611.12Progress ||  71.81%  [Elapsed: 0:00:01 ETA: 0:00:00] Portfolio Val: 65,611.12Progress ||  71.84%  [Elapsed: 0:00:01 ETA: 0:00:00] Portfolio Val: 63,331.12Progress ||  71.96%  [Elapsed: 0:00:01 ETA: 0:00:00] Portfolio Val: 63,331.12Progress ||  72.11%  [Elapsed: 0:00:01 ETA: 0:00:00] Portfolio Val: 62,038.62Progress ||  72.15%  [Elapsed: 0:00:01 ETA: 0:00:00] Portfolio Val: 62,038.62Progress ||  72.26%  [Elapsed: 0:00:01 ETA: 0:00:00] Portfolio Val: 62,038.62Progress ||  72.30%  [Elapsed: 0:00:01 ETA: 0:00:00] Portfolio Val: 61,178.62Progress ||  72.41%  [Elapsed: 0:00:01 ETA: 0:00:00] Portfolio Val: 61,178.62Progress ||  72.56%  [Elapsed: 0:00:01 ETA: 0:00:00] Portfolio Val: 61,668.63Progress ||  72.70%  [Elapsed: 0:00:01 ETA: 0:00:00] Portfolio Val: 61,668.63Progress ||  72.75%  [Elapsed: 0:00:01 ETA: 0:00:00] Portfolio Val: 61,668.63Progress ||  72.85%  [Elapsed: 0:00:01 ETA: 0:00:00] Portfolio Val: 61,668.63Progress ||  72.90%  [Elapsed: 0:00:01 ETA: 0:00:00] Portfolio Val: 64,081.12Progress ||  73.00%  [Elapsed: 0:00:01 ETA: 0:00:00] Portfolio Val: 64,081.12Progress ||  73.15%  [Elapsed: 0:00:01 ETA: 0:00:00] Portfolio Val: 63,576.13Progress ||  73.20%  [Elapsed: 0:00:01 ETA: 0:00:00] Portfolio Val: 63,576.13Progress ||  73.30%  [Elapsed: 0:00:01 ETA: 0:00:00] Portfolio Val: 63,576.13Progress ||  73.35%  [Elapsed: 0:00:01 ETA: 0:00:00] Portfolio Val: 63,706.12Progress ||  73.45%  [Elapsed: 0:00:01 ETA: 0:00:00] Portfolio Val: 63,706.12Progress ||  73.60%  [Elapsed: 0:00:01 ETA: 0:00:00] Portfolio Val: 64,171.11Progress ||  73.75%  [Elapsed: 0:00:01 ETA: 0:00:00] Portfolio Val: 64,171.11Progress ||  73.80%  [Elapsed: 0:00:01 ETA: 0:00:00] Portfolio Val: 64,171.11Progress ||  73.90%  [Elapsed: 0:00:01 ETA: 0:00:00] Portfolio Val: 64,171.11Progress ||  73.95%  [Elapsed: 0:00:01 ETA: 0:00:00] Portfolio Val: 61,986.12Progress ||  74.05%  [Elapsed: 0:00:01 ETA: 0:00:00] Portfolio Val: 61,986.12Progress ||  74.10%  [Elapsed: 0:00:01 ETA: 0:00:00] Portfolio Val: 61,698.62Progress ||  74.20%  [Elapsed: 0:00:01 ETA: 0:00:00] Portfolio Val: 61,698.62Progress ||  74.35%  [Elapsed: 0:00:01 ETA: 0:00:00] Portfolio Val: 63,878.62Progress ||  74.40%  [Elapsed: 0:00:01 ETA: 0:00:00] Portfolio Val: 63,878.62Progress ||  74.50%  [Elapsed: 0:00:01 ETA: 0:00:00] Portfolio Val: 63,878.62Progress ||  74.65%  [Elapsed: 0:00:01 ETA: 0:00:00] Portfolio Val: 64,583.62Progress ||  74.80%  [Elapsed: 0:00:01 ETA: 0:00:00] Portfolio Val: 64,583.62Progress ||  74.84%  [Elapsed: 0:00:01 ETA: 0:00:00] Portfolio Val: 64,583.62Progress ||  74.95%  [Elapsed: 0:00:01 ETA: 0:00:00] Portfolio Val: 64,583.62Progress ||  74.99%  [Elapsed: 0:00:01 ETA: 0:00:00] Portfolio Val: 67,111.12Progress ||  75.10%  [Elapsed: 0:00:01 ETA: 0:00:00] Portfolio Val: 67,111.12Progress ||  75.14%  [Elapsed: 0:00:01 ETA: 0:00:00] Portfolio Val: 64,963.62Progress ||  75.25%  [Elapsed: 0:00:01 ETA: 0:00:00] Portfolio Val: 64,963.62Progress ||  75.29%  [Elapsed: 0:00:01 ETA: 0:00:00] Portfolio Val: 63,471.12Progress ||  75.40%  [Elapsed: 0:00:01 ETA: 0:00:00] Portfolio Val: 63,471.12Progress ||  75.44%  [Elapsed: 0:00:01 ETA: 0:00:00] Portfolio Val: 62,511.12Progress ||  75.55%  [Elapsed: 0:00:01 ETA: 0:00:00] Portfolio Val: 62,511.12Progress ||  75.69%  [Elapsed: 0:00:01 ETA: 0:00:00] Portfolio Val: 61,813.61Progress ||  75.84%  [Elapsed: 0:00:01 ETA: 0:00:00] Portfolio Val: 61,813.61Progress ||  75.99%  [Elapsed: 0:00:01 ETA: 0:00:00] Portfolio Val: 61,813.61Progress ||  76.04%  [Elapsed: 0:00:01 ETA: 0:00:00] Portfolio Val: 61,813.61Progress ||  76.14%  [Elapsed: 0:00:01 ETA: 0:00:00] Portfolio Val: 61,813.61Progress ||  76.19%  [Elapsed: 0:00:01 ETA: 0:00:00] Portfolio Val: 60,886.12Progress ||  76.29%  [Elapsed: 0:00:01 ETA: 0:00:00] Portfolio Val: 60,886.12Progress ||  76.34%  [Elapsed: 0:00:01 ETA: 0:00:00] Portfolio Val: 59,573.62Progress ||  76.44%  [Elapsed: 0:00:01 ETA: 0:00:00] Portfolio Val: 59,573.62Progress ||  76.49%  [Elapsed: 0:00:01 ETA: 0:00:00] Portfolio Val: 59,603.62Progress ||  76.59%  [Elapsed: 0:00:01 ETA: 0:00:00] Portfolio Val: 59,603.62Progress ||  76.74%  [Elapsed: 0:00:01 ETA: 0:00:00] Portfolio Val: 58,601.12Progress ||  76.89%  [Elapsed: 0:00:01 ETA: 0:00:00] Portfolio Val: 58,601.12Progress ||  76.94%  [Elapsed: 0:00:01 ETA: 0:00:00] Portfolio Val: 58,601.12Progress ||  77.04%  [Elapsed: 0:00:01 ETA: 0:00:00] Portfolio Val: 58,601.12Progress ||  77.09%  [Elapsed: 0:00:01 ETA: 0:00:00] Portfolio Val: 62,351.12Progress ||  77.19%  [Elapsed: 0:00:01 ETA: 0:00:00] Portfolio Val: 62,351.12Progress ||  77.24%  [Elapsed: 0:00:01 ETA: 0:00:00] Portfolio Val: 60,898.62Progress ||  77.34%  [Elapsed: 0:00:01 ETA: 0:00:00] Portfolio Val: 60,898.62Progress ||  77.39%  [Elapsed: 0:00:01 ETA: 0:00:00] Portfolio Val: 60,123.63Progress ||  77.49%  [Elapsed: 0:00:01 ETA: 0:00:00] Portfolio Val: 60,123.63Progress ||  77.53%  [Elapsed: 0:00:01 ETA: 0:00:00] Portfolio Val: 60,063.61Progress ||  77.64%  [Elapsed: 0:00:01 ETA: 0:00:00] Portfolio Val: 60,063.61Progress ||  77.79%  [Elapsed: 0:00:01 ETA: 0:00:00] Portfolio Val: 59,178.62Progress ||  77.94%  [Elapsed: 0:00:01 ETA: 0:00:00] Portfolio Val: 59,178.62Progress ||  77.98%  [Elapsed: 0:00:01 ETA: 0:00:00] Portfolio Val: 59,178.62Progress ||  78.09%  [Elapsed: 0:00:01 ETA: 0:00:00] Portfolio Val: 59,178.62Progress ||  78.13%  [Elapsed: 0:00:01 ETA: 0:00:00] Portfolio Val: 62,886.12Progress ||  78.24%  [Elapsed: 0:00:01 ETA: 0:00:00] Portfolio Val: 62,886.12Progress ||  78.28%  [Elapsed: 0:00:01 ETA: 0:00:00] Portfolio Val: 61,596.12Progress ||  78.39%  [Elapsed: 0:00:01 ETA: 0:00:00] Portfolio Val: 61,596.12Progress ||  78.43%  [Elapsed: 0:00:01 ETA: 0:00:00] Portfolio Val: 60,893.62Progress ||  78.53%  [Elapsed: 0:00:01 ETA: 0:00:00] Portfolio Val: 60,893.62Progress ||  78.58%  [Elapsed: 0:00:01 ETA: 0:00:00] Portfolio Val: 59,556.12Progress ||  78.68%  [Elapsed: 0:00:01 ETA: 0:00:00] Portfolio Val: 59,556.12Progress ||  78.83%  [Elapsed: 0:00:01 ETA: 0:00:00] Portfolio Val: 59,331.12Progress ||  78.98%  [Elapsed: 0:00:01 ETA: 0:00:00] Portfolio Val: 59,331.12Progress ||  79.03%  [Elapsed: 0:00:01 ETA: 0:00:00] Portfolio Val: 59,331.12Progress ||  79.13%  [Elapsed: 0:00:01 ETA: 0:00:00] Portfolio Val: 59,331.12Progress ||  79.18%  [Elapsed: 0:00:01 ETA: 0:00:00] Portfolio Val: 60,046.11Progress ||  79.28%  [Elapsed: 0:00:01 ETA: 0:00:00] Portfolio Val: 60,046.11Progress ||  79.33%  [Elapsed: 0:00:01 ETA: 0:00:00] Portfolio Val: 60,416.12Progress ||  79.43%  [Elapsed: 0:00:01 ETA: 0:00:00] Portfolio Val: 60,416.12Progress ||  79.48%  [Elapsed: 0:00:01 ETA: 0:00:00] Portfolio Val: 61,253.62Progress ||  79.58%  [Elapsed: 0:00:01 ETA: 0:00:00] Portfolio Val: 61,253.62Progress ||  79.63%  [Elapsed: 0:00:01 ETA: 0:00:00] Portfolio Val: 59,933.63Progress ||  79.73%  [Elapsed: 0:00:01 ETA: 0:00:00] Portfolio Val: 59,933.63Progress ||  79.88%  [Elapsed: 0:00:01 ETA: 0:00:00] Portfolio Val: 58,568.62Progress ||  80.03%  [Elapsed: 0:00:01 ETA: 0:00:00] Portfolio Val: 58,568.62Progress ||  80.18%  [Elapsed: 0:00:01 ETA: 0:00:00] Portfolio Val: 58,568.62Progress ||  80.23%  [Elapsed: 0:00:01 ETA: 0:00:00] Portfolio Val: 58,568.62Progress ||  80.33%  [Elapsed: 0:00:01 ETA: 0:00:00] Portfolio Val: 58,568.62Progress ||  80.38%  [Elapsed: 0:00:01 ETA: 0:00:00] Portfolio Val: 58,333.62Progress ||  80.48%  [Elapsed: 0:00:01 ETA: 0:00:00] Portfolio Val: 58,333.62Progress ||  80.52%  [Elapsed: 0:00:01 ETA: 0:00:00] Portfolio Val: 58,533.62Progress ||  80.63%  [Elapsed: 0:00:01 ETA: 0:00:00] Portfolio Val: 58,533.62Progress ||  80.67%  [Elapsed: 0:00:01 ETA: 0:00:00] Portfolio Val: 58,168.63Progress ||  80.78%  [Elapsed: 0:00:01 ETA: 0:00:00] Portfolio Val: 58,168.63Progress ||  80.93%  [Elapsed: 0:00:01 ETA: 0:00:00] Portfolio Val: 58,513.63Progress ||  81.08%  [Elapsed: 0:00:01 ETA: 0:00:00] Portfolio Val: 58,513.63Progress ||  81.12%  [Elapsed: 0:00:01 ETA: 0:00:00] Portfolio Val: 58,513.63Progress ||  81.23%  [Elapsed: 0:00:01 ETA: 0:00:00] Portfolio Val: 58,513.63Progress ||  81.27%  [Elapsed: 0:00:01 ETA: 0:00:00] Portfolio Val: 60,548.62Progress ||  81.37%  [Elapsed: 0:00:01 ETA: 0:00:00] Portfolio Val: 60,548.62Progress ||  81.42%  [Elapsed: 0:00:01 ETA: 0:00:00] Portfolio Val: 61,766.11Progress ||  81.52%  [Elapsed: 0:00:01 ETA: 0:00:00] Portfolio Val: 61,766.11Progress ||  81.57%  [Elapsed: 0:00:01 ETA: 0:00:00] Portfolio Val: 62,071.12Progress ||  81.67%  [Elapsed: 0:00:01 ETA: 0:00:00] Portfolio Val: 62,071.12Progress ||  81.72%  [Elapsed: 0:00:01 ETA: 0:00:00] Portfolio Val: 61,841.13Progress ||  81.82%  [Elapsed: 0:00:01 ETA: 0:00:00] Portfolio Val: 61,841.13Progress ||  81.97%  [Elapsed: 0:00:01 ETA: 0:00:00] Portfolio Val: 64,663.62Progress ||  82.12%  [Elapsed: 0:00:01 ETA: 0:00:00] Portfolio Val: 64,663.62Progress ||  82.17%  [Elapsed: 0:00:01 ETA: 0:00:00] Portfolio Val: 64,663.62Progress ||  82.27%  [Elapsed: 0:00:01 ETA: 0:00:00] Portfolio Val: 64,663.62Progress ||  82.32%  [Elapsed: 0:00:01 ETA: 0:00:00] Portfolio Val: 62,008.62Progress ||  82.42%  [Elapsed: 0:00:01 ETA: 0:00:00] Portfolio Val: 62,008.62Progress ||  82.47%  [Elapsed: 0:00:01 ETA: 0:00:00] Portfolio Val: 66,126.11Progress ||  82.57%  [Elapsed: 0:00:01 ETA: 0:00:00] Portfolio Val: 66,126.11Progress ||  82.62%  [Elapsed: 0:00:01 ETA: 0:00:00] Portfolio Val: 66,881.12Progress ||  82.72%  [Elapsed: 0:00:01 ETA: 0:00:00] Portfolio Val: 66,881.12Progress ||  82.77%  [Elapsed: 0:00:01 ETA: 0:00:00] Portfolio Val: 67,183.63Progress ||  82.87%  [Elapsed: 0:00:01 ETA: 0:00:00] Portfolio Val: 67,183.63Progress ||  83.02%  [Elapsed: 0:00:01 ETA: 0:00:00] Portfolio Val: 68,328.61Progress ||  83.17%  [Elapsed: 0:00:01 ETA: 0:00:00] Portfolio Val: 68,328.61Progress ||  83.21%  [Elapsed: 0:00:01 ETA: 0:00:00] Portfolio Val: 68,328.61Progress ||  83.32%  [Elapsed: 0:00:01 ETA: 0:00:00] Portfolio Val: 68,328.61Progress ||  83.36%  [Elapsed: 0:00:01 ETA: 0:00:00] Portfolio Val: 69,156.11Progress ||  83.47%  [Elapsed: 0:00:01 ETA: 0:00:00] Portfolio Val: 69,156.11Progress ||  83.51%  [Elapsed: 0:00:01 ETA: 0:00:00] Portfolio Val: 71,203.61Progress ||  83.62%  [Elapsed: 0:00:01 ETA: 0:00:00] Portfolio Val: 71,203.61Progress ||  83.66%  [Elapsed: 0:00:01 ETA: 0:00:00] Portfolio Val: 70,511.12Progress ||  83.77%  [Elapsed: 0:00:01 ETA: 0:00:00] Portfolio Val: 70,511.12Progress ||  83.81%  [Elapsed: 0:00:01 ETA: 0:00:00] Portfolio Val: 71,431.12Progress ||  83.92%  [Elapsed: 0:00:01 ETA: 0:00:00] Portfolio Val: 71,431.12Progress ||  84.07%  [Elapsed: 0:00:01 ETA: 0:00:00] Portfolio Val: 72,026.12Progress ||  84.21%  [Elapsed: 0:00:01 ETA: 0:00:00] Portfolio Val: 72,026.12Progress ||  84.26%  [Elapsed: 0:00:01 ETA: 0:00:00] Portfolio Val: 72,026.12Progress ||  84.36%  [Elapsed: 0:00:01 ETA: 0:00:00] Portfolio Val: 72,026.12Progress ||  84.40%  [Elapsed: 0:00:01 ETA: 0:00:00] Portfolio Val: 70,356.13Progress ||  84.51%  [Elapsed: 0:00:01 ETA: 0:00:00] Portfolio Val: 70,356.13Progress ||  84.55%  [Elapsed: 0:00:01 ETA: 0:00:00] Portfolio Val: 69,853.62Progress ||  84.66%  [Elapsed: 0:00:01 ETA: 0:00:00] Portfolio Val: 69,853.62Progress ||  84.70%  [Elapsed: 0:00:01 ETA: 0:00:00] Portfolio Val: 70,346.12Progress ||  84.81%  [Elapsed: 0:00:01 ETA: 0:00:00] Portfolio Val: 70,346.12Progress ||  84.85%  [Elapsed: 0:00:01 ETA: 0:00:00] Portfolio Val: 70,221.12Progress ||  84.96%  [Elapsed: 0:00:01 ETA: 0:00:00] Portfolio Val: 70,221.12Progress ||  85.11%  [Elapsed: 0:00:01 ETA: 0:00:00] Portfolio Val: 71,233.61Progress ||  85.26%  [Elapsed: 0:00:01 ETA: 0:00:00] Portfolio Val: 71,233.61Progress ||  85.30%  [Elapsed: 0:00:01 ETA: 0:00:00] Portfolio Val: 71,233.61Progress ||  85.41%  [Elapsed: 0:00:01 ETA: 0:00:00] Portfolio Val: 71,233.61Progress ||  85.45%  [Elapsed: 0:00:01 ETA: 0:00:00] Portfolio Val: 68,353.62Progress ||  85.56%  [Elapsed: 0:00:01 ETA: 0:00:00] Portfolio Val: 68,353.62Progress ||  85.60%  [Elapsed: 0:00:01 ETA: 0:00:00] Portfolio Val: 67,228.62Progress ||  85.71%  [Elapsed: 0:00:01 ETA: 0:00:00] Portfolio Val: 67,228.62Progress ||  85.75%  [Elapsed: 0:00:01 ETA: 0:00:00] Portfolio Val: 67,256.12Progress ||  85.86%  [Elapsed: 0:00:01 ETA: 0:00:00] Portfolio Val: 67,256.12Progress ||  85.90%  [Elapsed: 0:00:01 ETA: 0:00:00] Portfolio Val: 69,258.62Progress ||  86.01%  [Elapsed: 0:00:01 ETA: 0:00:00] Portfolio Val: 69,258.62Progress ||  86.16%  [Elapsed: 0:00:01 ETA: 0:00:00] Portfolio Val: 69,671.11Progress ||  86.31%  [Elapsed: 0:00:01 ETA: 0:00:00] Portfolio Val: 69,671.11Progress ||  86.35%  [Elapsed: 0:00:01 ETA: 0:00:00] Portfolio Val: 69,671.11Progress ||  86.46%  [Elapsed: 0:00:01 ETA: 0:00:00] Portfolio Val: 69,671.11Progress ||  86.50%  [Elapsed: 0:00:01 ETA: 0:00:00] Portfolio Val: 73,596.12Progress ||  86.61%  [Elapsed: 0:00:01 ETA: 0:00:00] Portfolio Val: 73,596.12Progress ||  86.65%  [Elapsed: 0:00:01 ETA: 0:00:00] Portfolio Val: 71,691.12Progress ||  86.76%  [Elapsed: 0:00:01 ETA: 0:00:00] Portfolio Val: 71,691.12Progress ||  86.80%  [Elapsed: 0:00:01 ETA: 0:00:00] Portfolio Val: 72,291.12Progress ||  86.91%  [Elapsed: 0:00:01 ETA: 0:00:00] Portfolio Val: 72,291.12Progress ||  86.95%  [Elapsed: 0:00:01 ETA: 0:00:00] Portfolio Val: 74,776.12Progress ||  87.05%  [Elapsed: 0:00:01 ETA: 0:00:00] Portfolio Val: 74,776.12Progress ||  87.20%  [Elapsed: 0:00:01 ETA: 0:00:00] Portfolio Val: 80,136.12Progress ||  87.35%  [Elapsed: 0:00:01 ETA: 0:00:00] Portfolio Val: 80,136.12Progress ||  87.39%  [Elapsed: 0:00:01 ETA: 0:00:00] Portfolio Val: 80,136.12Progress ||  87.50%  [Elapsed: 0:00:01 ETA: 0:00:00] Portfolio Val: 80,136.12Progress ||  87.54%  [Elapsed: 0:00:01 ETA: 0:00:00] Portfolio Val: 88,756.12Progress ||  87.65%  [Elapsed: 0:00:01 ETA: 0:00:00] Portfolio Val: 88,756.12Progress ||  87.69%  [Elapsed: 0:00:01 ETA: 0:00:00] Portfolio Val: 80,588.62Progress ||  87.80%  [Elapsed: 0:00:01 ETA: 0:00:00] Portfolio Val: 80,588.62Progress ||  87.84%  [Elapsed: 0:00:01 ETA: 0:00:00] Portfolio Val: 87,693.62Progress ||  87.95%  [Elapsed: 0:00:01 ETA: 0:00:00] Portfolio Val: 87,693.62Progress ||  87.99%  [Elapsed: 0:00:01 ETA: 0:00:00] Portfolio Val: 78,011.12Progress ||  88.10%  [Elapsed: 0:00:01 ETA: 0:00:00] Portfolio Val: 78,011.12Progress ||  88.25%  [Elapsed: 0:00:01 ETA: 0:00:00] Portfolio Val: 80,301.12Progress ||  88.40%  [Elapsed: 0:00:01 ETA: 0:00:00] Portfolio Val: 80,301.12Progress ||  88.44%  [Elapsed: 0:00:01 ETA: 0:00:00] Portfolio Val: 80,301.12Progress ||  88.55%  [Elapsed: 0:00:01 ETA: 0:00:00] Portfolio Val: 80,301.12Progress ||  88.59%  [Elapsed: 0:00:01 ETA: 0:00:00] Portfolio Val: 75,041.12Progress ||  88.70%  [Elapsed: 0:00:01 ETA: 0:00:00] Portfolio Val: 75,041.12Progress ||  88.74%  [Elapsed: 0:00:01 ETA: 0:00:00] Portfolio Val: 76,136.12Progress ||  88.85%  [Elapsed: 0:00:01 ETA: 0:00:00] Portfolio Val: 76,136.12Progress ||  88.89%  [Elapsed: 0:00:01 ETA: 0:00:00] Portfolio Val: 78,133.62Progress ||  89.00%  [Elapsed: 0:00:01 ETA: 0:00:00] Portfolio Val: 78,133.62Progress ||  89.15%  [Elapsed: 0:00:01 ETA: 0:00:00] Portfolio Val: 79,143.62Progress ||  89.30%  [Elapsed: 0:00:01 ETA: 0:00:00] Portfolio Val: 79,143.62Progress ||  89.45%  [Elapsed: 0:00:01 ETA: 0:00:00] Portfolio Val: 79,143.62Progress ||  89.49%  [Elapsed: 0:00:01 ETA: 0:00:00] Portfolio Val: 79,143.62Progress ||  89.60%  [Elapsed: 0:00:01 ETA: 0:00:00] Portfolio Val: 79,143.62Progress ||  89.64%  [Elapsed: 0:00:01 ETA: 0:00:00] Portfolio Val: 80,763.63Progress ||  89.75%  [Elapsed: 0:00:01 ETA: 0:00:00] Portfolio Val: 80,763.63Progress ||  89.79%  [Elapsed: 0:00:01 ETA: 0:00:00] Portfolio Val: 81,018.62Progress ||  89.89%  [Elapsed: 0:00:01 ETA: 0:00:00] Portfolio Val: 81,018.62Progress ||  89.94%  [Elapsed: 0:00:01 ETA: 0:00:00] Portfolio Val: 75,946.12Progress ||  90.04%  [Elapsed: 0:00:01 ETA: 0:00:00] Portfolio Val: 75,946.12Progress ||  90.08%  [Elapsed: 0:00:01 ETA: 0:00:00] Portfolio Val: 76,873.63Progress ||  90.19%  [Elapsed: 0:00:01 ETA: 0:00:00] Portfolio Val: 76,873.63Progress ||  90.34%  [Elapsed: 0:00:01 ETA: 0:00:00] Portfolio Val: 74,391.11Progress ||  90.49%  [Elapsed: 0:00:01 ETA: 0:00:00] Portfolio Val: 74,391.11Progress ||  90.53%  [Elapsed: 0:00:01 ETA: 0:00:00] Portfolio Val: 74,391.11Progress ||  90.64%  [Elapsed: 0:00:01 ETA: 0:00:00] Portfolio Val: 74,391.11Progress ||  90.68%  [Elapsed: 0:00:01 ETA: 0:00:00] Portfolio Val: 73,206.12Progress ||  90.79%  [Elapsed: 0:00:01 ETA: 0:00:00] Portfolio Val: 73,206.12Progress ||  90.83%  [Elapsed: 0:00:01 ETA: 0:00:00] Portfolio Val: 73,826.13Progress ||  90.94%  [Elapsed: 0:00:01 ETA: 0:00:00] Portfolio Val: 73,826.13Progress ||  90.98%  [Elapsed: 0:00:01 ETA: 0:00:00] Portfolio Val: 74,161.12Progress ||  91.09%  [Elapsed: 0:00:01 ETA: 0:00:00] Portfolio Val: 74,161.12Progress ||  91.13%  [Elapsed: 0:00:01 ETA: 0:00:00] Portfolio Val: 70,961.12Progress ||  91.24%  [Elapsed: 0:00:01 ETA: 0:00:00] Portfolio Val: 70,961.12Progress ||  91.39%  [Elapsed: 0:00:01 ETA: 0:00:00] Portfolio Val: 69,871.13Progress ||  91.54%  [Elapsed: 0:00:01 ETA: 0:00:00] Portfolio Val: 69,871.13Progress ||  91.58%  [Elapsed: 0:00:01 ETA: 0:00:00] Portfolio Val: 69,871.13Progress ||  91.69%  [Elapsed: 0:00:01 ETA: 0:00:00] Portfolio Val: 69,871.13Progress ||  91.73%  [Elapsed: 0:00:01 ETA: 0:00:00] Portfolio Val: 70,411.12Progress ||  91.84%  [Elapsed: 0:00:01 ETA: 0:00:00] Portfolio Val: 70,411.12Progress ||  91.88%  [Elapsed: 0:00:01 ETA: 0:00:00] Portfolio Val: 71,571.12Progress ||  91.99%  [Elapsed: 0:00:01 ETA: 0:00:00] Portfolio Val: 71,571.12Progress ||  92.03%  [Elapsed: 0:00:01 ETA: 0:00:00] Portfolio Val: 71,016.11Progress ||  92.14%  [Elapsed: 0:00:01 ETA: 0:00:00] Portfolio Val: 71,016.11Progress ||  92.18%  [Elapsed: 0:00:01 ETA: 0:00:00] Portfolio Val: 69,743.62Progress ||  92.29%  [Elapsed: 0:00:01 ETA: 0:00:00] Portfolio Val: 69,743.62Progress ||  92.44%  [Elapsed: 0:00:01 ETA: 0:00:00] Portfolio Val: 69,433.63Progress ||  92.59%  [Elapsed: 0:00:01 ETA: 0:00:00] Portfolio Val: 69,433.63Progress ||  92.63%  [Elapsed: 0:00:01 ETA: 0:00:00] Portfolio Val: 69,433.63Progress ||  92.73%  [Elapsed: 0:00:01 ETA: 0:00:00] Portfolio Val: 69,433.63Progress ||  92.78%  [Elapsed: 0:00:01 ETA: 0:00:00] Portfolio Val: 65,686.13Progress ||  92.88%  [Elapsed: 0:00:01 ETA: 0:00:00] Portfolio Val: 65,686.13Progress ||  92.92%  [Elapsed: 0:00:01 ETA: 0:00:00] Portfolio Val: 65,201.13Progress ||  93.03%  [Elapsed: 0:00:01 ETA: 0:00:00] Portfolio Val: 65,201.13Progress ||  93.07%  [Elapsed: 0:00:01 ETA: 0:00:00] Portfolio Val: 64,101.12Progress ||  93.18%  [Elapsed: 0:00:01 ETA: 0:00:00] Portfolio Val: 64,101.12Progress ||  93.22%  [Elapsed: 0:00:01 ETA: 0:00:00] Portfolio Val: 64,663.62Progress ||  93.33%  [Elapsed: 0:00:01 ETA: 0:00:00] Portfolio Val: 64,663.62Progress ||  93.48%  [Elapsed: 0:00:01 ETA: 0:00:00] Portfolio Val: 63,241.12Progress ||  93.63%  [Elapsed: 0:00:01 ETA: 0:00:00] Portfolio Val: 63,241.12Progress ||  93.67%  [Elapsed: 0:00:01 ETA: 0:00:00] Portfolio Val: 63,241.12Progress ||  93.78%  [Elapsed: 0:00:01 ETA: 0:00:00] Portfolio Val: 63,241.12Progress ||  93.82%  [Elapsed: 0:00:01 ETA: 0:00:00] Portfolio Val: 64,028.63Progress ||  93.93%  [Elapsed: 0:00:01 ETA: 0:00:00] Portfolio Val: 64,028.63Progress ||  93.97%  [Elapsed: 0:00:01 ETA: 0:00:00] Portfolio Val: 62,781.11Progress ||  94.08%  [Elapsed: 0:00:01 ETA: 0:00:00] Portfolio Val: 62,781.11Progress ||  94.12%  [Elapsed: 0:00:01 ETA: 0:00:00] Portfolio Val: 63,943.62Progress ||  94.23%  [Elapsed: 0:00:01 ETA: 0:00:00] Portfolio Val: 63,943.62Progress ||  94.27%  [Elapsed: 0:00:01 ETA: 0:00:00] Portfolio Val: 65,388.63Progress ||  94.38%  [Elapsed: 0:00:01 ETA: 0:00:00] Portfolio Val: 65,388.63Progress ||  94.53%  [Elapsed: 0:00:01 ETA: 0:00:00] Portfolio Val: 67,058.63Progress ||  94.68%  [Elapsed: 0:00:01 ETA: 0:00:00] Portfolio Val: 67,058.63Progress ||  94.83%  [Elapsed: 0:00:01 ETA: 0:00:00] Portfolio Val: 67,058.63Progress ||  94.87%  [Elapsed: 0:00:01 ETA: 0:00:00] Portfolio Val: 67,058.63Progress ||  94.98%  [Elapsed: 0:00:01 ETA: 0:00:00] Portfolio Val: 67,058.63Progress ||  95.02%  [Elapsed: 0:00:01 ETA: 0:00:00] Portfolio Val: 64,536.12Progress ||  95.13%  [Elapsed: 0:00:01 ETA: 0:00:00] Portfolio Val: 64,536.12Progress ||  95.17%  [Elapsed: 0:00:01 ETA: 0:00:00] Portfolio Val: 63,163.62Progress ||  95.28%  [Elapsed: 0:00:01 ETA: 0:00:00] Portfolio Val: 63,163.62Progress ||  95.32%  [Elapsed: 0:00:01 ETA: 0:00:00] Portfolio Val: 62,788.62Progress ||  95.43%  [Elapsed: 0:00:01 ETA: 0:00:00] Portfolio Val: 62,788.62Progress ||  95.57%  [Elapsed: 0:00:01 ETA: 0:00:00] Portfolio Val: 63,821.12Progress ||  95.72%  [Elapsed: 0:00:01 ETA: 0:00:00] Portfolio Val: 63,821.12Progress ||  95.76%  [Elapsed: 0:00:01 ETA: 0:00:00] Portfolio Val: 63,821.12Progress ||  95.87%  [Elapsed: 0:00:01 ETA: 0:00:00] Portfolio Val: 63,821.12Progress ||  95.91%  [Elapsed: 0:00:01 ETA: 0:00:00] Portfolio Val: 64,113.62Progress ||  96.02%  [Elapsed: 0:00:01 ETA: 0:00:00] Portfolio Val: 64,113.62Progress ||  96.06%  [Elapsed: 0:00:01 ETA: 0:00:00] Portfolio Val: 62,968.61Progress ||  96.17%  [Elapsed: 0:00:01 ETA: 0:00:00] Portfolio Val: 62,968.61Progress ||  96.21%  [Elapsed: 0:00:01 ETA: 0:00:00] Portfolio Val: 61,813.61Progress ||  96.32%  [Elapsed: 0:00:01 ETA: 0:00:00] Portfolio Val: 61,813.61Progress ||  96.36%  [Elapsed: 0:00:01 ETA: 0:00:00] Portfolio Val: 61,646.12Progress ||  96.47%  [Elapsed: 0:00:01 ETA: 0:00:00] Portfolio Val: 61,646.12Progress ||  96.62%  [Elapsed: 0:00:01 ETA: 0:00:00] Portfolio Val: 61,388.63Progress ||  96.77%  [Elapsed: 0:00:01 ETA: 0:00:00] Portfolio Val: 61,388.63Progress ||  96.81%  [Elapsed: 0:00:01 ETA: 0:00:00] Portfolio Val: 61,388.63Progress ||  96.92%  [Elapsed: 0:00:01 ETA: 0:00:00] Portfolio Val: 61,388.63Progress ||  96.96%  [Elapsed: 0:00:01 ETA: 0:00:00] Portfolio Val: 61,123.63Progress ||  97.07%  [Elapsed: 0:00:01 ETA: 0:00:00] Portfolio Val: 61,123.63Progress ||  97.11%  [Elapsed: 0:00:01 ETA: 0:00:00] Portfolio Val: 60,998.63Progress ||  97.22%  [Elapsed: 0:00:01 ETA: 0:00:00] Portfolio Val: 60,998.63Progress ||  97.26%  [Elapsed: 0:00:01 ETA: 0:00:00] Portfolio Val: 60,006.12Progress ||  97.37%  [Elapsed: 0:00:01 ETA: 0:00:00] Portfolio Val: 60,006.12Progress ||  97.41%  [Elapsed: 0:00:01 ETA: 0:00:00] Portfolio Val: 61,051.12Progress ||  97.52%  [Elapsed: 0:00:01 ETA: 0:00:00] Portfolio Val: 61,051.12Progress ||  97.67%  [Elapsed: 0:00:01 ETA: 0:00:00] Portfolio Val: 61,428.62Progress ||  97.82%  [Elapsed: 0:00:01 ETA: 0:00:00] Portfolio Val: 61,428.62Progress ||  97.86%  [Elapsed: 0:00:01 ETA: 0:00:00] Portfolio Val: 61,428.62Progress ||  97.97%  [Elapsed: 0:00:01 ETA: 0:00:00] Portfolio Val: 61,428.62Progress ||  98.01%  [Elapsed: 0:00:01 ETA: 0:00:00] Portfolio Val: 60,953.61Progress ||  98.12%  [Elapsed: 0:00:01 ETA: 0:00:00] Portfolio Val: 60,953.61Progress ||  98.16%  [Elapsed: 0:00:01 ETA: 0:00:00] Portfolio Val: 61,001.11Progress ||  98.27%  [Elapsed: 0:00:01 ETA: 0:00:00] Portfolio Val: 61,001.11Progress ||  98.42%  [Elapsed: 0:00:01 ETA: 0:00:00] Portfolio Val: 61,443.62Progress ||  98.46%  [Elapsed: 0:00:01 ETA: 0:00:00] Portfolio Val: 61,443.62Progress ||  98.56%  [Elapsed: 0:00:01 ETA: 0:00:00] Portfolio Val: 61,443.62Progress ||  98.71%  [Elapsed: 0:00:01 ETA: 0:00:00] Portfolio Val: 61,458.62Progress ||  98.86%  [Elapsed: 0:00:01 ETA: 0:00:00] Portfolio Val: 61,458.62Progress ||  98.90%  [Elapsed: 0:00:01 ETA: 0:00:00] Portfolio Val: 61,458.62Progress ||  99.01%  [Elapsed: 0:00:01 ETA: 0:00:00] Portfolio Val: 61,458.62Progress ||  99.05%  [Elapsed: 0:00:01 ETA: 0:00:00] Portfolio Val: 62,293.63Progress ||  99.16%  [Elapsed: 0:00:01 ETA: 0:00:00] Portfolio Val: 62,293.63Progress ||  99.20%  [Elapsed: 0:00:01 ETA: 0:00:00] Portfolio Val: 59,971.12Progress ||  99.31%  [Elapsed: 0:00:01 ETA: 0:00:00] Portfolio Val: 59,971.12Progress ||  99.35%  [Elapsed: 0:00:01 ETA: 0:00:00] Portfolio Val: 59,076.13Progress ||  99.46%  [Elapsed: 0:00:01 ETA: 0:00:00] Portfolio Val: 59,076.13Progress ||  99.50%  [Elapsed: 0:00:01 ETA: 0:00:00] Portfolio Val: 58,806.12Progress ||  99.61%  [Elapsed: 0:00:01 ETA: 0:00:00] Portfolio Val: 58,806.12Progress ||  99.76%  [Elapsed: 0:00:01 ETA: 0:00:00] Portfolio Val: 57,833.62Progress ||  99.91%  [Elapsed: 0:00:01 ETA: 0:00:00] Portfolio Val: 57,833.62Progress ||  99.95%  [Elapsed: 0:00:01 ETA: 0:00:00] Portfolio Val: 57,833.62Progress || 100.00%  [Elapsed: 0:00:01 ETA: 0:00:00] Portfolio Val: 57,833.62Progress || 100.00%  [Elapsed: 0:00:01 ETA: 0:00:00] Progress || 100.00%  [Elapsed: 0:00:01 ETA: 0:00:00] XFAIL
tests/backtest/test_example_strategies.py::TestExampleStrategies::test_options_hold_to_expiry Progress ||   0.05%  [Elapsed: 0:00:00 ETA: 0:23:33] Progress ||   0.06%  [Elapsed: 0:00:00 ETA: 0:23:47] Progress ||   0.10%  [Elapsed: 0:00:03 ETA: 1:01:37] Portfolio Val: 100,000.00Progress ||   0.21%  [Elapsed: 0:00:03 ETA: 0:29:25] Portfolio Val: 100,000.00Progress ||   0.36%  [Elapsed: 0:00:03 ETA: 0:17:06] Portfolio Val: 98,620.00Progress ||   0.51%  [Elapsed: 0:00:03 ETA: 0:12:03] Portfolio Val: 98,620.00Progress ||   0.66%  [Elapsed: 0:00:03 ETA: 0:09:18] Portfolio Val: 98,620.00Progress ||   0.70%  [Elapsed: 0:00:03 ETA: 0:08:45] Portfolio Val: 98,580.00Progress ||   0.81%  [Elapsed: 0:00:03 ETA: 0:07:34] Portfolio Val: 98,580.00Progress ||   0.85%  [Elapsed: 0:00:03 ETA: 0:07:12] Portfolio Val: 97,570.00Progress ||   0.96%  [Elapsed: 0:00:03 ETA: 0:06:22] Portfolio Val: 97,570.00Progress ||   1.00%  [Elapsed: 0:00:03 ETA: 0:06:06] Portfolio Val: 95,160.00Progress ||   1.11%  [Elapsed: 0:00:03 ETA: 0:05:30] Portfolio Val: 95,160.00Progress ||   1.15%  [Elapsed: 0:00:03 ETA: 0:05:18] Portfolio Val: 95,510.00Progress ||   1.25%  [Elapsed: 0:00:03 ETA: 0:04:50] Portfolio Val: 95,510.00Progress ||   1.40%  [Elapsed: 0:00:03 ETA: 0:04:19] Portfolio Val: 95,290.00Progress ||   1.55%  [Elapsed: 0:00:03 ETA: 0:03:54] Portfolio Val: 95,290.00Progress ||   1.59%  [Elapsed: 0:00:03 ETA: 0:03:48] Portfolio Val: 95,290.00Progress ||   1.70%  [Elapsed: 0:00:03 ETA: 0:03:33] Portfolio Val: 95,290.00Progress ||   1.74%  [Elapsed: 0:00:03 ETA: 0:03:28] Portfolio Val: 96,340.00Progress ||   1.85%  [Elapsed: 0:00:03 ETA: 0:03:15] Portfolio Val: 96,340.00Progress ||   1.89%  [Elapsed: 0:00:03 ETA: 0:03:11] Portfolio Val: 95,220.00Progress ||   2.00%  [Elapsed: 0:00:03 ETA: 0:03:00] Portfolio Val: 95,220.00Progress ||   2.04%  [Elapsed: 0:00:03 ETA: 0:02:57] Portfolio Val: 95,960.00Progress ||   2.15%  [Elapsed: 0:00:03 ETA: 0:02:48] Portfolio Val: 95,960.00Progress ||   2.19%  [Elapsed: 0:00:03 ETA: 0:02:44] Portfolio Val: 95,570.00Progress ||   2.30%  [Elapsed: 0:00:03 ETA: 0:02:36] Portfolio Val: 95,570.00Progress ||   2.45%  [Elapsed: 0:00:03 ETA: 0:02:27] Portfolio Val: 94,160.00Progress ||   2.60%  [Elapsed: 0:00:03 ETA: 0:02:18] Portfolio Val: 94,160.00Progress ||   2.64%  [Elapsed: 0:00:03 ETA: 0:02:16] Portfolio Val: 94,160.00Progress ||   2.75%  [Elapsed: 0:00:03 ETA: 0:02:10] Portfolio Val: 94,160.00Progress ||   2.79%  [Elapsed: 0:00:03 ETA: 0:02:08] Portfolio Val: 93,890.00Progress ||   2.90%  [Elapsed: 0:00:03 ETA: 0:02:03] Portfolio Val: 93,890.00Progress ||   2.94%  [Elapsed: 0:00:03 ETA: 0:02:02] Portfolio Val: 94,100.00Progress ||   3.05%  [Elapsed: 0:00:03 ETA: 0:01:57] Portfolio Val: 94,100.00Progress ||   3.09%  [Elapsed: 0:00:03 ETA: 0:01:56] Portfolio Val: 92,440.00Progress ||   3.20%  [Elapsed: 0:00:03 ETA: 0:01:51] Portfolio Val: 92,440.00Progress ||   3.24%  [Elapsed: 0:00:03 ETA: 0:01:50] Portfolio Val: 91,970.00Progress ||   3.35%  [Elapsed: 0:00:03 ETA: 0:01:46] Portfolio Val: 91,970.00Progress ||   3.50%  [Elapsed: 0:00:03 ETA: 0:01:42] Portfolio Val: 91,770.00Progress ||   3.65%  [Elapsed: 0:00:03 ETA: 0:01:37] Portfolio Val: 91,770.00Progress ||   3.69%  [Elapsed: 0:00:03 ETA: 0:01:36] Portfolio Val: 91,660.00Progress ||   3.80%  [Elapsed: 0:00:03 ETA: 0:01:33] Portfolio Val: 91,660.00Progress ||   3.84%  [Elapsed: 0:00:03 ETA: 0:01:32] Portfolio Val: 91,660.00Progress ||   3.95%  [Elapsed: 0:00:03 ETA: 0:01:30] Portfolio Val: 91,660.00Progress ||   3.99%  [Elapsed: 0:00:03 ETA: 0:01:29] Portfolio Val: 91,550.00Progress ||   4.10%  [Elapsed: 0:00:03 ETA: 0:01:26] Portfolio Val: 91,550.00Progress ||   4.14%  [Elapsed: 0:00:03 ETA: 0:01:25] Portfolio Val: 91,510.00Progress ||   4.24%  [Elapsed: 0:00:03 ETA: 0:01:23] Portfolio Val: 91,510.00Progress ||   4.29%  [Elapsed: 0:00:03 ETA: 0:01:22] Portfolio Val: 91,610.00Progress ||   4.39%  [Elapsed: 0:00:03 ETA: 0:01:20] Portfolio Val: 91,610.00Progress ||   4.54%  [Elapsed: 0:00:03 ETA: 0:01:17] Portfolio Val: 91,460.00Progress ||   4.69%  [Elapsed: 0:00:03 ETA: 0:01:15] Portfolio Val: 91,460.00Progress ||   4.73%  [Elapsed: 0:00:03 ETA: 0:01:14] Portfolio Val: 91,430.00Progress ||   4.84%  [Elapsed: 0:00:03 ETA: 0:01:12] Portfolio Val: 91,430.00Progress ||   4.88%  [Elapsed: 0:00:03 ETA: 0:01:12] Portfolio Val: 91,400.00Progress ||   4.99%  [Elapsed: 0:00:03 ETA: 0:01:10] Portfolio Val: 91,400.00Progress ||   5.03%  [Elapsed: 0:00:03 ETA: 0:01:09] Portfolio Val: 91,350.00Progress ||   5.14%  [Elapsed: 0:00:03 ETA: 0:01:08] Portfolio Val: 91,350.00Progress ||   5.18%  [Elapsed: 0:00:03 ETA: 0:01:07] Portfolio Val: 91,360.00Progress ||   5.29%  [Elapsed: 0:00:03 ETA: 0:01:06] Portfolio Val: 91,360.00Progress ||   5.33%  [Elapsed: 0:00:03 ETA: 0:01:05] Portfolio Val: 91,350.00Progress ||   5.44%  [Elapsed: 0:00:03 ETA: 0:01:04] Portfolio Val: 91,350.00Progress ||   5.59%  [Elapsed: 0:00:03 ETA: 0:01:02] Portfolio Val: 91,390.00Progress ||   5.74%  [Elapsed: 0:00:03 ETA: 0:01:00] Portfolio Val: 91,390.00Progress ||   5.78%  [Elapsed: 0:00:03 ETA: 0:01:00] Portfolio Val: 91,390.00Progress ||   5.89%  [Elapsed: 0:00:03 ETA: 0:00:59] Portfolio Val: 91,390.00Progress ||   5.93%  [Elapsed: 0:00:03 ETA: 0:00:58] Portfolio Val: 91,380.00Progress ||   6.04%  [Elapsed: 0:00:03 ETA: 0:00:57] Portfolio Val: 91,380.00Progress ||   6.08%  [Elapsed: 0:00:03 ETA: 0:00:57] Portfolio Val: 91,400.00Progress ||   6.19%  [Elapsed: 0:00:03 ETA: 0:00:56] Portfolio Val: 91,400.00Progress ||   6.23%  [Elapsed: 0:00:03 ETA: 0:00:55] Portfolio Val: 91,370.00Progress ||   6.34%  [Elapsed: 0:00:03 ETA: 0:00:54] Portfolio Val: 91,370.00Progress ||   6.38%  [Elapsed: 0:00:03 ETA: 0:00:54] Portfolio Val: 91,340.00Progress ||   6.49%  [Elapsed: 0:00:03 ETA: 0:00:53] Portfolio Val: 91,340.00Progress ||   6.64%  [Elapsed: 0:00:03 ETA: 0:00:52] Portfolio Val: 91,330.00Progress ||   6.79%  [Elapsed: 0:00:03 ETA: 0:00:50] Portfolio Val: 91,330.00Progress ||   6.83%  [Elapsed: 0:00:03 ETA: 0:00:50] Portfolio Val: 91,320.00Progress ||   6.94%  [Elapsed: 0:00:03 ETA: 0:00:49] Portfolio Val: 91,320.00Progress ||   6.98%  [Elapsed: 0:00:03 ETA: 0:00:49] Portfolio Val: 91,330.00Progress ||   7.08%  [Elapsed: 0:00:03 ETA: 0:00:48] Portfolio Val: 91,330.00Progress ||   7.13%  [Elapsed: 0:00:03 ETA: 0:00:48] Portfolio Val: 91,310.00Progress ||   7.23%  [Elapsed: 0:00:03 ETA: 0:00:47] Portfolio Val: 91,310.00Progress ||   7.27%  [Elapsed: 0:00:03 ETA: 0:00:47] Portfolio Val: 91,310.00Progress ||   7.38%  [Elapsed: 0:00:03 ETA: 0:00:46] Portfolio Val: 91,310.00Progress ||   7.42%  [Elapsed: 0:00:03 ETA: 0:00:46] Portfolio Val: 91,310.00Progress ||   7.53%  [Elapsed: 0:00:03 ETA: 0:00:45] Portfolio Val: 91,310.00Progress ||   7.68%  [Elapsed: 0:00:03 ETA: 0:00:44] Portfolio Val: 91,300.00Progress ||   7.83%  [Elapsed: 0:00:03 ETA: 0:00:43] Portfolio Val: 91,300.00Progress ||   7.87%  [Elapsed: 0:00:03 ETA: 0:00:43] Portfolio Val: 91,300.00Progress ||   7.98%  [Elapsed: 0:00:03 ETA: 0:00:42] Portfolio Val: 91,300.00Progress ||   8.02%  [Elapsed: 0:00:03 ETA: 0:00:42] Portfolio Val: 91,300.00Progress ||   8.13%  [Elapsed: 0:00:03 ETA: 0:00:41] Portfolio Val: 91,300.00Progress ||   8.17%  [Elapsed: 0:00:03 ETA: 0:00:41] Portfolio Val: 91,300.00Progress ||   8.28%  [Elapsed: 0:00:03 ETA: 0:00:41] Portfolio Val: 91,300.00Progress ||   8.32%  [Elapsed: 0:00:03 ETA: 0:00:40] Portfolio Val: 91,300.00Progress ||   8.43%  [Elapsed: 0:00:03 ETA: 0:00:40] Portfolio Val: 91,300.00Progress ||   8.47%  [Elapsed: 0:00:03 ETA: 0:00:40] Portfolio Val: 91,300.00Progress ||   8.58%  [Elapsed: 0:00:03 ETA: 0:00:39] Portfolio Val: 91,300.00Progress ||   8.73%  [Elapsed: 0:00:03 ETA: 0:00:38] Portfolio Val: 91,300.00Progress ||   8.88%  [Elapsed: 0:00:03 ETA: 0:00:38] Portfolio Val: 91,300.00Progress ||   8.92%  [Elapsed: 0:00:03 ETA: 0:00:37] Portfolio Val: 91,300.00Progress ||   9.03%  [Elapsed: 0:00:03 ETA: 0:00:37] Portfolio Val: 91,300.00Progress ||   9.07%  [Elapsed: 0:00:03 ETA: 0:00:37] Portfolio Val: 91,300.00Progress ||   9.18%  [Elapsed: 0:00:03 ETA: 0:00:36] Portfolio Val: 91,300.00Progress ||   9.22%  [Elapsed: 0:00:03 ETA: 0:00:36] Portfolio Val: 91,300.00Progress ||   9.33%  [Elapsed: 0:00:03 ETA: 0:00:36] Portfolio Val: 91,300.00Progress ||   9.37%  [Elapsed: 0:00:03 ETA: 0:00:35] Portfolio Val: 91,300.00Progress ||   9.48%  [Elapsed: 0:00:03 ETA: 0:00:35] Portfolio Val: 91,300.00Progress ||   9.52%  [Elapsed: 0:00:03 ETA: 0:00:35] Portfolio Val: 91,300.00Progress ||   9.63%  [Elapsed: 0:00:03 ETA: 0:00:34] Portfolio Val: 91,300.00Progress ||   9.78%  [Elapsed: 0:00:03 ETA: 0:00:34] Portfolio Val: 91,300.00Progress ||   9.92%  [Elapsed: 0:00:03 ETA: 0:00:33] Portfolio Val: 91,300.00Progress ||   9.97%  [Elapsed: 0:00:03 ETA: 0:00:33] Portfolio Val: 91,300.00Progress ||  10.07%  [Elapsed: 0:00:03 ETA: 0:00:33] Portfolio Val: 91,300.00Progress ||  10.12%  [Elapsed: 0:00:03 ETA: 0:00:32] Portfolio Val: 91,300.00Progress ||  10.22%  [Elapsed: 0:00:03 ETA: 0:00:32] Portfolio Val: 91,300.00Progress ||  10.27%  [Elapsed: 0:00:03 ETA: 0:00:32] Portfolio Val: 91,300.00Progress ||  10.37%  [Elapsed: 0:00:03 ETA: 0:00:32] Portfolio Val: 91,300.00Progress ||  10.42%  [Elapsed: 0:00:03 ETA: 0:00:31] Portfolio Val: 91,300.00Progress ||  10.52%  [Elapsed: 0:00:03 ETA: 0:00:31] Portfolio Val: 91,300.00Progress ||  10.57%  [Elapsed: 0:00:03 ETA: 0:00:31] Portfolio Val: 91,300.00Progress ||  10.67%  [Elapsed: 0:00:03 ETA: 0:00:31] Portfolio Val: 91,300.00Progress ||  10.82%  [Elapsed: 0:00:03 ETA: 0:00:30] Portfolio Val: 91,300.00Progress ||  10.97%  [Elapsed: 0:00:03 ETA: 0:00:30] Portfolio Val: 91,300.00Progress ||  11.02%  [Elapsed: 0:00:03 ETA: 0:00:29] Portfolio Val: 91,300.00Progress ||  11.12%  [Elapsed: 0:00:03 ETA: 0:00:29] Portfolio Val: 91,300.00Progress ||  11.17%  [Elapsed: 0:00:03 ETA: 0:00:29] Portfolio Val: 91,300.00Progress ||  11.27%  [Elapsed: 0:00:03 ETA: 0:00:29] Portfolio Val: 91,300.00Progress ||  11.32%  [Elapsed: 0:00:03 ETA: 0:00:29] Portfolio Val: 91,300.00Progress ||  11.42%  [Elapsed: 0:00:03 ETA: 0:00:28] Portfolio Val: 91,300.00Progress ||  11.47%  [Elapsed: 0:00:03 ETA: 0:00:28] Portfolio Val: 91,300.00Progress ||  11.57%  [Elapsed: 0:00:03 ETA: 0:00:28] Portfolio Val: 91,300.00Progress ||  11.62%  [Elapsed: 0:00:03 ETA: 0:00:28] Portfolio Val: 91,300.00Progress ||  11.72%  [Elapsed: 0:00:03 ETA: 0:00:27] Portfolio Val: 91,300.00Progress ||  11.87%  [Elapsed: 0:00:03 ETA: 0:00:27] Portfolio Val: 91,300.00Progress ||  12.02%  [Elapsed: 0:00:03 ETA: 0:00:27] Portfolio Val: 91,300.00Progress ||  12.06%  [Elapsed: 0:00:03 ETA: 0:00:27] Portfolio Val: 91,300.00Progress ||  12.17%  [Elapsed: 0:00:03 ETA: 0:00:26] Portfolio Val: 91,300.00Progress ||  12.21%  [Elapsed: 0:00:03 ETA: 0:00:26] Portfolio Val: 91,300.00Progress ||  12.32%  [Elapsed: 0:00:03 ETA: 0:00:26] Portfolio Val: 91,300.00Progress ||  12.36%  [Elapsed: 0:00:03 ETA: 0:00:26] Portfolio Val: 91,300.00Progress ||  12.47%  [Elapsed: 0:00:03 ETA: 0:00:26] Portfolio Val: 91,300.00Progress ||  12.62%  [Elapsed: 0:00:03 ETA: 0:00:25] Portfolio Val: 91,300.00Progress ||  12.64%  [Elapsed: 0:00:03 ETA: 0:00:25] Portfolio Val: 91,300.00Progress ||  12.76%  [Elapsed: 0:00:03 ETA: 0:00:25] Portfolio Val: 91,300.00Progress ||  12.91%  [Elapsed: 0:00:03 ETA: 0:00:25] Portfolio Val: 91,300.00Progress ||  13.06%  [Elapsed: 0:00:03 ETA: 0:00:24] Portfolio Val: 91,300.00Progress ||  13.11%  [Elapsed: 0:00:03 ETA: 0:00:24] Portfolio Val: 91,300.00Progress ||  13.21%  [Elapsed: 0:00:03 ETA: 0:00:24] Portfolio Val: 91,300.00Progress ||  13.26%  [Elapsed: 0:00:03 ETA: 0:00:24] Portfolio Val: 91,300.00Progress ||  13.36%  [Elapsed: 0:00:03 ETA: 0:00:24] Portfolio Val: 91,300.00Progress ||  13.41%  [Elapsed: 0:00:03 ETA: 0:00:23] Portfolio Val: 91,300.00Progress ||  13.51%  [Elapsed: 0:00:03 ETA: 0:00:23] Portfolio Val: 91,300.00Progress ||  13.56%  [Elapsed: 0:00:03 ETA: 0:00:23] Portfolio Val: 91,300.00Progress ||  13.66%  [Elapsed: 0:00:03 ETA: 0:00:23] Portfolio Val: 91,300.00Progress ||  13.71%  [Elapsed: 0:00:03 ETA: 0:00:23] Portfolio Val: 91,300.00Progress ||  13.81%  [Elapsed: 0:00:03 ETA: 0:00:23] Portfolio Val: 91,300.00Progress ||  13.96%  [Elapsed: 0:00:03 ETA: 0:00:22] Portfolio Val: 91,300.00Progress ||  14.11%  [Elapsed: 0:00:03 ETA: 0:00:22] Portfolio Val: 91,300.00Progress ||  14.16%  [Elapsed: 0:00:03 ETA: 0:00:22] Portfolio Val: 91,300.00Progress ||  14.26%  [Elapsed: 0:00:03 ETA: 0:00:22] Portfolio Val: 91,300.00Progress ||  14.31%  [Elapsed: 0:00:03 ETA: 0:00:22] Portfolio Val: 91,300.00Progress ||  14.41%  [Elapsed: 0:00:03 ETA: 0:00:22] Portfolio Val: 91,300.00Progress ||  14.46%  [Elapsed: 0:00:03 ETA: 0:00:21] Portfolio Val: 91,300.00Progress ||  14.56%  [Elapsed: 0:00:03 ETA: 0:00:21] Portfolio Val: 91,300.00Progress ||  14.61%  [Elapsed: 0:00:03 ETA: 0:00:21] Portfolio Val: 91,300.00Progress ||  14.71%  [Elapsed: 0:00:03 ETA: 0:00:21] Portfolio Val: 91,300.00Progress ||  14.75%  [Elapsed: 0:00:03 ETA: 0:00:21] Portfolio Val: 91,300.00Progress ||  14.86%  [Elapsed: 0:00:03 ETA: 0:00:21] Portfolio Val: 91,300.00Progress ||  15.01%  [Elapsed: 0:00:03 ETA: 0:00:21] Portfolio Val: 91,300.00Progress ||  15.16%  [Elapsed: 0:00:03 ETA: 0:00:20] Portfolio Val: 91,300.00Progress ||  15.20%  [Elapsed: 0:00:03 ETA: 0:00:20] Portfolio Val: 91,300.00Progress ||  15.31%  [Elapsed: 0:00:03 ETA: 0:00:20] Portfolio Val: 91,300.00Progress ||  15.35%  [Elapsed: 0:00:03 ETA: 0:00:20] Portfolio Val: 91,300.00Progress ||  15.46%  [Elapsed: 0:00:03 ETA: 0:00:20] Portfolio Val: 91,300.00Progress ||  15.50%  [Elapsed: 0:00:03 ETA: 0:00:20] Portfolio Val: 91,300.00Progress ||  15.60%  [Elapsed: 0:00:03 ETA: 0:00:20] Portfolio Val: 91,300.00Progress ||  15.65%  [Elapsed: 0:00:03 ETA: 0:00:20] Portfolio Val: 91,300.00Progress ||  15.75%  [Elapsed: 0:00:03 ETA: 0:00:19] Portfolio Val: 91,300.00Progress ||  15.80%  [Elapsed: 0:00:03 ETA: 0:00:19] Portfolio Val: 91,300.00Progress ||  15.90%  [Elapsed: 0:00:03 ETA: 0:00:19] Portfolio Val: 91,300.00Progress ||  16.05%  [Elapsed: 0:00:03 ETA: 0:00:19] Portfolio Val: 91,300.00Progress ||  16.20%  [Elapsed: 0:00:03 ETA: 0:00:19] Portfolio Val: 91,300.00Progress ||  16.25%  [Elapsed: 0:00:03 ETA: 0:00:19] Portfolio Val: 91,300.00Progress ||  16.35%  [Elapsed: 0:00:03 ETA: 0:00:19] Portfolio Val: 91,300.00Progress ||  16.40%  [Elapsed: 0:00:03 ETA: 0:00:18] Portfolio Val: 91,300.00Progress ||  16.50%  [Elapsed: 0:00:03 ETA: 0:00:18] Portfolio Val: 91,300.00Progress ||  16.55%  [Elapsed: 0:00:03 ETA: 0:00:18] Portfolio Val: 91,300.00Progress ||  16.65%  [Elapsed: 0:00:03 ETA: 0:00:18] Portfolio Val: 91,300.00Progress ||  16.70%  [Elapsed: 0:00:03 ETA: 0:00:18] Portfolio Val: 91,300.00Progress ||  16.80%  [Elapsed: 0:00:03 ETA: 0:00:18] Portfolio Val: 91,300.00Progress ||  16.85%  [Elapsed: 0:00:03 ETA: 0:00:18] Portfolio Val: 91,300.00Progress ||  16.95%  [Elapsed: 0:00:03 ETA: 0:00:18] Portfolio Val: 91,300.00Progress ||  17.10%  [Elapsed: 0:00:03 ETA: 0:00:18] Portfolio Val: 91,300.00Progress ||  17.25%  [Elapsed: 0:00:03 ETA: 0:00:17] Portfolio Val: 91,300.00Progress ||  17.40%  [Elapsed: 0:00:03 ETA: 0:00:17] Portfolio Val: 91,300.00Progress ||  17.45%  [Elapsed: 0:00:03 ETA: 0:00:17] Portfolio Val: 91,300.00Progress ||  17.55%  [Elapsed: 0:00:03 ETA: 0:00:17] Portfolio Val: 91,300.00Progress ||  17.59%  [Elapsed: 0:00:03 ETA: 0:00:17] Portfolio Val: 91,300.00Progress ||  17.70%  [Elapsed: 0:00:03 ETA: 0:00:17] Portfolio Val: 91,300.00Progress ||  17.74%  [Elapsed: 0:00:03 ETA: 0:00:17] Portfolio Val: 91,300.00Progress ||  17.85%  [Elapsed: 0:00:03 ETA: 0:00:17] Portfolio Val: 91,300.00Progress ||  17.89%  [Elapsed: 0:00:03 ETA: 0:00:17] Portfolio Val: 91,300.00Progress ||  18.00%  [Elapsed: 0:00:03 ETA: 0:00:16] Portfolio Val: 91,300.00Progress ||  18.15%  [Elapsed: 0:00:03 ETA: 0:00:16] Portfolio Val: 91,300.00Progress ||  18.30%  [Elapsed: 0:00:03 ETA: 0:00:16] Portfolio Val: 91,300.00Progress ||  18.44%  [Elapsed: 0:00:03 ETA: 0:00:16] Portfolio Val: 91,300.00Progress ||  18.49%  [Elapsed: 0:00:03 ETA: 0:00:16] Portfolio Val: 91,300.00Progress ||  18.59%  [Elapsed: 0:00:03 ETA: 0:00:16] Portfolio Val: 91,300.00Progress ||  18.64%  [Elapsed: 0:00:03 ETA: 0:00:16] Portfolio Val: 91,300.00Progress ||  18.74%  [Elapsed: 0:00:03 ETA: 0:00:16] Portfolio Val: 91,300.00Progress ||  18.79%  [Elapsed: 0:00:03 ETA: 0:00:16] Portfolio Val: 91,300.00Progress ||  18.89%  [Elapsed: 0:00:03 ETA: 0:00:15] Portfolio Val: 91,300.00Progress ||  18.94%  [Elapsed: 0:00:03 ETA: 0:00:15] Portfolio Val: 91,300.00Progress ||  19.04%  [Elapsed: 0:00:03 ETA: 0:00:15] Portfolio Val: 91,300.00Progress ||  19.19%  [Elapsed: 0:00:03 ETA: 0:00:15] Portfolio Val: 91,300.00Progress ||  19.34%  [Elapsed: 0:00:03 ETA: 0:00:15] Portfolio Val: 91,300.00Progress ||  19.39%  [Elapsed: 0:00:03 ETA: 0:00:15] Portfolio Val: 91,300.00Progress ||  19.49%  [Elapsed: 0:00:03 ETA: 0:00:15] Portfolio Val: 91,300.00Progress ||  19.54%  [Elapsed: 0:00:03 ETA: 0:00:15] Portfolio Val: 91,300.00Progress ||  19.64%  [Elapsed: 0:00:03 ETA: 0:00:15] Portfolio Val: 91,300.00Progress ||  19.69%  [Elapsed: 0:00:03 ETA: 0:00:15] Portfolio Val: 91,300.00Progress ||  19.79%  [Elapsed: 0:00:03 ETA: 0:00:15] Portfolio Val: 91,300.00Progress ||  19.84%  [Elapsed: 0:00:03 ETA: 0:00:15] Portfolio Val: 91,300.00Progress ||  19.94%  [Elapsed: 0:00:03 ETA: 0:00:14] Portfolio Val: 91,300.00Progress ||  19.99%  [Elapsed: 0:00:03 ETA: 0:00:14] Portfolio Val: 91,300.00Progress ||  20.09%  [Elapsed: 0:00:03 ETA: 0:00:14] Portfolio Val: 91,300.00Progress ||  20.24%  [Elapsed: 0:00:03 ETA: 0:00:14] Portfolio Val: 91,300.00Progress ||  20.39%  [Elapsed: 0:00:03 ETA: 0:00:14] Portfolio Val: 91,300.00Progress ||  20.54%  [Elapsed: 0:00:03 ETA: 0:00:14] Portfolio Val: 91,300.00Progress ||  20.58%  [Elapsed: 0:00:03 ETA: 0:00:14] Portfolio Val: 91,300.00Progress ||  20.69%  [Elapsed: 0:00:03 ETA: 0:00:14] Portfolio Val: 91,300.00Progress ||  20.73%  [Elapsed: 0:00:03 ETA: 0:00:14] Portfolio Val: 91,300.00Progress ||  20.84%  [Elapsed: 0:00:03 ETA: 0:00:14] Portfolio Val: 91,300.00Progress ||  20.88%  [Elapsed: 0:00:03 ETA: 0:00:14] Portfolio Val: 91,300.00Progress ||  20.99%  [Elapsed: 0:00:03 ETA: 0:00:14] Portfolio Val: 91,300.00Progress ||  21.03%  [Elapsed: 0:00:03 ETA: 0:00:13] Portfolio Val: 91,300.00Progress ||  21.14%  [Elapsed: 0:00:03 ETA: 0:00:13] Portfolio Val: 91,300.00Progress ||  21.28%  [Elapsed: 0:00:03 ETA: 0:00:13] Portfolio Val: 91,300.00Progress ||  21.43%  [Elapsed: 0:00:03 ETA: 0:00:13] Portfolio Val: 91,300.00Progress ||  21.48%  [Elapsed: 0:00:03 ETA: 0:00:13] Portfolio Val: 91,300.00Progress ||  21.58%  [Elapsed: 0:00:03 ETA: 0:00:13] Portfolio Val: 91,300.00Progress ||  21.63%  [Elapsed: 0:00:03 ETA: 0:00:13] Portfolio Val: 91,300.00Progress ||  21.73%  [Elapsed: 0:00:03 ETA: 0:00:13] Portfolio Val: 91,300.00Progress ||  21.78%  [Elapsed: 0:00:03 ETA: 0:00:13] Portfolio Val: 91,300.00Progress ||  21.88%  [Elapsed: 0:00:03 ETA: 0:00:13] Portfolio Val: 91,300.00Progress ||  21.93%  [Elapsed: 0:00:03 ETA: 0:00:13] Portfolio Val: 91,300.00Progress ||  22.03%  [Elapsed: 0:00:03 ETA: 0:00:13] Portfolio Val: 91,300.00Progress ||  22.08%  [Elapsed: 0:00:03 ETA: 0:00:13] Portfolio Val: 91,300.00Progress ||  22.18%  [Elapsed: 0:00:03 ETA: 0:00:13] Portfolio Val: 91,300.00Progress ||  22.33%  [Elapsed: 0:00:03 ETA: 0:00:12] Portfolio Val: 91,300.00Progress ||  22.48%  [Elapsed: 0:00:03 ETA: 0:00:12] Portfolio Val: 91,300.00Progress ||  22.53%  [Elapsed: 0:00:03 ETA: 0:00:12] Portfolio Val: 91,300.00Progress ||  22.63%  [Elapsed: 0:00:03 ETA: 0:00:12] Portfolio Val: 91,300.00Progress ||  22.68%  [Elapsed: 0:00:03 ETA: 0:00:12] Portfolio Val: 91,300.00Progress ||  22.78%  [Elapsed: 0:00:03 ETA: 0:00:12] Portfolio Val: 91,300.00Progress ||  22.83%  [Elapsed: 0:00:03 ETA: 0:00:12] Portfolio Val: 91,300.00Progress ||  22.93%  [Elapsed: 0:00:03 ETA: 0:00:12] Portfolio Val: 91,300.00Progress ||  22.98%  [Elapsed: 0:00:03 ETA: 0:00:12] Portfolio Val: 91,300.00Progress ||  23.08%  [Elapsed: 0:00:03 ETA: 0:00:12] Portfolio Val: 91,300.00Progress ||  23.13%  [Elapsed: 0:00:03 ETA: 0:00:12] Portfolio Val: 91,300.00Progress ||  23.23%  [Elapsed: 0:00:03 ETA: 0:00:12] Portfolio Val: 91,300.00Progress ||  23.38%  [Elapsed: 0:00:03 ETA: 0:00:12] Portfolio Val: 91,300.00Progress ||  23.53%  [Elapsed: 0:00:03 ETA: 0:00:12] Portfolio Val: 91,300.00Progress ||  23.57%  [Elapsed: 0:00:03 ETA: 0:00:12] Portfolio Val: 91,300.00Progress ||  23.68%  [Elapsed: 0:00:03 ETA: 0:00:11] Portfolio Val: 91,300.00Progress ||  23.72%  [Elapsed: 0:00:03 ETA: 0:00:11] Portfolio Val: 91,300.00Progress ||  23.83%  [Elapsed: 0:00:03 ETA: 0:00:11] Portfolio Val: 91,300.00Progress ||  23.87%  [Elapsed: 0:00:03 ETA: 0:00:11] Portfolio Val: 91,300.00Progress ||  23.98%  [Elapsed: 0:00:03 ETA: 0:00:11] Portfolio Val: 91,300.00Progress ||  24.02%  [Elapsed: 0:00:03 ETA: 0:00:11] Portfolio Val: 91,300.00Progress ||  24.12%  [Elapsed: 0:00:03 ETA: 0:00:11] Portfolio Val: 91,300.00Progress ||  24.17%  [Elapsed: 0:00:03 ETA: 0:00:11] Portfolio Val: 91,300.00Progress ||  24.27%  [Elapsed: 0:00:03 ETA: 0:00:11] Portfolio Val: 91,300.00Progress ||  24.42%  [Elapsed: 0:00:03 ETA: 0:00:11] Portfolio Val: 91,300.00Progress ||  24.57%  [Elapsed: 0:00:03 ETA: 0:00:11] Portfolio Val: 91,300.00Progress ||  24.62%  [Elapsed: 0:00:03 ETA: 0:00:11] Portfolio Val: 91,300.00Progress ||  24.72%  [Elapsed: 0:00:03 ETA: 0:00:11] Portfolio Val: 91,300.00Progress ||  24.77%  [Elapsed: 0:00:03 ETA: 0:00:11] Portfolio Val: 91,300.00Progress ||  24.87%  [Elapsed: 0:00:03 ETA: 0:00:11] Portfolio Val: 91,300.00Progress ||  24.92%  [Elapsed: 0:00:03 ETA: 0:00:11] Portfolio Val: 91,300.00Progress ||  25.02%  [Elapsed: 0:00:03 ETA: 0:00:11] Portfolio Val: 91,300.00Progress ||  25.07%  [Elapsed: 0:00:03 ETA: 0:00:11] Portfolio Val: 91,300.00Progress ||  25.17%  [Elapsed: 0:00:03 ETA: 0:00:11] Portfolio Val: 91,300.00Progress ||  25.22%  [Elapsed: 0:00:03 ETA: 0:00:11] Portfolio Val: 91,300.00Progress ||  25.32%  [Elapsed: 0:00:03 ETA: 0:00:10] Portfolio Val: 91,300.00Progress ||  25.47%  [Elapsed: 0:00:03 ETA: 0:00:10] Portfolio Val: 91,300.00Progress ||  25.62%  [Elapsed: 0:00:03 ETA: 0:00:10] Portfolio Val: 91,300.00Progress ||  25.77%  [Elapsed: 0:00:03 ETA: 0:00:10] Portfolio Val: 91,300.00Progress ||  25.82%  [Elapsed: 0:00:03 ETA: 0:00:10] Portfolio Val: 91,300.00Progress ||  25.92%  [Elapsed: 0:00:03 ETA: 0:00:10] Portfolio Val: 91,300.00Progress ||  25.97%  [Elapsed: 0:00:03 ETA: 0:00:10] Portfolio Val: 91,300.00Progress ||  26.07%  [Elapsed: 0:00:03 ETA: 0:00:10] Portfolio Val: 91,300.00Progress ||  26.11%  [Elapsed: 0:00:03 ETA: 0:00:10] Portfolio Val: 91,300.00Progress ||  26.22%  [Elapsed: 0:00:03 ETA: 0:00:10] Portfolio Val: 91,300.00Progress ||  26.26%  [Elapsed: 0:00:03 ETA: 0:00:10] Portfolio Val: 91,300.00Progress ||  26.37%  [Elapsed: 0:00:03 ETA: 0:00:10] Portfolio Val: 91,300.00Progress ||  26.52%  [Elapsed: 0:00:03 ETA: 0:00:10] Portfolio Val: 91,300.00Progress ||  26.67%  [Elapsed: 0:00:03 ETA: 0:00:10] Portfolio Val: 91,300.00Progress ||  26.71%  [Elapsed: 0:00:03 ETA: 0:00:10] Portfolio Val: 91,300.00Progress ||  26.82%  [Elapsed: 0:00:03 ETA: 0:00:10] Portfolio Val: 91,300.00Progress ||  26.86%  [Elapsed: 0:00:03 ETA: 0:00:10] Portfolio Val: 91,300.00Progress ||  26.97%  [Elapsed: 0:00:03 ETA: 0:00:10] Portfolio Val: 91,300.00Progress ||  27.01%  [Elapsed: 0:00:03 ETA: 0:00:10] Portfolio Val: 91,300.00Progress ||  27.11%  [Elapsed: 0:00:03 ETA: 0:00:10] Portfolio Val: 91,300.00Progress ||  27.16%  [Elapsed: 0:00:03 ETA: 0:00:09] Portfolio Val: 91,300.00Progress ||  27.26%  [Elapsed: 0:00:03 ETA: 0:00:09] Portfolio Val: 91,300.00Progress ||  27.31%  [Elapsed: 0:00:03 ETA: 0:00:09] Portfolio Val: 91,300.00Progress ||  27.41%  [Elapsed: 0:00:03 ETA: 0:00:09] Portfolio Val: 91,300.00Progress ||  27.56%  [Elapsed: 0:00:03 ETA: 0:00:09] Portfolio Val: 91,300.00Progress ||  27.71%  [Elapsed: 0:00:03 ETA: 0:00:09] Portfolio Val: 91,300.00Progress ||  27.76%  [Elapsed: 0:00:03 ETA: 0:00:09] Portfolio Val: 91,300.00Progress ||  27.86%  [Elapsed: 0:00:03 ETA: 0:00:09] Portfolio Val: 91,300.00Progress ||  27.91%  [Elapsed: 0:00:03 ETA: 0:00:09] Portfolio Val: 91,300.00Progress ||  28.01%  [Elapsed: 0:00:03 ETA: 0:00:09] Portfolio Val: 91,300.00Progress ||  28.06%  [Elapsed: 0:00:03 ETA: 0:00:09] Portfolio Val: 91,300.00Progress ||  28.16%  [Elapsed: 0:00:03 ETA: 0:00:09] Portfolio Val: 91,300.00Progress ||  28.21%  [Elapsed: 0:00:03 ETA: 0:00:09] Portfolio Val: 91,300.00Progress ||  28.31%  [Elapsed: 0:00:03 ETA: 0:00:09] Portfolio Val: 91,300.00Progress ||  28.36%  [Elapsed: 0:00:03 ETA: 0:00:09] Portfolio Val: 91,300.00Progress ||  28.46%  [Elapsed: 0:00:03 ETA: 0:00:09] Portfolio Val: 91,300.00Progress ||  28.61%  [Elapsed: 0:00:03 ETA: 0:00:09] Portfolio Val: 91,300.00Progress ||  28.76%  [Elapsed: 0:00:03 ETA: 0:00:09] Portfolio Val: 91,300.00Progress ||  28.80%  [Elapsed: 0:00:03 ETA: 0:00:09] Portfolio Val: 91,300.00Progress ||  28.91%  [Elapsed: 0:00:03 ETA: 0:00:09] Portfolio Val: 91,300.00Progress ||  28.95%  [Elapsed: 0:00:03 ETA: 0:00:09] Portfolio Val: 91,300.00Progress ||  29.06%  [Elapsed: 0:00:03 ETA: 0:00:09] Portfolio Val: 91,300.00Progress ||  29.10%  [Elapsed: 0:00:03 ETA: 0:00:09] Portfolio Val: 91,300.00Progress ||  29.21%  [Elapsed: 0:00:03 ETA: 0:00:09] Portfolio Val: 91,300.00Progress ||  29.25%  [Elapsed: 0:00:03 ETA: 0:00:09] Portfolio Val: 91,300.00Progress ||  29.36%  [Elapsed: 0:00:03 ETA: 0:00:08] Portfolio Val: 91,300.00Progress ||  29.40%  [Elapsed: 0:00:03 ETA: 0:00:08] Portfolio Val: 91,300.00Progress ||  29.51%  [Elapsed: 0:00:03 ETA: 0:00:08] Portfolio Val: 91,300.00Progress ||  29.66%  [Elapsed: 0:00:03 ETA: 0:00:08] Portfolio Val: 91,300.00Progress ||  29.81%  [Elapsed: 0:00:03 ETA: 0:00:08] Portfolio Val: 91,300.00Progress ||  29.85%  [Elapsed: 0:00:03 ETA: 0:00:08] Portfolio Val: 91,300.00Progress ||  29.95%  [Elapsed: 0:00:03 ETA: 0:00:08] Portfolio Val: 91,300.00Progress ||  30.00%  [Elapsed: 0:00:03 ETA: 0:00:08] Portfolio Val: 91,300.00Progress ||  30.10%  [Elapsed: 0:00:03 ETA: 0:00:08] Portfolio Val: 91,300.00Progress ||  30.14%  [Elapsed: 0:00:03 ETA: 0:00:08] Portfolio Val: 91,300.00Progress ||  30.25%  [Elapsed: 0:00:03 ETA: 0:00:08] Portfolio Val: 91,300.00Progress ||  30.29%  [Elapsed: 0:00:03 ETA: 0:00:08] Portfolio Val: 91,300.00Progress ||  30.40%  [Elapsed: 0:00:03 ETA: 0:00:08] Portfolio Val: 91,300.00Progress ||  30.44%  [Elapsed: 0:00:03 ETA: 0:00:08] Portfolio Val: 91,300.00Progress ||  30.55%  [Elapsed: 0:00:03 ETA: 0:00:08] Portfolio Val: 91,300.00Progress ||  30.70%  [Elapsed: 0:00:03 ETA: 0:00:08] Portfolio Val: 91,300.00Progress ||  30.85%  [Elapsed: 0:00:03 ETA: 0:00:08] Portfolio Val: 91,300.00Progress ||  30.89%  [Elapsed: 0:00:03 ETA: 0:00:08] Portfolio Val: 91,300.00Progress ||  31.00%  [Elapsed: 0:00:03 ETA: 0:00:08] Portfolio Val: 91,300.00Progress ||  31.04%  [Elapsed: 0:00:03 ETA: 0:00:08] Portfolio Val: 91,300.00Progress ||  31.15%  [Elapsed: 0:00:03 ETA: 0:00:08] Portfolio Val: 91,300.00Progress ||  31.19%  [Elapsed: 0:00:03 ETA: 0:00:08] Portfolio Val: 91,300.00Progress ||  31.30%  [Elapsed: 0:00:03 ETA: 0:00:08] Portfolio Val: 91,300.00Progress ||  31.34%  [Elapsed: 0:00:03 ETA: 0:00:08] Portfolio Val: 91,300.00Progress ||  31.45%  [Elapsed: 0:00:03 ETA: 0:00:08] Portfolio Val: 91,300.00Progress ||  31.60%  [Elapsed: 0:00:03 ETA: 0:00:08] Portfolio Val: 91,300.00Progress ||  31.75%  [Elapsed: 0:00:03 ETA: 0:00:08] Portfolio Val: 91,300.00Progress ||  31.90%  [Elapsed: 0:00:03 ETA: 0:00:07] Portfolio Val: 91,300.00Progress ||  31.94%  [Elapsed: 0:00:03 ETA: 0:00:07] Portfolio Val: 91,300.00Progress ||  32.05%  [Elapsed: 0:00:03 ETA: 0:00:07] Portfolio Val: 91,300.00Progress ||  32.09%  [Elapsed: 0:00:03 ETA: 0:00:07] Portfolio Val: 91,300.00Progress ||  32.20%  [Elapsed: 0:00:03 ETA: 0:00:07] Portfolio Val: 91,300.00Progress ||  32.24%  [Elapsed: 0:00:03 ETA: 0:00:07] Portfolio Val: 91,300.00Progress ||  32.35%  [Elapsed: 0:00:03 ETA: 0:00:07] Portfolio Val: 91,300.00Progress ||  32.39%  [Elapsed: 0:00:03 ETA: 0:00:07] Portfolio Val: 91,300.00Progress ||  32.50%  [Elapsed: 0:00:03 ETA: 0:00:07] Portfolio Val: 91,300.00Progress ||  32.54%  [Elapsed: 0:00:03 ETA: 0:00:07] Portfolio Val: 91,300.00Progress ||  32.65%  [Elapsed: 0:00:03 ETA: 0:00:07] Portfolio Val: 91,300.00Progress ||  32.79%  [Elapsed: 0:00:03 ETA: 0:00:07] Portfolio Val: 91,300.00Progress ||  32.94%  [Elapsed: 0:00:03 ETA: 0:00:07] Portfolio Val: 91,300.00Progress ||  32.98%  [Elapsed: 0:00:03 ETA: 0:00:07] Portfolio Val: 91,300.00Progress ||  33.09%  [Elapsed: 0:00:03 ETA: 0:00:07] Portfolio Val: 91,300.00Progress ||  33.13%  [Elapsed: 0:00:03 ETA: 0:00:07] Portfolio Val: 91,300.00Progress ||  33.24%  [Elapsed: 0:00:03 ETA: 0:00:07] Portfolio Val: 91,300.00Progress ||  33.28%  [Elapsed: 0:00:03 ETA: 0:00:07] Portfolio Val: 91,300.00Progress ||  33.39%  [Elapsed: 0:00:03 ETA: 0:00:07] Portfolio Val: 91,300.00Progress ||  33.43%  [Elapsed: 0:00:03 ETA: 0:00:07] Portfolio Val: 91,300.00Progress ||  33.54%  [Elapsed: 0:00:03 ETA: 0:00:07] Portfolio Val: 91,300.00Progress ||  33.58%  [Elapsed: 0:00:03 ETA: 0:00:07] Portfolio Val: 91,300.00Progress ||  33.69%  [Elapsed: 0:00:03 ETA: 0:00:07] Portfolio Val: 91,300.00Progress ||  33.84%  [Elapsed: 0:00:03 ETA: 0:00:07] Portfolio Val: 91,300.00Progress ||  33.99%  [Elapsed: 0:00:03 ETA: 0:00:07] Portfolio Val: 91,300.00Progress ||  34.03%  [Elapsed: 0:00:03 ETA: 0:00:07] Portfolio Val: 91,300.00Progress ||  34.14%  [Elapsed: 0:00:03 ETA: 0:00:07] Portfolio Val: 91,300.00Progress ||  34.18%  [Elapsed: 0:00:03 ETA: 0:00:07] Portfolio Val: 91,300.00Progress ||  34.29%  [Elapsed: 0:00:03 ETA: 0:00:07] Portfolio Val: 91,300.00Progress ||  34.33%  [Elapsed: 0:00:03 ETA: 0:00:07] Portfolio Val: 91,300.00Progress ||  34.44%  [Elapsed: 0:00:03 ETA: 0:00:07] Portfolio Val: 91,300.00Progress ||  34.48%  [Elapsed: 0:00:03 ETA: 0:00:07] Portfolio Val: 91,300.00Progress ||  34.59%  [Elapsed: 0:00:03 ETA: 0:00:07] Portfolio Val: 91,300.00Progress ||  34.63%  [Elapsed: 0:00:03 ETA: 0:00:07] Portfolio Val: 91,300.00Progress ||  34.74%  [Elapsed: 0:00:03 ETA: 0:00:07] Portfolio Val: 91,300.00Progress ||  34.89%  [Elapsed: 0:00:03 ETA: 0:00:06] Portfolio Val: 91,300.00Progress ||  35.04%  [Elapsed: 0:00:03 ETA: 0:00:06] Portfolio Val: 91,300.00Progress ||  35.08%  [Elapsed: 0:00:03 ETA: 0:00:06] Portfolio Val: 91,300.00Progress ||  35.19%  [Elapsed: 0:00:03 ETA: 0:00:06] Portfolio Val: 91,300.00Progress ||  35.23%  [Elapsed: 0:00:03 ETA: 0:00:06] Portfolio Val: 91,300.00Progress ||  35.34%  [Elapsed: 0:00:03 ETA: 0:00:06] Portfolio Val: 91,300.00Progress ||  35.38%  [Elapsed: 0:00:03 ETA: 0:00:06] Portfolio Val: 91,300.00Progress ||  35.49%  [Elapsed: 0:00:03 ETA: 0:00:06] Portfolio Val: 91,300.00Progress ||  35.53%  [Elapsed: 0:00:03 ETA: 0:00:06] Portfolio Val: 91,300.00Progress ||  35.63%  [Elapsed: 0:00:03 ETA: 0:00:06] Portfolio Val: 91,300.00Progress ||  35.68%  [Elapsed: 0:00:03 ETA: 0:00:06] Portfolio Val: 91,300.00Progress ||  35.78%  [Elapsed: 0:00:03 ETA: 0:00:06] Portfolio Val: 91,300.00Progress ||  35.93%  [Elapsed: 0:00:03 ETA: 0:00:06] Portfolio Val: 91,300.00Progress ||  36.08%  [Elapsed: 0:00:03 ETA: 0:00:06] Portfolio Val: 91,300.00Progress ||  36.12%  [Elapsed: 0:00:03 ETA: 0:00:06] Portfolio Val: 91,300.00Progress ||  36.23%  [Elapsed: 0:00:03 ETA: 0:00:06] Portfolio Val: 91,300.00Progress ||  36.27%  [Elapsed: 0:00:03 ETA: 0:00:06] Portfolio Val: 91,300.00Progress ||  36.38%  [Elapsed: 0:00:03 ETA: 0:00:06] Portfolio Val: 91,300.00Progress ||  36.42%  [Elapsed: 0:00:03 ETA: 0:00:06] Portfolio Val: 91,300.00Progress ||  36.53%  [Elapsed: 0:00:03 ETA: 0:00:06] Portfolio Val: 91,300.00Progress ||  36.57%  [Elapsed: 0:00:03 ETA: 0:00:06] Portfolio Val: 91,300.00Progress ||  36.68%  [Elapsed: 0:00:03 ETA: 0:00:06] Portfolio Val: 91,300.00Progress ||  36.72%  [Elapsed: 0:00:03 ETA: 0:00:06] Portfolio Val: 91,300.00Progress ||  36.83%  [Elapsed: 0:00:03 ETA: 0:00:06] Portfolio Val: 91,300.00Progress ||  36.98%  [Elapsed: 0:00:03 ETA: 0:00:06] Portfolio Val: 91,300.00Progress ||  37.13%  [Elapsed: 0:00:03 ETA: 0:00:06] Portfolio Val: 91,300.00Progress ||  37.17%  [Elapsed: 0:00:03 ETA: 0:00:06] Portfolio Val: 91,300.00Progress ||  37.28%  [Elapsed: 0:00:03 ETA: 0:00:06] Portfolio Val: 91,300.00Progress ||  37.32%  [Elapsed: 0:00:03 ETA: 0:00:06] Portfolio Val: 91,300.00Progress ||  37.43%  [Elapsed: 0:00:03 ETA: 0:00:06] Portfolio Val: 91,300.00Progress ||  37.47%  [Elapsed: 0:00:03 ETA: 0:00:06] Portfolio Val: 91,300.00Progress ||  37.58%  [Elapsed: 0:00:03 ETA: 0:00:06] Portfolio Val: 91,300.00Progress ||  37.62%  [Elapsed: 0:00:03 ETA: 0:00:06] Portfolio Val: 91,300.00Progress ||  37.73%  [Elapsed: 0:00:03 ETA: 0:00:06] Portfolio Val: 91,300.00Progress ||  37.77%  [Elapsed: 0:00:03 ETA: 0:00:06] Portfolio Val: 91,300.00Progress ||  37.88%  [Elapsed: 0:00:03 ETA: 0:00:06] Portfolio Val: 91,300.00Progress ||  38.03%  [Elapsed: 0:00:03 ETA: 0:00:06] Portfolio Val: 91,300.00Progress ||  38.18%  [Elapsed: 0:00:03 ETA: 0:00:06] Portfolio Val: 91,300.00Progress ||  38.22%  [Elapsed: 0:00:03 ETA: 0:00:06] Portfolio Val: 91,300.00Progress ||  38.33%  [Elapsed: 0:00:03 ETA: 0:00:06] Portfolio Val: 91,300.00Progress ||  38.37%  [Elapsed: 0:00:03 ETA: 0:00:06] Portfolio Val: 91,300.00Progress ||  38.47%  [Elapsed: 0:00:03 ETA: 0:00:05] Portfolio Val: 91,300.00Progress ||  38.52%  [Elapsed: 0:00:03 ETA: 0:00:05] Portfolio Val: 91,300.00Progress ||  38.62%  [Elapsed: 0:00:03 ETA: 0:00:05] Portfolio Val: 91,300.00Progress ||  38.66%  [Elapsed: 0:00:03 ETA: 0:00:05] Portfolio Val: 91,300.00Progress ||  38.77%  [Elapsed: 0:00:03 ETA: 0:00:05] Portfolio Val: 91,300.00Progress ||  38.81%  [Elapsed: 0:00:03 ETA: 0:00:05] Portfolio Val: 91,300.00Progress ||  38.92%  [Elapsed: 0:00:03 ETA: 0:00:05] Portfolio Val: 91,300.00Progress ||  39.07%  [Elapsed: 0:00:03 ETA: 0:00:05] Portfolio Val: 91,300.00Progress ||  39.22%  [Elapsed: 0:00:03 ETA: 0:00:05] Portfolio Val: 91,300.00Progress ||  39.26%  [Elapsed: 0:00:03 ETA: 0:00:05] Portfolio Val: 91,300.00Progress ||  39.37%  [Elapsed: 0:00:03 ETA: 0:00:05] Portfolio Val: 91,300.00Progress ||  39.41%  [Elapsed: 0:00:03 ETA: 0:00:05] Portfolio Val: 91,300.00Progress ||  39.52%  [Elapsed: 0:00:03 ETA: 0:00:05] Portfolio Val: 91,300.00Progress ||  39.56%  [Elapsed: 0:00:03 ETA: 0:00:05] Portfolio Val: 91,300.00Progress ||  39.67%  [Elapsed: 0:00:03 ETA: 0:00:05] Portfolio Val: 91,300.00Progress ||  39.71%  [Elapsed: 0:00:03 ETA: 0:00:05] Portfolio Val: 91,300.00Progress ||  39.82%  [Elapsed: 0:00:03 ETA: 0:00:05] Portfolio Val: 91,300.00Progress ||  39.86%  [Elapsed: 0:00:03 ETA: 0:00:05] Portfolio Val: 91,300.00Progress ||  39.97%  [Elapsed: 0:00:03 ETA: 0:00:05] Portfolio Val: 91,300.00Progress ||  40.12%  [Elapsed: 0:00:03 ETA: 0:00:05] Portfolio Val: 91,300.00Progress ||  40.27%  [Elapsed: 0:00:03 ETA: 0:00:05] Portfolio Val: 91,300.00Progress ||  40.42%  [Elapsed: 0:00:03 ETA: 0:00:05] Portfolio Val: 91,300.00Progress ||  40.46%  [Elapsed: 0:00:03 ETA: 0:00:05] Portfolio Val: 91,300.00Progress ||  40.57%  [Elapsed: 0:00:03 ETA: 0:00:05] Portfolio Val: 91,300.00Progress ||  40.61%  [Elapsed: 0:00:03 ETA: 0:00:05] Portfolio Val: 91,300.00Progress ||  40.72%  [Elapsed: 0:00:03 ETA: 0:00:05] Portfolio Val: 91,300.00Progress ||  40.76%  [Elapsed: 0:00:03 ETA: 0:00:05] Portfolio Val: 91,300.00Progress ||  40.87%  [Elapsed: 0:00:03 ETA: 0:00:05] Portfolio Val: 91,300.00Progress ||  40.91%  [Elapsed: 0:00:03 ETA: 0:00:05] Portfolio Val: 91,300.00Progress ||  41.02%  [Elapsed: 0:00:03 ETA: 0:00:05] Portfolio Val: 91,300.00Progress ||  41.17%  [Elapsed: 0:00:03 ETA: 0:00:05] Portfolio Val: 91,300.00Progress ||  41.31%  [Elapsed: 0:00:03 ETA: 0:00:05] Portfolio Val: 91,300.00Progress ||  41.36%  [Elapsed: 0:00:03 ETA: 0:00:05] Portfolio Val: 91,300.00Progress ||  41.46%  [Elapsed: 0:00:03 ETA: 0:00:05] Portfolio Val: 91,300.00Progress ||  41.50%  [Elapsed: 0:00:03 ETA: 0:00:05] Portfolio Val: 91,300.00Progress ||  41.61%  [Elapsed: 0:00:03 ETA: 0:00:05] Portfolio Val: 91,300.00Progress ||  41.65%  [Elapsed: 0:00:03 ETA: 0:00:05] Portfolio Val: 91,300.00Progress ||  41.76%  [Elapsed: 0:00:03 ETA: 0:00:05] Portfolio Val: 91,300.00Progress ||  41.80%  [Elapsed: 0:00:03 ETA: 0:00:05] Portfolio Val: 91,300.00Progress ||  41.91%  [Elapsed: 0:00:03 ETA: 0:00:05] Portfolio Val: 91,300.00Progress ||  41.95%  [Elapsed: 0:00:03 ETA: 0:00:05] Portfolio Val: 91,300.00Progress ||  42.06%  [Elapsed: 0:00:03 ETA: 0:00:05] Portfolio Val: 91,300.00Progress ||  42.21%  [Elapsed: 0:00:03 ETA: 0:00:05] Portfolio Val: 91,300.00Progress ||  42.36%  [Elapsed: 0:00:03 ETA: 0:00:05] Portfolio Val: 91,300.00Progress ||  42.40%  [Elapsed: 0:00:03 ETA: 0:00:05] Portfolio Val: 91,300.00Progress ||  42.51%  [Elapsed: 0:00:03 ETA: 0:00:05] Portfolio Val: 91,300.00Progress ||  42.55%  [Elapsed: 0:00:03 ETA: 0:00:05] Portfolio Val: 91,300.00Progress ||  42.66%  [Elapsed: 0:00:03 ETA: 0:00:05] Portfolio Val: 91,300.00Progress ||  42.70%  [Elapsed: 0:00:03 ETA: 0:00:05] Portfolio Val: 91,300.00Progress ||  42.81%  [Elapsed: 0:00:03 ETA: 0:00:05] Portfolio Val: 91,300.00Progress ||  42.85%  [Elapsed: 0:00:03 ETA: 0:00:04] Portfolio Val: 91,300.00Progress ||  42.96%  [Elapsed: 0:00:03 ETA: 0:00:04] Portfolio Val: 91,300.00Progress ||  43.00%  [Elapsed: 0:00:03 ETA: 0:00:04] Portfolio Val: 91,300.00Progress ||  43.11%  [Elapsed: 0:00:03 ETA: 0:00:04] Portfolio Val: 91,300.00Progress ||  43.26%  [Elapsed: 0:00:03 ETA: 0:00:04] Portfolio Val: 91,300.00Progress ||  43.41%  [Elapsed: 0:00:03 ETA: 0:00:04] Portfolio Val: 91,300.00Progress ||  43.45%  [Elapsed: 0:00:03 ETA: 0:00:04] Portfolio Val: 91,300.00Progress ||  43.56%  [Elapsed: 0:00:03 ETA: 0:00:04] Portfolio Val: 91,300.00Progress ||  43.60%  [Elapsed: 0:00:03 ETA: 0:00:04] Portfolio Val: 91,300.00Progress ||  43.71%  [Elapsed: 0:00:03 ETA: 0:00:04] Portfolio Val: 91,300.00Progress ||  43.86%  [Elapsed: 0:00:03 ETA: 0:00:04] Portfolio Val: 91,300.00Progress ||  43.90%  [Elapsed: 0:00:03 ETA: 0:00:04] Portfolio Val: 91,300.00Progress ||  44.01%  [Elapsed: 0:00:03 ETA: 0:00:04] Portfolio Val: 91,300.00Progress ||  44.05%  [Elapsed: 0:00:03 ETA: 0:00:04] Portfolio Val: 91,300.00Progress ||  44.15%  [Elapsed: 0:00:03 ETA: 0:00:04] Portfolio Val: 91,300.00Progress ||  44.30%  [Elapsed: 0:00:03 ETA: 0:00:04] Portfolio Val: 91,300.00Progress ||  44.45%  [Elapsed: 0:00:03 ETA: 0:00:04] Portfolio Val: 91,300.00Progress ||  44.49%  [Elapsed: 0:00:03 ETA: 0:00:04] Portfolio Val: 91,300.00Progress ||  44.60%  [Elapsed: 0:00:03 ETA: 0:00:04] Portfolio Val: 91,300.00Progress ||  44.64%  [Elapsed: 0:00:03 ETA: 0:00:04] Portfolio Val: 91,300.00Progress ||  44.75%  [Elapsed: 0:00:03 ETA: 0:00:04] Portfolio Val: 91,300.00Progress ||  44.79%  [Elapsed: 0:00:03 ETA: 0:00:04] Portfolio Val: 91,300.00Progress ||  44.90%  [Elapsed: 0:00:03 ETA: 0:00:04] Portfolio Val: 91,300.00Progress ||  44.94%  [Elapsed: 0:00:03 ETA: 0:00:04] Portfolio Val: 91,300.00Progress ||  45.05%  [Elapsed: 0:00:03 ETA: 0:00:04] Portfolio Val: 91,300.00Progress ||  45.09%  [Elapsed: 0:00:03 ETA: 0:00:04] Portfolio Val: 91,300.00Progress ||  45.20%  [Elapsed: 0:00:03 ETA: 0:00:04] Portfolio Val: 91,300.00Progress ||  45.35%  [Elapsed: 0:00:03 ETA: 0:00:04] Portfolio Val: 91,300.00Progress ||  45.50%  [Elapsed: 0:00:03 ETA: 0:00:04] Portfolio Val: 91,300.00Progress ||  45.54%  [Elapsed: 0:00:03 ETA: 0:00:04] Portfolio Val: 91,300.00Progress ||  45.65%  [Elapsed: 0:00:03 ETA: 0:00:04] Portfolio Val: 91,300.00Progress ||  45.69%  [Elapsed: 0:00:03 ETA: 0:00:04] Portfolio Val: 91,300.00Progress ||  45.80%  [Elapsed: 0:00:03 ETA: 0:00:04] Portfolio Val: 91,300.00Progress ||  45.82%  [Elapsed: 0:00:03 ETA: 0:00:04] Portfolio Val: 91,300.00Progress ||  45.95%  [Elapsed: 0:00:03 ETA: 0:00:04] Portfolio Val: 91,300.00Progress ||  46.10%  [Elapsed: 0:00:03 ETA: 0:00:04] Portfolio Val: 91,300.00Progress ||  46.14%  [Elapsed: 0:00:03 ETA: 0:00:04] Portfolio Val: 91,300.00Progress ||  46.25%  [Elapsed: 0:00:03 ETA: 0:00:04] Portfolio Val: 91,300.00Progress ||  46.40%  [Elapsed: 0:00:03 ETA: 0:00:04] Portfolio Val: 91,300.00Progress ||  46.55%  [Elapsed: 0:00:03 ETA: 0:00:04] Portfolio Val: 91,300.00Progress ||  46.59%  [Elapsed: 0:00:03 ETA: 0:00:04] Portfolio Val: 91,300.00Progress ||  46.70%  [Elapsed: 0:00:03 ETA: 0:00:04] Portfolio Val: 91,300.00Progress ||  46.74%  [Elapsed: 0:00:03 ETA: 0:00:04] Portfolio Val: 91,300.00Progress ||  46.85%  [Elapsed: 0:00:03 ETA: 0:00:04] Portfolio Val: 91,300.00Progress ||  46.89%  [Elapsed: 0:00:03 ETA: 0:00:04] Portfolio Val: 91,300.00Progress ||  46.99%  [Elapsed: 0:00:03 ETA: 0:00:04] Portfolio Val: 91,300.00Progress ||  47.04%  [Elapsed: 0:00:03 ETA: 0:00:04] Portfolio Val: 91,300.00Progress ||  47.14%  [Elapsed: 0:00:03 ETA: 0:00:04] Portfolio Val: 91,300.00Progress ||  47.18%  [Elapsed: 0:00:03 ETA: 0:00:04] Portfolio Val: 91,300.00Progress ||  47.29%  [Elapsed: 0:00:03 ETA: 0:00:04] Portfolio Val: 91,300.00Progress ||  47.44%  [Elapsed: 0:00:03 ETA: 0:00:04] Portfolio Val: 91,300.00Progress ||  47.59%  [Elapsed: 0:00:03 ETA: 0:00:04] Portfolio Val: 91,300.00Progress ||  47.63%  [Elapsed: 0:00:03 ETA: 0:00:04] Portfolio Val: 91,300.00Progress ||  47.74%  [Elapsed: 0:00:03 ETA: 0:00:04] Portfolio Val: 91,300.00Progress ||  47.78%  [Elapsed: 0:00:03 ETA: 0:00:04] Portfolio Val: 91,300.00Progress ||  47.89%  [Elapsed: 0:00:03 ETA: 0:00:04] Portfolio Val: 91,300.00Progress ||  47.93%  [Elapsed: 0:00:03 ETA: 0:00:04] Portfolio Val: 91,300.00Progress ||  48.04%  [Elapsed: 0:00:03 ETA: 0:00:04] Portfolio Val: 91,300.00Progress ||  48.08%  [Elapsed: 0:00:03 ETA: 0:00:04] Portfolio Val: 91,300.00Progress ||  48.19%  [Elapsed: 0:00:03 ETA: 0:00:04] Portfolio Val: 91,300.00Progress ||  48.23%  [Elapsed: 0:00:03 ETA: 0:00:04] Portfolio Val: 91,300.00Progress ||  48.34%  [Elapsed: 0:00:03 ETA: 0:00:04] Portfolio Val: 91,300.00Progress ||  48.49%  [Elapsed: 0:00:03 ETA: 0:00:03] Portfolio Val: 91,300.00Progress ||  48.64%  [Elapsed: 0:00:03 ETA: 0:00:03] Portfolio Val: 91,300.00Progress ||  48.68%  [Elapsed: 0:00:03 ETA: 0:00:03] Portfolio Val: 91,300.00Progress ||  48.79%  [Elapsed: 0:00:03 ETA: 0:00:03] Portfolio Val: 91,300.00Progress ||  48.83%  [Elapsed: 0:00:03 ETA: 0:00:03] Portfolio Val: 91,300.00Progress ||  48.94%  [Elapsed: 0:00:03 ETA: 0:00:03] Portfolio Val: 91,300.00Progress ||  48.98%  [Elapsed: 0:00:03 ETA: 0:00:03] Portfolio Val: 91,300.00Progress ||  49.09%  [Elapsed: 0:00:03 ETA: 0:00:03] Portfolio Val: 91,300.00Progress ||  49.13%  [Elapsed: 0:00:03 ETA: 0:00:03] Portfolio Val: 91,300.00Progress ||  49.24%  [Elapsed: 0:00:03 ETA: 0:00:03] Portfolio Val: 91,300.00Progress ||  49.28%  [Elapsed: 0:00:03 ETA: 0:00:03] Portfolio Val: 91,300.00Progress ||  49.39%  [Elapsed: 0:00:03 ETA: 0:00:03] Portfolio Val: 91,300.00Progress ||  49.54%  [Elapsed: 0:00:03 ETA: 0:00:03] Portfolio Val: 91,300.00Progress ||  49.69%  [Elapsed: 0:00:03 ETA: 0:00:03] Portfolio Val: 91,300.00Progress ||  49.73%  [Elapsed: 0:00:03 ETA: 0:00:03] Portfolio Val: 91,300.00Progress ||  49.84%  [Elapsed: 0:00:03 ETA: 0:00:03] Portfolio Val: 91,300.00Progress ||  49.88%  [Elapsed: 0:00:03 ETA: 0:00:03] Portfolio Val: 91,300.00Progress ||  49.98%  [Elapsed: 0:00:03 ETA: 0:00:03] Portfolio Val: 91,300.00Progress ||  50.02%  [Elapsed: 0:00:03 ETA: 0:00:03] Portfolio Val: 91,300.00Progress ||  50.13%  [Elapsed: 0:00:03 ETA: 0:00:03] Portfolio Val: 91,300.00Progress ||  50.17%  [Elapsed: 0:00:03 ETA: 0:00:03] Portfolio Val: 91,300.00Progress ||  50.28%  [Elapsed: 0:00:03 ETA: 0:00:03] Portfolio Val: 91,300.00Progress ||  50.32%  [Elapsed: 0:00:03 ETA: 0:00:03] Portfolio Val: 91,300.00Progress ||  50.43%  [Elapsed: 0:00:03 ETA: 0:00:03] Portfolio Val: 91,300.00Progress ||  50.58%  [Elapsed: 0:00:03 ETA: 0:00:03] Portfolio Val: 91,300.00Progress ||  50.73%  [Elapsed: 0:00:03 ETA: 0:00:03] Portfolio Val: 91,300.00Progress ||  50.77%  [Elapsed: 0:00:03 ETA: 0:00:03] Portfolio Val: 91,300.00Progress ||  50.88%  [Elapsed: 0:00:03 ETA: 0:00:03] Portfolio Val: 91,300.00Progress ||  50.92%  [Elapsed: 0:00:03 ETA: 0:00:03] Portfolio Val: 91,300.00Progress ||  51.03%  [Elapsed: 0:00:03 ETA: 0:00:03] Portfolio Val: 91,300.00Progress ||  51.07%  [Elapsed: 0:00:03 ETA: 0:00:03] Portfolio Val: 91,300.00Progress ||  51.18%  [Elapsed: 0:00:03 ETA: 0:00:03] Portfolio Val: 91,300.00Progress ||  51.22%  [Elapsed: 0:00:03 ETA: 0:00:03] Portfolio Val: 91,300.00Progress ||  51.33%  [Elapsed: 0:00:03 ETA: 0:00:03] Portfolio Val: 91,300.00Progress ||  51.37%  [Elapsed: 0:00:03 ETA: 0:00:03] Portfolio Val: 91,300.00Progress ||  51.48%  [Elapsed: 0:00:03 ETA: 0:00:03] Portfolio Val: 91,300.00Progress ||  51.63%  [Elapsed: 0:00:03 ETA: 0:00:03] Portfolio Val: 91,300.00Progress ||  51.78%  [Elapsed: 0:00:03 ETA: 0:00:03] Portfolio Val: 91,300.00Progress ||  51.82%  [Elapsed: 0:00:03 ETA: 0:00:03] Portfolio Val: 91,300.00Progress ||  51.93%  [Elapsed: 0:00:03 ETA: 0:00:03] Portfolio Val: 91,300.00Progress ||  51.97%  [Elapsed: 0:00:03 ETA: 0:00:03] Portfolio Val: 91,300.00Progress ||  52.08%  [Elapsed: 0:00:03 ETA: 0:00:03] Portfolio Val: 91,300.00Progress ||  52.12%  [Elapsed: 0:00:03 ETA: 0:00:03] Portfolio Val: 91,300.00Progress ||  52.23%  [Elapsed: 0:00:03 ETA: 0:00:03] Portfolio Val: 91,300.00Progress ||  52.27%  [Elapsed: 0:00:03 ETA: 0:00:03] Portfolio Val: 91,300.00Progress ||  52.38%  [Elapsed: 0:00:03 ETA: 0:00:03] Portfolio Val: 91,300.00Progress ||  52.42%  [Elapsed: 0:00:03 ETA: 0:00:03] Portfolio Val: 91,300.00Progress ||  52.53%  [Elapsed: 0:00:03 ETA: 0:00:03] Portfolio Val: 91,300.00Progress ||  52.68%  [Elapsed: 0:00:03 ETA: 0:00:03] Portfolio Val: 91,300.00Progress ||  52.82%  [Elapsed: 0:00:03 ETA: 0:00:03] Portfolio Val: 91,300.00Progress ||  52.87%  [Elapsed: 0:00:03 ETA: 0:00:03] Portfolio Val: 91,300.00Progress ||  52.97%  [Elapsed: 0:00:03 ETA: 0:00:03] Portfolio Val: 91,300.00Progress ||  53.01%  [Elapsed: 0:00:03 ETA: 0:00:03] Portfolio Val: 91,300.00Progress ||  53.12%  [Elapsed: 0:00:03 ETA: 0:00:03] Portfolio Val: 91,300.00Progress ||  53.16%  [Elapsed: 0:00:03 ETA: 0:00:03] Portfolio Val: 91,300.00Progress ||  53.27%  [Elapsed: 0:00:03 ETA: 0:00:03] Portfolio Val: 91,300.00Progress ||  53.31%  [Elapsed: 0:00:03 ETA: 0:00:03] Portfolio Val: 91,300.00Progress ||  53.42%  [Elapsed: 0:00:03 ETA: 0:00:03] Portfolio Val: 91,300.00Progress ||  53.46%  [Elapsed: 0:00:03 ETA: 0:00:03] Portfolio Val: 91,300.00Progress ||  53.57%  [Elapsed: 0:00:03 ETA: 0:00:03] Portfolio Val: 91,300.00Progress ||  53.72%  [Elapsed: 0:00:03 ETA: 0:00:03] Portfolio Val: 91,300.00Progress ||  53.87%  [Elapsed: 0:00:03 ETA: 0:00:03] Portfolio Val: 91,300.00Progress ||  53.91%  [Elapsed: 0:00:03 ETA: 0:00:03] Portfolio Val: 91,300.00Progress ||  54.02%  [Elapsed: 0:00:03 ETA: 0:00:03] Portfolio Val: 91,300.00Progress ||  54.06%  [Elapsed: 0:00:03 ETA: 0:00:03] Portfolio Val: 91,300.00Progress ||  54.17%  [Elapsed: 0:00:03 ETA: 0:00:03] Portfolio Val: 91,300.00Progress ||  54.21%  [Elapsed: 0:00:03 ETA: 0:00:03] Portfolio Val: 91,300.00Progress ||  54.32%  [Elapsed: 0:00:03 ETA: 0:00:03] Portfolio Val: 91,300.00Progress ||  54.36%  [Elapsed: 0:00:03 ETA: 0:00:03] Portfolio Val: 91,300.00Progress ||  54.47%  [Elapsed: 0:00:03 ETA: 0:00:03] Portfolio Val: 91,300.00Progress ||  54.51%  [Elapsed: 0:00:03 ETA: 0:00:03] Portfolio Val: 91,300.00Progress ||  54.62%  [Elapsed: 0:00:03 ETA: 0:00:03] Portfolio Val: 91,300.00Progress ||  54.77%  [Elapsed: 0:00:03 ETA: 0:00:03] Portfolio Val: 91,300.00Progress ||  54.92%  [Elapsed: 0:00:03 ETA: 0:00:03] Portfolio Val: 91,300.00Progress ||  55.07%  [Elapsed: 0:00:03 ETA: 0:00:03] Portfolio Val: 91,300.00Progress ||  55.11%  [Elapsed: 0:00:03 ETA: 0:00:03] Portfolio Val: 91,300.00Progress ||  55.22%  [Elapsed: 0:00:03 ETA: 0:00:03] Portfolio Val: 91,300.00Progress ||  55.26%  [Elapsed: 0:00:03 ETA: 0:00:03] Portfolio Val: 91,300.00Progress ||  55.37%  [Elapsed: 0:00:03 ETA: 0:00:03] Portfolio Val: 91,300.00Progress ||  55.41%  [Elapsed: 0:00:03 ETA: 0:00:03] Portfolio Val: 91,300.00Progress ||  55.52%  [Elapsed: 0:00:03 ETA: 0:00:03] Portfolio Val: 91,300.00Progress ||  55.56%  [Elapsed: 0:00:03 ETA: 0:00:03] Portfolio Val: 91,300.00Progress ||  55.66%  [Elapsed: 0:00:03 ETA: 0:00:02] Portfolio Val: 91,300.00Progress ||  55.81%  [Elapsed: 0:00:03 ETA: 0:00:02] Portfolio Val: 91,300.00Progress ||  55.96%  [Elapsed: 0:00:03 ETA: 0:00:02] Portfolio Val: 91,300.00Progress ||  56.00%  [Elapsed: 0:00:03 ETA: 0:00:02] Portfolio Val: 91,300.00Progress ||  56.11%  [Elapsed: 0:00:03 ETA: 0:00:02] Portfolio Val: 91,300.00Progress ||  56.15%  [Elapsed: 0:00:03 ETA: 0:00:02] Portfolio Val: 91,300.00Progress ||  56.26%  [Elapsed: 0:00:03 ETA: 0:00:02] Portfolio Val: 91,300.00Progress ||  56.30%  [Elapsed: 0:00:03 ETA: 0:00:02] Portfolio Val: 91,300.00Progress ||  56.41%  [Elapsed: 0:00:03 ETA: 0:00:02] Portfolio Val: 91,300.00Progress ||  56.45%  [Elapsed: 0:00:03 ETA: 0:00:02] Portfolio Val: 91,300.00Progress ||  56.56%  [Elapsed: 0:00:03 ETA: 0:00:02] Portfolio Val: 91,300.00Progress ||  56.60%  [Elapsed: 0:00:03 ETA: 0:00:02] Portfolio Val: 91,300.00Progress ||  56.71%  [Elapsed: 0:00:03 ETA: 0:00:02] Portfolio Val: 91,300.00Progress ||  56.86%  [Elapsed: 0:00:03 ETA: 0:00:02] Portfolio Val: 91,300.00Progress ||  57.01%  [Elapsed: 0:00:03 ETA: 0:00:02] Portfolio Val: 91,300.00Progress ||  57.05%  [Elapsed: 0:00:03 ETA: 0:00:02] Portfolio Val: 91,300.00Progress ||  57.16%  [Elapsed: 0:00:03 ETA: 0:00:02] Portfolio Val: 91,300.00Progress ||  57.20%  [Elapsed: 0:00:03 ETA: 0:00:02] Portfolio Val: 91,300.00Progress ||  57.31%  [Elapsed: 0:00:03 ETA: 0:00:02] Portfolio Val: 91,300.00Progress ||  57.35%  [Elapsed: 0:00:03 ETA: 0:00:02] Portfolio Val: 91,300.00Progress ||  57.46%  [Elapsed: 0:00:03 ETA: 0:00:02] Portfolio Val: 91,300.00Progress ||  57.50%  [Elapsed: 0:00:03 ETA: 0:00:02] Portfolio Val: 91,300.00Progress ||  57.61%  [Elapsed: 0:00:03 ETA: 0:00:02] Portfolio Val: 91,300.00Progress ||  57.65%  [Elapsed: 0:00:03 ETA: 0:00:02] Portfolio Val: 91,300.00Progress ||  57.76%  [Elapsed: 0:00:03 ETA: 0:00:02] Portfolio Val: 91,300.00Progress ||  57.91%  [Elapsed: 0:00:03 ETA: 0:00:02] Portfolio Val: 91,300.00Progress ||  58.06%  [Elapsed: 0:00:03 ETA: 0:00:02] Portfolio Val: 91,300.00Progress ||  58.10%  [Elapsed: 0:00:03 ETA: 0:00:02] Portfolio Val: 91,300.00Progress ||  58.21%  [Elapsed: 0:00:03 ETA: 0:00:02] Portfolio Val: 91,300.00Progress ||  58.25%  [Elapsed: 0:00:03 ETA: 0:00:02] Portfolio Val: 91,300.00Progress ||  58.36%  [Elapsed: 0:00:03 ETA: 0:00:02] Portfolio Val: 91,300.00Progress ||  58.40%  [Elapsed: 0:00:03 ETA: 0:00:02] Portfolio Val: 91,300.00Progress ||  58.50%  [Elapsed: 0:00:03 ETA: 0:00:02] Portfolio Val: 91,300.00Progress ||  58.55%  [Elapsed: 0:00:03 ETA: 0:00:02] Portfolio Val: 91,300.00Progress ||  58.65%  [Elapsed: 0:00:03 ETA: 0:00:02] Portfolio Val: 91,300.00Progress ||  58.69%  [Elapsed: 0:00:03 ETA: 0:00:02] Portfolio Val: 91,300.00Progress ||  58.80%  [Elapsed: 0:00:03 ETA: 0:00:02] Portfolio Val: 91,300.00Progress ||  58.95%  [Elapsed: 0:00:03 ETA: 0:00:02] Portfolio Val: 91,300.00Progress ||  59.10%  [Elapsed: 0:00:03 ETA: 0:00:02] Portfolio Val: 91,300.00Progress ||  59.14%  [Elapsed: 0:00:03 ETA: 0:00:02] Portfolio Val: 91,300.00Progress ||  59.25%  [Elapsed: 0:00:03 ETA: 0:00:02] Portfolio Val: 91,300.00Progress ||  59.29%  [Elapsed: 0:00:03 ETA: 0:00:02] Portfolio Val: 91,300.00Progress ||  59.40%  [Elapsed: 0:00:03 ETA: 0:00:02] Portfolio Val: 91,300.00Progress ||  59.44%  [Elapsed: 0:00:03 ETA: 0:00:02] Portfolio Val: 91,300.00Progress ||  59.55%  [Elapsed: 0:00:03 ETA: 0:00:02] Portfolio Val: 91,300.00Progress ||  59.59%  [Elapsed: 0:00:03 ETA: 0:00:02] Portfolio Val: 91,300.00Progress ||  59.70%  [Elapsed: 0:00:03 ETA: 0:00:02] Portfolio Val: 91,300.00Progress ||  59.74%  [Elapsed: 0:00:03 ETA: 0:00:02] Portfolio Val: 91,300.00Progress ||  59.85%  [Elapsed: 0:00:03 ETA: 0:00:02] Portfolio Val: 91,300.00Progress ||  60.00%  [Elapsed: 0:00:03 ETA: 0:00:02] Portfolio Val: 91,300.00Progress ||  60.15%  [Elapsed: 0:00:03 ETA: 0:00:02] Portfolio Val: 91,300.00Progress ||  60.19%  [Elapsed: 0:00:03 ETA: 0:00:02] Portfolio Val: 91,300.00Progress ||  60.30%  [Elapsed: 0:00:03 ETA: 0:00:02] Portfolio Val: 91,300.00Progress ||  60.34%  [Elapsed: 0:00:03 ETA: 0:00:02] Portfolio Val: 91,300.00Progress ||  60.45%  [Elapsed: 0:00:03 ETA: 0:00:02] Portfolio Val: 91,300.00Progress ||  60.49%  [Elapsed: 0:00:03 ETA: 0:00:02] Portfolio Val: 91,300.00Progress ||  60.60%  [Elapsed: 0:00:03 ETA: 0:00:02] Portfolio Val: 91,300.00Progress ||  60.64%  [Elapsed: 0:00:03 ETA: 0:00:02] Portfolio Val: 91,300.00Progress ||  60.75%  [Elapsed: 0:00:03 ETA: 0:00:02] Portfolio Val: 91,300.00Progress ||  60.79%  [Elapsed: 0:00:03 ETA: 0:00:02] Portfolio Val: 91,300.00Progress ||  60.90%  [Elapsed: 0:00:03 ETA: 0:00:02] Portfolio Val: 91,300.00Progress ||  61.05%  [Elapsed: 0:00:03 ETA: 0:00:02] Portfolio Val: 91,300.00Progress ||  61.20%  [Elapsed: 0:00:03 ETA: 0:00:02] Portfolio Val: 91,300.00Progress ||  61.24%  [Elapsed: 0:00:03 ETA: 0:00:02] Portfolio Val: 91,300.00Progress ||  61.34%  [Elapsed: 0:00:03 ETA: 0:00:02] Portfolio Val: 91,300.00Progress ||  61.39%  [Elapsed: 0:00:03 ETA: 0:00:02] Portfolio Val: 91,300.00Progress ||  61.49%  [Elapsed: 0:00:03 ETA: 0:00:02] Portfolio Val: 91,300.00Progress ||  61.53%  [Elapsed: 0:00:03 ETA: 0:00:02] Portfolio Val: 91,300.00Progress ||  61.64%  [Elapsed: 0:00:03 ETA: 0:00:02] Portfolio Val: 91,300.00Progress ||  61.68%  [Elapsed: 0:00:03 ETA: 0:00:02] Portfolio Val: 91,300.00Progress ||  61.79%  [Elapsed: 0:00:03 ETA: 0:00:02] Portfolio Val: 91,300.00Progress ||  61.83%  [Elapsed: 0:00:03 ETA: 0:00:02] Portfolio Val: 91,300.00Progress ||  61.94%  [Elapsed: 0:00:03 ETA: 0:00:02] Portfolio Val: 91,300.00Progress ||  62.09%  [Elapsed: 0:00:03 ETA: 0:00:02] Portfolio Val: 91,300.00Progress ||  62.24%  [Elapsed: 0:00:03 ETA: 0:00:02] Portfolio Val: 91,300.00Progress ||  62.28%  [Elapsed: 0:00:03 ETA: 0:00:02] Portfolio Val: 91,300.00Progress ||  62.39%  [Elapsed: 0:00:03 ETA: 0:00:02] Portfolio Val: 91,300.00Progress ||  62.43%  [Elapsed: 0:00:03 ETA: 0:00:02] Portfolio Val: 91,300.00Progress ||  62.54%  [Elapsed: 0:00:03 ETA: 0:00:02] Portfolio Val: 91,300.00Progress ||  62.58%  [Elapsed: 0:00:03 ETA: 0:00:02] Portfolio Val: 91,300.00Progress ||  62.69%  [Elapsed: 0:00:03 ETA: 0:00:02] Portfolio Val: 91,300.00Progress ||  62.73%  [Elapsed: 0:00:03 ETA: 0:00:02] Portfolio Val: 91,300.00Progress ||  62.84%  [Elapsed: 0:00:03 ETA: 0:00:02] Portfolio Val: 91,300.00Progress ||  62.88%  [Elapsed: 0:00:03 ETA: 0:00:02] Portfolio Val: 91,300.00Progress ||  62.99%  [Elapsed: 0:00:03 ETA: 0:00:02] Portfolio Val: 91,300.00Progress ||  63.14%  [Elapsed: 0:00:03 ETA: 0:00:02] Portfolio Val: 91,300.00Progress ||  63.29%  [Elapsed: 0:00:03 ETA: 0:00:02] Portfolio Val: 91,300.00Progress ||  63.33%  [Elapsed: 0:00:03 ETA: 0:00:02] Portfolio Val: 91,300.00Progress ||  63.44%  [Elapsed: 0:00:03 ETA: 0:00:02] Portfolio Val: 91,300.00Progress ||  63.48%  [Elapsed: 0:00:03 ETA: 0:00:02] Portfolio Val: 91,300.00Progress ||  63.59%  [Elapsed: 0:00:03 ETA: 0:00:02] Portfolio Val: 91,300.00Progress ||  63.63%  [Elapsed: 0:00:03 ETA: 0:00:02] Portfolio Val: 91,300.00Progress ||  63.74%  [Elapsed: 0:00:03 ETA: 0:00:02] Portfolio Val: 91,300.00Progress ||  63.78%  [Elapsed: 0:00:03 ETA: 0:00:02] Portfolio Val: 91,300.00Progress ||  63.89%  [Elapsed: 0:00:03 ETA: 0:00:02] Portfolio Val: 91,300.00Progress ||  63.93%  [Elapsed: 0:00:03 ETA: 0:00:02] Portfolio Val: 91,300.00Progress ||  64.04%  [Elapsed: 0:00:03 ETA: 0:00:02] Portfolio Val: 91,300.00Progress ||  64.18%  [Elapsed: 0:00:03 ETA: 0:00:02] Portfolio Val: 91,300.00Progress ||  64.33%  [Elapsed: 0:00:03 ETA: 0:00:02] Portfolio Val: 91,300.00Progress ||  64.38%  [Elapsed: 0:00:03 ETA: 0:00:02] Portfolio Val: 91,300.00Progress ||  64.48%  [Elapsed: 0:00:03 ETA: 0:00:02] Portfolio Val: 91,300.00Progress ||  64.53%  [Elapsed: 0:00:03 ETA: 0:00:02] Portfolio Val: 91,300.00Progress ||  64.63%  [Elapsed: 0:00:03 ETA: 0:00:02] Portfolio Val: 91,300.00Progress ||  64.68%  [Elapsed: 0:00:03 ETA: 0:00:02] Portfolio Val: 91,300.00Progress ||  64.78%  [Elapsed: 0:00:03 ETA: 0:00:02] Portfolio Val: 91,300.00Progress ||  64.83%  [Elapsed: 0:00:03 ETA: 0:00:02] Portfolio Val: 91,300.00Progress ||  64.93%  [Elapsed: 0:00:03 ETA: 0:00:02] Portfolio Val: 91,300.00Progress ||  64.98%  [Elapsed: 0:00:03 ETA: 0:00:02] Portfolio Val: 91,300.00Progress ||  65.08%  [Elapsed: 0:00:03 ETA: 0:00:02] Portfolio Val: 91,300.00Progress ||  65.23%  [Elapsed: 0:00:03 ETA: 0:00:02] Portfolio Val: 91,300.00Progress ||  65.38%  [Elapsed: 0:00:03 ETA: 0:00:01] Portfolio Val: 91,300.00Progress ||  65.43%  [Elapsed: 0:00:03 ETA: 0:00:01] Portfolio Val: 91,300.00Progress ||  65.53%  [Elapsed: 0:00:03 ETA: 0:00:01] Portfolio Val: 91,300.00Progress ||  65.58%  [Elapsed: 0:00:03 ETA: 0:00:01] Portfolio Val: 91,300.00Progress ||  65.68%  [Elapsed: 0:00:03 ETA: 0:00:01] Portfolio Val: 91,300.00Progress ||  65.73%  [Elapsed: 0:00:03 ETA: 0:00:01] Portfolio Val: 91,300.00Progress ||  65.83%  [Elapsed: 0:00:03 ETA: 0:00:01] Portfolio Val: 91,300.00Progress ||  65.88%  [Elapsed: 0:00:03 ETA: 0:00:01] Portfolio Val: 91,300.00Progress ||  65.98%  [Elapsed: 0:00:03 ETA: 0:00:01] Portfolio Val: 91,300.00Progress ||  66.03%  [Elapsed: 0:00:03 ETA: 0:00:01] Portfolio Val: 91,300.00Progress ||  66.13%  [Elapsed: 0:00:03 ETA: 0:00:01] Portfolio Val: 91,300.00Progress ||  66.28%  [Elapsed: 0:00:03 ETA: 0:00:01] Portfolio Val: 91,300.00Progress ||  66.43%  [Elapsed: 0:00:03 ETA: 0:00:01] Portfolio Val: 91,300.00Progress ||  66.47%  [Elapsed: 0:00:03 ETA: 0:00:01] Portfolio Val: 91,300.00Progress ||  66.58%  [Elapsed: 0:00:03 ETA: 0:00:01] Portfolio Val: 91,300.00Progress ||  66.62%  [Elapsed: 0:00:03 ETA: 0:00:01] Portfolio Val: 91,300.00Progress ||  66.73%  [Elapsed: 0:00:03 ETA: 0:00:01] Portfolio Val: 91,300.00Progress ||  66.77%  [Elapsed: 0:00:03 ETA: 0:00:01] Portfolio Val: 91,300.00Progress ||  66.88%  [Elapsed: 0:00:03 ETA: 0:00:01] Portfolio Val: 91,300.00Progress ||  66.92%  [Elapsed: 0:00:03 ETA: 0:00:01] Portfolio Val: 91,300.00Progress ||  67.02%  [Elapsed: 0:00:03 ETA: 0:00:01] Portfolio Val: 91,300.00Progress ||  67.07%  [Elapsed: 0:00:03 ETA: 0:00:01] Portfolio Val: 91,300.00Progress ||  67.17%  [Elapsed: 0:00:03 ETA: 0:00:01] Portfolio Val: 91,300.00Progress ||  67.32%  [Elapsed: 0:00:03 ETA: 0:00:01] Portfolio Val: 91,300.00Progress ||  67.47%  [Elapsed: 0:00:03 ETA: 0:00:01] Portfolio Val: 91,300.00Progress ||  67.52%  [Elapsed: 0:00:03 ETA: 0:00:01] Portfolio Val: 91,300.00Progress ||  67.62%  [Elapsed: 0:00:03 ETA: 0:00:01] Portfolio Val: 91,300.00Progress ||  67.67%  [Elapsed: 0:00:03 ETA: 0:00:01] Portfolio Val: 91,300.00Progress ||  67.77%  [Elapsed: 0:00:03 ETA: 0:00:01] Portfolio Val: 91,300.00Progress ||  67.82%  [Elapsed: 0:00:03 ETA: 0:00:01] Portfolio Val: 91,300.00Progress ||  67.92%  [Elapsed: 0:00:03 ETA: 0:00:01] Portfolio Val: 91,300.00Progress ||  68.07%  [Elapsed: 0:00:03 ETA: 0:00:01] Portfolio Val: 91,300.00Progress ||  68.10%  [Elapsed: 0:00:03 ETA: 0:00:01] Portfolio Val: 91,300.00Progress ||  68.22%  [Elapsed: 0:00:03 ETA: 0:00:01] Portfolio Val: 91,300.00Progress ||  68.37%  [Elapsed: 0:00:03 ETA: 0:00:01] Portfolio Val: 91,300.00Progress ||  68.52%  [Elapsed: 0:00:03 ETA: 0:00:01] Portfolio Val: 91,300.00Progress ||  68.57%  [Elapsed: 0:00:03 ETA: 0:00:01] Portfolio Val: 91,300.00Progress ||  68.67%  [Elapsed: 0:00:03 ETA: 0:00:01] Portfolio Val: 91,300.00Progress ||  68.72%  [Elapsed: 0:00:03 ETA: 0:00:01] Portfolio Val: 91,300.00Progress ||  68.82%  [Elapsed: 0:00:03 ETA: 0:00:01] Portfolio Val: 91,300.00Progress ||  68.87%  [Elapsed: 0:00:03 ETA: 0:00:01] Portfolio Val: 91,300.00Progress ||  68.97%  [Elapsed: 0:00:03 ETA: 0:00:01] Portfolio Val: 91,300.00Progress ||  69.01%  [Elapsed: 0:00:03 ETA: 0:00:01] Portfolio Val: 91,300.00Progress ||  69.12%  [Elapsed: 0:00:03 ETA: 0:00:01] Portfolio Val: 91,300.00Progress ||  69.16%  [Elapsed: 0:00:03 ETA: 0:00:01] Portfolio Val: 91,300.00Progress ||  69.27%  [Elapsed: 0:00:03 ETA: 0:00:01] Portfolio Val: 91,300.00Progress ||  69.42%  [Elapsed: 0:00:03 ETA: 0:00:01] Portfolio Val: 91,300.00Progress ||  69.57%  [Elapsed: 0:00:03 ETA: 0:00:01] Portfolio Val: 91,300.00Progress ||  69.61%  [Elapsed: 0:00:03 ETA: 0:00:01] Portfolio Val: 91,300.00Progress ||  69.72%  [Elapsed: 0:00:03 ETA: 0:00:01] Portfolio Val: 91,300.00Progress ||  69.76%  [Elapsed: 0:00:03 ETA: 0:00:01] Portfolio Val: 91,300.00Progress ||  69.86%  [Elapsed: 0:00:03 ETA: 0:00:01] Portfolio Val: 91,300.00Progress ||  69.91%  [Elapsed: 0:00:03 ETA: 0:00:01] Portfolio Val: 91,300.00Progress ||  70.01%  [Elapsed: 0:00:03 ETA: 0:00:01] Portfolio Val: 91,300.00Progress ||  70.06%  [Elapsed: 0:00:03 ETA: 0:00:01] Portfolio Val: 91,300.00Progress ||  70.16%  [Elapsed: 0:00:03 ETA: 0:00:01] Portfolio Val: 91,300.00Progress ||  70.21%  [Elapsed: 0:00:03 ETA: 0:00:01] Portfolio Val: 91,300.00Progress ||  70.31%  [Elapsed: 0:00:03 ETA: 0:00:01] Portfolio Val: 91,300.00Progress ||  70.46%  [Elapsed: 0:00:03 ETA: 0:00:01] Portfolio Val: 91,300.00Progress ||  70.61%  [Elapsed: 0:00:03 ETA: 0:00:01] Portfolio Val: 91,300.00Progress ||  70.66%  [Elapsed: 0:00:03 ETA: 0:00:01] Portfolio Val: 91,300.00Progress ||  70.76%  [Elapsed: 0:00:03 ETA: 0:00:01] Portfolio Val: 91,300.00Progress ||  70.81%  [Elapsed: 0:00:03 ETA: 0:00:01] Portfolio Val: 91,300.00Progress ||  70.91%  [Elapsed: 0:00:03 ETA: 0:00:01] Portfolio Val: 91,300.00Progress ||  70.96%  [Elapsed: 0:00:03 ETA: 0:00:01] Portfolio Val: 91,300.00Progress ||  71.06%  [Elapsed: 0:00:03 ETA: 0:00:01] Portfolio Val: 91,300.00Progress ||  71.11%  [Elapsed: 0:00:03 ETA: 0:00:01] Portfolio Val: 91,300.00Progress ||  71.21%  [Elapsed: 0:00:03 ETA: 0:00:01] Portfolio Val: 91,300.00Progress ||  71.26%  [Elapsed: 0:00:03 ETA: 0:00:01] Portfolio Val: 91,300.00Progress ||  71.36%  [Elapsed: 0:00:03 ETA: 0:00:01] Portfolio Val: 91,300.00Progress ||  71.51%  [Elapsed: 0:00:03 ETA: 0:00:01] Portfolio Val: 91,300.00Progress ||  71.66%  [Elapsed: 0:00:03 ETA: 0:00:01] Portfolio Val: 91,300.00Progress ||  71.71%  [Elapsed: 0:00:03 ETA: 0:00:01] Portfolio Val: 91,300.00Progress ||  71.81%  [Elapsed: 0:00:03 ETA: 0:00:01] Portfolio Val: 91,300.00Progress ||  71.84%  [Elapsed: 0:00:03 ETA: 0:00:01] Portfolio Val: 91,300.00Progress ||  71.96%  [Elapsed: 0:00:03 ETA: 0:00:01] Portfolio Val: 91,300.00Progress ||  72.11%  [Elapsed: 0:00:03 ETA: 0:00:01] Portfolio Val: 91,300.00Progress ||  72.15%  [Elapsed: 0:00:03 ETA: 0:00:01] Portfolio Val: 91,300.00Progress ||  72.26%  [Elapsed: 0:00:03 ETA: 0:00:01] Portfolio Val: 91,300.00Progress ||  72.30%  [Elapsed: 0:00:03 ETA: 0:00:01] Portfolio Val: 91,300.00Progress ||  72.41%  [Elapsed: 0:00:03 ETA: 0:00:01] Portfolio Val: 91,300.00Progress ||  72.56%  [Elapsed: 0:00:03 ETA: 0:00:01] Portfolio Val: 91,300.00Progress ||  72.70%  [Elapsed: 0:00:03 ETA: 0:00:01] Portfolio Val: 91,300.00Progress ||  72.75%  [Elapsed: 0:00:03 ETA: 0:00:01] Portfolio Val: 91,300.00Progress ||  72.85%  [Elapsed: 0:00:03 ETA: 0:00:01] Portfolio Val: 91,300.00Progress ||  72.90%  [Elapsed: 0:00:03 ETA: 0:00:01] Portfolio Val: 91,300.00Progress ||  73.00%  [Elapsed: 0:00:03 ETA: 0:00:01] Portfolio Val: 91,300.00Progress ||  73.15%  [Elapsed: 0:00:03 ETA: 0:00:01] Portfolio Val: 91,300.00Progress ||  73.20%  [Elapsed: 0:00:03 ETA: 0:00:01] Portfolio Val: 91,300.00Progress ||  73.30%  [Elapsed: 0:00:03 ETA: 0:00:01] Portfolio Val: 91,300.00Progress ||  73.35%  [Elapsed: 0:00:03 ETA: 0:00:01] Portfolio Val: 91,300.00Progress ||  73.45%  [Elapsed: 0:00:03 ETA: 0:00:01] Portfolio Val: 91,300.00Progress ||  73.60%  [Elapsed: 0:00:03 ETA: 0:00:01] Portfolio Val: 91,300.00Progress ||  73.75%  [Elapsed: 0:00:03 ETA: 0:00:01] Portfolio Val: 91,300.00Progress ||  73.80%  [Elapsed: 0:00:03 ETA: 0:00:01] Portfolio Val: 91,300.00Progress ||  73.90%  [Elapsed: 0:00:03 ETA: 0:00:01] Portfolio Val: 91,300.00Progress ||  73.95%  [Elapsed: 0:00:03 ETA: 0:00:01] Portfolio Val: 91,300.00Progress ||  74.05%  [Elapsed: 0:00:03 ETA: 0:00:01] Portfolio Val: 91,300.00Progress ||  74.10%  [Elapsed: 0:00:03 ETA: 0:00:01] Portfolio Val: 91,300.00Progress ||  74.20%  [Elapsed: 0:00:03 ETA: 0:00:01] Portfolio Val: 91,300.00Progress ||  74.35%  [Elapsed: 0:00:03 ETA: 0:00:01] Portfolio Val: 91,300.00Progress ||  74.40%  [Elapsed: 0:00:03 ETA: 0:00:01] Portfolio Val: 91,300.00Progress ||  74.50%  [Elapsed: 0:00:03 ETA: 0:00:01] Portfolio Val: 91,300.00Progress ||  74.65%  [Elapsed: 0:00:03 ETA: 0:00:01] Portfolio Val: 91,300.00Progress ||  74.80%  [Elapsed: 0:00:03 ETA: 0:00:01] Portfolio Val: 91,300.00Progress ||  74.84%  [Elapsed: 0:00:03 ETA: 0:00:01] Portfolio Val: 91,300.00Progress ||  74.95%  [Elapsed: 0:00:03 ETA: 0:00:01] Portfolio Val: 91,300.00Progress ||  74.99%  [Elapsed: 0:00:03 ETA: 0:00:01] Portfolio Val: 91,300.00Progress ||  75.10%  [Elapsed: 0:00:03 ETA: 0:00:01] Portfolio Val: 91,300.00Progress ||  75.14%  [Elapsed: 0:00:03 ETA: 0:00:01] Portfolio Val: 91,300.00Progress ||  75.25%  [Elapsed: 0:00:03 ETA: 0:00:01] Portfolio Val: 91,300.00Progress ||  75.29%  [Elapsed: 0:00:03 ETA: 0:00:01] Portfolio Val: 91,300.00Progress ||  75.40%  [Elapsed: 0:00:03 ETA: 0:00:01] Portfolio Val: 91,300.00Progress ||  75.44%  [Elapsed: 0:00:03 ETA: 0:00:01] Portfolio Val: 91,300.00Progress ||  75.55%  [Elapsed: 0:00:03 ETA: 0:00:01] Portfolio Val: 91,300.00Progress ||  75.69%  [Elapsed: 0:00:03 ETA: 0:00:01] Portfolio Val: 91,300.00Progress ||  75.84%  [Elapsed: 0:00:03 ETA: 0:00:01] Portfolio Val: 91,300.00Progress ||  75.99%  [Elapsed: 0:00:03 ETA: 0:00:01] Portfolio Val: 91,300.00Progress ||  76.04%  [Elapsed: 0:00:03 ETA: 0:00:01] Portfolio Val: 91,300.00Progress ||  76.14%  [Elapsed: 0:00:03 ETA: 0:00:01] Portfolio Val: 91,300.00Progress ||  76.19%  [Elapsed: 0:00:03 ETA: 0:00:01] Portfolio Val: 91,300.00Progress ||  76.29%  [Elapsed: 0:00:03 ETA: 0:00:01] Portfolio Val: 91,300.00Progress ||  76.34%  [Elapsed: 0:00:03 ETA: 0:00:01] Portfolio Val: 91,300.00Progress ||  76.44%  [Elapsed: 0:00:03 ETA: 0:00:01] Portfolio Val: 91,300.00Progress ||  76.49%  [Elapsed: 0:00:03 ETA: 0:00:01] Portfolio Val: 91,300.00Progress ||  76.59%  [Elapsed: 0:00:03 ETA: 0:00:01] Portfolio Val: 91,300.00Progress ||  76.74%  [Elapsed: 0:00:03 ETA: 0:00:01] Portfolio Val: 91,300.00Progress ||  76.89%  [Elapsed: 0:00:03 ETA: 0:00:01] Portfolio Val: 91,300.00Progress ||  76.94%  [Elapsed: 0:00:03 ETA: 0:00:01] Portfolio Val: 91,300.00Progress ||  77.04%  [Elapsed: 0:00:03 ETA: 0:00:01] Portfolio Val: 91,300.00Progress ||  77.09%  [Elapsed: 0:00:03 ETA: 0:00:01] Portfolio Val: 91,300.00Progress ||  77.19%  [Elapsed: 0:00:03 ETA: 0:00:01] Portfolio Val: 91,300.00Progress ||  77.24%  [Elapsed: 0:00:03 ETA: 0:00:01] Portfolio Val: 91,300.00Progress ||  77.34%  [Elapsed: 0:00:03 ETA: 0:00:01] Portfolio Val: 91,300.00Progress ||  77.39%  [Elapsed: 0:00:03 ETA: 0:00:01] Portfolio Val: 91,300.00Progress ||  77.49%  [Elapsed: 0:00:03 ETA: 0:00:01] Portfolio Val: 91,300.00Progress ||  77.53%  [Elapsed: 0:00:03 ETA: 0:00:01] Portfolio Val: 91,300.00Progress ||  77.64%  [Elapsed: 0:00:03 ETA: 0:00:01] Portfolio Val: 91,300.00Progress ||  77.79%  [Elapsed: 0:00:03 ETA: 0:00:01] Portfolio Val: 91,300.00Progress ||  77.94%  [Elapsed: 0:00:03 ETA: 0:00:01] Portfolio Val: 91,300.00Progress ||  77.98%  [Elapsed: 0:00:03 ETA: 0:00:01] Portfolio Val: 91,300.00Progress ||  78.09%  [Elapsed: 0:00:03 ETA: 0:00:01] Portfolio Val: 91,300.00Progress ||  78.13%  [Elapsed: 0:00:03 ETA: 0:00:01] Portfolio Val: 91,300.00Progress ||  78.24%  [Elapsed: 0:00:03 ETA: 0:00:01] Portfolio Val: 91,300.00Progress ||  78.28%  [Elapsed: 0:00:03 ETA: 0:00:01] Portfolio Val: 91,300.00Progress ||  78.39%  [Elapsed: 0:00:03 ETA: 0:00:01] Portfolio Val: 91,300.00Progress ||  78.43%  [Elapsed: 0:00:03 ETA: 0:00:01] Portfolio Val: 91,300.00Progress ||  78.53%  [Elapsed: 0:00:03 ETA: 0:00:01] Portfolio Val: 91,300.00Progress ||  78.58%  [Elapsed: 0:00:03 ETA: 0:00:01] Portfolio Val: 91,300.00Progress ||  78.68%  [Elapsed: 0:00:03 ETA: 0:00:01] Portfolio Val: 91,300.00Progress ||  78.83%  [Elapsed: 0:00:03 ETA: 0:00:01] Portfolio Val: 91,300.00Progress ||  78.98%  [Elapsed: 0:00:03 ETA: 0:00:01] Portfolio Val: 91,300.00Progress ||  79.03%  [Elapsed: 0:00:03 ETA: 0:00:01] Portfolio Val: 91,300.00Progress ||  79.13%  [Elapsed: 0:00:03 ETA: 0:00:00] Portfolio Val: 91,300.00Progress ||  79.18%  [Elapsed: 0:00:03 ETA: 0:00:00] Portfolio Val: 91,300.00Progress ||  79.28%  [Elapsed: 0:00:03 ETA: 0:00:00] Portfolio Val: 91,300.00Progress ||  79.33%  [Elapsed: 0:00:03 ETA: 0:00:00] Portfolio Val: 91,300.00Progress ||  79.43%  [Elapsed: 0:00:03 ETA: 0:00:00] Portfolio Val: 91,300.00Progress ||  79.48%  [Elapsed: 0:00:03 ETA: 0:00:00] Portfolio Val: 91,300.00Progress ||  79.58%  [Elapsed: 0:00:03 ETA: 0:00:00] Portfolio Val: 91,300.00Progress ||  79.63%  [Elapsed: 0:00:03 ETA: 0:00:00] Portfolio Val: 91,300.00Progress ||  79.73%  [Elapsed: 0:00:03 ETA: 0:00:00] Portfolio Val: 91,300.00Progress ||  79.88%  [Elapsed: 0:00:03 ETA: 0:00:00] Portfolio Val: 91,300.00Progress ||  80.03%  [Elapsed: 0:00:03 ETA: 0:00:00] Portfolio Val: 91,300.00Progress ||  80.18%  [Elapsed: 0:00:03 ETA: 0:00:00] Portfolio Val: 91,300.00Progress ||  80.23%  [Elapsed: 0:00:03 ETA: 0:00:00] Portfolio Val: 91,300.00Progress ||  80.33%  [Elapsed: 0:00:03 ETA: 0:00:00] Portfolio Val: 91,300.00Progress ||  80.38%  [Elapsed: 0:00:03 ETA: 0:00:00] Portfolio Val: 91,300.00Progress ||  80.48%  [Elapsed: 0:00:03 ETA: 0:00:00] Portfolio Val: 91,300.00Progress ||  80.52%  [Elapsed: 0:00:03 ETA: 0:00:00] Portfolio Val: 91,300.00Progress ||  80.63%  [Elapsed: 0:00:03 ETA: 0:00:00] Portfolio Val: 91,300.00Progress ||  80.67%  [Elapsed: 0:00:03 ETA: 0:00:00] Portfolio Val: 91,300.00Progress ||  80.78%  [Elapsed: 0:00:03 ETA: 0:00:00] Portfolio Val: 91,300.00Progress ||  80.93%  [Elapsed: 0:00:03 ETA: 0:00:00] Portfolio Val: 91,300.00Progress ||  81.08%  [Elapsed: 0:00:03 ETA: 0:00:00] Portfolio Val: 91,300.00Progress ||  81.12%  [Elapsed: 0:00:03 ETA: 0:00:00] Portfolio Val: 91,300.00Progress ||  81.23%  [Elapsed: 0:00:03 ETA: 0:00:00] Portfolio Val: 91,300.00Progress ||  81.27%  [Elapsed: 0:00:03 ETA: 0:00:00] Portfolio Val: 91,300.00Progress ||  81.37%  [Elapsed: 0:00:03 ETA: 0:00:00] Portfolio Val: 91,300.00Progress ||  81.42%  [Elapsed: 0:00:03 ETA: 0:00:00] Portfolio Val: 91,300.00Progress ||  81.52%  [Elapsed: 0:00:03 ETA: 0:00:00] Portfolio Val: 91,300.00Progress ||  81.57%  [Elapsed: 0:00:03 ETA: 0:00:00] Portfolio Val: 91,300.00Progress ||  81.67%  [Elapsed: 0:00:03 ETA: 0:00:00] Portfolio Val: 91,300.00Progress ||  81.72%  [Elapsed: 0:00:03 ETA: 0:00:00] Portfolio Val: 91,300.00Progress ||  81.82%  [Elapsed: 0:00:03 ETA: 0:00:00] Portfolio Val: 91,300.00Progress ||  81.97%  [Elapsed: 0:00:03 ETA: 0:00:00] Portfolio Val: 91,300.00Progress ||  82.12%  [Elapsed: 0:00:03 ETA: 0:00:00] Portfolio Val: 91,300.00Progress ||  82.17%  [Elapsed: 0:00:03 ETA: 0:00:00] Portfolio Val: 91,300.00Progress ||  82.27%  [Elapsed: 0:00:03 ETA: 0:00:00] Portfolio Val: 91,300.00Progress ||  82.32%  [Elapsed: 0:00:03 ETA: 0:00:00] Portfolio Val: 91,300.00Progress ||  82.42%  [Elapsed: 0:00:03 ETA: 0:00:00] Portfolio Val: 91,300.00Progress ||  82.47%  [Elapsed: 0:00:03 ETA: 0:00:00] Portfolio Val: 91,300.00Progress ||  82.57%  [Elapsed: 0:00:03 ETA: 0:00:00] Portfolio Val: 91,300.00Progress ||  82.62%  [Elapsed: 0:00:03 ETA: 0:00:00] Portfolio Val: 91,300.00Progress ||  82.72%  [Elapsed: 0:00:03 ETA: 0:00:00] Portfolio Val: 91,300.00Progress ||  82.77%  [Elapsed: 0:00:03 ETA: 0:00:00] Portfolio Val: 91,300.00Progress ||  82.87%  [Elapsed: 0:00:03 ETA: 0:00:00] Portfolio Val: 91,300.00Progress ||  83.02%  [Elapsed: 0:00:03 ETA: 0:00:00] Portfolio Val: 91,300.00Progress ||  83.17%  [Elapsed: 0:00:03 ETA: 0:00:00] Portfolio Val: 91,300.00Progress ||  83.21%  [Elapsed: 0:00:03 ETA: 0:00:00] Portfolio Val: 91,300.00Progress ||  83.32%  [Elapsed: 0:00:03 ETA: 0:00:00] Portfolio Val: 91,300.00Progress ||  83.36%  [Elapsed: 0:00:03 ETA: 0:00:00] Portfolio Val: 91,300.00Progress ||  83.47%  [Elapsed: 0:00:03 ETA: 0:00:00] Portfolio Val: 91,300.00Progress ||  83.51%  [Elapsed: 0:00:03 ETA: 0:00:00] Portfolio Val: 91,300.00Progress ||  83.62%  [Elapsed: 0:00:03 ETA: 0:00:00] Portfolio Val: 91,300.00Progress ||  83.66%  [Elapsed: 0:00:03 ETA: 0:00:00] Portfolio Val: 91,300.00Progress ||  83.77%  [Elapsed: 0:00:03 ETA: 0:00:00] Portfolio Val: 91,300.00Progress ||  83.81%  [Elapsed: 0:00:03 ETA: 0:00:00] Portfolio Val: 91,300.00Progress ||  83.92%  [Elapsed: 0:00:03 ETA: 0:00:00] Portfolio Val: 91,300.00Progress ||  84.07%  [Elapsed: 0:00:03 ETA: 0:00:00] Portfolio Val: 91,300.00Progress ||  84.21%  [Elapsed: 0:00:03 ETA: 0:00:00] Portfolio Val: 91,300.00Progress ||  84.26%  [Elapsed: 0:00:03 ETA: 0:00:00] Portfolio Val: 91,300.00Progress ||  84.36%  [Elapsed: 0:00:03 ETA: 0:00:00] Portfolio Val: 91,300.00Progress ||  84.40%  [Elapsed: 0:00:03 ETA: 0:00:00] Portfolio Val: 91,300.00Progress ||  84.51%  [Elapsed: 0:00:03 ETA: 0:00:00] Portfolio Val: 91,300.00Progress ||  84.55%  [Elapsed: 0:00:03 ETA: 0:00:00] Portfolio Val: 91,300.00Progress ||  84.66%  [Elapsed: 0:00:03 ETA: 0:00:00] Portfolio Val: 91,300.00Progress ||  84.70%  [Elapsed: 0:00:03 ETA: 0:00:00] Portfolio Val: 91,300.00Progress ||  84.81%  [Elapsed: 0:00:03 ETA: 0:00:00] Portfolio Val: 91,300.00Progress ||  84.85%  [Elapsed: 0:00:03 ETA: 0:00:00] Portfolio Val: 91,300.00Progress ||  84.96%  [Elapsed: 0:00:03 ETA: 0:00:00] Portfolio Val: 91,300.00Progress ||  85.11%  [Elapsed: 0:00:03 ETA: 0:00:00] Portfolio Val: 91,300.00Progress ||  85.26%  [Elapsed: 0:00:03 ETA: 0:00:00] Portfolio Val: 91,300.00Progress ||  85.30%  [Elapsed: 0:00:03 ETA: 0:00:00] Portfolio Val: 91,300.00Progress ||  85.41%  [Elapsed: 0:00:03 ETA: 0:00:00] Portfolio Val: 91,300.00Progress ||  85.45%  [Elapsed: 0:00:03 ETA: 0:00:00] Portfolio Val: 91,300.00Progress ||  85.56%  [Elapsed: 0:00:03 ETA: 0:00:00] Portfolio Val: 91,300.00Progress ||  85.60%  [Elapsed: 0:00:03 ETA: 0:00:00] Portfolio Val: 91,300.00Progress ||  85.71%  [Elapsed: 0:00:03 ETA: 0:00:00] Portfolio Val: 91,300.00Progress ||  85.75%  [Elapsed: 0:00:03 ETA: 0:00:00] Portfolio Val: 91,300.00Progress ||  85.86%  [Elapsed: 0:00:03 ETA: 0:00:00] Portfolio Val: 91,300.00Progress ||  85.90%  [Elapsed: 0:00:03 ETA: 0:00:00] Portfolio Val: 91,300.00Progress ||  86.01%  [Elapsed: 0:00:03 ETA: 0:00:00] Portfolio Val: 91,300.00Progress ||  86.16%  [Elapsed: 0:00:03 ETA: 0:00:00] Portfolio Val: 91,300.00Progress ||  86.31%  [Elapsed: 0:00:03 ETA: 0:00:00] Portfolio Val: 91,300.00Progress ||  86.35%  [Elapsed: 0:00:03 ETA: 0:00:00] Portfolio Val: 91,300.00Progress ||  86.46%  [Elapsed: 0:00:03 ETA: 0:00:00] Portfolio Val: 91,300.00Progress ||  86.50%  [Elapsed: 0:00:03 ETA: 0:00:00] Portfolio Val: 91,300.00Progress ||  86.61%  [Elapsed: 0:00:03 ETA: 0:00:00] Portfolio Val: 91,300.00Progress ||  86.65%  [Elapsed: 0:00:03 ETA: 0:00:00] Portfolio Val: 91,300.00Progress ||  86.76%  [Elapsed: 0:00:03 ETA: 0:00:00] Portfolio Val: 91,300.00Progress ||  86.80%  [Elapsed: 0:00:03 ETA: 0:00:00] Portfolio Val: 91,300.00Progress ||  86.91%  [Elapsed: 0:00:03 ETA: 0:00:00] Portfolio Val: 91,300.00Progress ||  86.95%  [Elapsed: 0:00:03 ETA: 0:00:00] Portfolio Val: 91,300.00Progress ||  87.05%  [Elapsed: 0:00:03 ETA: 0:00:00] Portfolio Val: 91,300.00Progress ||  87.20%  [Elapsed: 0:00:03 ETA: 0:00:00] Portfolio Val: 91,300.00Progress ||  87.35%  [Elapsed: 0:00:03 ETA: 0:00:00] Portfolio Val: 91,300.00Progress ||  87.39%  [Elapsed: 0:00:03 ETA: 0:00:00] Portfolio Val: 91,300.00Progress ||  87.50%  [Elapsed: 0:00:03 ETA: 0:00:00] Portfolio Val: 91,300.00Progress ||  87.54%  [Elapsed: 0:00:03 ETA: 0:00:00] Portfolio Val: 91,300.00Progress ||  87.65%  [Elapsed: 0:00:03 ETA: 0:00:00] Portfolio Val: 91,300.00Progress ||  87.69%  [Elapsed: 0:00:03 ETA: 0:00:00] Portfolio Val: 91,300.00Progress ||  87.80%  [Elapsed: 0:00:03 ETA: 0:00:00] Portfolio Val: 91,300.00Progress ||  87.84%  [Elapsed: 0:00:03 ETA: 0:00:00] Portfolio Val: 91,300.00Progress ||  87.95%  [Elapsed: 0:00:03 ETA: 0:00:00] Portfolio Val: 91,300.00Progress ||  87.99%  [Elapsed: 0:00:03 ETA: 0:00:00] Portfolio Val: 91,300.00Progress ||  88.10%  [Elapsed: 0:00:03 ETA: 0:00:00] Portfolio Val: 91,300.00Progress ||  88.25%  [Elapsed: 0:00:03 ETA: 0:00:00] Portfolio Val: 91,300.00Progress ||  88.40%  [Elapsed: 0:00:03 ETA: 0:00:00] Portfolio Val: 91,300.00Progress ||  88.44%  [Elapsed: 0:00:03 ETA: 0:00:00] Portfolio Val: 91,300.00Progress ||  88.55%  [Elapsed: 0:00:03 ETA: 0:00:00] Portfolio Val: 91,300.00Progress ||  88.59%  [Elapsed: 0:00:03 ETA: 0:00:00] Portfolio Val: 91,300.00Progress ||  88.70%  [Elapsed: 0:00:03 ETA: 0:00:00] Portfolio Val: 91,300.00Progress ||  88.74%  [Elapsed: 0:00:03 ETA: 0:00:00] Portfolio Val: 91,300.00Progress ||  88.85%  [Elapsed: 0:00:03 ETA: 0:00:00] Portfolio Val: 91,300.00Progress ||  88.89%  [Elapsed: 0:00:03 ETA: 0:00:00] Portfolio Val: 91,300.00Progress ||  89.00%  [Elapsed: 0:00:03 ETA: 0:00:00] Portfolio Val: 91,300.00Progress ||  89.15%  [Elapsed: 0:00:03 ETA: 0:00:00] Portfolio Val: 91,300.00Progress ||  89.30%  [Elapsed: 0:00:03 ETA: 0:00:00] Portfolio Val: 91,300.00Progress ||  89.45%  [Elapsed: 0:00:03 ETA: 0:00:00] Portfolio Val: 91,300.00Progress ||  89.49%  [Elapsed: 0:00:03 ETA: 0:00:00] Portfolio Val: 91,300.00Progress ||  89.60%  [Elapsed: 0:00:03 ETA: 0:00:00] Portfolio Val: 91,300.00Progress ||  89.64%  [Elapsed: 0:00:03 ETA: 0:00:00] Portfolio Val: 91,300.00Progress ||  89.75%  [Elapsed: 0:00:03 ETA: 0:00:00] Portfolio Val: 91,300.00Progress ||  89.79%  [Elapsed: 0:00:03 ETA: 0:00:00] Portfolio Val: 91,300.00Progress ||  89.89%  [Elapsed: 0:00:03 ETA: 0:00:00] Portfolio Val: 91,300.00Progress ||  89.94%  [Elapsed: 0:00:03 ETA: 0:00:00] Portfolio Val: 91,300.00Progress ||  90.04%  [Elapsed: 0:00:03 ETA: 0:00:00] Portfolio Val: 91,300.00Progress ||  90.08%  [Elapsed: 0:00:03 ETA: 0:00:00] Portfolio Val: 91,300.00Progress ||  90.19%  [Elapsed: 0:00:03 ETA: 0:00:00] Portfolio Val: 91,300.00Progress ||  90.34%  [Elapsed: 0:00:03 ETA: 0:00:00] Portfolio Val: 91,300.00Progress ||  90.49%  [Elapsed: 0:00:03 ETA: 0:00:00] Portfolio Val: 91,300.00Progress ||  90.53%  [Elapsed: 0:00:03 ETA: 0:00:00] Portfolio Val: 91,300.00Progress ||  90.64%  [Elapsed: 0:00:03 ETA: 0:00:00] Portfolio Val: 91,300.00Progress ||  90.68%  [Elapsed: 0:00:03 ETA: 0:00:00] Portfolio Val: 91,300.00Progress ||  90.79%  [Elapsed: 0:00:03 ETA: 0:00:00] Portfolio Val: 91,300.00Progress ||  90.83%  [Elapsed: 0:00:03 ETA: 0:00:00] Portfolio Val: 91,300.00Progress ||  90.94%  [Elapsed: 0:00:03 ETA: 0:00:00] Portfolio Val: 91,300.00Progress ||  90.98%  [Elapsed: 0:00:03 ETA: 0:00:00] Portfolio Val: 91,300.00Progress ||  91.09%  [Elapsed: 0:00:03 ETA: 0:00:00] Portfolio Val: 91,300.00Progress ||  91.13%  [Elapsed: 0:00:03 ETA: 0:00:00] Portfolio Val: 91,300.00Progress ||  91.24%  [Elapsed: 0:00:03 ETA: 0:00:00] Portfolio Val: 91,300.00Progress ||  91.39%  [Elapsed: 0:00:03 ETA: 0:00:00] Portfolio Val: 91,300.00Progress ||  91.54%  [Elapsed: 0:00:03 ETA: 0:00:00] Portfolio Val: 91,300.00Progress ||  91.58%  [Elapsed: 0:00:03 ETA: 0:00:00] Portfolio Val: 91,300.00Progress ||  91.69%  [Elapsed: 0:00:03 ETA: 0:00:00] Portfolio Val: 91,300.00Progress ||  91.73%  [Elapsed: 0:00:03 ETA: 0:00:00] Portfolio Val: 91,300.00Progress ||  91.84%  [Elapsed: 0:00:03 ETA: 0:00:00] Portfolio Val: 91,300.00Progress ||  91.88%  [Elapsed: 0:00:03 ETA: 0:00:00] Portfolio Val: 91,300.00Progress ||  91.99%  [Elapsed: 0:00:03 ETA: 0:00:00] Portfolio Val: 91,300.00Progress ||  92.03%  [Elapsed: 0:00:03 ETA: 0:00:00] Portfolio Val: 91,300.00Progress ||  92.14%  [Elapsed: 0:00:03 ETA: 0:00:00] Portfolio Val: 91,300.00Progress ||  92.18%  [Elapsed: 0:00:03 ETA: 0:00:00] Portfolio Val: 91,300.00Progress ||  92.29%  [Elapsed: 0:00:03 ETA: 0:00:00] Portfolio Val: 91,300.00Progress ||  92.44%  [Elapsed: 0:00:03 ETA: 0:00:00] Portfolio Val: 91,300.00Progress ||  92.59%  [Elapsed: 0:00:03 ETA: 0:00:00] Portfolio Val: 91,300.00Progress ||  92.63%  [Elapsed: 0:00:03 ETA: 0:00:00] Portfolio Val: 91,300.00Progress ||  92.73%  [Elapsed: 0:00:03 ETA: 0:00:00] Portfolio Val: 91,300.00Progress ||  92.78%  [Elapsed: 0:00:03 ETA: 0:00:00] Portfolio Val: 91,300.00Progress ||  92.88%  [Elapsed: 0:00:03 ETA: 0:00:00] Portfolio Val: 91,300.00Progress ||  92.92%  [Elapsed: 0:00:03 ETA: 0:00:00] Portfolio Val: 91,300.00Progress ||  93.03%  [Elapsed: 0:00:03 ETA: 0:00:00] Portfolio Val: 91,300.00Progress ||  93.07%  [Elapsed: 0:00:03 ETA: 0:00:00] Portfolio Val: 91,300.00Progress ||  93.18%  [Elapsed: 0:00:03 ETA: 0:00:00] Portfolio Val: 91,300.00Progress ||  93.22%  [Elapsed: 0:00:03 ETA: 0:00:00] Portfolio Val: 91,300.00Progress ||  93.33%  [Elapsed: 0:00:03 ETA: 0:00:00] Portfolio Val: 91,300.00Progress ||  93.48%  [Elapsed: 0:00:03 ETA: 0:00:00] Portfolio Val: 91,300.00Progress ||  93.63%  [Elapsed: 0:00:03 ETA: 0:00:00] Portfolio Val: 91,300.00Progress ||  93.67%  [Elapsed: 0:00:03 ETA: 0:00:00] Portfolio Val: 91,300.00Progress ||  93.78%  [Elapsed: 0:00:03 ETA: 0:00:00] Portfolio Val: 91,300.00Progress ||  93.82%  [Elapsed: 0:00:03 ETA: 0:00:00] Portfolio Val: 91,300.00Progress ||  93.93%  [Elapsed: 0:00:03 ETA: 0:00:00] Portfolio Val: 91,300.00Progress ||  93.97%  [Elapsed: 0:00:03 ETA: 0:00:00] Portfolio Val: 91,300.00Progress ||  94.08%  [Elapsed: 0:00:03 ETA: 0:00:00] Portfolio Val: 91,300.00Progress ||  94.12%  [Elapsed: 0:00:03 ETA: 0:00:00] Portfolio Val: 91,300.00Progress ||  94.23%  [Elapsed: 0:00:03 ETA: 0:00:00] Portfolio Val: 91,300.00Progress ||  94.27%  [Elapsed: 0:00:03 ETA: 0:00:00] Portfolio Val: 91,300.00Progress ||  94.38%  [Elapsed: 0:00:03 ETA: 0:00:00] Portfolio Val: 91,300.00Progress ||  94.53%  [Elapsed: 0:00:03 ETA: 0:00:00] Portfolio Val: 91,300.00Progress ||  94.68%  [Elapsed: 0:00:03 ETA: 0:00:00] Portfolio Val: 91,300.00Progress ||  94.83%  [Elapsed: 0:00:03 ETA: 0:00:00] Portfolio Val: 91,300.00Progress ||  94.87%  [Elapsed: 0:00:03 ETA: 0:00:00] Portfolio Val: 91,300.00Progress ||  94.98%  [Elapsed: 0:00:03 ETA: 0:00:00] Portfolio Val: 91,300.00Progress ||  95.02%  [Elapsed: 0:00:03 ETA: 0:00:00] Portfolio Val: 91,300.00Progress ||  95.13%  [Elapsed: 0:00:03 ETA: 0:00:00] Portfolio Val: 91,300.00Progress ||  95.17%  [Elapsed: 0:00:03 ETA: 0:00:00] Portfolio Val: 91,300.00Progress ||  95.28%  [Elapsed: 0:00:03 ETA: 0:00:00] Portfolio Val: 91,300.00Progress ||  95.32%  [Elapsed: 0:00:03 ETA: 0:00:00] Portfolio Val: 91,300.00Progress ||  95.43%  [Elapsed: 0:00:03 ETA: 0:00:00] Portfolio Val: 91,300.00Progress ||  95.57%  [Elapsed: 0:00:03 ETA: 0:00:00] Portfolio Val: 91,300.00Progress ||  95.72%  [Elapsed: 0:00:03 ETA: 0:00:00] Portfolio Val: 91,300.00Progress ||  95.76%  [Elapsed: 0:00:03 ETA: 0:00:00] Portfolio Val: 91,300.00Progress ||  95.87%  [Elapsed: 0:00:03 ETA: 0:00:00] Portfolio Val: 91,300.00Progress ||  95.91%  [Elapsed: 0:00:03 ETA: 0:00:00] Portfolio Val: 91,300.00Progress ||  96.02%  [Elapsed: 0:00:03 ETA: 0:00:00] Portfolio Val: 91,300.00Progress ||  96.06%  [Elapsed: 0:00:03 ETA: 0:00:00] Portfolio Val: 91,300.00Progress ||  96.17%  [Elapsed: 0:00:03 ETA: 0:00:00] Portfolio Val: 91,300.00Progress ||  96.21%  [Elapsed: 0:00:03 ETA: 0:00:00] Portfolio Val: 91,300.00Progress ||  96.32%  [Elapsed: 0:00:03 ETA: 0:00:00] Portfolio Val: 91,300.00Progress ||  96.36%  [Elapsed: 0:00:03 ETA: 0:00:00] Portfolio Val: 91,300.00Progress ||  96.47%  [Elapsed: 0:00:03 ETA: 0:00:00] Portfolio Val: 91,300.00Progress ||  96.62%  [Elapsed: 0:00:03 ETA: 0:00:00] Portfolio Val: 91,300.00Progress ||  96.77%  [Elapsed: 0:00:03 ETA: 0:00:00] Portfolio Val: 91,300.00Progress ||  96.81%  [Elapsed: 0:00:03 ETA: 0:00:00] Portfolio Val: 91,300.00Progress ||  96.92%  [Elapsed: 0:00:03 ETA: 0:00:00] Portfolio Val: 91,300.00Progress ||  96.96%  [Elapsed: 0:00:03 ETA: 0:00:00] Portfolio Val: 91,300.00Progress ||  97.07%  [Elapsed: 0:00:03 ETA: 0:00:00] Portfolio Val: 91,300.00Progress ||  97.11%  [Elapsed: 0:00:03 ETA: 0:00:00] Portfolio Val: 91,300.00Progress ||  97.22%  [Elapsed: 0:00:03 ETA: 0:00:00] Portfolio Val: 91,300.00Progress ||  97.26%  [Elapsed: 0:00:03 ETA: 0:00:00] Portfolio Val: 91,300.00Progress ||  97.37%  [Elapsed: 0:00:03 ETA: 0:00:00] Portfolio Val: 91,300.00Progress ||  97.41%  [Elapsed: 0:00:03 ETA: 0:00:00] Portfolio Val: 91,300.00Progress ||  97.52%  [Elapsed: 0:00:03 ETA: 0:00:00] Portfolio Val: 91,300.00Progress ||  97.67%  [Elapsed: 0:00:03 ETA: 0:00:00] Portfolio Val: 91,300.00Progress ||  97.82%  [Elapsed: 0:00:03 ETA: 0:00:00] Portfolio Val: 91,300.00Progress ||  97.86%  [Elapsed: 0:00:03 ETA: 0:00:00] Portfolio Val: 91,300.00Progress ||  97.97%  [Elapsed: 0:00:03 ETA: 0:00:00] Portfolio Val: 91,300.00Progress ||  98.01%  [Elapsed: 0:00:03 ETA: 0:00:00] Portfolio Val: 91,300.00Progress ||  98.12%  [Elapsed: 0:00:03 ETA: 0:00:00] Portfolio Val: 91,300.00Progress ||  98.16%  [Elapsed: 0:00:03 ETA: 0:00:00] Portfolio Val: 91,300.00Progress ||  98.27%  [Elapsed: 0:00:03 ETA: 0:00:00] Portfolio Val: 91,300.00Progress ||  98.42%  [Elapsed: 0:00:03 ETA: 0:00:00] Portfolio Val: 91,300.00Progress ||  98.46%  [Elapsed: 0:00:03 ETA: 0:00:00] Portfolio Val: 91,300.00Progress ||  98.56%  [Elapsed: 0:00:03 ETA: 0:00:00] Portfolio Val: 91,300.00Progress ||  98.71%  [Elapsed: 0:00:03 ETA: 0:00:00] Portfolio Val: 91,300.00Progress ||  98.86%  [Elapsed: 0:00:03 ETA: 0:00:00] Portfolio Val: 91,300.00Progress ||  98.90%  [Elapsed: 0:00:03 ETA: 0:00:00] Portfolio Val: 91,300.00Progress ||  99.01%  [Elapsed: 0:00:03 ETA: 0:00:00] Portfolio Val: 91,300.00Progress ||  99.05%  [Elapsed: 0:00:03 ETA: 0:00:00] Portfolio Val: 91,300.00Progress ||  99.16%  [Elapsed: 0:00:03 ETA: 0:00:00] Portfolio Val: 91,300.00Progress ||  99.20%  [Elapsed: 0:00:03 ETA: 0:00:00] Portfolio Val: 91,300.00Progress ||  99.31%  [Elapsed: 0:00:03 ETA: 0:00:00] Portfolio Val: 91,300.00Progress ||  99.35%  [Elapsed: 0:00:03 ETA: 0:00:00] Portfolio Val: 91,300.00Progress ||  99.46%  [Elapsed: 0:00:03 ETA: 0:00:00] Portfolio Val: 91,300.00Progress ||  99.50%  [Elapsed: 0:00:03 ETA: 0:00:00] Portfolio Val: 91,300.00Progress ||  99.61%  [Elapsed: 0:00:03 ETA: 0:00:00] Portfolio Val: 91,300.00Progress ||  99.76%  [Elapsed: 0:00:03 ETA: 0:00:00] Portfolio Val: 91,300.00Progress ||  99.91%  [Elapsed: 0:00:03 ETA: 0:00:00] Portfolio Val: 91,300.00Progress ||  99.95%  [Elapsed: 0:00:03 ETA: 0:00:00] Portfolio Val: 91,300.00Progress || 100.00%  [Elapsed: 0:00:03 ETA: 0:00:00] Portfolio Val: 91,300.00Progress || 100.00%  [Elapsed: 0:00:03 ETA: 0:00:00] Progress || 100.00%  [Elapsed: 0:00:03 ETA: 0:00:00] PASSED
tests/backtest/test_example_strategies.py::TestExampleStrategies::test_ccxt_backtesting SKIPPED
tests/backtest/test_failing_backtest.py::TestFailingBacktest::test_initialize_failure_raises_exception PASSED
tests/backtest/test_failing_backtest.py::TestFailingBacktest::test_trading_iteration_failure_raises_exception Progress ||  35.44%  [Elapsed: 0:00:00 ETA: 0:00:00] Progress ||  39.61%  [Elapsed: 0:00:00 ETA: 0:00:00] 2025-08-10 16:28:18,467 | ERROR | strategy_executor.py:run:1349 | [FailingTradingIterationStrategy] Intentional error in on_trading_iteration() for testing
2025-08-10 16:28:18,468 | ERROR | strategy_executor.py:run:1350 | [FailingTradingIterationStrategy] Traceback (most recent call last):
  File "/Users/martin/Documents/Work/lumibot/lumibot/strategies/strategy_executor.py", line 1345, in run
    self._run_trading_session()
    ~~~~~~~~~~~~~~~~~~~~~~~~~^^
  File "/Users/martin/Documents/Work/lumibot/lumibot/strategies/strategy_executor.py", line 1288, in _run_trading_session
    self._run_backtesting_loop(is_continuous_market, time_to_close)
    ~~~~~~~~~~~~~~~~~~~~~~~~~~^^^^^^^^^^^^^^^^^^^^^^^^^^^^^^^^^^^^^
  File "/Users/martin/Documents/Work/lumibot/lumibot/strategies/strategy_executor.py", line 1208, in _run_backtesting_loop
    self._on_trading_iteration()
    ~~~~~~~~~~~~~~~~~~~~~~~~~~^^
  File "/Users/martin/Documents/Work/lumibot/lumibot/strategies/strategy_executor.py", line 467, in func_output
    result = func_input(self, *args, **kwargs)
  File "/Users/martin/Documents/Work/lumibot/lumibot/strategies/strategy_executor.py", line 492, in func_output
    result = func_input(self, *args, **kwargs)
  File "/Users/martin/Documents/Work/lumibot/lumibot/strategies/strategy_executor.py", line 633, in _on_trading_iteration
    raise e
  File "/Users/martin/Documents/Work/lumibot/lumibot/strategies/strategy_executor.py", line 600, in _on_trading_iteration
    on_trading_iteration()
    ~~~~~~~~~~~~~~~~~~~~^^
  File "/Users/martin/Documents/Work/lumibot/lumibot/tools/decorators.py", line 62, in func_output
    frame, result = call_function_get_frame(func_input, *args, **kwargs)
                    ~~~~~~~~~~~~~~~~~~~~~~~^^^^^^^^^^^^^^^^^^^^^^^^^^^^^
  File "/Users/martin/Documents/Work/lumibot/lumibot/tools/decorators.py", line 30, in call_function_get_frame
    result = func(*args, **kwargs)
  File "/Users/martin/Documents/Work/lumibot/tests/backtest/test_failing_backtest.py", line 44, in on_trading_iteration
    raise RuntimeError("Intentional error in on_trading_iteration() for testing")
RuntimeError: Intentional error in on_trading_iteration() for testing
PASSED
tests/backtest/test_failing_backtest.py::TestFailingBacktest::test_backtest_classmethod_initialize_failure PASSED
tests/backtest/test_failing_backtest.py::TestFailingBacktest::test_backtest_classmethod_trading_iteration_failure Progress ||   0.05%  [Elapsed: 0:00:00 ETA: 0:14:55] Progress ||   0.06%  [Elapsed: 0:00:00 ETA: 0:22:17] 2025-08-10 16:28:23,266 | ERROR | strategy_executor.py:run:1349 | [FailingTradingIterationStrategy] Intentional error in on_trading_iteration() for testing
2025-08-10 16:28:23,266 | ERROR | strategy_executor.py:run:1350 | [FailingTradingIterationStrategy] Traceback (most recent call last):
  File "/Users/martin/Documents/Work/lumibot/lumibot/strategies/strategy_executor.py", line 1345, in run
    self._run_trading_session()
    ~~~~~~~~~~~~~~~~~~~~~~~~~^^
  File "/Users/martin/Documents/Work/lumibot/lumibot/strategies/strategy_executor.py", line 1288, in _run_trading_session
    self._run_backtesting_loop(is_continuous_market, time_to_close)
    ~~~~~~~~~~~~~~~~~~~~~~~~~~^^^^^^^^^^^^^^^^^^^^^^^^^^^^^^^^^^^^^
  File "/Users/martin/Documents/Work/lumibot/lumibot/strategies/strategy_executor.py", line 1208, in _run_backtesting_loop
    self._on_trading_iteration()
    ~~~~~~~~~~~~~~~~~~~~~~~~~~^^
  File "/Users/martin/Documents/Work/lumibot/lumibot/strategies/strategy_executor.py", line 467, in func_output
    result = func_input(self, *args, **kwargs)
  File "/Users/martin/Documents/Work/lumibot/lumibot/strategies/strategy_executor.py", line 492, in func_output
    result = func_input(self, *args, **kwargs)
  File "/Users/martin/Documents/Work/lumibot/lumibot/strategies/strategy_executor.py", line 633, in _on_trading_iteration
    raise e
  File "/Users/martin/Documents/Work/lumibot/lumibot/strategies/strategy_executor.py", line 600, in _on_trading_iteration
    on_trading_iteration()
    ~~~~~~~~~~~~~~~~~~~~^^
  File "/Users/martin/Documents/Work/lumibot/lumibot/tools/decorators.py", line 62, in func_output
    frame, result = call_function_get_frame(func_input, *args, **kwargs)
                    ~~~~~~~~~~~~~~~~~~~~~~~^^^^^^^^^^^^^^^^^^^^^^^^^^^^^
  File "/Users/martin/Documents/Work/lumibot/lumibot/tools/decorators.py", line 30, in call_function_get_frame
    result = func(*args, **kwargs)
  File "/Users/martin/Documents/Work/lumibot/tests/backtest/test_failing_backtest.py", line 44, in on_trading_iteration
    raise RuntimeError("Intentional error in on_trading_iteration() for testing")
RuntimeError: Intentional error in on_trading_iteration() for testing
PASSED
tests/backtest/test_pandas_backtest.py::TestPandasBacktest::test_pandas_data_fixture PASSED
tests/backtest/test_pandas_backtest.py::TestPandasBacktest::test_pandas_datasource_with_daily_data_in_backtest FAILED

=================================== FAILURES ===================================
____ TestPandasBacktest.test_pandas_datasource_with_daily_data_in_backtest _____

self = <tests.backtest.test_pandas_backtest.TestPandasBacktest object at 0x14b465bd0>
pandas_data_fixture = [<lumibot.entities.Data object at 0x14dcab950>, <lumibot.entities.Data object at 0x370640050>, <lumibot.entities.Data object at 0x370640180>]

    def test_pandas_datasource_with_daily_data_in_backtest(self, pandas_data_fixture):
        strategy_name = "LifecycleLogger"
        strategy_class = LifecycleLogger
        backtesting_start = DateTime(2019, 1, 14)
        backtesting_end = DateTime(2019, 1, 20)
    
>       result = strategy_class.backtest(
            datasource_class=PandasDataBacktesting,
            backtesting_start=backtesting_start,
            backtesting_end=backtesting_end,
            pandas_data=pandas_data_fixture,
            risk_free_rate=0,
            show_plot=False,
            save_tearsheet=False,
            show_tearsheet=False,
            show_indicators=False,
            save_logfile=False,
            name=strategy_name,
            budget=40000,
            show_progress_bar=False,
            quiet_logs=False,
        )

tests/backtest/test_pandas_backtest.py:24: 
_ _ _ _ _ _ _ _ _ _ _ _ _ _ _ _ _ _ _ _ _ _ _ _ _ _ _ _ _ _ _ _ _ _ _ _ _ _ _ _ 
lumibot/strategies/strategy.py:4133: in backtest
    results, strategy = self.run_backtest(
lumibot/strategies/_strategy.py:1373: in run_backtest
    strategy = self(
lumibot/strategies/_strategy.py:394: in __init__
    self.broker.data_source.load_data()
lumibot/data_sources/pandas_data.py:71: in load_data
    self._date_index = self.update_date_index()
_ _ _ _ _ _ _ _ _ _ _ _ _ _ _ _ _ _ _ _ _ _ _ _ _ _ _ _ _ _ _ _ _ _ _ _ _ _ _ _ 

self = <lumibot.backtesting.pandas_backtesting.PandasDataBacktesting object at 0x17f553cb0>

    def update_date_index(self):
        dt_index = None
        for asset, data in self._data_store.items():
            if dt_index is None:
                df = data.df
                dt_index = df.index
            else:
                dt_index = dt_index.join(data.df.index, how="outer")
    
        if dt_index is None:
            # Build a dummy index
            freq = "1min" if self._timestep == "minute" else "1D"
            dt_index = pd.date_range(start=self.datetime_start, end=self.datetime_end, freq=freq)
    
        else:
            if self.datetime_end < dt_index[0]:
                raise ValueError(
                    f"The ending date for the backtest was set for {self.datetime_end}. "
                    f"The earliest data entered is {dt_index[0]}. \nNo backtest can "
                    f"be run since there is no data before the backtest end date."
                )
            elif self.datetime_start > dt_index[-1]:
>               raise ValueError(
                    f"The starting date for the backtest was set for {self.datetime_start}. "
                    f"The latest data entered is {dt_index[-1]}. \nNo backtest can "
                    f"be run since there is no data after the backtest start date."
                )
E               ValueError: The starting date for the backtest was set for 2023-09-01 00:00:00-04:00. The latest data entered is 2019-12-31 00:00:00-05:00. 
E               No backtest can be run since there is no data after the backtest start date.

lumibot/data_sources/pandas_data.py:209: ValueError
=============================== warnings summary ===============================
.venv/lib/python3.13/site-packages/websockets/legacy/__init__.py:6
  /Users/martin/Documents/Work/lumibot/.venv/lib/python3.13/site-packages/websockets/legacy/__init__.py:6: DeprecationWarning: websockets.legacy is deprecated; see https://websockets.readthedocs.io/en/stable/howto/upgrade.html for upgrade instructions
    warnings.warn(  # deprecated in 14.0 - 2024-11-09

-- Docs: https://docs.pytest.org/en/stable/how-to/capture-warnings.html
=========================== short test summary info ============================
FAILED tests/backtest/test_pandas_backtest.py::TestPandasBacktest::test_pandas_datasource_with_daily_data_in_backtest - ValueError: The starting date for the backtest was set for 2023-09-01 00:00:00-04:00. The latest data entered is 2019-12-31 00:00:00-05:00. 
No backtest can be run since there is no data after the backtest start date.
!!!!!!!!!!!!!!!!!!!!!!!!!! stopping after 1 failures !!!!!!!!!!!!!!!!!!!!!!!!!!!
=== 1 failed, 9 passed, 6 skipped, 3 xfailed, 2 xpassed, 1 warning in 41.95s ===
