[0m[1mInitializing provider plugins...[0m
- Reusing previous version of hashicorp/tls from the dependency lock file
- Reusing previous version of hashicorp/archive from the dependency lock file
- Reusing previous version of hashicorp/aws from the dependency lock file
- Reusing previous version of hashicorp/null from the dependency lock file
- Installing hashicorp/tls v4.1.0...
- Installed hashicorp/tls v4.1.0 (signed by HashiCorp)
- Installing hashicorp/archive v2.7.1...
- Installed hashicorp/archive v2.7.1 (signed by HashiCorp)
- Installing hashicorp/aws v5.100.0...
- Installed hashicorp/aws v5.100.0 (signed by HashiCorp)
- Installing hashicorp/null v3.2.4...
- Installed hashicorp/null v3.2.4 (signed by HashiCorp)

[0m[1m[32mTerraform has been successfully initialized![0m[32m[0m
[0m[32m
You may now begin working with Terraform. Try running "terraform plan" to see
any changes that are required for your infrastructure. All Terraform commands
should now work.

If you ever set or change modules or backend configuration for Terraform,
rerun this command to reinitialize your working directory. If you forget, other
commands will detect it and remind you to do so if necessary.[0m
